  Determining projects to restore...
  所有项目均是最新的，无法还原。
C:\Program Files\dotnet\sdk\10.0.100-rc.1.25451.107\Sdks\Microsoft.NET.Sdk\targets\Microsoft.NET.RuntimeIdentifierInference.targets(345,5): message NETSDK1057: 你正在使用 .NET 的预览版。请参阅 https://aka.ms/dotnet-support-policy [D:\Develop\Projects\Astrum\AstrumServer\AstrumServer\AstrumServer.csproj]
D:\Develop\Projects\Astrum\AstrumServer\AstrumServer\obj\Debug\net9.0\MemoryPack.Generator\MemoryPack.Generator.MemoryPackGenerator\Astrum.Generated.ConnectionStatusResponse.MemoryPackFormatter.g.cs(33,58): warning CS0436: “D:\Develop\Projects\Astrum\AstrumServer\AstrumServer\Generated\connectionstatus_C_4000.cs”中的类型“ConnectionStatusResponse”与“Generated, Version=0.0.0.0, Culture=neutral, PublicKeyToken=null”中的导入类型“ConnectionStatusResponse”冲突。请使用“D:\Develop\Projects\Astrum\AstrumServer\AstrumServer\Generated\connectionstatus_C_4000.cs”中定义的类型。 [D:\Develop\Projects\Astrum\AstrumServer\AstrumServer\AstrumServer.csproj]
D:\Develop\Projects\Astrum\AstrumServer\AstrumServer\obj\Debug\net9.0\MemoryPack.Generator\MemoryPack.Generator.MemoryPackGenerator\Astrum.Generated.ConnectionStatusResponse.MemoryPackFormatter.g.cs(59,33): warning CS0436: “D:\Develop\Projects\Astrum\AstrumServer\AstrumServer\Generated\connectionstatus_C_4000.cs”中的类型“ConnectionStatusResponse”与“Generated, Version=0.0.0.0, Culture=neutral, PublicKeyToken=null”中的导入类型“ConnectionStatusResponse”冲突。请使用“D:\Develop\Projects\Astrum\AstrumServer\AstrumServer\Generated\connectionstatus_C_4000.cs”中定义的类型。 [D:\Develop\Projects\Astrum\AstrumServer\AstrumServer\AstrumServer.csproj]
D:\Develop\Projects\Astrum\AstrumServer\AstrumServer\obj\Debug\net9.0\MemoryPack.Generator\MemoryPack.Generator.MemoryPackGenerator\Astrum.Generated.ConnectionStatusResponse.MemoryPackFormatter.g.cs(78,33): warning CS0436: “D:\Develop\Projects\Astrum\AstrumServer\AstrumServer\Generated\connectionstatus_C_4000.cs”中的类型“ConnectionStatusResponse”与“Generated, Version=0.0.0.0, Culture=neutral, PublicKeyToken=null”中的导入类型“ConnectionStatusResponse”冲突。请使用“D:\Develop\Projects\Astrum\AstrumServer\AstrumServer\Generated\connectionstatus_C_4000.cs”中定义的类型。 [D:\Develop\Projects\Astrum\AstrumServer\AstrumServer\AstrumServer.csproj]
D:\Develop\Projects\Astrum\AstrumServer\AstrumServer\Generated\connectionstatus_C_4000.cs(12,26): warning CS0436: “D:\Develop\Projects\Astrum\AstrumServer\AstrumServer\Generated\connectionstatus_C_4000.cs”中的类型“ConnectionStatusResponse”与“Generated, Version=0.0.0.0, Culture=neutral, PublicKeyToken=null”中的导入类型“ConnectionStatusResponse”冲突。请使用“D:\Develop\Projects\Astrum\AstrumServer\AstrumServer\Generated\connectionstatus_C_4000.cs”中定义的类型。 [D:\Develop\Projects\Astrum\AstrumServer\AstrumServer\AstrumServer.csproj]
D:\Develop\Projects\Astrum\AstrumServer\AstrumServer\Managers\FrameSyncManager.cs(36,42): warning CS0436: “D:\Develop\Projects\Astrum\AstrumServer\AstrumServer\Generated\gamemessages_C_2000.cs”中的类型“OneFrameInputs”与“Generated, Version=0.0.0.0, Culture=neutral, PublicKeyToken=null”中的导入类型“OneFrameInputs”冲突。请使用“D:\Develop\Projects\Astrum\AstrumServer\AstrumServer\Generated\gamemessages_C_2000.cs”中定义的类型。 [D:\Develop\Projects\Astrum\AstrumServer\AstrumServer\AstrumServer.csproj]
D:\Develop\Projects\Astrum\AstrumServer\AstrumServer\Generated\connectionstatus_C_4000.cs(15,23): warning CS0436: “D:\Develop\Projects\Astrum\AstrumServer\AstrumServer\Generated\connectionstatus_C_4000.cs”中的类型“ConnectionStatusResponse”与“Generated, Version=0.0.0.0, Culture=neutral, PublicKeyToken=null”中的导入类型“ConnectionStatusResponse”冲突。请使用“D:\Develop\Projects\Astrum\AstrumServer\AstrumServer\Generated\connectionstatus_C_4000.cs”中定义的类型。 [D:\Develop\Projects\Astrum\AstrumServer\AstrumServer\AstrumServer.csproj]
D:\Develop\Projects\Astrum\AstrumServer\AstrumServer\Managers\FrameSyncManager.cs(187,54): warning CS0436: “D:\Develop\Projects\Astrum\AstrumServer\AstrumServer\Generated\gamemessages_C_2000.cs”中的类型“SingleInput”与“Generated, Version=0.0.0.0, Culture=neutral, PublicKeyToken=null”中的导入类型“SingleInput”冲突。请使用“D:\Develop\Projects\Astrum\AstrumServer\AstrumServer\Generated\gamemessages_C_2000.cs”中定义的类型。 [D:\Develop\Projects\Astrum\AstrumServer\AstrumServer\AstrumServer.csproj]
D:\Develop\Projects\Astrum\AstrumServer\AstrumServer\Managers\FrameSyncManager.cs(361,75): warning CS0436: “D:\Develop\Projects\Astrum\AstrumServer\AstrumServer\Generated\gamemessages_C_2000.cs”中的类型“OneFrameInputs”与“Generated, Version=0.0.0.0, Culture=neutral, PublicKeyToken=null”中的导入类型“OneFrameInputs”冲突。请使用“D:\Develop\Projects\Astrum\AstrumServer\AstrumServer\Generated\gamemessages_C_2000.cs”中定义的类型。 [D:\Develop\Projects\Astrum\AstrumServer\AstrumServer\AstrumServer.csproj]
D:\Develop\Projects\Astrum\AstrumServer\AstrumServer\Managers\FrameSyncManager.cs(438,78): warning CS0436: “D:\Develop\Projects\Astrum\AstrumServer\AstrumServer\Generated\gamemessages_C_2000.cs”中的类型“LSInput”与“Generated, Version=0.0.0.0, Culture=neutral, PublicKeyToken=null”中的导入类型“LSInput”冲突。请使用“D:\Develop\Projects\Astrum\AstrumServer\AstrumServer\Generated\gamemessages_C_2000.cs”中定义的类型。 [D:\Develop\Projects\Astrum\AstrumServer\AstrumServer\AstrumServer.csproj]
D:\Develop\Projects\Astrum\AstrumServer\AstrumServer\Core\GameServer.cs(140,59): warning CS0436: “D:\Develop\Projects\Astrum\AstrumServer\AstrumServer\Generated\connectionstatus_C_4000.cs”中的类型“ConnectRequest”与“Generated, Version=0.0.0.0, Culture=neutral, PublicKeyToken=null”中的导入类型“ConnectRequest”冲突。请使用“D:\Develop\Projects\Astrum\AstrumServer\AstrumServer\Generated\connectionstatus_C_4000.cs”中定义的类型。 [D:\Develop\Projects\Astrum\AstrumServer\AstrumServer\AstrumServer.csproj]
D:\Develop\Projects\Astrum\AstrumServer\AstrumServer\Core\GameServer.cs(272,57): warning CS0436: “D:\Develop\Projects\Astrum\AstrumServer\AstrumServer\Generated\networkcommon_C_1000.cs”中的类型“LoginRequest”与“Generated, Version=0.0.0.0, Culture=neutral, PublicKeyToken=null”中的导入类型“LoginRequest”冲突。请使用“D:\Develop\Projects\Astrum\AstrumServer\AstrumServer\Generated\networkcommon_C_1000.cs”中定义的类型。 [D:\Develop\Projects\Astrum\AstrumServer\AstrumServer\AstrumServer.csproj]
D:\Develop\Projects\Astrum\AstrumServer\AstrumServer\Core\GameServer.cs(306,62): warning CS0436: “D:\Develop\Projects\Astrum\AstrumServer\AstrumServer\Generated\networkcommon_C_1000.cs”中的类型“CreateRoomRequest”与“Generated, Version=0.0.0.0, Culture=neutral, PublicKeyToken=null”中的导入类型“CreateRoomRequest”冲突。请使用“D:\Develop\Projects\Astrum\AstrumServer\AstrumServer\Generated\networkcommon_C_1000.cs”中定义的类型。 [D:\Develop\Projects\Astrum\AstrumServer\AstrumServer\AstrumServer.csproj]
D:\Develop\Projects\Astrum\AstrumServer\AstrumServer\Core\GameServer.cs(349,60): warning CS0436: “D:\Develop\Projects\Astrum\AstrumServer\AstrumServer\Generated\networkcommon_C_1000.cs”中的类型“JoinRoomRequest”与“Generated, Version=0.0.0.0, Culture=neutral, PublicKeyToken=null”中的导入类型“JoinRoomRequest”冲突。请使用“D:\Develop\Projects\Astrum\AstrumServer\AstrumServer\Generated\networkcommon_C_1000.cs”中定义的类型。 [D:\Develop\Projects\Astrum\AstrumServer\AstrumServer\AstrumServer.csproj]
D:\Develop\Projects\Astrum\AstrumServer\AstrumServer\Core\GameServer.cs(398,61): warning CS0436: “D:\Develop\Projects\Astrum\AstrumServer\AstrumServer\Generated\networkcommon_C_1000.cs”中的类型“LeaveRoomRequest”与“Generated, Version=0.0.0.0, Culture=neutral, PublicKeyToken=null”中的导入类型“LeaveRoomRequest”冲突。请使用“D:\Develop\Projects\Astrum\AstrumServer\AstrumServer\Generated\networkcommon_C_1000.cs”中定义的类型。 [D:\Develop\Projects\Astrum\AstrumServer\AstrumServer\AstrumServer.csproj]
D:\Develop\Projects\Astrum\AstrumServer\AstrumServer\Core\GameServer.cs(449,63): warning CS0436: “D:\Develop\Projects\Astrum\AstrumServer\AstrumServer\Generated\networkcommon_C_1000.cs”中的类型“GetRoomListRequest”与“Generated, Version=0.0.0.0, Culture=neutral, PublicKeyToken=null”中的导入类型“GetRoomListRequest”冲突。请使用“D:\Develop\Projects\Astrum\AstrumServer\AstrumServer\Generated\networkcommon_C_1000.cs”中定义的类型。 [D:\Develop\Projects\Astrum\AstrumServer\AstrumServer\AstrumServer.csproj]
D:\Develop\Projects\Astrum\AstrumServer\AstrumServer\Core\GameServer.cs(479,61): warning CS0436: “D:\Develop\Projects\Astrum\AstrumServer\AstrumServer\Generated\networkcommon_C_1000.cs”中的类型“HeartbeatMessage”与“Generated, Version=0.0.0.0, Culture=neutral, PublicKeyToken=null”中的导入类型“HeartbeatMessage”冲突。请使用“D:\Develop\Projects\Astrum\AstrumServer\AstrumServer\Generated\networkcommon_C_1000.cs”中定义的类型。 [D:\Develop\Projects\Astrum\AstrumServer\AstrumServer\AstrumServer.csproj]
D:\Develop\Projects\Astrum\AstrumServer\AstrumServer\Managers\FrameSyncManager.cs(498,97): warning CS0436: “D:\Develop\Projects\Astrum\AstrumServer\AstrumServer\Generated\gamemessages_C_2000.cs”中的类型“OneFrameInputs”与“Generated, Version=0.0.0.0, Culture=neutral, PublicKeyToken=null”中的导入类型“OneFrameInputs”冲突。请使用“D:\Develop\Projects\Astrum\AstrumServer\AstrumServer\Generated\gamemessages_C_2000.cs”中定义的类型。 [D:\Develop\Projects\Astrum\AstrumServer\AstrumServer\AstrumServer.csproj]
D:\Develop\Projects\Astrum\AstrumServer\AstrumServer\Managers\FrameSyncManager.cs(568,81): warning CS0436: “D:\Develop\Projects\Astrum\AstrumServer\AstrumServer\Generated\gamemessages_C_2000.cs”中的类型“OneFrameInputs”与“Generated, Version=0.0.0.0, Culture=neutral, PublicKeyToken=null”中的导入类型“OneFrameInputs”冲突。请使用“D:\Develop\Projects\Astrum\AstrumServer\AstrumServer\Generated\gamemessages_C_2000.cs”中定义的类型。 [D:\Develop\Projects\Astrum\AstrumServer\AstrumServer\AstrumServer.csproj]
D:\Develop\Projects\Astrum\AstrumServer\AstrumServer\Managers\FrameSyncManager.cs(790,37): warning CS0436: “D:\Develop\Projects\Astrum\AstrumServer\AstrumServer\Generated\gamemessages_C_2000.cs”中的类型“LSInput”与“Generated, Version=0.0.0.0, Culture=neutral, PublicKeyToken=null”中的导入类型“LSInput”冲突。请使用“D:\Develop\Projects\Astrum\AstrumServer\AstrumServer\Generated\gamemessages_C_2000.cs”中定义的类型。 [D:\Develop\Projects\Astrum\AstrumServer\AstrumServer\AstrumServer.csproj]
D:\Develop\Projects\Astrum\AstrumServer\AstrumServer\Managers\FrameSyncManager.cs(830,16): warning CS0436: “D:\Develop\Projects\Astrum\AstrumServer\AstrumServer\Generated\gamemessages_C_2000.cs”中的类型“OneFrameInputs”与“Generated, Version=0.0.0.0, Culture=neutral, PublicKeyToken=null”中的导入类型“OneFrameInputs”冲突。请使用“D:\Develop\Projects\Astrum\AstrumServer\AstrumServer\Generated\gamemessages_C_2000.cs”中定义的类型。 [D:\Develop\Projects\Astrum\AstrumServer\AstrumServer\AstrumServer.csproj]
D:\Develop\Projects\Astrum\AstrumServer\AstrumServer\Managers\FrameSyncManager.cs(881,17): warning CS0436: “D:\Develop\Projects\Astrum\AstrumServer\AstrumServer\Generated\gamemessages_C_2000.cs”中的类型“LSInput”与“Generated, Version=0.0.0.0, Culture=neutral, PublicKeyToken=null”中的导入类型“LSInput”冲突。请使用“D:\Develop\Projects\Astrum\AstrumServer\AstrumServer\Generated\gamemessages_C_2000.cs”中定义的类型。 [D:\Develop\Projects\Astrum\AstrumServer\AstrumServer\AstrumServer.csproj]
D:\Develop\Projects\Astrum\AstrumServer\AstrumServer\obj\Debug\net9.0\MemoryPack.Generator\MemoryPack.Generator.MemoryPackGenerator\Astrum.Generated.ConnectionStatusResponse.MemoryPackFormatter.g.cs(59,139): warning CS0436: “D:\Develop\Projects\Astrum\AstrumServer\AstrumServer\Generated\connectionstatus_C_4000.cs”中的类型“ConnectionStatusResponse”与“Generated, Version=0.0.0.0, Culture=neutral, PublicKeyToken=null”中的导入类型“ConnectionStatusResponse”冲突。请使用“D:\Develop\Projects\Astrum\AstrumServer\AstrumServer\Generated\connectionstatus_C_4000.cs”中定义的类型。 [D:\Develop\Projects\Astrum\AstrumServer\AstrumServer\AstrumServer.csproj]
D:\Develop\Projects\Astrum\AstrumServer\AstrumServer\Managers\FrameSyncManager.cs(902,17): warning CS0436: “D:\Develop\Projects\Astrum\AstrumServer\AstrumServer\Generated\gamemessages_C_2000.cs”中的类型“LSInput”与“Generated, Version=0.0.0.0, Culture=neutral, PublicKeyToken=null”中的导入类型“LSInput”冲突。请使用“D:\Develop\Projects\Astrum\AstrumServer\AstrumServer\Generated\gamemessages_C_2000.cs”中定义的类型。 [D:\Develop\Projects\Astrum\AstrumServer\AstrumServer\AstrumServer.csproj]
D:\Develop\Projects\Astrum\AstrumServer\AstrumServer\Managers\FrameSyncManager.cs(733,53): warning CS0436: “D:\Develop\Projects\Astrum\AstrumServer\AstrumServer\Generated\networkcommon_C_1000.cs”中的类型“RoomInfo”与“Generated, Version=0.0.0.0, Culture=neutral, PublicKeyToken=null”中的导入类型“RoomInfo”冲突。请使用“D:\Develop\Projects\Astrum\AstrumServer\AstrumServer\Generated\networkcommon_C_1000.cs”中定义的类型。 [D:\Develop\Projects\Astrum\AstrumServer\AstrumServer\AstrumServer.csproj]
D:\Develop\Projects\Astrum\AstrumServer\AstrumServer\obj\Debug\net9.0\MemoryPack.Generator\MemoryPack.Generator.MemoryPackGenerator\Astrum.Generated.ConnectionStatusResponse.MemoryPackFormatter.g.cs(78,111): warning CS0436: “D:\Develop\Projects\Astrum\AstrumServer\AstrumServer\Generated\connectionstatus_C_4000.cs”中的类型“ConnectionStatusResponse”与“Generated, Version=0.0.0.0, Culture=neutral, PublicKeyToken=null”中的导入类型“ConnectionStatusResponse”冲突。请使用“D:\Develop\Projects\Astrum\AstrumServer\AstrumServer\Generated\connectionstatus_C_4000.cs”中定义的类型。 [D:\Develop\Projects\Astrum\AstrumServer\AstrumServer\AstrumServer.csproj]
D:\Develop\Projects\Astrum\AstrumServer\AstrumServer\Managers\FrameSyncManager.cs(777,59): warning CS0436: “D:\Develop\Projects\Astrum\AstrumServer\AstrumServer\Generated\gamemessages_C_2000.cs”中的类型“LSInput”与“Generated, Version=0.0.0.0, Culture=neutral, PublicKeyToken=null”中的导入类型“LSInput”冲突。请使用“D:\Develop\Projects\Astrum\AstrumServer\AstrumServer\Generated\gamemessages_C_2000.cs”中定义的类型。 [D:\Develop\Projects\Astrum\AstrumServer\AstrumServer\AstrumServer.csproj]
D:\Develop\Projects\Astrum\AstrumServer\AstrumServer\Core\GameServer.cs(533,39): warning CS0436: “D:\Develop\Projects\Astrum\AstrumServer\AstrumServer\Generated\networkcommon_C_1000.cs”中的类型“RoomInfo”与“Generated, Version=0.0.0.0, Culture=neutral, PublicKeyToken=null”中的导入类型“RoomInfo”冲突。请使用“D:\Develop\Projects\Astrum\AstrumServer\AstrumServer\Generated\networkcommon_C_1000.cs”中定义的类型。 [D:\Develop\Projects\Astrum\AstrumServer\AstrumServer\AstrumServer.csproj]
D:\Develop\Projects\Astrum\AstrumServer\AstrumServer\Core\GameServer.cs(562,93): warning CS0436: “D:\Develop\Projects\Astrum\AstrumServer\AstrumServer\Generated\networkcommon_C_1000.cs”中的类型“RoomInfo”与“Generated, Version=0.0.0.0, Culture=neutral, PublicKeyToken=null”中的导入类型“RoomInfo”冲突。请使用“D:\Develop\Projects\Astrum\AstrumServer\AstrumServer\Generated\networkcommon_C_1000.cs”中定义的类型。 [D:\Develop\Projects\Astrum\AstrumServer\AstrumServer\AstrumServer.csproj]
D:\Develop\Projects\Astrum\AstrumServer\AstrumServer\Core\GameServer.cs(573,91): warning CS0436: “D:\Develop\Projects\Astrum\AstrumServer\AstrumServer\Generated\networkcommon_C_1000.cs”中的类型“RoomInfo”与“Generated, Version=0.0.0.0, Culture=neutral, PublicKeyToken=null”中的导入类型“RoomInfo”冲突。请使用“D:\Develop\Projects\Astrum\AstrumServer\AstrumServer\Generated\networkcommon_C_1000.cs”中定义的类型。 [D:\Develop\Projects\Astrum\AstrumServer\AstrumServer\AstrumServer.csproj]
D:\Develop\Projects\Astrum\AstrumServer\AstrumServer\Core\GameServer.cs(595,96): warning CS0436: “D:\Develop\Projects\Astrum\AstrumServer\AstrumServer\Generated\networkcommon_C_1000.cs”中的类型“RoomInfo”与“Generated, Version=0.0.0.0, Culture=neutral, PublicKeyToken=null”中的导入类型“RoomInfo”冲突。请使用“D:\Develop\Projects\Astrum\AstrumServer\AstrumServer\Generated\networkcommon_C_1000.cs”中定义的类型。 [D:\Develop\Projects\Astrum\AstrumServer\AstrumServer\AstrumServer.csproj]
D:\Develop\Projects\Astrum\AstrumServer\AstrumServer\Core\GameServer.cs(616,38): warning CS0436: “D:\Develop\Projects\Astrum\AstrumServer\AstrumServer\Generated\networkcommon_C_1000.cs”中的类型“RoomInfo”与“Generated, Version=0.0.0.0, Culture=neutral, PublicKeyToken=null”中的导入类型“RoomInfo”冲突。请使用“D:\Develop\Projects\Astrum\AstrumServer\AstrumServer\Generated\networkcommon_C_1000.cs”中定义的类型。 [D:\Develop\Projects\Astrum\AstrumServer\AstrumServer\AstrumServer.csproj]
D:\Develop\Projects\Astrum\AstrumServer\AstrumServer\Core\GameServer.cs(663,56): warning CS0436: “D:\Develop\Projects\Astrum\AstrumServer\AstrumServer\Generated\game_S_3000.cs”中的类型“GameRequest”与“Generated, Version=0.0.0.0, Culture=neutral, PublicKeyToken=null”中的导入类型“GameRequest”冲突。请使用“D:\Develop\Projects\Astrum\AstrumServer\AstrumServer\Generated\game_S_3000.cs”中定义的类型。 [D:\Develop\Projects\Astrum\AstrumServer\AstrumServer\AstrumServer.csproj]
D:\Develop\Projects\Astrum\AstrumServer\AstrumServer\Core\GameServer.cs(728,59): warning CS0436: “D:\Develop\Projects\Astrum\AstrumServer\AstrumServer\Generated\game_S_3000.cs”中的类型“GameRequest”与“Generated, Version=0.0.0.0, Culture=neutral, PublicKeyToken=null”中的导入类型“GameRequest”冲突。请使用“D:\Develop\Projects\Astrum\AstrumServer\AstrumServer\Generated\game_S_3000.cs”中定义的类型。 [D:\Develop\Projects\Astrum\AstrumServer\AstrumServer\AstrumServer.csproj]
D:\Develop\Projects\Astrum\AstrumServer\AstrumServer\Core\GameServer.cs(793,36): warning CS0436: “D:\Develop\Projects\Astrum\AstrumServer\AstrumServer\Generated\networkcommon_C_1000.cs”中的类型“RoomInfo”与“Generated, Version=0.0.0.0, Culture=neutral, PublicKeyToken=null”中的导入类型“RoomInfo”冲突。请使用“D:\Develop\Projects\Astrum\AstrumServer\AstrumServer\Generated\networkcommon_C_1000.cs”中定义的类型。 [D:\Develop\Projects\Astrum\AstrumServer\AstrumServer\AstrumServer.csproj]
D:\Develop\Projects\Astrum\AstrumServer\AstrumServer\Core\GameServer.cs(871,56): warning CS0436: “D:\Develop\Projects\Astrum\AstrumServer\AstrumServer\Generated\gamemessages_C_2000.cs”中的类型“SingleInput”与“Generated, Version=0.0.0.0, Culture=neutral, PublicKeyToken=null”中的导入类型“SingleInput”冲突。请使用“D:\Develop\Projects\Astrum\AstrumServer\AstrumServer\Generated\gamemessages_C_2000.cs”中定义的类型。 [D:\Develop\Projects\Astrum\AstrumServer\AstrumServer\AstrumServer.csproj]
D:\Develop\Projects\Astrum\AstrumServer\AstrumServer\Core\GameServer.cs(903,62): warning CS0436: “D:\Develop\Projects\Astrum\AstrumServer\AstrumServer\Generated\networkcommon_C_1000.cs”中的类型“QuickMatchRequest”与“Generated, Version=0.0.0.0, Culture=neutral, PublicKeyToken=null”中的导入类型“QuickMatchRequest”冲突。请使用“D:\Develop\Projects\Astrum\AstrumServer\AstrumServer\Generated\networkcommon_C_1000.cs”中定义的类型。 [D:\Develop\Projects\Astrum\AstrumServer\AstrumServer\AstrumServer.csproj]
D:\Develop\Projects\Astrum\AstrumServer\AstrumServer\Managers\MatchmakingManager.cs(284,71): warning CS0436: “D:\Develop\Projects\Astrum\AstrumServer\AstrumServer\Generated\networkcommon_C_1000.cs”中的类型“RoomInfo”与“Generated, Version=0.0.0.0, Culture=neutral, PublicKeyToken=null”中的导入类型“RoomInfo”冲突。请使用“D:\Develop\Projects\Astrum\AstrumServer\AstrumServer\Generated\networkcommon_C_1000.cs”中定义的类型。 [D:\Develop\Projects\Astrum\AstrumServer\AstrumServer\AstrumServer.csproj]
D:\Develop\Projects\Astrum\AstrumServer\AstrumServer\Managers\MatchmakingManager.cs(321,46): warning CS0436: “D:\Develop\Projects\Astrum\AstrumServer\AstrumServer\Generated\networkcommon_C_1000.cs”中的类型“RoomInfo”与“Generated, Version=0.0.0.0, Culture=neutral, PublicKeyToken=null”中的导入类型“RoomInfo”冲突。请使用“D:\Develop\Projects\Astrum\AstrumServer\AstrumServer\Generated\networkcommon_C_1000.cs”中定义的类型。 [D:\Develop\Projects\Astrum\AstrumServer\AstrumServer\AstrumServer.csproj]
D:\Develop\Projects\Astrum\AstrumServer\AstrumServer\Core\GameServer.cs(975,63): warning CS0436: “D:\Develop\Projects\Astrum\AstrumServer\AstrumServer\Generated\networkcommon_C_1000.cs”中的类型“CancelMatchRequest”与“Generated, Version=0.0.0.0, Culture=neutral, PublicKeyToken=null”中的导入类型“CancelMatchRequest”冲突。请使用“D:\Develop\Projects\Astrum\AstrumServer\AstrumServer\Generated\networkcommon_C_1000.cs”中定义的类型。 [D:\Develop\Projects\Astrum\AstrumServer\AstrumServer\AstrumServer.csproj]
D:\Develop\Projects\Astrum\AstrumServer\AstrumServer\Core\GameServer.cs(1034,49): warning CS0436: “D:\Develop\Projects\Astrum\AstrumServer\AstrumServer\Generated\networkcommon_C_1000.cs”中的类型“C2G_Ping”与“Generated, Version=0.0.0.0, Culture=neutral, PublicKeyToken=null”中的导入类型“C2G_Ping”冲突。请使用“D:\Develop\Projects\Astrum\AstrumServer\AstrumServer\Generated\networkcommon_C_1000.cs”中定义的类型。 [D:\Develop\Projects\Astrum\AstrumServer\AstrumServer\AstrumServer.csproj]
D:\Develop\Projects\Astrum\AstrumServer\AstrumServer\Managers\RoomManager.cs(25,16): warning CS0436: “D:\Develop\Projects\Astrum\AstrumServer\AstrumServer\Generated\networkcommon_C_1000.cs”中的类型“RoomInfo”与“Generated, Version=0.0.0.0, Culture=neutral, PublicKeyToken=null”中的导入类型“RoomInfo”冲突。请使用“D:\Develop\Projects\Astrum\AstrumServer\AstrumServer\Generated\networkcommon_C_1000.cs”中定义的类型。 [D:\Develop\Projects\Astrum\AstrumServer\AstrumServer\AstrumServer.csproj]
D:\Develop\Projects\Astrum\AstrumServer\AstrumServer\Managers\RoomManager.cs(187,16): warning CS0436: “D:\Develop\Projects\Astrum\AstrumServer\AstrumServer\Generated\networkcommon_C_1000.cs”中的类型“RoomInfo”与“Generated, Version=0.0.0.0, Culture=neutral, PublicKeyToken=null”中的导入类型“RoomInfo”冲突。请使用“D:\Develop\Projects\Astrum\AstrumServer\AstrumServer\Generated\networkcommon_C_1000.cs”中定义的类型。 [D:\Develop\Projects\Astrum\AstrumServer\AstrumServer\AstrumServer.csproj]
D:\Develop\Projects\Astrum\AstrumServer\AstrumServer\Managers\RoomManager.cs(196,21): warning CS0436: “D:\Develop\Projects\Astrum\AstrumServer\AstrumServer\Generated\networkcommon_C_1000.cs”中的类型“RoomInfo”与“Generated, Version=0.0.0.0, Culture=neutral, PublicKeyToken=null”中的导入类型“RoomInfo”冲突。请使用“D:\Develop\Projects\Astrum\AstrumServer\AstrumServer\Generated\networkcommon_C_1000.cs”中定义的类型。 [D:\Develop\Projects\Astrum\AstrumServer\AstrumServer\AstrumServer.csproj]
D:\Develop\Projects\Astrum\AstrumServer\AstrumServer\obj\Debug\net9.0\MemoryPack.Generator\MemoryPack.Generator.MemoryPackGenerator\Astrum.Generated.ConnectionStatusChanged.MemoryPackFormatter.g.cs(33,57): warning CS0436: “D:\Develop\Projects\Astrum\AstrumServer\AstrumServer\Generated\connectionstatus_C_4000.cs”中的类型“ConnectionStatusChanged”与“Generated, Version=0.0.0.0, Culture=neutral, PublicKeyToken=null”中的导入类型“ConnectionStatusChanged”冲突。请使用“D:\Develop\Projects\Astrum\AstrumServer\AstrumServer\Generated\connectionstatus_C_4000.cs”中定义的类型。 [D:\Develop\Projects\Astrum\AstrumServer\AstrumServer\AstrumServer.csproj]
D:\Develop\Projects\Astrum\AstrumServer\AstrumServer\obj\Debug\net9.0\MemoryPack.Generator\MemoryPack.Generator.MemoryPackGenerator\Astrum.Generated.ConnectionStatusChanged.MemoryPackFormatter.g.cs(59,33): warning CS0436: “D:\Develop\Projects\Astrum\AstrumServer\AstrumServer\Generated\connectionstatus_C_4000.cs”中的类型“ConnectionStatusChanged”与“Generated, Version=0.0.0.0, Culture=neutral, PublicKeyToken=null”中的导入类型“ConnectionStatusChanged”冲突。请使用“D:\Develop\Projects\Astrum\AstrumServer\AstrumServer\Generated\connectionstatus_C_4000.cs”中定义的类型。 [D:\Develop\Projects\Astrum\AstrumServer\AstrumServer\AstrumServer.csproj]
D:\Develop\Projects\Astrum\AstrumServer\AstrumServer\obj\Debug\net9.0\MemoryPack.Generator\MemoryPack.Generator.MemoryPackGenerator\Astrum.Generated.ConnectionStatusChanged.MemoryPackFormatter.g.cs(78,33): warning CS0436: “D:\Develop\Projects\Astrum\AstrumServer\AstrumServer\Generated\connectionstatus_C_4000.cs”中的类型“ConnectionStatusChanged”与“Generated, Version=0.0.0.0, Culture=neutral, PublicKeyToken=null”中的导入类型“ConnectionStatusChanged”冲突。请使用“D:\Develop\Projects\Astrum\AstrumServer\AstrumServer\Generated\connectionstatus_C_4000.cs”中定义的类型。 [D:\Develop\Projects\Astrum\AstrumServer\AstrumServer\AstrumServer.csproj]
D:\Develop\Projects\Astrum\AstrumServer\AstrumServer\Managers\UserManager.cs(26,16): warning CS0436: “D:\Develop\Projects\Astrum\AstrumServer\AstrumServer\Generated\networkcommon_C_1000.cs”中的类型“UserInfo”与“Generated, Version=0.0.0.0, Culture=neutral, PublicKeyToken=null”中的导入类型“UserInfo”冲突。请使用“D:\Develop\Projects\Astrum\AstrumServer\AstrumServer\Generated\networkcommon_C_1000.cs”中定义的类型。 [D:\Develop\Projects\Astrum\AstrumServer\AstrumServer\AstrumServer.csproj]
D:\Develop\Projects\Astrum\AstrumServer\AstrumServer\Generated\connectionstatus_C_4000.cs(51,23): warning CS0436: “D:\Develop\Projects\Astrum\AstrumServer\AstrumServer\Generated\connectionstatus_C_4000.cs”中的类型“ConnectionStatusChanged”与“Generated, Version=0.0.0.0, Culture=neutral, PublicKeyToken=null”中的导入类型“ConnectionStatusChanged”冲突。请使用“D:\Develop\Projects\Astrum\AstrumServer\AstrumServer\Generated\connectionstatus_C_4000.cs”中定义的类型。 [D:\Develop\Projects\Astrum\AstrumServer\AstrumServer\AstrumServer.csproj]
D:\Develop\Projects\Astrum\AstrumServer\AstrumServer\Managers\UserManager.cs(89,16): warning CS0436: “D:\Develop\Projects\Astrum\AstrumServer\AstrumServer\Generated\networkcommon_C_1000.cs”中的类型“UserInfo”与“Generated, Version=0.0.0.0, Culture=neutral, PublicKeyToken=null”中的导入类型“UserInfo”冲突。请使用“D:\Develop\Projects\Astrum\AstrumServer\AstrumServer\Generated\networkcommon_C_1000.cs”中定义的类型。 [D:\Develop\Projects\Astrum\AstrumServer\AstrumServer\AstrumServer.csproj]
D:\Develop\Projects\Astrum\AstrumServer\AstrumServer\Managers\UserManager.cs(102,16): warning CS0436: “D:\Develop\Projects\Astrum\AstrumServer\AstrumServer\Generated\networkcommon_C_1000.cs”中的类型“UserInfo”与“Generated, Version=0.0.0.0, Culture=neutral, PublicKeyToken=null”中的导入类型“UserInfo”冲突。请使用“D:\Develop\Projects\Astrum\AstrumServer\AstrumServer\Generated\networkcommon_C_1000.cs”中定义的类型。 [D:\Develop\Projects\Astrum\AstrumServer\AstrumServer\AstrumServer.csproj]
D:\Develop\Projects\Astrum\AstrumServer\AstrumServer\Managers\UserManager.cs(111,21): warning CS0436: “D:\Develop\Projects\Astrum\AstrumServer\AstrumServer\Generated\networkcommon_C_1000.cs”中的类型“UserInfo”与“Generated, Version=0.0.0.0, Culture=neutral, PublicKeyToken=null”中的导入类型“UserInfo”冲突。请使用“D:\Develop\Projects\Astrum\AstrumServer\AstrumServer\Generated\networkcommon_C_1000.cs”中定义的类型。 [D:\Develop\Projects\Astrum\AstrumServer\AstrumServer\AstrumServer.csproj]
D:\Develop\Projects\Astrum\AstrumServer\AstrumServer\Managers\UserManager.cs(15,55): warning CS0436: “D:\Develop\Projects\Astrum\AstrumServer\AstrumServer\Generated\networkcommon_C_1000.cs”中的类型“UserInfo”与“Generated, Version=0.0.0.0, Culture=neutral, PublicKeyToken=null”中的导入类型“UserInfo”冲突。请使用“D:\Develop\Projects\Astrum\AstrumServer\AstrumServer\Generated\networkcommon_C_1000.cs”中定义的类型。 [D:\Develop\Projects\Astrum\AstrumServer\AstrumServer\AstrumServer.csproj]
D:\Develop\Projects\Astrum\AstrumServer\AstrumServer\obj\Debug\net9.0\MemoryPack.Generator\MemoryPack.Generator.MemoryPackGenerator\Astrum.Generated.ConnectionStatusChanged.MemoryPackFormatter.g.cs(59,138): warning CS0436: “D:\Develop\Projects\Astrum\AstrumServer\AstrumServer\Generated\connectionstatus_C_4000.cs”中的类型“ConnectionStatusChanged”与“Generated, Version=0.0.0.0, Culture=neutral, PublicKeyToken=null”中的导入类型“ConnectionStatusChanged”冲突。请使用“D:\Develop\Projects\Astrum\AstrumServer\AstrumServer\Generated\connectionstatus_C_4000.cs”中定义的类型。 [D:\Develop\Projects\Astrum\AstrumServer\AstrumServer\AstrumServer.csproj]
D:\Develop\Projects\Astrum\AstrumServer\AstrumServer\Managers\RoomManager.cs(15,55): warning CS0436: “D:\Develop\Projects\Astrum\AstrumServer\AstrumServer\Generated\networkcommon_C_1000.cs”中的类型“RoomInfo”与“Generated, Version=0.0.0.0, Culture=neutral, PublicKeyToken=null”中的导入类型“RoomInfo”冲突。请使用“D:\Develop\Projects\Astrum\AstrumServer\AstrumServer\Generated\networkcommon_C_1000.cs”中定义的类型。 [D:\Develop\Projects\Astrum\AstrumServer\AstrumServer\AstrumServer.csproj]
D:\Develop\Projects\Astrum\AstrumServer\AstrumServer\obj\Debug\net9.0\MemoryPack.Generator\MemoryPack.Generator.MemoryPackGenerator\Astrum.Generated.ConnectionStatusChanged.MemoryPackFormatter.g.cs(78,110): warning CS0436: “D:\Develop\Projects\Astrum\AstrumServer\AstrumServer\Generated\connectionstatus_C_4000.cs”中的类型“ConnectionStatusChanged”与“Generated, Version=0.0.0.0, Culture=neutral, PublicKeyToken=null”中的导入类型“ConnectionStatusChanged”冲突。请使用“D:\Develop\Projects\Astrum\AstrumServer\AstrumServer\Generated\connectionstatus_C_4000.cs”中定义的类型。 [D:\Develop\Projects\Astrum\AstrumServer\AstrumServer\AstrumServer.csproj]
D:\Develop\Projects\Astrum\AstrumServer\AstrumServer\obj\Debug\net9.0\MemoryPack.Generator\MemoryPack.Generator.MemoryPackGenerator\Astrum.Generated.ConnectRequest.MemoryPackFormatter.g.cs(34,48): warning CS0436: “D:\Develop\Projects\Astrum\AstrumServer\AstrumServer\Generated\connectionstatus_C_4000.cs”中的类型“ConnectRequest”与“Generated, Version=0.0.0.0, Culture=neutral, PublicKeyToken=null”中的导入类型“ConnectRequest”冲突。请使用“D:\Develop\Projects\Astrum\AstrumServer\AstrumServer\Generated\connectionstatus_C_4000.cs”中定义的类型。 [D:\Develop\Projects\Astrum\AstrumServer\AstrumServer\AstrumServer.csproj]
D:\Develop\Projects\Astrum\AstrumServer\AstrumServer\obj\Debug\net9.0\MemoryPack.Generator\MemoryPack.Generator.MemoryPackGenerator\Astrum.Generated.ConnectResponse.MemoryPackFormatter.g.cs(34,49): warning CS0436: “D:\Develop\Projects\Astrum\AstrumServer\AstrumServer\Generated\connectionstatus_C_4000.cs”中的类型“ConnectResponse”与“Generated, Version=0.0.0.0, Culture=neutral, PublicKeyToken=null”中的导入类型“ConnectResponse”冲突。请使用“D:\Develop\Projects\Astrum\AstrumServer\AstrumServer\Generated\connectionstatus_C_4000.cs”中定义的类型。 [D:\Develop\Projects\Astrum\AstrumServer\AstrumServer\AstrumServer.csproj]
D:\Develop\Projects\Astrum\AstrumServer\AstrumServer\obj\Debug\net9.0\MemoryPack.Generator\MemoryPack.Generator.MemoryPackGenerator\Astrum.Generated.ConnectRequest.MemoryPackFormatter.g.cs(60,33): warning CS0436: “D:\Develop\Projects\Astrum\AstrumServer\AstrumServer\Generated\connectionstatus_C_4000.cs”中的类型“ConnectRequest”与“Generated, Version=0.0.0.0, Culture=neutral, PublicKeyToken=null”中的导入类型“ConnectRequest”冲突。请使用“D:\Develop\Projects\Astrum\AstrumServer\AstrumServer\Generated\connectionstatus_C_4000.cs”中定义的类型。 [D:\Develop\Projects\Astrum\AstrumServer\AstrumServer\AstrumServer.csproj]
D:\Develop\Projects\Astrum\AstrumServer\AstrumServer\obj\Debug\net9.0\MemoryPack.Generator\MemoryPack.Generator.MemoryPackGenerator\Astrum.Generated.ConnectRequest.MemoryPackFormatter.g.cs(79,33): warning CS0436: “D:\Develop\Projects\Astrum\AstrumServer\AstrumServer\Generated\connectionstatus_C_4000.cs”中的类型“ConnectRequest”与“Generated, Version=0.0.0.0, Culture=neutral, PublicKeyToken=null”中的导入类型“ConnectRequest”冲突。请使用“D:\Develop\Projects\Astrum\AstrumServer\AstrumServer\Generated\connectionstatus_C_4000.cs”中定义的类型。 [D:\Develop\Projects\Astrum\AstrumServer\AstrumServer\AstrumServer.csproj]
D:\Develop\Projects\Astrum\AstrumServer\AstrumServer\Generated\connectionstatus_C_4000.cs(87,23): warning CS0436: “D:\Develop\Projects\Astrum\AstrumServer\AstrumServer\Generated\connectionstatus_C_4000.cs”中的类型“ConnectRequest”与“Generated, Version=0.0.0.0, Culture=neutral, PublicKeyToken=null”中的导入类型“ConnectRequest”冲突。请使用“D:\Develop\Projects\Astrum\AstrumServer\AstrumServer\Generated\connectionstatus_C_4000.cs”中定义的类型。 [D:\Develop\Projects\Astrum\AstrumServer\AstrumServer\AstrumServer.csproj]
D:\Develop\Projects\Astrum\AstrumServer\AstrumServer\obj\Debug\net9.0\MemoryPack.Generator\MemoryPack.Generator.MemoryPackGenerator\Astrum.Generated.ConnectResponse.MemoryPackFormatter.g.cs(60,33): warning CS0436: “D:\Develop\Projects\Astrum\AstrumServer\AstrumServer\Generated\connectionstatus_C_4000.cs”中的类型“ConnectResponse”与“Generated, Version=0.0.0.0, Culture=neutral, PublicKeyToken=null”中的导入类型“ConnectResponse”冲突。请使用“D:\Develop\Projects\Astrum\AstrumServer\AstrumServer\Generated\connectionstatus_C_4000.cs”中定义的类型。 [D:\Develop\Projects\Astrum\AstrumServer\AstrumServer\AstrumServer.csproj]
D:\Develop\Projects\Astrum\AstrumServer\AstrumServer\obj\Debug\net9.0\MemoryPack.Generator\MemoryPack.Generator.MemoryPackGenerator\Astrum.Generated.ConnectResponse.MemoryPackFormatter.g.cs(79,33): warning CS0436: “D:\Develop\Projects\Astrum\AstrumServer\AstrumServer\Generated\connectionstatus_C_4000.cs”中的类型“ConnectResponse”与“Generated, Version=0.0.0.0, Culture=neutral, PublicKeyToken=null”中的导入类型“ConnectResponse”冲突。请使用“D:\Develop\Projects\Astrum\AstrumServer\AstrumServer\Generated\connectionstatus_C_4000.cs”中定义的类型。 [D:\Develop\Projects\Astrum\AstrumServer\AstrumServer\AstrumServer.csproj]
D:\Develop\Projects\Astrum\AstrumServer\AstrumServer\Generated\connectionstatus_C_4000.cs(130,23): warning CS0436: “D:\Develop\Projects\Astrum\AstrumServer\AstrumServer\Generated\connectionstatus_C_4000.cs”中的类型“ConnectResponse”与“Generated, Version=0.0.0.0, Culture=neutral, PublicKeyToken=null”中的导入类型“ConnectResponse”冲突。请使用“D:\Develop\Projects\Astrum\AstrumServer\AstrumServer\Generated\connectionstatus_C_4000.cs”中定义的类型。 [D:\Develop\Projects\Astrum\AstrumServer\AstrumServer\AstrumServer.csproj]
D:\Develop\Projects\Astrum\AstrumServer\AstrumServer\obj\Debug\net9.0\MemoryPack.Generator\MemoryPack.Generator.MemoryPackGenerator\Astrum.Generated.ConnectRequest.MemoryPackFormatter.g.cs(60,129): warning CS0436: “D:\Develop\Projects\Astrum\AstrumServer\AstrumServer\Generated\connectionstatus_C_4000.cs”中的类型“ConnectRequest”与“Generated, Version=0.0.0.0, Culture=neutral, PublicKeyToken=null”中的导入类型“ConnectRequest”冲突。请使用“D:\Develop\Projects\Astrum\AstrumServer\AstrumServer\Generated\connectionstatus_C_4000.cs”中定义的类型。 [D:\Develop\Projects\Astrum\AstrumServer\AstrumServer\AstrumServer.csproj]
D:\Develop\Projects\Astrum\AstrumServer\AstrumServer\obj\Debug\net9.0\MemoryPack.Generator\MemoryPack.Generator.MemoryPackGenerator\Astrum.Generated.ConnectRequest.MemoryPackFormatter.g.cs(79,101): warning CS0436: “D:\Develop\Projects\Astrum\AstrumServer\AstrumServer\Generated\connectionstatus_C_4000.cs”中的类型“ConnectRequest”与“Generated, Version=0.0.0.0, Culture=neutral, PublicKeyToken=null”中的导入类型“ConnectRequest”冲突。请使用“D:\Develop\Projects\Astrum\AstrumServer\AstrumServer\Generated\connectionstatus_C_4000.cs”中定义的类型。 [D:\Develop\Projects\Astrum\AstrumServer\AstrumServer\AstrumServer.csproj]
D:\Develop\Projects\Astrum\AstrumServer\AstrumServer\obj\Debug\net9.0\MemoryPack.Generator\MemoryPack.Generator.MemoryPackGenerator\Astrum.Generated.ConnectResponse.MemoryPackFormatter.g.cs(60,130): warning CS0436: “D:\Develop\Projects\Astrum\AstrumServer\AstrumServer\Generated\connectionstatus_C_4000.cs”中的类型“ConnectResponse”与“Generated, Version=0.0.0.0, Culture=neutral, PublicKeyToken=null”中的导入类型“ConnectResponse”冲突。请使用“D:\Develop\Projects\Astrum\AstrumServer\AstrumServer\Generated\connectionstatus_C_4000.cs”中定义的类型。 [D:\Develop\Projects\Astrum\AstrumServer\AstrumServer\AstrumServer.csproj]
D:\Develop\Projects\Astrum\AstrumServer\AstrumServer\obj\Debug\net9.0\MemoryPack.Generator\MemoryPack.Generator.MemoryPackGenerator\Astrum.Generated.ConnectResponse.MemoryPackFormatter.g.cs(79,102): warning CS0436: “D:\Develop\Projects\Astrum\AstrumServer\AstrumServer\Generated\connectionstatus_C_4000.cs”中的类型“ConnectResponse”与“Generated, Version=0.0.0.0, Culture=neutral, PublicKeyToken=null”中的导入类型“ConnectResponse”冲突。请使用“D:\Develop\Projects\Astrum\AstrumServer\AstrumServer\Generated\connectionstatus_C_4000.cs”中定义的类型。 [D:\Develop\Projects\Astrum\AstrumServer\AstrumServer\AstrumServer.csproj]
D:\Develop\Projects\Astrum\AstrumServer\AstrumServer\obj\Debug\net9.0\MemoryPack.Generator\MemoryPack.Generator.MemoryPackGenerator\Astrum.Generated.DisconnectRequest.MemoryPackFormatter.g.cs(33,51): warning CS0436: “D:\Develop\Projects\Astrum\AstrumServer\AstrumServer\Generated\connectionstatus_C_4000.cs”中的类型“DisconnectRequest”与“Generated, Version=0.0.0.0, Culture=neutral, PublicKeyToken=null”中的导入类型“DisconnectRequest”冲突。请使用“D:\Develop\Projects\Astrum\AstrumServer\AstrumServer\Generated\connectionstatus_C_4000.cs”中定义的类型。 [D:\Develop\Projects\Astrum\AstrumServer\AstrumServer\AstrumServer.csproj]
D:\Develop\Projects\Astrum\AstrumServer\AstrumServer\obj\Debug\net9.0\MemoryPack.Generator\MemoryPack.Generator.MemoryPackGenerator\Astrum.Generated.DisconnectRequest.MemoryPackFormatter.g.cs(59,33): warning CS0436: “D:\Develop\Projects\Astrum\AstrumServer\AstrumServer\Generated\connectionstatus_C_4000.cs”中的类型“DisconnectRequest”与“Generated, Version=0.0.0.0, Culture=neutral, PublicKeyToken=null”中的导入类型“DisconnectRequest”冲突。请使用“D:\Develop\Projects\Astrum\AstrumServer\AstrumServer\Generated\connectionstatus_C_4000.cs”中定义的类型。 [D:\Develop\Projects\Astrum\AstrumServer\AstrumServer\AstrumServer.csproj]
D:\Develop\Projects\Astrum\AstrumServer\AstrumServer\obj\Debug\net9.0\MemoryPack.Generator\MemoryPack.Generator.MemoryPackGenerator\Astrum.Generated.DisconnectRequest.MemoryPackFormatter.g.cs(78,33): warning CS0436: “D:\Develop\Projects\Astrum\AstrumServer\AstrumServer\Generated\connectionstatus_C_4000.cs”中的类型“DisconnectRequest”与“Generated, Version=0.0.0.0, Culture=neutral, PublicKeyToken=null”中的导入类型“DisconnectRequest”冲突。请使用“D:\Develop\Projects\Astrum\AstrumServer\AstrumServer\Generated\connectionstatus_C_4000.cs”中定义的类型。 [D:\Develop\Projects\Astrum\AstrumServer\AstrumServer\AstrumServer.csproj]
D:\Develop\Projects\Astrum\AstrumServer\AstrumServer\obj\Debug\net9.0\MemoryPack.Generator\MemoryPack.Generator.MemoryPackGenerator\Astrum.Generated.GameMessageResponse.MemoryPackFormatter.g.cs(34,53): warning CS0436: “D:\Develop\Projects\Astrum\AstrumServer\AstrumServer\Generated\gamemessages_C_2000.cs”中的类型“GameMessageResponse”与“Generated, Version=0.0.0.0, Culture=neutral, PublicKeyToken=null”中的导入类型“GameMessageResponse”冲突。请使用“D:\Develop\Projects\Astrum\AstrumServer\AstrumServer\Generated\gamemessages_C_2000.cs”中定义的类型。 [D:\Develop\Projects\Astrum\AstrumServer\AstrumServer\AstrumServer.csproj]
D:\Develop\Projects\Astrum\AstrumServer\AstrumServer\Generated\connectionstatus_C_4000.cs(173,23): warning CS0436: “D:\Develop\Projects\Astrum\AstrumServer\AstrumServer\Generated\connectionstatus_C_4000.cs”中的类型“DisconnectRequest”与“Generated, Version=0.0.0.0, Culture=neutral, PublicKeyToken=null”中的导入类型“DisconnectRequest”冲突。请使用“D:\Develop\Projects\Astrum\AstrumServer\AstrumServer\Generated\connectionstatus_C_4000.cs”中定义的类型。 [D:\Develop\Projects\Astrum\AstrumServer\AstrumServer\AstrumServer.csproj]
D:\Develop\Projects\Astrum\AstrumServer\AstrumServer\obj\Debug\net9.0\MemoryPack.Generator\MemoryPack.Generator.MemoryPackGenerator\Astrum.Generated.GameRoomState.MemoryPackFormatter.g.cs(36,47): warning CS0436: “D:\Develop\Projects\Astrum\AstrumServer\AstrumServer\Generated\gamemessages_C_2000.cs”中的类型“GameRoomState”与“Generated, Version=0.0.0.0, Culture=neutral, PublicKeyToken=null”中的导入类型“GameRoomState”冲突。请使用“D:\Develop\Projects\Astrum\AstrumServer\AstrumServer\Generated\gamemessages_C_2000.cs”中定义的类型。 [D:\Develop\Projects\Astrum\AstrumServer\AstrumServer\AstrumServer.csproj]
D:\Develop\Projects\Astrum\AstrumServer\AstrumServer\obj\Debug\net9.0\MemoryPack.Generator\MemoryPack.Generator.MemoryPackGenerator\Astrum.Generated.GameMessageResponse.MemoryPackFormatter.g.cs(60,33): warning CS0436: “D:\Develop\Projects\Astrum\AstrumServer\AstrumServer\Generated\gamemessages_C_2000.cs”中的类型“GameMessageResponse”与“Generated, Version=0.0.0.0, Culture=neutral, PublicKeyToken=null”中的导入类型“GameMessageResponse”冲突。请使用“D:\Develop\Projects\Astrum\AstrumServer\AstrumServer\Generated\gamemessages_C_2000.cs”中定义的类型。 [D:\Develop\Projects\Astrum\AstrumServer\AstrumServer\AstrumServer.csproj]
D:\Develop\Projects\Astrum\AstrumServer\AstrumServer\obj\Debug\net9.0\MemoryPack.Generator\MemoryPack.Generator.MemoryPackGenerator\Astrum.Generated.GameMessageResponse.MemoryPackFormatter.g.cs(79,33): warning CS0436: “D:\Develop\Projects\Astrum\AstrumServer\AstrumServer\Generated\gamemessages_C_2000.cs”中的类型“GameMessageResponse”与“Generated, Version=0.0.0.0, Culture=neutral, PublicKeyToken=null”中的导入类型“GameMessageResponse”冲突。请使用“D:\Develop\Projects\Astrum\AstrumServer\AstrumServer\Generated\gamemessages_C_2000.cs”中定义的类型。 [D:\Develop\Projects\Astrum\AstrumServer\AstrumServer\AstrumServer.csproj]
D:\Develop\Projects\Astrum\AstrumServer\AstrumServer\Generated\gamemessages_C_2000.cs(72,23): warning CS0436: “D:\Develop\Projects\Astrum\AstrumServer\AstrumServer\Generated\gamemessages_C_2000.cs”中的类型“GameMessageResponse”与“Generated, Version=0.0.0.0, Culture=neutral, PublicKeyToken=null”中的导入类型“GameMessageResponse”冲突。请使用“D:\Develop\Projects\Astrum\AstrumServer\AstrumServer\Generated\gamemessages_C_2000.cs”中定义的类型。 [D:\Develop\Projects\Astrum\AstrumServer\AstrumServer\AstrumServer.csproj]
D:\Develop\Projects\Astrum\AstrumServer\AstrumServer\obj\Debug\net9.0\MemoryPack.Generator\MemoryPack.Generator.MemoryPackGenerator\Astrum.Generated.LSInput.MemoryPackFormatter.g.cs(44,41): warning CS0436: “D:\Develop\Projects\Astrum\AstrumServer\AstrumServer\Generated\gamemessages_C_2000.cs”中的类型“LSInput”与“Generated, Version=0.0.0.0, Culture=neutral, PublicKeyToken=null”中的导入类型“LSInput”冲突。请使用“D:\Develop\Projects\Astrum\AstrumServer\AstrumServer\Generated\gamemessages_C_2000.cs”中定义的类型。 [D:\Develop\Projects\Astrum\AstrumServer\AstrumServer\AstrumServer.csproj]
D:\Develop\Projects\Astrum\AstrumServer\AstrumServer\Generated\connectionstatus_C_4000.cs(247,25): warning CS8981: 类型名称 "connectionstatus" 仅包含小写 ascii 字符。此类名称可能会成为该语言的保留值。 [D:\Develop\Projects\Astrum\AstrumServer\AstrumServer\AstrumServer.csproj]
D:\Develop\Projects\Astrum\AstrumServer\AstrumServer\obj\Debug\net9.0\MemoryPack.Generator\MemoryPack.Generator.MemoryPackGenerator\Astrum.Generated.GameMessageResponse.MemoryPackFormatter.g.cs(60,134): warning CS0436: “D:\Develop\Projects\Astrum\AstrumServer\AstrumServer\Generated\gamemessages_C_2000.cs”中的类型“GameMessageResponse”与“Generated, Version=0.0.0.0, Culture=neutral, PublicKeyToken=null”中的导入类型“GameMessageResponse”冲突。请使用“D:\Develop\Projects\Astrum\AstrumServer\AstrumServer\Generated\gamemessages_C_2000.cs”中定义的类型。 [D:\Develop\Projects\Astrum\AstrumServer\AstrumServer\AstrumServer.csproj]
D:\Develop\Projects\Astrum\AstrumServer\AstrumServer\obj\Debug\net9.0\MemoryPack.Generator\MemoryPack.Generator.MemoryPackGenerator\Astrum.Generated.GameMessageResponse.MemoryPackFormatter.g.cs(79,106): warning CS0436: “D:\Develop\Projects\Astrum\AstrumServer\AstrumServer\Generated\gamemessages_C_2000.cs”中的类型“GameMessageResponse”与“Generated, Version=0.0.0.0, Culture=neutral, PublicKeyToken=null”中的导入类型“GameMessageResponse”冲突。请使用“D:\Develop\Projects\Astrum\AstrumServer\AstrumServer\Generated\gamemessages_C_2000.cs”中定义的类型。 [D:\Develop\Projects\Astrum\AstrumServer\AstrumServer\AstrumServer.csproj]
D:\Develop\Projects\Astrum\AstrumServer\AstrumServer\obj\Debug\net9.0\MemoryPack.Generator\MemoryPack.Generator.MemoryPackGenerator\Astrum.Generated.GameNetworkMessage.MemoryPackFormatter.g.cs(36,52): warning CS0436: “D:\Develop\Projects\Astrum\AstrumServer\AstrumServer\Generated\gamemessages_C_2000.cs”中的类型“GameNetworkMessage”与“Generated, Version=0.0.0.0, Culture=neutral, PublicKeyToken=null”中的导入类型“GameNetworkMessage”冲突。请使用“D:\Develop\Projects\Astrum\AstrumServer\AstrumServer\Generated\gamemessages_C_2000.cs”中定义的类型。 [D:\Develop\Projects\Astrum\AstrumServer\AstrumServer\AstrumServer.csproj]
D:\Develop\Projects\Astrum\AstrumServer\AstrumServer\obj\Debug\net9.0\MemoryPack.Generator\MemoryPack.Generator.MemoryPackGenerator\Astrum.Generated.LSInput.MemoryPackFormatter.g.cs(73,33): warning CS0436: “D:\Develop\Projects\Astrum\AstrumServer\AstrumServer\Generated\gamemessages_C_2000.cs”中的类型“LSInput”与“Generated, Version=0.0.0.0, Culture=neutral, PublicKeyToken=null”中的导入类型“LSInput”冲突。请使用“D:\Develop\Projects\Astrum\AstrumServer\AstrumServer\Generated\gamemessages_C_2000.cs”中定义的类型。 [D:\Develop\Projects\Astrum\AstrumServer\AstrumServer\AstrumServer.csproj]
D:\Develop\Projects\Astrum\AstrumServer\AstrumServer\obj\Debug\net9.0\MemoryPack.Generator\MemoryPack.Generator.MemoryPackGenerator\Astrum.Generated.LSInput.MemoryPackFormatter.g.cs(90,33): warning CS0436: “D:\Develop\Projects\Astrum\AstrumServer\AstrumServer\Generated\gamemessages_C_2000.cs”中的类型“LSInput”与“Generated, Version=0.0.0.0, Culture=neutral, PublicKeyToken=null”中的导入类型“LSInput”冲突。请使用“D:\Develop\Projects\Astrum\AstrumServer\AstrumServer\Generated\gamemessages_C_2000.cs”中定义的类型。 [D:\Develop\Projects\Astrum\AstrumServer\AstrumServer\AstrumServer.csproj]
D:\Develop\Projects\Astrum\AstrumServer\AstrumServer\Generated\gamemessages_C_2000.cs(172,23): warning CS0436: “D:\Develop\Projects\Astrum\AstrumServer\AstrumServer\Generated\gamemessages_C_2000.cs”中的类型“LSInput”与“Generated, Version=0.0.0.0, Culture=neutral, PublicKeyToken=null”中的导入类型“LSInput”冲突。请使用“D:\Develop\Projects\Astrum\AstrumServer\AstrumServer\Generated\gamemessages_C_2000.cs”中定义的类型。 [D:\Develop\Projects\Astrum\AstrumServer\AstrumServer\AstrumServer.csproj]
D:\Develop\Projects\Astrum\AstrumServer\AstrumServer\obj\Debug\net9.0\MemoryPack.Generator\MemoryPack.Generator.MemoryPackGenerator\Astrum.Generated.GameNetworkMessage.MemoryPackFormatter.g.cs(66,33): warning CS0436: “D:\Develop\Projects\Astrum\AstrumServer\AstrumServer\Generated\gamemessages_C_2000.cs”中的类型“GameNetworkMessage”与“Generated, Version=0.0.0.0, Culture=neutral, PublicKeyToken=null”中的导入类型“GameNetworkMessage”冲突。请使用“D:\Develop\Projects\Astrum\AstrumServer\AstrumServer\Generated\gamemessages_C_2000.cs”中定义的类型。 [D:\Develop\Projects\Astrum\AstrumServer\AstrumServer\AstrumServer.csproj]
D:\Develop\Projects\Astrum\AstrumServer\AstrumServer\obj\Debug\net9.0\MemoryPack.Generator\MemoryPack.Generator.MemoryPackGenerator\Astrum.Generated.GameNetworkMessage.MemoryPackFormatter.g.cs(87,33): warning CS0436: “D:\Develop\Projects\Astrum\AstrumServer\AstrumServer\Generated\gamemessages_C_2000.cs”中的类型“GameNetworkMessage”与“Generated, Version=0.0.0.0, Culture=neutral, PublicKeyToken=null”中的导入类型“GameNetworkMessage”冲突。请使用“D:\Develop\Projects\Astrum\AstrumServer\AstrumServer\Generated\gamemessages_C_2000.cs”中定义的类型。 [D:\Develop\Projects\Astrum\AstrumServer\AstrumServer\AstrumServer.csproj]
D:\Develop\Projects\Astrum\AstrumServer\AstrumServer\Generated\gamemessages_C_2000.cs(12,26): warning CS0436: “D:\Develop\Projects\Astrum\AstrumServer\AstrumServer\Generated\gamemessages_C_2000.cs”中的类型“GameMessageResponse”与“Generated, Version=0.0.0.0, Culture=neutral, PublicKeyToken=null”中的导入类型“GameMessageResponse”冲突。请使用“D:\Develop\Projects\Astrum\AstrumServer\AstrumServer\Generated\gamemessages_C_2000.cs”中定义的类型。 [D:\Develop\Projects\Astrum\AstrumServer\AstrumServer\AstrumServer.csproj]
D:\Develop\Projects\Astrum\AstrumServer\AstrumServer\Generated\gamemessages_C_2000.cs(15,23): warning CS0436: “D:\Develop\Projects\Astrum\AstrumServer\AstrumServer\Generated\gamemessages_C_2000.cs”中的类型“GameNetworkMessage”与“Generated, Version=0.0.0.0, Culture=neutral, PublicKeyToken=null”中的导入类型“GameNetworkMessage”冲突。请使用“D:\Develop\Projects\Astrum\AstrumServer\AstrumServer\Generated\gamemessages_C_2000.cs”中定义的类型。 [D:\Develop\Projects\Astrum\AstrumServer\AstrumServer\AstrumServer.csproj]
D:\Develop\Projects\Astrum\AstrumServer\AstrumServer\obj\Debug\net9.0\MemoryPack.Generator\MemoryPack.Generator.MemoryPackGenerator\Astrum.Generated.OneFrameInputs.MemoryPackFormatter.g.cs(32,48): warning CS0436: “D:\Develop\Projects\Astrum\AstrumServer\AstrumServer\Generated\gamemessages_C_2000.cs”中的类型“OneFrameInputs”与“Generated, Version=0.0.0.0, Culture=neutral, PublicKeyToken=null”中的导入类型“OneFrameInputs”冲突。请使用“D:\Develop\Projects\Astrum\AstrumServer\AstrumServer\Generated\gamemessages_C_2000.cs”中定义的类型。 [D:\Develop\Projects\Astrum\AstrumServer\AstrumServer\AstrumServer.csproj]
D:\Develop\Projects\Astrum\AstrumServer\AstrumServer\obj\Debug\net9.0\MemoryPack.Generator\MemoryPack.Generator.MemoryPackGenerator\Astrum.Generated.LSInput.MemoryPackFormatter.g.cs(73,122): warning CS0436: “D:\Develop\Projects\Astrum\AstrumServer\AstrumServer\Generated\gamemessages_C_2000.cs”中的类型“LSInput”与“Generated, Version=0.0.0.0, Culture=neutral, PublicKeyToken=null”中的导入类型“LSInput”冲突。请使用“D:\Develop\Projects\Astrum\AstrumServer\AstrumServer\Generated\gamemessages_C_2000.cs”中定义的类型。 [D:\Develop\Projects\Astrum\AstrumServer\AstrumServer\AstrumServer.csproj]
D:\Develop\Projects\Astrum\AstrumServer\AstrumServer\obj\Debug\net9.0\MemoryPack.Generator\MemoryPack.Generator.MemoryPackGenerator\Astrum.Generated.DisconnectRequest.MemoryPackFormatter.g.cs(59,132): warning CS0436: “D:\Develop\Projects\Astrum\AstrumServer\AstrumServer\Generated\connectionstatus_C_4000.cs”中的类型“DisconnectRequest”与“Generated, Version=0.0.0.0, Culture=neutral, PublicKeyToken=null”中的导入类型“DisconnectRequest”冲突。请使用“D:\Develop\Projects\Astrum\AstrumServer\AstrumServer\Generated\connectionstatus_C_4000.cs”中定义的类型。 [D:\Develop\Projects\Astrum\AstrumServer\AstrumServer\AstrumServer.csproj]
D:\Develop\Projects\Astrum\AstrumServer\AstrumServer\obj\Debug\net9.0\MemoryPack.Generator\MemoryPack.Generator.MemoryPackGenerator\Astrum.Generated.OneFrameInputs.MemoryPackFormatter.g.cs(62,33): warning CS0436: “D:\Develop\Projects\Astrum\AstrumServer\AstrumServer\Generated\gamemessages_C_2000.cs”中的类型“OneFrameInputs”与“Generated, Version=0.0.0.0, Culture=neutral, PublicKeyToken=null”中的导入类型“OneFrameInputs”冲突。请使用“D:\Develop\Projects\Astrum\AstrumServer\AstrumServer\Generated\gamemessages_C_2000.cs”中定义的类型。 [D:\Develop\Projects\Astrum\AstrumServer\AstrumServer\AstrumServer.csproj]
D:\Develop\Projects\Astrum\AstrumServer\AstrumServer\obj\Debug\net9.0\MemoryPack.Generator\MemoryPack.Generator.MemoryPackGenerator\Astrum.Generated.OneFrameInputs.MemoryPackFormatter.g.cs(80,33): warning CS0436: “D:\Develop\Projects\Astrum\AstrumServer\AstrumServer\Generated\gamemessages_C_2000.cs”中的类型“OneFrameInputs”与“Generated, Version=0.0.0.0, Culture=neutral, PublicKeyToken=null”中的导入类型“OneFrameInputs”冲突。请使用“D:\Develop\Projects\Astrum\AstrumServer\AstrumServer\Generated\gamemessages_C_2000.cs”中定义的类型。 [D:\Develop\Projects\Astrum\AstrumServer\AstrumServer\AstrumServer.csproj]
D:\Develop\Projects\Astrum\AstrumServer\AstrumServer\Generated\gamemessages_C_2000.cs(284,23): warning CS0436: “D:\Develop\Projects\Astrum\AstrumServer\AstrumServer\Generated\gamemessages_C_2000.cs”中的类型“OneFrameInputs”与“Generated, Version=0.0.0.0, Culture=neutral, PublicKeyToken=null”中的导入类型“OneFrameInputs”冲突。请使用“D:\Develop\Projects\Astrum\AstrumServer\AstrumServer\Generated\gamemessages_C_2000.cs”中定义的类型。 [D:\Develop\Projects\Astrum\AstrumServer\AstrumServer\AstrumServer.csproj]
D:\Develop\Projects\Astrum\AstrumServer\AstrumServer\Generated\gamemessages_C_2000.cs(293,33): warning CS0436: “D:\Develop\Projects\Astrum\AstrumServer\AstrumServer\Generated\gamemessages_C_2000.cs”中的类型“LSInput”与“Generated, Version=0.0.0.0, Culture=neutral, PublicKeyToken=null”中的导入类型“LSInput”冲突。请使用“D:\Develop\Projects\Astrum\AstrumServer\AstrumServer\Generated\gamemessages_C_2000.cs”中定义的类型。 [D:\Develop\Projects\Astrum\AstrumServer\AstrumServer\AstrumServer.csproj]
D:\Develop\Projects\Astrum\AstrumServer\AstrumServer\obj\Debug\net9.0\MemoryPack.Generator\MemoryPack.Generator.MemoryPackGenerator\Astrum.Generated.DisconnectRequest.MemoryPackFormatter.g.cs(78,104): warning CS0436: “D:\Develop\Projects\Astrum\AstrumServer\AstrumServer\Generated\connectionstatus_C_4000.cs”中的类型“DisconnectRequest”与“Generated, Version=0.0.0.0, Culture=neutral, PublicKeyToken=null”中的导入类型“DisconnectRequest”冲突。请使用“D:\Develop\Projects\Astrum\AstrumServer\AstrumServer\Generated\connectionstatus_C_4000.cs”中定义的类型。 [D:\Develop\Projects\Astrum\AstrumServer\AstrumServer\AstrumServer.csproj]
D:\Develop\Projects\Astrum\AstrumServer\AstrumServer\obj\Debug\net9.0\MemoryPack.Generator\MemoryPack.Generator.MemoryPackGenerator\Astrum.Generated.GameResult.MemoryPackFormatter.g.cs(34,44): warning CS0436: “D:\Develop\Projects\Astrum\AstrumServer\AstrumServer\Generated\gamemessages_C_2000.cs”中的类型“GameResult”与“Generated, Version=0.0.0.0, Culture=neutral, PublicKeyToken=null”中的导入类型“GameResult”冲突。请使用“D:\Develop\Projects\Astrum\AstrumServer\AstrumServer\Generated\gamemessages_C_2000.cs”中定义的类型。 [D:\Develop\Projects\Astrum\AstrumServer\AstrumServer\AstrumServer.csproj]
D:\Develop\Projects\Astrum\AstrumServer\AstrumServer\obj\Debug\net9.0\MemoryPack.Generator\MemoryPack.Generator.MemoryPackGenerator\Astrum.Generated.GameRoomState.MemoryPackFormatter.g.cs(66,33): warning CS0436: “D:\Develop\Projects\Astrum\AstrumServer\AstrumServer\Generated\gamemessages_C_2000.cs”中的类型“GameRoomState”与“Generated, Version=0.0.0.0, Culture=neutral, PublicKeyToken=null”中的导入类型“GameRoomState”冲突。请使用“D:\Develop\Projects\Astrum\AstrumServer\AstrumServer\Generated\gamemessages_C_2000.cs”中定义的类型。 [D:\Develop\Projects\Astrum\AstrumServer\AstrumServer\AstrumServer.csproj]
D:\Develop\Projects\Astrum\AstrumServer\AstrumServer\obj\Debug\net9.0\MemoryPack.Generator\MemoryPack.Generator.MemoryPackGenerator\Astrum.Generated.GameRoomState.MemoryPackFormatter.g.cs(86,33): warning CS0436: “D:\Develop\Projects\Astrum\AstrumServer\AstrumServer\Generated\gamemessages_C_2000.cs”中的类型“GameRoomState”与“Generated, Version=0.0.0.0, Culture=neutral, PublicKeyToken=null”中的导入类型“GameRoomState”冲突。请使用“D:\Develop\Projects\Astrum\AstrumServer\AstrumServer\Generated\gamemessages_C_2000.cs”中定义的类型。 [D:\Develop\Projects\Astrum\AstrumServer\AstrumServer\AstrumServer.csproj]
D:\Develop\Projects\Astrum\AstrumServer\AstrumServer\Generated\gamemessages_C_2000.cs(115,23): warning CS0436: “D:\Develop\Projects\Astrum\AstrumServer\AstrumServer\Generated\gamemessages_C_2000.cs”中的类型“GameRoomState”与“Generated, Version=0.0.0.0, Culture=neutral, PublicKeyToken=null”中的导入类型“GameRoomState”冲突。请使用“D:\Develop\Projects\Astrum\AstrumServer\AstrumServer\Generated\gamemessages_C_2000.cs”中定义的类型。 [D:\Develop\Projects\Astrum\AstrumServer\AstrumServer\AstrumServer.csproj]
D:\Develop\Projects\Astrum\AstrumServer\AstrumServer\obj\Debug\net9.0\MemoryPack.Generator\MemoryPack.Generator.MemoryPackGenerator\Astrum.Generated.PlayerResult.MemoryPackFormatter.g.cs(35,46): warning CS0436: “D:\Develop\Projects\Astrum\AstrumServer\AstrumServer\Generated\gamemessages_C_2000.cs”中的类型“PlayerResult”与“Generated, Version=0.0.0.0, Culture=neutral, PublicKeyToken=null”中的导入类型“PlayerResult”冲突。请使用“D:\Develop\Projects\Astrum\AstrumServer\AstrumServer\Generated\gamemessages_C_2000.cs”中定义的类型。 [D:\Develop\Projects\Astrum\AstrumServer\AstrumServer\AstrumServer.csproj]
D:\Develop\Projects\Astrum\AstrumServer\AstrumServer\obj\Debug\net9.0\MemoryPack.Generator\MemoryPack.Generator.MemoryPackGenerator\Astrum.Generated.GameResult.MemoryPackFormatter.g.cs(64,33): warning CS0436: “D:\Develop\Projects\Astrum\AstrumServer\AstrumServer\Generated\gamemessages_C_2000.cs”中的类型“GameResult”与“Generated, Version=0.0.0.0, Culture=neutral, PublicKeyToken=null”中的导入类型“GameResult”冲突。请使用“D:\Develop\Projects\Astrum\AstrumServer\AstrumServer\Generated\gamemessages_C_2000.cs”中定义的类型。 [D:\Develop\Projects\Astrum\AstrumServer\AstrumServer\AstrumServer.csproj]
D:\Develop\Projects\Astrum\AstrumServer\AstrumServer\obj\Debug\net9.0\MemoryPack.Generator\MemoryPack.Generator.MemoryPackGenerator\Astrum.Generated.GameResult.MemoryPackFormatter.g.cs(84,33): warning CS0436: “D:\Develop\Projects\Astrum\AstrumServer\AstrumServer\Generated\gamemessages_C_2000.cs”中的类型“GameResult”与“Generated, Version=0.0.0.0, Culture=neutral, PublicKeyToken=null”中的导入类型“GameResult”冲突。请使用“D:\Develop\Projects\Astrum\AstrumServer\AstrumServer\Generated\gamemessages_C_2000.cs”中定义的类型。 [D:\Develop\Projects\Astrum\AstrumServer\AstrumServer\AstrumServer.csproj]
D:\Develop\Projects\Astrum\AstrumServer\AstrumServer\Generated\gamemessages_C_2000.cs(312,23): warning CS0436: “D:\Develop\Projects\Astrum\AstrumServer\AstrumServer\Generated\gamemessages_C_2000.cs”中的类型“GameResult”与“Generated, Version=0.0.0.0, Culture=neutral, PublicKeyToken=null”中的导入类型“GameResult”冲突。请使用“D:\Develop\Projects\Astrum\AstrumServer\AstrumServer\Generated\gamemessages_C_2000.cs”中定义的类型。 [D:\Develop\Projects\Astrum\AstrumServer\AstrumServer\AstrumServer.csproj]
D:\Develop\Projects\Astrum\AstrumServer\AstrumServer\obj\Debug\net9.0\MemoryPack.Generator\MemoryPack.Generator.MemoryPackGenerator\Astrum.Generated.DisconnectResponse.MemoryPackFormatter.g.cs(34,52): warning CS0436: “D:\Develop\Projects\Astrum\AstrumServer\AstrumServer\Generated\connectionstatus_C_4000.cs”中的类型“DisconnectResponse”与“Generated, Version=0.0.0.0, Culture=neutral, PublicKeyToken=null”中的导入类型“DisconnectResponse”冲突。请使用“D:\Develop\Projects\Astrum\AstrumServer\AstrumServer\Generated\connectionstatus_C_4000.cs”中定义的类型。 [D:\Develop\Projects\Astrum\AstrumServer\AstrumServer\AstrumServer.csproj]
D:\Develop\Projects\Astrum\AstrumServer\AstrumServer\Generated\gamemessages_C_2000.cs(327,21): warning CS0436: “D:\Develop\Projects\Astrum\AstrumServer\AstrumServer\Generated\gamemessages_C_2000.cs”中的类型“PlayerResult”与“Generated, Version=0.0.0.0, Culture=neutral, PublicKeyToken=null”中的导入类型“PlayerResult”冲突。请使用“D:\Develop\Projects\Astrum\AstrumServer\AstrumServer\Generated\gamemessages_C_2000.cs”中定义的类型。 [D:\Develop\Projects\Astrum\AstrumServer\AstrumServer\AstrumServer.csproj]
D:\Develop\Projects\Astrum\AstrumServer\AstrumServer\obj\Debug\net9.0\MemoryPack.Generator\MemoryPack.Generator.MemoryPackGenerator\Astrum.Generated.GameRoomState.MemoryPackFormatter.g.cs(66,128): warning CS0436: “D:\Develop\Projects\Astrum\AstrumServer\AstrumServer\Generated\gamemessages_C_2000.cs”中的类型“GameRoomState”与“Generated, Version=0.0.0.0, Culture=neutral, PublicKeyToken=null”中的导入类型“GameRoomState”冲突。请使用“D:\Develop\Projects\Astrum\AstrumServer\AstrumServer\Generated\gamemessages_C_2000.cs”中定义的类型。 [D:\Develop\Projects\Astrum\AstrumServer\AstrumServer\AstrumServer.csproj]
D:\Develop\Projects\Astrum\AstrumServer\AstrumServer\obj\Debug\net9.0\MemoryPack.Generator\MemoryPack.Generator.MemoryPackGenerator\Astrum.Generated.PlayerResult.MemoryPackFormatter.g.cs(61,33): warning CS0436: “D:\Develop\Projects\Astrum\AstrumServer\AstrumServer\Generated\gamemessages_C_2000.cs”中的类型“PlayerResult”与“Generated, Version=0.0.0.0, Culture=neutral, PublicKeyToken=null”中的导入类型“PlayerResult”冲突。请使用“D:\Develop\Projects\Astrum\AstrumServer\AstrumServer\Generated\gamemessages_C_2000.cs”中定义的类型。 [D:\Develop\Projects\Astrum\AstrumServer\AstrumServer\AstrumServer.csproj]
D:\Develop\Projects\Astrum\AstrumServer\AstrumServer\obj\Debug\net9.0\MemoryPack.Generator\MemoryPack.Generator.MemoryPackGenerator\Astrum.Generated.PlayerResult.MemoryPackFormatter.g.cs(80,33): warning CS0436: “D:\Develop\Projects\Astrum\AstrumServer\AstrumServer\Generated\gamemessages_C_2000.cs”中的类型“PlayerResult”与“Generated, Version=0.0.0.0, Culture=neutral, PublicKeyToken=null”中的导入类型“PlayerResult”冲突。请使用“D:\Develop\Projects\Astrum\AstrumServer\AstrumServer\Generated\gamemessages_C_2000.cs”中定义的类型。 [D:\Develop\Projects\Astrum\AstrumServer\AstrumServer\AstrumServer.csproj]
D:\Develop\Projects\Astrum\AstrumServer\AstrumServer\Generated\gamemessages_C_2000.cs(355,23): warning CS0436: “D:\Develop\Projects\Astrum\AstrumServer\AstrumServer\Generated\gamemessages_C_2000.cs”中的类型“PlayerResult”与“Generated, Version=0.0.0.0, Culture=neutral, PublicKeyToken=null”中的导入类型“PlayerResult”冲突。请使用“D:\Develop\Projects\Astrum\AstrumServer\AstrumServer\Generated\gamemessages_C_2000.cs”中定义的类型。 [D:\Develop\Projects\Astrum\AstrumServer\AstrumServer\AstrumServer.csproj]
D:\Develop\Projects\Astrum\AstrumServer\AstrumServer\obj\Debug\net9.0\MemoryPack.Generator\MemoryPack.Generator.MemoryPackGenerator\Astrum.Generated.GameRoomState.MemoryPackFormatter.g.cs(86,100): warning CS0436: “D:\Develop\Projects\Astrum\AstrumServer\AstrumServer\Generated\gamemessages_C_2000.cs”中的类型“GameRoomState”与“Generated, Version=0.0.0.0, Culture=neutral, PublicKeyToken=null”中的导入类型“GameRoomState”冲突。请使用“D:\Develop\Projects\Astrum\AstrumServer\AstrumServer\Generated\gamemessages_C_2000.cs”中定义的类型。 [D:\Develop\Projects\Astrum\AstrumServer\AstrumServer\AstrumServer.csproj]
D:\Develop\Projects\Astrum\AstrumServer\AstrumServer\obj\Debug\net9.0\MemoryPack.Generator\MemoryPack.Generator.MemoryPackGenerator\Astrum.Generated.GameResult.MemoryPackFormatter.g.cs(64,125): warning CS0436: “D:\Develop\Projects\Astrum\AstrumServer\AstrumServer\Generated\gamemessages_C_2000.cs”中的类型“GameResult”与“Generated, Version=0.0.0.0, Culture=neutral, PublicKeyToken=null”中的导入类型“GameResult”冲突。请使用“D:\Develop\Projects\Astrum\AstrumServer\AstrumServer\Generated\gamemessages_C_2000.cs”中定义的类型。 [D:\Develop\Projects\Astrum\AstrumServer\AstrumServer\AstrumServer.csproj]
D:\Develop\Projects\Astrum\AstrumServer\AstrumServer\obj\Debug\net9.0\MemoryPack.Generator\MemoryPack.Generator.MemoryPackGenerator\Astrum.Generated.GameNetworkMessage.MemoryPackFormatter.g.cs(66,133): warning CS0436: “D:\Develop\Projects\Astrum\AstrumServer\AstrumServer\Generated\gamemessages_C_2000.cs”中的类型“GameNetworkMessage”与“Generated, Version=0.0.0.0, Culture=neutral, PublicKeyToken=null”中的导入类型“GameNetworkMessage”冲突。请使用“D:\Develop\Projects\Astrum\AstrumServer\AstrumServer\Generated\gamemessages_C_2000.cs”中定义的类型。 [D:\Develop\Projects\Astrum\AstrumServer\AstrumServer\AstrumServer.csproj]
D:\Develop\Projects\Astrum\AstrumServer\AstrumServer\obj\Debug\net9.0\MemoryPack.Generator\MemoryPack.Generator.MemoryPackGenerator\Astrum.Generated.GameConfig.MemoryPackFormatter.g.cs(37,44): warning CS0436: “D:\Develop\Projects\Astrum\AstrumServer\AstrumServer\Generated\gamemessages_C_2000.cs”中的类型“GameConfig”与“Generated, Version=0.0.0.0, Culture=neutral, PublicKeyToken=null”中的导入类型“GameConfig”冲突。请使用“D:\Develop\Projects\Astrum\AstrumServer\AstrumServer\Generated\gamemessages_C_2000.cs”中定义的类型。 [D:\Develop\Projects\Astrum\AstrumServer\AstrumServer\AstrumServer.csproj]
D:\Develop\Projects\Astrum\AstrumServer\AstrumServer\obj\Debug\net9.0\MemoryPack.Generator\MemoryPack.Generator.MemoryPackGenerator\Astrum.Generated.GameNetworkMessage.MemoryPackFormatter.g.cs(87,105): warning CS0436: “D:\Develop\Projects\Astrum\AstrumServer\AstrumServer\Generated\gamemessages_C_2000.cs”中的类型“GameNetworkMessage”与“Generated, Version=0.0.0.0, Culture=neutral, PublicKeyToken=null”中的导入类型“GameNetworkMessage”冲突。请使用“D:\Develop\Projects\Astrum\AstrumServer\AstrumServer\Generated\gamemessages_C_2000.cs”中定义的类型。 [D:\Develop\Projects\Astrum\AstrumServer\AstrumServer\AstrumServer.csproj]
D:\Develop\Projects\Astrum\AstrumServer\AstrumServer\obj\Debug\net9.0\MemoryPack.Generator\MemoryPack.Generator.MemoryPackGenerator\Astrum.Generated.PlayerResult.MemoryPackFormatter.g.cs(61,127): warning CS0436: “D:\Develop\Projects\Astrum\AstrumServer\AstrumServer\Generated\gamemessages_C_2000.cs”中的类型“PlayerResult”与“Generated, Version=0.0.0.0, Culture=neutral, PublicKeyToken=null”中的导入类型“PlayerResult”冲突。请使用“D:\Develop\Projects\Astrum\AstrumServer\AstrumServer\Generated\gamemessages_C_2000.cs”中定义的类型。 [D:\Develop\Projects\Astrum\AstrumServer\AstrumServer\AstrumServer.csproj]
D:\Develop\Projects\Astrum\AstrumServer\AstrumServer\obj\Debug\net9.0\MemoryPack.Generator\MemoryPack.Generator.MemoryPackGenerator\Astrum.Generated.PlayerResult.MemoryPackFormatter.g.cs(80,99): warning CS0436: “D:\Develop\Projects\Astrum\AstrumServer\AstrumServer\Generated\gamemessages_C_2000.cs”中的类型“PlayerResult”与“Generated, Version=0.0.0.0, Culture=neutral, PublicKeyToken=null”中的导入类型“PlayerResult”冲突。请使用“D:\Develop\Projects\Astrum\AstrumServer\AstrumServer\Generated\gamemessages_C_2000.cs”中定义的类型。 [D:\Develop\Projects\Astrum\AstrumServer\AstrumServer\AstrumServer.csproj]
D:\Develop\Projects\Astrum\AstrumServer\AstrumServer\obj\Debug\net9.0\MemoryPack.Generator\MemoryPack.Generator.MemoryPackGenerator\Astrum.Generated.GameConfig.MemoryPackFormatter.g.cs(67,33): warning CS0436: “D:\Develop\Projects\Astrum\AstrumServer\AstrumServer\Generated\gamemessages_C_2000.cs”中的类型“GameConfig”与“Generated, Version=0.0.0.0, Culture=neutral, PublicKeyToken=null”中的导入类型“GameConfig”冲突。请使用“D:\Develop\Projects\Astrum\AstrumServer\AstrumServer\Generated\gamemessages_C_2000.cs”中定义的类型。 [D:\Develop\Projects\Astrum\AstrumServer\AstrumServer\AstrumServer.csproj]
D:\Develop\Projects\Astrum\AstrumServer\AstrumServer\obj\Debug\net9.0\MemoryPack.Generator\MemoryPack.Generator.MemoryPackGenerator\Astrum.Generated.GameConfig.MemoryPackFormatter.g.cs(85,33): warning CS0436: “D:\Develop\Projects\Astrum\AstrumServer\AstrumServer\Generated\gamemessages_C_2000.cs”中的类型“GameConfig”与“Generated, Version=0.0.0.0, Culture=neutral, PublicKeyToken=null”中的导入类型“GameConfig”冲突。请使用“D:\Develop\Projects\Astrum\AstrumServer\AstrumServer\Generated\gamemessages_C_2000.cs”中定义的类型。 [D:\Develop\Projects\Astrum\AstrumServer\AstrumServer\AstrumServer.csproj]
D:\Develop\Projects\Astrum\AstrumServer\AstrumServer\Generated\gamemessages_C_2000.cs(405,23): warning CS0436: “D:\Develop\Projects\Astrum\AstrumServer\AstrumServer\Generated\gamemessages_C_2000.cs”中的类型“GameConfig”与“Generated, Version=0.0.0.0, Culture=neutral, PublicKeyToken=null”中的导入类型“GameConfig”冲突。请使用“D:\Develop\Projects\Astrum\AstrumServer\AstrumServer\Generated\gamemessages_C_2000.cs”中定义的类型。 [D:\Develop\Projects\Astrum\AstrumServer\AstrumServer\AstrumServer.csproj]
D:\Develop\Projects\Astrum\AstrumServer\AstrumServer\obj\Debug\net9.0\MemoryPack.Generator\MemoryPack.Generator.MemoryPackGenerator\Astrum.Generated.LSInput.MemoryPackFormatter.g.cs(90,94): warning CS0436: “D:\Develop\Projects\Astrum\AstrumServer\AstrumServer\Generated\gamemessages_C_2000.cs”中的类型“LSInput”与“Generated, Version=0.0.0.0, Culture=neutral, PublicKeyToken=null”中的导入类型“LSInput”冲突。请使用“D:\Develop\Projects\Astrum\AstrumServer\AstrumServer\Generated\gamemessages_C_2000.cs”中定义的类型。 [D:\Develop\Projects\Astrum\AstrumServer\AstrumServer\AstrumServer.csproj]
D:\Develop\Projects\Astrum\AstrumServer\AstrumServer\obj\Debug\net9.0\MemoryPack.Generator\MemoryPack.Generator.MemoryPackGenerator\Astrum.Generated.GameResult.MemoryPackFormatter.g.cs(84,97): warning CS0436: “D:\Develop\Projects\Astrum\AstrumServer\AstrumServer\Generated\gamemessages_C_2000.cs”中的类型“GameResult”与“Generated, Version=0.0.0.0, Culture=neutral, PublicKeyToken=null”中的导入类型“GameResult”冲突。请使用“D:\Develop\Projects\Astrum\AstrumServer\AstrumServer\Generated\gamemessages_C_2000.cs”中定义的类型。 [D:\Develop\Projects\Astrum\AstrumServer\AstrumServer\AstrumServer.csproj]
D:\Develop\Projects\Astrum\AstrumServer\AstrumServer\obj\Debug\net9.0\MemoryPack.Generator\MemoryPack.Generator.MemoryPackGenerator\Astrum.Generated.OneFrameInputs.MemoryPackFormatter.g.cs(62,129): warning CS0436: “D:\Develop\Projects\Astrum\AstrumServer\AstrumServer\Generated\gamemessages_C_2000.cs”中的类型“OneFrameInputs”与“Generated, Version=0.0.0.0, Culture=neutral, PublicKeyToken=null”中的导入类型“OneFrameInputs”冲突。请使用“D:\Develop\Projects\Astrum\AstrumServer\AstrumServer\Generated\gamemessages_C_2000.cs”中定义的类型。 [D:\Develop\Projects\Astrum\AstrumServer\AstrumServer\AstrumServer.csproj]
D:\Develop\Projects\Astrum\AstrumServer\AstrumServer\obj\Debug\net9.0\MemoryPack.Generator\MemoryPack.Generator.MemoryPackGenerator\Astrum.Generated.DisconnectResponse.MemoryPackFormatter.g.cs(60,33): warning CS0436: “D:\Develop\Projects\Astrum\AstrumServer\AstrumServer\Generated\connectionstatus_C_4000.cs”中的类型“DisconnectResponse”与“Generated, Version=0.0.0.0, Culture=neutral, PublicKeyToken=null”中的导入类型“DisconnectResponse”冲突。请使用“D:\Develop\Projects\Astrum\AstrumServer\AstrumServer\Generated\connectionstatus_C_4000.cs”中定义的类型。 [D:\Develop\Projects\Astrum\AstrumServer\AstrumServer\AstrumServer.csproj]
D:\Develop\Projects\Astrum\AstrumServer\AstrumServer\obj\Debug\net9.0\MemoryPack.Generator\MemoryPack.Generator.MemoryPackGenerator\Astrum.Generated.DisconnectResponse.MemoryPackFormatter.g.cs(79,33): warning CS0436: “D:\Develop\Projects\Astrum\AstrumServer\AstrumServer\Generated\connectionstatus_C_4000.cs”中的类型“DisconnectResponse”与“Generated, Version=0.0.0.0, Culture=neutral, PublicKeyToken=null”中的导入类型“DisconnectResponse”冲突。请使用“D:\Develop\Projects\Astrum\AstrumServer\AstrumServer\Generated\connectionstatus_C_4000.cs”中定义的类型。 [D:\Develop\Projects\Astrum\AstrumServer\AstrumServer\AstrumServer.csproj]
D:\Develop\Projects\Astrum\AstrumServer\AstrumServer\obj\Debug\net9.0\MemoryPack.Generator\MemoryPack.Generator.MemoryPackGenerator\Astrum.Generated.OneFrameInputs.MemoryPackFormatter.g.cs(80,101): warning CS0436: “D:\Develop\Projects\Astrum\AstrumServer\AstrumServer\Generated\gamemessages_C_2000.cs”中的类型“OneFrameInputs”与“Generated, Version=0.0.0.0, Culture=neutral, PublicKeyToken=null”中的导入类型“OneFrameInputs”冲突。请使用“D:\Develop\Projects\Astrum\AstrumServer\AstrumServer\Generated\gamemessages_C_2000.cs”中定义的类型。 [D:\Develop\Projects\Astrum\AstrumServer\AstrumServer\AstrumServer.csproj]
D:\Develop\Projects\Astrum\AstrumServer\AstrumServer\Generated\connectionstatus_C_4000.cs(209,23): warning CS0436: “D:\Develop\Projects\Astrum\AstrumServer\AstrumServer\Generated\connectionstatus_C_4000.cs”中的类型“DisconnectResponse”与“Generated, Version=0.0.0.0, Culture=neutral, PublicKeyToken=null”中的导入类型“DisconnectResponse”冲突。请使用“D:\Develop\Projects\Astrum\AstrumServer\AstrumServer\Generated\connectionstatus_C_4000.cs”中定义的类型。 [D:\Develop\Projects\Astrum\AstrumServer\AstrumServer\AstrumServer.csproj]
D:\Develop\Projects\Astrum\AstrumServer\AstrumServer\obj\Debug\net9.0\MemoryPack.Generator\MemoryPack.Generator.MemoryPackGenerator\Astrum.Generated.DisconnectResponse.MemoryPackFormatter.g.cs(60,133): warning CS0436: “D:\Develop\Projects\Astrum\AstrumServer\AstrumServer\Generated\connectionstatus_C_4000.cs”中的类型“DisconnectResponse”与“Generated, Version=0.0.0.0, Culture=neutral, PublicKeyToken=null”中的导入类型“DisconnectResponse”冲突。请使用“D:\Develop\Projects\Astrum\AstrumServer\AstrumServer\Generated\connectionstatus_C_4000.cs”中定义的类型。 [D:\Develop\Projects\Astrum\AstrumServer\AstrumServer\AstrumServer.csproj]
D:\Develop\Projects\Astrum\AstrumServer\AstrumServer\obj\Debug\net9.0\MemoryPack.Generator\MemoryPack.Generator.MemoryPackGenerator\Astrum.Generated.GameStartNotification.MemoryPackFormatter.g.cs(36,55): warning CS0436: “D:\Develop\Projects\Astrum\AstrumServer\AstrumServer\Generated\gamemessages_C_2000.cs”中的类型“GameStartNotification”与“Generated, Version=0.0.0.0, Culture=neutral, PublicKeyToken=null”中的导入类型“GameStartNotification”冲突。请使用“D:\Develop\Projects\Astrum\AstrumServer\AstrumServer\Generated\gamemessages_C_2000.cs”中定义的类型。 [D:\Develop\Projects\Astrum\AstrumServer\AstrumServer\AstrumServer.csproj]
D:\Develop\Projects\Astrum\AstrumServer\AstrumServer\obj\Debug\net9.0\MemoryPack.Generator\MemoryPack.Generator.MemoryPackGenerator\Astrum.Generated.GameEndNotification.MemoryPackFormatter.g.cs(35,53): warning CS0436: “D:\Develop\Projects\Astrum\AstrumServer\AstrumServer\Generated\gamemessages_C_2000.cs”中的类型“GameEndNotification”与“Generated, Version=0.0.0.0, Culture=neutral, PublicKeyToken=null”中的导入类型“GameEndNotification”冲突。请使用“D:\Develop\Projects\Astrum\AstrumServer\AstrumServer\Generated\gamemessages_C_2000.cs”中定义的类型。 [D:\Develop\Projects\Astrum\AstrumServer\AstrumServer\AstrumServer.csproj]
D:\Develop\Projects\Astrum\AstrumServer\AstrumServer\obj\Debug\net9.0\MemoryPack.Generator\MemoryPack.Generator.MemoryPackGenerator\Astrum.Generated.DisconnectResponse.MemoryPackFormatter.g.cs(79,105): warning CS0436: “D:\Develop\Projects\Astrum\AstrumServer\AstrumServer\Generated\connectionstatus_C_4000.cs”中的类型“DisconnectResponse”与“Generated, Version=0.0.0.0, Culture=neutral, PublicKeyToken=null”中的导入类型“DisconnectResponse”冲突。请使用“D:\Develop\Projects\Astrum\AstrumServer\AstrumServer\Generated\connectionstatus_C_4000.cs”中定义的类型。 [D:\Develop\Projects\Astrum\AstrumServer\AstrumServer\AstrumServer.csproj]
D:\Develop\Projects\Astrum\AstrumServer\AstrumServer\obj\Debug\net9.0\MemoryPack.Generator\MemoryPack.Generator.MemoryPackGenerator\Astrum.Generated.FrameSyncStartNotification.MemoryPackFormatter.g.cs(36,60): warning CS0436: “D:\Develop\Projects\Astrum\AstrumServer\AstrumServer\Generated\gamemessages_C_2000.cs”中的类型“FrameSyncStartNotification”与“Generated, Version=0.0.0.0, Culture=neutral, PublicKeyToken=null”中的导入类型“FrameSyncStartNotification”冲突。请使用“D:\Develop\Projects\Astrum\AstrumServer\AstrumServer\Generated\gamemessages_C_2000.cs”中定义的类型。 [D:\Develop\Projects\Astrum\AstrumServer\AstrumServer\AstrumServer.csproj]
D:\Develop\Projects\Astrum\AstrumServer\AstrumServer\obj\Debug\net9.0\MemoryPack.Generator\MemoryPack.Generator.MemoryPackGenerator\Astrum.Generated.FrameSyncData.MemoryPackFormatter.g.cs(35,47): warning CS0436: “D:\Develop\Projects\Astrum\AstrumServer\AstrumServer\Generated\gamemessages_C_2000.cs”中的类型“FrameSyncData”与“Generated, Version=0.0.0.0, Culture=neutral, PublicKeyToken=null”中的导入类型“FrameSyncData”冲突。请使用“D:\Develop\Projects\Astrum\AstrumServer\AstrumServer\Generated\gamemessages_C_2000.cs”中定义的类型。 [D:\Develop\Projects\Astrum\AstrumServer\AstrumServer\AstrumServer.csproj]
D:\Develop\Projects\Astrum\AstrumServer\AstrumServer\Generated\gamemessages_C_2000.cs(814,25): warning CS8981: 类型名称 "gamemessages" 仅包含小写 ascii 字符。此类名称可能会成为该语言的保留值。 [D:\Develop\Projects\Astrum\AstrumServer\AstrumServer\AstrumServer.csproj]
D:\Develop\Projects\Astrum\AstrumServer\AstrumServer\obj\Debug\net9.0\MemoryPack.Generator\MemoryPack.Generator.MemoryPackGenerator\Astrum.Generated.GameConfig.MemoryPackFormatter.g.cs(67,125): warning CS0436: “D:\Develop\Projects\Astrum\AstrumServer\AstrumServer\Generated\gamemessages_C_2000.cs”中的类型“GameConfig”与“Generated, Version=0.0.0.0, Culture=neutral, PublicKeyToken=null”中的导入类型“GameConfig”冲突。请使用“D:\Develop\Projects\Astrum\AstrumServer\AstrumServer\Generated\gamemessages_C_2000.cs”中定义的类型。 [D:\Develop\Projects\Astrum\AstrumServer\AstrumServer\AstrumServer.csproj]
D:\Develop\Projects\Astrum\AstrumServer\AstrumServer\obj\Debug\net9.0\MemoryPack.Generator\MemoryPack.Generator.MemoryPackGenerator\Astrum.Generated.GameConfig.MemoryPackFormatter.g.cs(85,97): warning CS0436: “D:\Develop\Projects\Astrum\AstrumServer\AstrumServer\Generated\gamemessages_C_2000.cs”中的类型“GameConfig”与“Generated, Version=0.0.0.0, Culture=neutral, PublicKeyToken=null”中的导入类型“GameConfig”冲突。请使用“D:\Develop\Projects\Astrum\AstrumServer\AstrumServer\Generated\gamemessages_C_2000.cs”中定义的类型。 [D:\Develop\Projects\Astrum\AstrumServer\AstrumServer\AstrumServer.csproj]
D:\Develop\Projects\Astrum\AstrumServer\AstrumServer\obj\Debug\net9.0\MemoryPack.Generator\MemoryPack.Generator.MemoryPackGenerator\Astrum.Generated.FrameSyncStartNotification.MemoryPackFormatter.g.cs(66,33): warning CS0436: “D:\Develop\Projects\Astrum\AstrumServer\AstrumServer\Generated\gamemessages_C_2000.cs”中的类型“FrameSyncStartNotification”与“Generated, Version=0.0.0.0, Culture=neutral, PublicKeyToken=null”中的导入类型“FrameSyncStartNotification”冲突。请使用“D:\Develop\Projects\Astrum\AstrumServer\AstrumServer\Generated\gamemessages_C_2000.cs”中定义的类型。 [D:\Develop\Projects\Astrum\AstrumServer\AstrumServer\AstrumServer.csproj]
D:\Develop\Projects\Astrum\AstrumServer\AstrumServer\obj\Debug\net9.0\MemoryPack.Generator\MemoryPack.Generator.MemoryPackGenerator\Astrum.Generated.FrameSyncStartNotification.MemoryPackFormatter.g.cs(86,33): warning CS0436: “D:\Develop\Projects\Astrum\AstrumServer\AstrumServer\Generated\gamemessages_C_2000.cs”中的类型“FrameSyncStartNotification”与“Generated, Version=0.0.0.0, Culture=neutral, PublicKeyToken=null”中的导入类型“FrameSyncStartNotification”冲突。请使用“D:\Develop\Projects\Astrum\AstrumServer\AstrumServer\Generated\gamemessages_C_2000.cs”中定义的类型。 [D:\Develop\Projects\Astrum\AstrumServer\AstrumServer\AstrumServer.csproj]
D:\Develop\Projects\Astrum\AstrumServer\AstrumServer\Generated\gamemessages_C_2000.cs(619,23): warning CS0436: “D:\Develop\Projects\Astrum\AstrumServer\AstrumServer\Generated\gamemessages_C_2000.cs”中的类型“FrameSyncStartNotification”与“Generated, Version=0.0.0.0, Culture=neutral, PublicKeyToken=null”中的导入类型“FrameSyncStartNotification”冲突。请使用“D:\Develop\Projects\Astrum\AstrumServer\AstrumServer\Generated\gamemessages_C_2000.cs”中定义的类型。 [D:\Develop\Projects\Astrum\AstrumServer\AstrumServer\AstrumServer.csproj]
D:\Develop\Projects\Astrum\AstrumServer\AstrumServer\obj\Debug\net9.0\MemoryPack.Generator\MemoryPack.Generator.MemoryPackGenerator\Astrum.Generated.GameStartNotification.MemoryPackFormatter.g.cs(66,33): warning CS0436: “D:\Develop\Projects\Astrum\AstrumServer\AstrumServer\Generated\gamemessages_C_2000.cs”中的类型“GameStartNotification”与“Generated, Version=0.0.0.0, Culture=neutral, PublicKeyToken=null”中的导入类型“GameStartNotification”冲突。请使用“D:\Develop\Projects\Astrum\AstrumServer\AstrumServer\Generated\gamemessages_C_2000.cs”中定义的类型。 [D:\Develop\Projects\Astrum\AstrumServer\AstrumServer\AstrumServer.csproj]
D:\Develop\Projects\Astrum\AstrumServer\AstrumServer\obj\Debug\net9.0\MemoryPack.Generator\MemoryPack.Generator.MemoryPackGenerator\Astrum.Generated.GameStartNotification.MemoryPackFormatter.g.cs(88,33): warning CS0436: “D:\Develop\Projects\Astrum\AstrumServer\AstrumServer\Generated\gamemessages_C_2000.cs”中的类型“GameStartNotification”与“Generated, Version=0.0.0.0, Culture=neutral, PublicKeyToken=null”中的导入类型“GameStartNotification”冲突。请使用“D:\Develop\Projects\Astrum\AstrumServer\AstrumServer\Generated\gamemessages_C_2000.cs”中定义的类型。 [D:\Develop\Projects\Astrum\AstrumServer\AstrumServer\AstrumServer.csproj]
D:\Develop\Projects\Astrum\AstrumServer\AstrumServer\Generated\gamemessages_C_2000.cs(469,23): warning CS0436: “D:\Develop\Projects\Astrum\AstrumServer\AstrumServer\Generated\gamemessages_C_2000.cs”中的类型“GameStartNotification”与“Generated, Version=0.0.0.0, Culture=neutral, PublicKeyToken=null”中的导入类型“GameStartNotification”冲突。请使用“D:\Develop\Projects\Astrum\AstrumServer\AstrumServer\Generated\gamemessages_C_2000.cs”中定义的类型。 [D:\Develop\Projects\Astrum\AstrumServer\AstrumServer\AstrumServer.csproj]
D:\Develop\Projects\Astrum\AstrumServer\AstrumServer\obj\Debug\net9.0\MemoryPack.Generator\MemoryPack.Generator.MemoryPackGenerator\Astrum.Generated.FrameSyncStartNotification.MemoryPackFormatter.g.cs(66,141): warning CS0436: “D:\Develop\Projects\Astrum\AstrumServer\AstrumServer\Generated\gamemessages_C_2000.cs”中的类型“FrameSyncStartNotification”与“Generated, Version=0.0.0.0, Culture=neutral, PublicKeyToken=null”中的导入类型“FrameSyncStartNotification”冲突。请使用“D:\Develop\Projects\Astrum\AstrumServer\AstrumServer\Generated\gamemessages_C_2000.cs”中定义的类型。 [D:\Develop\Projects\Astrum\AstrumServer\AstrumServer\AstrumServer.csproj]
D:\Develop\Projects\Astrum\AstrumServer\AstrumServer\Generated\gamemessages_C_2000.cs(484,16): warning CS0436: “D:\Develop\Projects\Astrum\AstrumServer\AstrumServer\Generated\gamemessages_C_2000.cs”中的类型“GameConfig”与“Generated, Version=0.0.0.0, Culture=neutral, PublicKeyToken=null”中的导入类型“GameConfig”冲突。请使用“D:\Develop\Projects\Astrum\AstrumServer\AstrumServer\Generated\gamemessages_C_2000.cs”中定义的类型。 [D:\Develop\Projects\Astrum\AstrumServer\AstrumServer\AstrumServer.csproj]
D:\Develop\Projects\Astrum\AstrumServer\AstrumServer\Generated\gamemessages_C_2000.cs(490,16): warning CS0436: “D:\Develop\Projects\Astrum\AstrumServer\AstrumServer\Generated\gamemessages_C_2000.cs”中的类型“GameRoomState”与“Generated, Version=0.0.0.0, Culture=neutral, PublicKeyToken=null”中的导入类型“GameRoomState”冲突。请使用“D:\Develop\Projects\Astrum\AstrumServer\AstrumServer\Generated\gamemessages_C_2000.cs”中定义的类型。 [D:\Develop\Projects\Astrum\AstrumServer\AstrumServer\AstrumServer.csproj]
D:\Develop\Projects\Astrum\AstrumServer\AstrumServer\obj\Debug\net9.0\MemoryPack.Generator\MemoryPack.Generator.MemoryPackGenerator\Astrum.Generated.GameRequest.MemoryPackFormatter.g.cs(35,45): warning CS0436: “D:\Develop\Projects\Astrum\AstrumServer\AstrumServer\Generated\game_S_3000.cs”中的类型“GameRequest”与“Generated, Version=0.0.0.0, Culture=neutral, PublicKeyToken=null”中的导入类型“GameRequest”冲突。请使用“D:\Develop\Projects\Astrum\AstrumServer\AstrumServer\Generated\game_S_3000.cs”中定义的类型。 [D:\Develop\Projects\Astrum\AstrumServer\AstrumServer\AstrumServer.csproj]
D:\Develop\Projects\Astrum\AstrumServer\AstrumServer\obj\Debug\net9.0\MemoryPack.Generator\MemoryPack.Generator.MemoryPackGenerator\Astrum.Generated.FrameSyncStartNotification.MemoryPackFormatter.g.cs(86,113): warning CS0436: “D:\Develop\Projects\Astrum\AstrumServer\AstrumServer\Generated\gamemessages_C_2000.cs”中的类型“FrameSyncStartNotification”与“Generated, Version=0.0.0.0, Culture=neutral, PublicKeyToken=null”中的导入类型“FrameSyncStartNotification”冲突。请使用“D:\Develop\Projects\Astrum\AstrumServer\AstrumServer\Generated\gamemessages_C_2000.cs”中定义的类型。 [D:\Develop\Projects\Astrum\AstrumServer\AstrumServer\AstrumServer.csproj]
D:\Develop\Projects\Astrum\AstrumServer\AstrumServer\obj\Debug\net9.0\MemoryPack.Generator\MemoryPack.Generator.MemoryPackGenerator\Astrum.Generated.GameRequest.MemoryPackFormatter.g.cs(65,33): warning CS0436: “D:\Develop\Projects\Astrum\AstrumServer\AstrumServer\Generated\game_S_3000.cs”中的类型“GameRequest”与“Generated, Version=0.0.0.0, Culture=neutral, PublicKeyToken=null”中的导入类型“GameRequest”冲突。请使用“D:\Develop\Projects\Astrum\AstrumServer\AstrumServer\Generated\game_S_3000.cs”中定义的类型。 [D:\Develop\Projects\Astrum\AstrumServer\AstrumServer\AstrumServer.csproj]
D:\Develop\Projects\Astrum\AstrumServer\AstrumServer\obj\Debug\net9.0\MemoryPack.Generator\MemoryPack.Generator.MemoryPackGenerator\Astrum.Generated.GameRequest.MemoryPackFormatter.g.cs(85,33): warning CS0436: “D:\Develop\Projects\Astrum\AstrumServer\AstrumServer\Generated\game_S_3000.cs”中的类型“GameRequest”与“Generated, Version=0.0.0.0, Culture=neutral, PublicKeyToken=null”中的导入类型“GameRequest”冲突。请使用“D:\Develop\Projects\Astrum\AstrumServer\AstrumServer\Generated\game_S_3000.cs”中定义的类型。 [D:\Develop\Projects\Astrum\AstrumServer\AstrumServer\AstrumServer.csproj]
D:\Develop\Projects\Astrum\AstrumServer\AstrumServer\Generated\game_S_3000.cs(68,23): warning CS0436: “D:\Develop\Projects\Astrum\AstrumServer\AstrumServer\Generated\game_S_3000.cs”中的类型“GameRequest”与“Generated, Version=0.0.0.0, Culture=neutral, PublicKeyToken=null”中的导入类型“GameRequest”冲突。请使用“D:\Develop\Projects\Astrum\AstrumServer\AstrumServer\Generated\game_S_3000.cs”中定义的类型。 [D:\Develop\Projects\Astrum\AstrumServer\AstrumServer\AstrumServer.csproj]
D:\Develop\Projects\Astrum\AstrumServer\AstrumServer\Generated\game_S_3000.cs(89,16): warning CS0436: “D:\Develop\Projects\Astrum\AstrumServer\AstrumServer\Generated\game_S_3000.cs”中的类型“PlayerInfo”与“Generated, Version=0.0.0.0, Culture=neutral, PublicKeyToken=null”中的导入类型“PlayerInfo”冲突。请使用“D:\Develop\Projects\Astrum\AstrumServer\AstrumServer\Generated\game_S_3000.cs”中定义的类型。 [D:\Develop\Projects\Astrum\AstrumServer\AstrumServer\AstrumServer.csproj]
D:\Develop\Projects\Astrum\AstrumServer\AstrumServer\obj\Debug\net9.0\MemoryPack.Generator\MemoryPack.Generator.MemoryPackGenerator\Astrum.Generated.GameEndNotification.MemoryPackFormatter.g.cs(61,33): warning CS0436: “D:\Develop\Projects\Astrum\AstrumServer\AstrumServer\Generated\gamemessages_C_2000.cs”中的类型“GameEndNotification”与“Generated, Version=0.0.0.0, Culture=neutral, PublicKeyToken=null”中的导入类型“GameEndNotification”冲突。请使用“D:\Develop\Projects\Astrum\AstrumServer\AstrumServer\Generated\gamemessages_C_2000.cs”中定义的类型。 [D:\Develop\Projects\Astrum\AstrumServer\AstrumServer\AstrumServer.csproj]
D:\Develop\Projects\Astrum\AstrumServer\AstrumServer\obj\Debug\net9.0\MemoryPack.Generator\MemoryPack.Generator.MemoryPackGenerator\Astrum.Generated.GameEndNotification.MemoryPackFormatter.g.cs(82,33): warning CS0436: “D:\Develop\Projects\Astrum\AstrumServer\AstrumServer\Generated\gamemessages_C_2000.cs”中的类型“GameEndNotification”与“Generated, Version=0.0.0.0, Culture=neutral, PublicKeyToken=null”中的导入类型“GameEndNotification”冲突。请使用“D:\Develop\Projects\Astrum\AstrumServer\AstrumServer\Generated\gamemessages_C_2000.cs”中定义的类型。 [D:\Develop\Projects\Astrum\AstrumServer\AstrumServer\AstrumServer.csproj]
D:\Develop\Projects\Astrum\AstrumServer\AstrumServer\Generated\gamemessages_C_2000.cs(526,23): warning CS0436: “D:\Develop\Projects\Astrum\AstrumServer\AstrumServer\Generated\gamemessages_C_2000.cs”中的类型“GameEndNotification”与“Generated, Version=0.0.0.0, Culture=neutral, PublicKeyToken=null”中的导入类型“GameEndNotification”冲突。请使用“D:\Develop\Projects\Astrum\AstrumServer\AstrumServer\Generated\gamemessages_C_2000.cs”中定义的类型。 [D:\Develop\Projects\Astrum\AstrumServer\AstrumServer\AstrumServer.csproj]
D:\Develop\Projects\Astrum\AstrumServer\AstrumServer\Generated\game_S_3000.cs(162,25): warning CS8981: 类型名称 "game" 仅包含小写 ascii 字符。此类名称可能会成为该语言的保留值。 [D:\Develop\Projects\Astrum\AstrumServer\AstrumServer\AstrumServer.csproj]
D:\Develop\Projects\Astrum\AstrumServer\AstrumServer\obj\Debug\net9.0\MemoryPack.Generator\MemoryPack.Generator.MemoryPackGenerator\Astrum.Generated.FrameSyncData.MemoryPackFormatter.g.cs(61,33): warning CS0436: “D:\Develop\Projects\Astrum\AstrumServer\AstrumServer\Generated\gamemessages_C_2000.cs”中的类型“FrameSyncData”与“Generated, Version=0.0.0.0, Culture=neutral, PublicKeyToken=null”中的导入类型“FrameSyncData”冲突。请使用“D:\Develop\Projects\Astrum\AstrumServer\AstrumServer\Generated\gamemessages_C_2000.cs”中定义的类型。 [D:\Develop\Projects\Astrum\AstrumServer\AstrumServer\AstrumServer.csproj]
D:\Develop\Projects\Astrum\AstrumServer\AstrumServer\obj\Debug\net9.0\MemoryPack.Generator\MemoryPack.Generator.MemoryPackGenerator\Astrum.Generated.FrameSyncData.MemoryPackFormatter.g.cs(82,33): warning CS0436: “D:\Develop\Projects\Astrum\AstrumServer\AstrumServer\Generated\gamemessages_C_2000.cs”中的类型“FrameSyncData”与“Generated, Version=0.0.0.0, Culture=neutral, PublicKeyToken=null”中的导入类型“FrameSyncData”冲突。请使用“D:\Develop\Projects\Astrum\AstrumServer\AstrumServer\Generated\gamemessages_C_2000.cs”中定义的类型。 [D:\Develop\Projects\Astrum\AstrumServer\AstrumServer\AstrumServer.csproj]
D:\Develop\Projects\Astrum\AstrumServer\AstrumServer\Generated\gamemessages_C_2000.cs(541,16): warning CS0436: “D:\Develop\Projects\Astrum\AstrumServer\AstrumServer\Generated\gamemessages_C_2000.cs”中的类型“GameResult”与“Generated, Version=0.0.0.0, Culture=neutral, PublicKeyToken=null”中的导入类型“GameResult”冲突。请使用“D:\Develop\Projects\Astrum\AstrumServer\AstrumServer\Generated\gamemessages_C_2000.cs”中定义的类型。 [D:\Develop\Projects\Astrum\AstrumServer\AstrumServer\AstrumServer.csproj]
D:\Develop\Projects\Astrum\AstrumServer\AstrumServer\Generated\gamemessages_C_2000.cs(726,23): warning CS0436: “D:\Develop\Projects\Astrum\AstrumServer\AstrumServer\Generated\gamemessages_C_2000.cs”中的类型“FrameSyncData”与“Generated, Version=0.0.0.0, Culture=neutral, PublicKeyToken=null”中的导入类型“FrameSyncData”冲突。请使用“D:\Develop\Projects\Astrum\AstrumServer\AstrumServer\Generated\gamemessages_C_2000.cs”中定义的类型。 [D:\Develop\Projects\Astrum\AstrumServer\AstrumServer\AstrumServer.csproj]
D:\Develop\Projects\Astrum\AstrumServer\AstrumServer\obj\Debug\net9.0\MemoryPack.Generator\MemoryPack.Generator.MemoryPackGenerator\Astrum.Generated.GameRequest.MemoryPackFormatter.g.cs(65,126): warning CS0436: “D:\Develop\Projects\Astrum\AstrumServer\AstrumServer\Generated\game_S_3000.cs”中的类型“GameRequest”与“Generated, Version=0.0.0.0, Culture=neutral, PublicKeyToken=null”中的导入类型“GameRequest”冲突。请使用“D:\Develop\Projects\Astrum\AstrumServer\AstrumServer\Generated\game_S_3000.cs”中定义的类型。 [D:\Develop\Projects\Astrum\AstrumServer\AstrumServer\AstrumServer.csproj]
D:\Develop\Projects\Astrum\AstrumServer\AstrumServer\Generated\gamemessages_C_2000.cs(747,16): warning CS0436: “D:\Develop\Projects\Astrum\AstrumServer\AstrumServer\Generated\gamemessages_C_2000.cs”中的类型“OneFrameInputs”与“Generated, Version=0.0.0.0, Culture=neutral, PublicKeyToken=null”中的导入类型“OneFrameInputs”冲突。请使用“D:\Develop\Projects\Astrum\AstrumServer\AstrumServer\Generated\gamemessages_C_2000.cs”中定义的类型。 [D:\Develop\Projects\Astrum\AstrumServer\AstrumServer\AstrumServer.csproj]
D:\Develop\Projects\Astrum\AstrumServer\AstrumServer\obj\Debug\net9.0\MemoryPack.Generator\MemoryPack.Generator.MemoryPackGenerator\Astrum.Generated.UserInfo.MemoryPackFormatter.g.cs(35,42): warning CS0436: “D:\Develop\Projects\Astrum\AstrumServer\AstrumServer\Generated\networkcommon_C_1000.cs”中的类型“UserInfo”与“Generated, Version=0.0.0.0, Culture=neutral, PublicKeyToken=null”中的导入类型“UserInfo”冲突。请使用“D:\Develop\Projects\Astrum\AstrumServer\AstrumServer\Generated\networkcommon_C_1000.cs”中定义的类型。 [D:\Develop\Projects\Astrum\AstrumServer\AstrumServer\AstrumServer.csproj]
D:\Develop\Projects\Astrum\AstrumServer\AstrumServer\obj\Debug\net9.0\MemoryPack.Generator\MemoryPack.Generator.MemoryPackGenerator\Astrum.Generated.GameRequest.MemoryPackFormatter.g.cs(85,98): warning CS0436: “D:\Develop\Projects\Astrum\AstrumServer\AstrumServer\Generated\game_S_3000.cs”中的类型“GameRequest”与“Generated, Version=0.0.0.0, Culture=neutral, PublicKeyToken=null”中的导入类型“GameRequest”冲突。请使用“D:\Develop\Projects\Astrum\AstrumServer\AstrumServer\Generated\game_S_3000.cs”中定义的类型。 [D:\Develop\Projects\Astrum\AstrumServer\AstrumServer\AstrumServer.csproj]
D:\Develop\Projects\Astrum\AstrumServer\AstrumServer\obj\Debug\net9.0\MemoryPack.Generator\MemoryPack.Generator.MemoryPackGenerator\Astrum.Generated.PlayerInfo.MemoryPackFormatter.g.cs(36,44): warning CS0436: “D:\Develop\Projects\Astrum\AstrumServer\AstrumServer\Generated\game_S_3000.cs”中的类型“PlayerInfo”与“Generated, Version=0.0.0.0, Culture=neutral, PublicKeyToken=null”中的导入类型“PlayerInfo”冲突。请使用“D:\Develop\Projects\Astrum\AstrumServer\AstrumServer\Generated\game_S_3000.cs”中定义的类型。 [D:\Develop\Projects\Astrum\AstrumServer\AstrumServer\AstrumServer.csproj]
D:\Develop\Projects\Astrum\AstrumServer\AstrumServer\obj\Debug\net9.0\MemoryPack.Generator\MemoryPack.Generator.MemoryPackGenerator\Astrum.Generated.GameEndNotification.MemoryPackFormatter.g.cs(61,134): warning CS0436: “D:\Develop\Projects\Astrum\AstrumServer\AstrumServer\Generated\gamemessages_C_2000.cs”中的类型“GameEndNotification”与“Generated, Version=0.0.0.0, Culture=neutral, PublicKeyToken=null”中的导入类型“GameEndNotification”冲突。请使用“D:\Develop\Projects\Astrum\AstrumServer\AstrumServer\Generated\gamemessages_C_2000.cs”中定义的类型。 [D:\Develop\Projects\Astrum\AstrumServer\AstrumServer\AstrumServer.csproj]
D:\Develop\Projects\Astrum\AstrumServer\AstrumServer\obj\Debug\net9.0\MemoryPack.Generator\MemoryPack.Generator.MemoryPackGenerator\Astrum.Generated.FrameSyncData.MemoryPackFormatter.g.cs(61,128): warning CS0436: “D:\Develop\Projects\Astrum\AstrumServer\AstrumServer\Generated\gamemessages_C_2000.cs”中的类型“FrameSyncData”与“Generated, Version=0.0.0.0, Culture=neutral, PublicKeyToken=null”中的导入类型“FrameSyncData”冲突。请使用“D:\Develop\Projects\Astrum\AstrumServer\AstrumServer\Generated\gamemessages_C_2000.cs”中定义的类型。 [D:\Develop\Projects\Astrum\AstrumServer\AstrumServer\AstrumServer.csproj]
D:\Develop\Projects\Astrum\AstrumServer\AstrumServer\obj\Debug\net9.0\MemoryPack.Generator\MemoryPack.Generator.MemoryPackGenerator\Astrum.Generated.GameEndNotification.MemoryPackFormatter.g.cs(82,106): warning CS0436: “D:\Develop\Projects\Astrum\AstrumServer\AstrumServer\Generated\gamemessages_C_2000.cs”中的类型“GameEndNotification”与“Generated, Version=0.0.0.0, Culture=neutral, PublicKeyToken=null”中的导入类型“GameEndNotification”冲突。请使用“D:\Develop\Projects\Astrum\AstrumServer\AstrumServer\Generated\gamemessages_C_2000.cs”中定义的类型。 [D:\Develop\Projects\Astrum\AstrumServer\AstrumServer\AstrumServer.csproj]
D:\Develop\Projects\Astrum\AstrumServer\AstrumServer\obj\Debug\net9.0\MemoryPack.Generator\MemoryPack.Generator.MemoryPackGenerator\Astrum.Generated.FrameSyncData.MemoryPackFormatter.g.cs(82,100): warning CS0436: “D:\Develop\Projects\Astrum\AstrumServer\AstrumServer\Generated\gamemessages_C_2000.cs”中的类型“FrameSyncData”与“Generated, Version=0.0.0.0, Culture=neutral, PublicKeyToken=null”中的导入类型“FrameSyncData”冲突。请使用“D:\Develop\Projects\Astrum\AstrumServer\AstrumServer\Generated\gamemessages_C_2000.cs”中定义的类型。 [D:\Develop\Projects\Astrum\AstrumServer\AstrumServer\AstrumServer.csproj]
D:\Develop\Projects\Astrum\AstrumServer\AstrumServer\obj\Debug\net9.0\MemoryPack.Generator\MemoryPack.Generator.MemoryPackGenerator\Astrum.Generated.PlayerInfo.MemoryPackFormatter.g.cs(70,33): warning CS0436: “D:\Develop\Projects\Astrum\AstrumServer\AstrumServer\Generated\game_S_3000.cs”中的类型“PlayerInfo”与“Generated, Version=0.0.0.0, Culture=neutral, PublicKeyToken=null”中的导入类型“PlayerInfo”冲突。请使用“D:\Develop\Projects\Astrum\AstrumServer\AstrumServer\Generated\game_S_3000.cs”中定义的类型。 [D:\Develop\Projects\Astrum\AstrumServer\AstrumServer\AstrumServer.csproj]
D:\Develop\Projects\Astrum\AstrumServer\AstrumServer\obj\Debug\net9.0\MemoryPack.Generator\MemoryPack.Generator.MemoryPackGenerator\Astrum.Generated.PlayerInfo.MemoryPackFormatter.g.cs(91,33): warning CS0436: “D:\Develop\Projects\Astrum\AstrumServer\AstrumServer\Generated\game_S_3000.cs”中的类型“PlayerInfo”与“Generated, Version=0.0.0.0, Culture=neutral, PublicKeyToken=null”中的导入类型“PlayerInfo”冲突。请使用“D:\Develop\Projects\Astrum\AstrumServer\AstrumServer\Generated\game_S_3000.cs”中定义的类型。 [D:\Develop\Projects\Astrum\AstrumServer\AstrumServer\AstrumServer.csproj]
D:\Develop\Projects\Astrum\AstrumServer\AstrumServer\Generated\game_S_3000.cs(10,26): warning CS0436: “D:\Develop\Projects\Astrum\AstrumServer\AstrumServer\Generated\game_S_3000.cs”中的类型“GameResponse”与“Generated, Version=0.0.0.0, Culture=neutral, PublicKeyToken=null”中的导入类型“GameResponse”冲突。请使用“D:\Develop\Projects\Astrum\AstrumServer\AstrumServer\Generated\game_S_3000.cs”中定义的类型。 [D:\Develop\Projects\Astrum\AstrumServer\AstrumServer\AstrumServer.csproj]
D:\Develop\Projects\Astrum\AstrumServer\AstrumServer\obj\Debug\net9.0\MemoryPack.Generator\MemoryPack.Generator.MemoryPackGenerator\Astrum.Generated.GameResponse.MemoryPackFormatter.g.cs(35,46): warning CS0436: “D:\Develop\Projects\Astrum\AstrumServer\AstrumServer\Generated\game_S_3000.cs”中的类型“GameResponse”与“Generated, Version=0.0.0.0, Culture=neutral, PublicKeyToken=null”中的导入类型“GameResponse”冲突。请使用“D:\Develop\Projects\Astrum\AstrumServer\AstrumServer\Generated\game_S_3000.cs”中定义的类型。 [D:\Develop\Projects\Astrum\AstrumServer\AstrumServer\AstrumServer.csproj]
D:\Develop\Projects\Astrum\AstrumServer\AstrumServer\Generated\game_S_3000.cs(13,23): warning CS0436: “D:\Develop\Projects\Astrum\AstrumServer\AstrumServer\Generated\game_S_3000.cs”中的类型“PlayerInfo”与“Generated, Version=0.0.0.0, Culture=neutral, PublicKeyToken=null”中的导入类型“PlayerInfo”冲突。请使用“D:\Develop\Projects\Astrum\AstrumServer\AstrumServer\Generated\game_S_3000.cs”中定义的类型。 [D:\Develop\Projects\Astrum\AstrumServer\AstrumServer\AstrumServer.csproj]
D:\Develop\Projects\Astrum\AstrumServer\AstrumServer\obj\Debug\net9.0\MemoryPack.Generator\MemoryPack.Generator.MemoryPackGenerator\Astrum.Generated.RoomInfo.MemoryPackFormatter.g.cs(42,42): warning CS0436: “D:\Develop\Projects\Astrum\AstrumServer\AstrumServer\Generated\networkcommon_C_1000.cs”中的类型“RoomInfo”与“Generated, Version=0.0.0.0, Culture=neutral, PublicKeyToken=null”中的导入类型“RoomInfo”冲突。请使用“D:\Develop\Projects\Astrum\AstrumServer\AstrumServer\Generated\networkcommon_C_1000.cs”中定义的类型。 [D:\Develop\Projects\Astrum\AstrumServer\AstrumServer\AstrumServer.csproj]
D:\Develop\Projects\Astrum\AstrumServer\AstrumServer\obj\Debug\net9.0\MemoryPack.Generator\MemoryPack.Generator.MemoryPackGenerator\Astrum.Generated.GameStartNotification.MemoryPackFormatter.g.cs(66,136): warning CS0436: “D:\Develop\Projects\Astrum\AstrumServer\AstrumServer\Generated\gamemessages_C_2000.cs”中的类型“GameStartNotification”与“Generated, Version=0.0.0.0, Culture=neutral, PublicKeyToken=null”中的导入类型“GameStartNotification”冲突。请使用“D:\Develop\Projects\Astrum\AstrumServer\AstrumServer\Generated\gamemessages_C_2000.cs”中定义的类型。 [D:\Develop\Projects\Astrum\AstrumServer\AstrumServer\AstrumServer.csproj]
D:\Develop\Projects\Astrum\AstrumServer\AstrumServer\obj\Debug\net9.0\MemoryPack.Generator\MemoryPack.Generator.MemoryPackGenerator\Astrum.Generated.GameResponse.MemoryPackFormatter.g.cs(61,33): warning CS0436: “D:\Develop\Projects\Astrum\AstrumServer\AstrumServer\Generated\game_S_3000.cs”中的类型“GameResponse”与“Generated, Version=0.0.0.0, Culture=neutral, PublicKeyToken=null”中的导入类型“GameResponse”冲突。请使用“D:\Develop\Projects\Astrum\AstrumServer\AstrumServer\Generated\game_S_3000.cs”中定义的类型。 [D:\Develop\Projects\Astrum\AstrumServer\AstrumServer\AstrumServer.csproj]
D:\Develop\Projects\Astrum\AstrumServer\AstrumServer\obj\Debug\net9.0\MemoryPack.Generator\MemoryPack.Generator.MemoryPackGenerator\Astrum.Generated.GameResponse.MemoryPackFormatter.g.cs(81,33): warning CS0436: “D:\Develop\Projects\Astrum\AstrumServer\AstrumServer\Generated\game_S_3000.cs”中的类型“GameResponse”与“Generated, Version=0.0.0.0, Culture=neutral, PublicKeyToken=null”中的导入类型“GameResponse”冲突。请使用“D:\Develop\Projects\Astrum\AstrumServer\AstrumServer\Generated\game_S_3000.cs”中定义的类型。 [D:\Develop\Projects\Astrum\AstrumServer\AstrumServer\AstrumServer.csproj]
D:\Develop\Projects\Astrum\AstrumServer\AstrumServer\Generated\game_S_3000.cs(117,23): warning CS0436: “D:\Develop\Projects\Astrum\AstrumServer\AstrumServer\Generated\game_S_3000.cs”中的类型“GameResponse”与“Generated, Version=0.0.0.0, Culture=neutral, PublicKeyToken=null”中的导入类型“GameResponse”冲突。请使用“D:\Develop\Projects\Astrum\AstrumServer\AstrumServer\Generated\game_S_3000.cs”中定义的类型。 [D:\Develop\Projects\Astrum\AstrumServer\AstrumServer\AstrumServer.csproj]
D:\Develop\Projects\Astrum\AstrumServer\AstrumServer\obj\Debug\net9.0\MemoryPack.Generator\MemoryPack.Generator.MemoryPackGenerator\Astrum.Generated.GameStartNotification.MemoryPackFormatter.g.cs(88,108): warning CS0436: “D:\Develop\Projects\Astrum\AstrumServer\AstrumServer\Generated\gamemessages_C_2000.cs”中的类型“GameStartNotification”与“Generated, Version=0.0.0.0, Culture=neutral, PublicKeyToken=null”中的导入类型“GameStartNotification”冲突。请使用“D:\Develop\Projects\Astrum\AstrumServer\AstrumServer\Generated\gamemessages_C_2000.cs”中定义的类型。 [D:\Develop\Projects\Astrum\AstrumServer\AstrumServer\AstrumServer.csproj]
D:\Develop\Projects\Astrum\AstrumServer\AstrumServer\Generated\game_S_3000.cs(144,16): warning CS0436: “D:\Develop\Projects\Astrum\AstrumServer\AstrumServer\Generated\game_S_3000.cs”中的类型“PlayerInfo”与“Generated, Version=0.0.0.0, Culture=neutral, PublicKeyToken=null”中的导入类型“PlayerInfo”冲突。请使用“D:\Develop\Projects\Astrum\AstrumServer\AstrumServer\Generated\game_S_3000.cs”中定义的类型。 [D:\Develop\Projects\Astrum\AstrumServer\AstrumServer\AstrumServer.csproj]
D:\Develop\Projects\Astrum\AstrumServer\AstrumServer\obj\Debug\net9.0\MemoryPack.Generator\MemoryPack.Generator.MemoryPackGenerator\Astrum.Generated.RoomInfo.MemoryPackFormatter.g.cs(72,33): warning CS0436: “D:\Develop\Projects\Astrum\AstrumServer\AstrumServer\Generated\networkcommon_C_1000.cs”中的类型“RoomInfo”与“Generated, Version=0.0.0.0, Culture=neutral, PublicKeyToken=null”中的导入类型“RoomInfo”冲突。请使用“D:\Develop\Projects\Astrum\AstrumServer\AstrumServer\Generated\networkcommon_C_1000.cs”中定义的类型。 [D:\Develop\Projects\Astrum\AstrumServer\AstrumServer\AstrumServer.csproj]
D:\Develop\Projects\Astrum\AstrumServer\AstrumServer\obj\Debug\net9.0\MemoryPack.Generator\MemoryPack.Generator.MemoryPackGenerator\Astrum.Generated.RoomInfo.MemoryPackFormatter.g.cs(95,33): warning CS0436: “D:\Develop\Projects\Astrum\AstrumServer\AstrumServer\Generated\networkcommon_C_1000.cs”中的类型“RoomInfo”与“Generated, Version=0.0.0.0, Culture=neutral, PublicKeyToken=null”中的导入类型“RoomInfo”冲突。请使用“D:\Develop\Projects\Astrum\AstrumServer\AstrumServer\Generated\networkcommon_C_1000.cs”中定义的类型。 [D:\Develop\Projects\Astrum\AstrumServer\AstrumServer\AstrumServer.csproj]
D:\Develop\Projects\Astrum\AstrumServer\AstrumServer\obj\Debug\net9.0\MemoryPack.Generator\MemoryPack.Generator.MemoryPackGenerator\Astrum.Generated.FrameSyncEndNotification.MemoryPackFormatter.g.cs(35,58): warning CS0436: “D:\Develop\Projects\Astrum\AstrumServer\AstrumServer\Generated\gamemessages_C_2000.cs”中的类型“FrameSyncEndNotification”与“Generated, Version=0.0.0.0, Culture=neutral, PublicKeyToken=null”中的导入类型“FrameSyncEndNotification”冲突。请使用“D:\Develop\Projects\Astrum\AstrumServer\AstrumServer\Generated\gamemessages_C_2000.cs”中定义的类型。 [D:\Develop\Projects\Astrum\AstrumServer\AstrumServer\AstrumServer.csproj]
D:\Develop\Projects\Astrum\AstrumServer\AstrumServer\obj\Debug\net9.0\MemoryPack.Generator\MemoryPack.Generator.MemoryPackGenerator\Astrum.Generated.UserInfo.MemoryPackFormatter.g.cs(61,33): warning CS0436: “D:\Develop\Projects\Astrum\AstrumServer\AstrumServer\Generated\networkcommon_C_1000.cs”中的类型“UserInfo”与“Generated, Version=0.0.0.0, Culture=neutral, PublicKeyToken=null”中的导入类型“UserInfo”冲突。请使用“D:\Develop\Projects\Astrum\AstrumServer\AstrumServer\Generated\networkcommon_C_1000.cs”中定义的类型。 [D:\Develop\Projects\Astrum\AstrumServer\AstrumServer\AstrumServer.csproj]
D:\Develop\Projects\Astrum\AstrumServer\AstrumServer\obj\Debug\net9.0\MemoryPack.Generator\MemoryPack.Generator.MemoryPackGenerator\Astrum.Generated.UserInfo.MemoryPackFormatter.g.cs(82,33): warning CS0436: “D:\Develop\Projects\Astrum\AstrumServer\AstrumServer\Generated\networkcommon_C_1000.cs”中的类型“UserInfo”与“Generated, Version=0.0.0.0, Culture=neutral, PublicKeyToken=null”中的导入类型“UserInfo”冲突。请使用“D:\Develop\Projects\Astrum\AstrumServer\AstrumServer\Generated\networkcommon_C_1000.cs”中定义的类型。 [D:\Develop\Projects\Astrum\AstrumServer\AstrumServer\AstrumServer.csproj]
D:\Develop\Projects\Astrum\AstrumServer\AstrumServer\Generated\networkcommon_C_1000.cs(14,23): warning CS0436: “D:\Develop\Projects\Astrum\AstrumServer\AstrumServer\Generated\networkcommon_C_1000.cs”中的类型“UserInfo”与“Generated, Version=0.0.0.0, Culture=neutral, PublicKeyToken=null”中的导入类型“UserInfo”冲突。请使用“D:\Develop\Projects\Astrum\AstrumServer\AstrumServer\Generated\networkcommon_C_1000.cs”中定义的类型。 [D:\Develop\Projects\Astrum\AstrumServer\AstrumServer\AstrumServer.csproj]
D:\Develop\Projects\Astrum\AstrumServer\AstrumServer\obj\Debug\net9.0\MemoryPack.Generator\MemoryPack.Generator.MemoryPackGenerator\Astrum.Generated.SingleInput.MemoryPackFormatter.g.cs(34,45): warning CS0436: “D:\Develop\Projects\Astrum\AstrumServer\AstrumServer\Generated\gamemessages_C_2000.cs”中的类型“SingleInput”与“Generated, Version=0.0.0.0, Culture=neutral, PublicKeyToken=null”中的导入类型“SingleInput”冲突。请使用“D:\Develop\Projects\Astrum\AstrumServer\AstrumServer\Generated\gamemessages_C_2000.cs”中定义的类型。 [D:\Develop\Projects\Astrum\AstrumServer\AstrumServer\AstrumServer.csproj]
D:\Develop\Projects\Astrum\AstrumServer\AstrumServer\obj\Debug\net9.0\MemoryPack.Generator\MemoryPack.Generator.MemoryPackGenerator\Astrum.Generated.UserInfo.MemoryPackFormatter.g.cs(61,123): warning CS0436: “D:\Develop\Projects\Astrum\AstrumServer\AstrumServer\Generated\networkcommon_C_1000.cs”中的类型“UserInfo”与“Generated, Version=0.0.0.0, Culture=neutral, PublicKeyToken=null”中的导入类型“UserInfo”冲突。请使用“D:\Develop\Projects\Astrum\AstrumServer\AstrumServer\Generated\networkcommon_C_1000.cs”中定义的类型。 [D:\Develop\Projects\Astrum\AstrumServer\AstrumServer\AstrumServer.csproj]
D:\Develop\Projects\Astrum\AstrumServer\AstrumServer\obj\Debug\net9.0\MemoryPack.Generator\MemoryPack.Generator.MemoryPackGenerator\Astrum.Generated.CreateRoomRequest.MemoryPackFormatter.g.cs(34,51): warning CS0436: “D:\Develop\Projects\Astrum\AstrumServer\AstrumServer\Generated\networkcommon_C_1000.cs”中的类型“CreateRoomRequest”与“Generated, Version=0.0.0.0, Culture=neutral, PublicKeyToken=null”中的导入类型“CreateRoomRequest”冲突。请使用“D:\Develop\Projects\Astrum\AstrumServer\AstrumServer\Generated\networkcommon_C_1000.cs”中定义的类型。 [D:\Develop\Projects\Astrum\AstrumServer\AstrumServer\AstrumServer.csproj]
D:\Develop\Projects\Astrum\AstrumServer\AstrumServer\obj\Debug\net9.0\MemoryPack.Generator\MemoryPack.Generator.MemoryPackGenerator\Astrum.Generated.GameStateUpdate.MemoryPackFormatter.g.cs(34,49): warning CS0436: “D:\Develop\Projects\Astrum\AstrumServer\AstrumServer\Generated\gamemessages_C_2000.cs”中的类型“GameStateUpdate”与“Generated, Version=0.0.0.0, Culture=neutral, PublicKeyToken=null”中的导入类型“GameStateUpdate”冲突。请使用“D:\Develop\Projects\Astrum\AstrumServer\AstrumServer\Generated\gamemessages_C_2000.cs”中定义的类型。 [D:\Develop\Projects\Astrum\AstrumServer\AstrumServer\AstrumServer.csproj]
D:\Develop\Projects\Astrum\AstrumServer\AstrumServer\obj\Debug\net9.0\MemoryPack.Generator\MemoryPack.Generator.MemoryPackGenerator\Astrum.Generated.PlayerInfo.MemoryPackFormatter.g.cs(70,125): warning CS0436: “D:\Develop\Projects\Astrum\AstrumServer\AstrumServer\Generated\game_S_3000.cs”中的类型“PlayerInfo”与“Generated, Version=0.0.0.0, Culture=neutral, PublicKeyToken=null”中的导入类型“PlayerInfo”冲突。请使用“D:\Develop\Projects\Astrum\AstrumServer\AstrumServer\Generated\game_S_3000.cs”中定义的类型。 [D:\Develop\Projects\Astrum\AstrumServer\AstrumServer\AstrumServer.csproj]
D:\Develop\Projects\Astrum\AstrumServer\AstrumServer\obj\Debug\net9.0\MemoryPack.Generator\MemoryPack.Generator.MemoryPackGenerator\Astrum.Generated.CreateRoomRequest.MemoryPackFormatter.g.cs(60,33): warning CS0436: “D:\Develop\Projects\Astrum\AstrumServer\AstrumServer\Generated\networkcommon_C_1000.cs”中的类型“CreateRoomRequest”与“Generated, Version=0.0.0.0, Culture=neutral, PublicKeyToken=null”中的导入类型“CreateRoomRequest”冲突。请使用“D:\Develop\Projects\Astrum\AstrumServer\AstrumServer\Generated\networkcommon_C_1000.cs”中定义的类型。 [D:\Develop\Projects\Astrum\AstrumServer\AstrumServer\AstrumServer.csproj]
D:\Develop\Projects\Astrum\AstrumServer\AstrumServer\obj\Debug\net9.0\MemoryPack.Generator\MemoryPack.Generator.MemoryPackGenerator\Astrum.Generated.CreateRoomRequest.MemoryPackFormatter.g.cs(79,33): warning CS0436: “D:\Develop\Projects\Astrum\AstrumServer\AstrumServer\Generated\networkcommon_C_1000.cs”中的类型“CreateRoomRequest”与“Generated, Version=0.0.0.0, Culture=neutral, PublicKeyToken=null”中的导入类型“CreateRoomRequest”冲突。请使用“D:\Develop\Projects\Astrum\AstrumServer\AstrumServer\Generated\networkcommon_C_1000.cs”中定义的类型。 [D:\Develop\Projects\Astrum\AstrumServer\AstrumServer\AstrumServer.csproj]
D:\Develop\Projects\Astrum\AstrumServer\AstrumServer\obj\Debug\net9.0\MemoryPack.Generator\MemoryPack.Generator.MemoryPackGenerator\Astrum.Generated.PlayerInfo.MemoryPackFormatter.g.cs(91,97): warning CS0436: “D:\Develop\Projects\Astrum\AstrumServer\AstrumServer\Generated\game_S_3000.cs”中的类型“PlayerInfo”与“Generated, Version=0.0.0.0, Culture=neutral, PublicKeyToken=null”中的导入类型“PlayerInfo”冲突。请使用“D:\Develop\Projects\Astrum\AstrumServer\AstrumServer\Generated\game_S_3000.cs”中定义的类型。 [D:\Develop\Projects\Astrum\AstrumServer\AstrumServer\AstrumServer.csproj]
D:\Develop\Projects\Astrum\AstrumServer\AstrumServer\Generated\networkcommon_C_1000.cs(192,23): warning CS0436: “D:\Develop\Projects\Astrum\AstrumServer\AstrumServer\Generated\networkcommon_C_1000.cs”中的类型“CreateRoomRequest”与“Generated, Version=0.0.0.0, Culture=neutral, PublicKeyToken=null”中的导入类型“CreateRoomRequest”冲突。请使用“D:\Develop\Projects\Astrum\AstrumServer\AstrumServer\Generated\networkcommon_C_1000.cs”中定义的类型。 [D:\Develop\Projects\Astrum\AstrumServer\AstrumServer\AstrumServer.csproj]
D:\Develop\Projects\Astrum\AstrumServer\AstrumServer\obj\Debug\net9.0\MemoryPack.Generator\MemoryPack.Generator.MemoryPackGenerator\Astrum.Generated.GameStateUpdate.MemoryPackFormatter.g.cs(60,33): warning CS0436: “D:\Develop\Projects\Astrum\AstrumServer\AstrumServer\Generated\gamemessages_C_2000.cs”中的类型“GameStateUpdate”与“Generated, Version=0.0.0.0, Culture=neutral, PublicKeyToken=null”中的导入类型“GameStateUpdate”冲突。请使用“D:\Develop\Projects\Astrum\AstrumServer\AstrumServer\Generated\gamemessages_C_2000.cs”中定义的类型。 [D:\Develop\Projects\Astrum\AstrumServer\AstrumServer\AstrumServer.csproj]
D:\Develop\Projects\Astrum\AstrumServer\AstrumServer\obj\Debug\net9.0\MemoryPack.Generator\MemoryPack.Generator.MemoryPackGenerator\Astrum.Generated.GameStateUpdate.MemoryPackFormatter.g.cs(80,33): warning CS0436: “D:\Develop\Projects\Astrum\AstrumServer\AstrumServer\Generated\gamemessages_C_2000.cs”中的类型“GameStateUpdate”与“Generated, Version=0.0.0.0, Culture=neutral, PublicKeyToken=null”中的导入类型“GameStateUpdate”冲突。请使用“D:\Develop\Projects\Astrum\AstrumServer\AstrumServer\Generated\gamemessages_C_2000.cs”中定义的类型。 [D:\Develop\Projects\Astrum\AstrumServer\AstrumServer\AstrumServer.csproj]
D:\Develop\Projects\Astrum\AstrumServer\AstrumServer\Generated\gamemessages_C_2000.cs(576,23): warning CS0436: “D:\Develop\Projects\Astrum\AstrumServer\AstrumServer\Generated\gamemessages_C_2000.cs”中的类型“GameStateUpdate”与“Generated, Version=0.0.0.0, Culture=neutral, PublicKeyToken=null”中的导入类型“GameStateUpdate”冲突。请使用“D:\Develop\Projects\Astrum\AstrumServer\AstrumServer\Generated\gamemessages_C_2000.cs”中定义的类型。 [D:\Develop\Projects\Astrum\AstrumServer\AstrumServer\AstrumServer.csproj]
D:\Develop\Projects\Astrum\AstrumServer\AstrumServer\Generated\gamemessages_C_2000.cs(591,16): warning CS0436: “D:\Develop\Projects\Astrum\AstrumServer\AstrumServer\Generated\gamemessages_C_2000.cs”中的类型“GameRoomState”与“Generated, Version=0.0.0.0, Culture=neutral, PublicKeyToken=null”中的导入类型“GameRoomState”冲突。请使用“D:\Develop\Projects\Astrum\AstrumServer\AstrumServer\Generated\gamemessages_C_2000.cs”中定义的类型。 [D:\Develop\Projects\Astrum\AstrumServer\AstrumServer\AstrumServer.csproj]
D:\Develop\Projects\Astrum\AstrumServer\AstrumServer\Generated\networkcommon_C_1000.cs(64,23): warning CS0436: “D:\Develop\Projects\Astrum\AstrumServer\AstrumServer\Generated\networkcommon_C_1000.cs”中的类型“RoomInfo”与“Generated, Version=0.0.0.0, Culture=neutral, PublicKeyToken=null”中的导入类型“RoomInfo”冲突。请使用“D:\Develop\Projects\Astrum\AstrumServer\AstrumServer\Generated\networkcommon_C_1000.cs”中定义的类型。 [D:\Develop\Projects\Astrum\AstrumServer\AstrumServer\AstrumServer.csproj]
D:\Develop\Projects\Astrum\AstrumServer\AstrumServer\obj\Debug\net9.0\MemoryPack.Generator\MemoryPack.Generator.MemoryPackGenerator\Astrum.Generated.GameResponse.MemoryPackFormatter.g.cs(61,127): warning CS0436: “D:\Develop\Projects\Astrum\AstrumServer\AstrumServer\Generated\game_S_3000.cs”中的类型“GameResponse”与“Generated, Version=0.0.0.0, Culture=neutral, PublicKeyToken=null”中的导入类型“GameResponse”冲突。请使用“D:\Develop\Projects\Astrum\AstrumServer\AstrumServer\Generated\game_S_3000.cs”中定义的类型。 [D:\Develop\Projects\Astrum\AstrumServer\AstrumServer\AstrumServer.csproj]
D:\Develop\Projects\Astrum\AstrumServer\AstrumServer\obj\Debug\net9.0\MemoryPack.Generator\MemoryPack.Generator.MemoryPackGenerator\Astrum.Generated.GameResponse.MemoryPackFormatter.g.cs(81,99): warning CS0436: “D:\Develop\Projects\Astrum\AstrumServer\AstrumServer\Generated\game_S_3000.cs”中的类型“GameResponse”与“Generated, Version=0.0.0.0, Culture=neutral, PublicKeyToken=null”中的导入类型“GameResponse”冲突。请使用“D:\Develop\Projects\Astrum\AstrumServer\AstrumServer\Generated\game_S_3000.cs”中定义的类型。 [D:\Develop\Projects\Astrum\AstrumServer\AstrumServer\AstrumServer.csproj]
D:\Develop\Projects\Astrum\AstrumServer\AstrumServer\obj\Debug\net9.0\MemoryPack.Generator\MemoryPack.Generator.MemoryPackGenerator\Astrum.Generated.LeaveRoomRequest.MemoryPackFormatter.g.cs(33,50): warning CS0436: “D:\Develop\Projects\Astrum\AstrumServer\AstrumServer\Generated\networkcommon_C_1000.cs”中的类型“LeaveRoomRequest”与“Generated, Version=0.0.0.0, Culture=neutral, PublicKeyToken=null”中的导入类型“LeaveRoomRequest”冲突。请使用“D:\Develop\Projects\Astrum\AstrumServer\AstrumServer\Generated\networkcommon_C_1000.cs”中定义的类型。 [D:\Develop\Projects\Astrum\AstrumServer\AstrumServer\AstrumServer.csproj]
D:\Develop\Projects\Astrum\AstrumServer\AstrumServer\obj\Debug\net9.0\MemoryPack.Generator\MemoryPack.Generator.MemoryPackGenerator\Astrum.Generated.RoomInfo.MemoryPackFormatter.g.cs(72,123): warning CS0436: “D:\Develop\Projects\Astrum\AstrumServer\AstrumServer\Generated\networkcommon_C_1000.cs”中的类型“RoomInfo”与“Generated, Version=0.0.0.0, Culture=neutral, PublicKeyToken=null”中的导入类型“RoomInfo”冲突。请使用“D:\Develop\Projects\Astrum\AstrumServer\AstrumServer\Generated\networkcommon_C_1000.cs”中定义的类型。 [D:\Develop\Projects\Astrum\AstrumServer\AstrumServer\AstrumServer.csproj]
D:\Develop\Projects\Astrum\AstrumServer\AstrumServer\obj\Debug\net9.0\MemoryPack.Generator\MemoryPack.Generator.MemoryPackGenerator\Astrum.Generated.FrameSyncEndNotification.MemoryPackFormatter.g.cs(61,33): warning CS0436: “D:\Develop\Projects\Astrum\AstrumServer\AstrumServer\Generated\gamemessages_C_2000.cs”中的类型“FrameSyncEndNotification”与“Generated, Version=0.0.0.0, Culture=neutral, PublicKeyToken=null”中的导入类型“FrameSyncEndNotification”冲突。请使用“D:\Develop\Projects\Astrum\AstrumServer\AstrumServer\Generated\gamemessages_C_2000.cs”中定义的类型。 [D:\Develop\Projects\Astrum\AstrumServer\AstrumServer\AstrumServer.csproj]
D:\Develop\Projects\Astrum\AstrumServer\AstrumServer\obj\Debug\net9.0\MemoryPack.Generator\MemoryPack.Generator.MemoryPackGenerator\Astrum.Generated.FrameSyncEndNotification.MemoryPackFormatter.g.cs(81,33): warning CS0436: “D:\Develop\Projects\Astrum\AstrumServer\AstrumServer\Generated\gamemessages_C_2000.cs”中的类型“FrameSyncEndNotification”与“Generated, Version=0.0.0.0, Culture=neutral, PublicKeyToken=null”中的导入类型“FrameSyncEndNotification”冲突。请使用“D:\Develop\Projects\Astrum\AstrumServer\AstrumServer\Generated\gamemessages_C_2000.cs”中定义的类型。 [D:\Develop\Projects\Astrum\AstrumServer\AstrumServer\AstrumServer.csproj]
D:\Develop\Projects\Astrum\AstrumServer\AstrumServer\Generated\gamemessages_C_2000.cs(676,23): warning CS0436: “D:\Develop\Projects\Astrum\AstrumServer\AstrumServer\Generated\gamemessages_C_2000.cs”中的类型“FrameSyncEndNotification”与“Generated, Version=0.0.0.0, Culture=neutral, PublicKeyToken=null”中的导入类型“FrameSyncEndNotification”冲突。请使用“D:\Develop\Projects\Astrum\AstrumServer\AstrumServer\Generated\gamemessages_C_2000.cs”中定义的类型。 [D:\Develop\Projects\Astrum\AstrumServer\AstrumServer\AstrumServer.csproj]
D:\Develop\Projects\Astrum\AstrumServer\AstrumServer\obj\Debug\net9.0\MemoryPack.Generator\MemoryPack.Generator.MemoryPackGenerator\Astrum.Generated.RoomInfo.MemoryPackFormatter.g.cs(95,95): warning CS0436: “D:\Develop\Projects\Astrum\AstrumServer\AstrumServer\Generated\networkcommon_C_1000.cs”中的类型“RoomInfo”与“Generated, Version=0.0.0.0, Culture=neutral, PublicKeyToken=null”中的导入类型“RoomInfo”冲突。请使用“D:\Develop\Projects\Astrum\AstrumServer\AstrumServer\Generated\networkcommon_C_1000.cs”中定义的类型。 [D:\Develop\Projects\Astrum\AstrumServer\AstrumServer\AstrumServer.csproj]
D:\Develop\Projects\Astrum\AstrumServer\AstrumServer\obj\Debug\net9.0\MemoryPack.Generator\MemoryPack.Generator.MemoryPackGenerator\Astrum.Generated.LeaveRoomRequest.MemoryPackFormatter.g.cs(59,33): warning CS0436: “D:\Develop\Projects\Astrum\AstrumServer\AstrumServer\Generated\networkcommon_C_1000.cs”中的类型“LeaveRoomRequest”与“Generated, Version=0.0.0.0, Culture=neutral, PublicKeyToken=null”中的导入类型“LeaveRoomRequest”冲突。请使用“D:\Develop\Projects\Astrum\AstrumServer\AstrumServer\Generated\networkcommon_C_1000.cs”中定义的类型。 [D:\Develop\Projects\Astrum\AstrumServer\AstrumServer\AstrumServer.csproj]
D:\Develop\Projects\Astrum\AstrumServer\AstrumServer\obj\Debug\net9.0\MemoryPack.Generator\MemoryPack.Generator.MemoryPackGenerator\Astrum.Generated.LeaveRoomRequest.MemoryPackFormatter.g.cs(78,33): warning CS0436: “D:\Develop\Projects\Astrum\AstrumServer\AstrumServer\Generated\networkcommon_C_1000.cs”中的类型“LeaveRoomRequest”与“Generated, Version=0.0.0.0, Culture=neutral, PublicKeyToken=null”中的导入类型“LeaveRoomRequest”冲突。请使用“D:\Develop\Projects\Astrum\AstrumServer\AstrumServer\Generated\networkcommon_C_1000.cs”中定义的类型。 [D:\Develop\Projects\Astrum\AstrumServer\AstrumServer\AstrumServer.csproj]
D:\Develop\Projects\Astrum\AstrumServer\AstrumServer\Generated\networkcommon_C_1000.cs(271,23): warning CS0436: “D:\Develop\Projects\Astrum\AstrumServer\AstrumServer\Generated\networkcommon_C_1000.cs”中的类型“LeaveRoomRequest”与“Generated, Version=0.0.0.0, Culture=neutral, PublicKeyToken=null”中的导入类型“LeaveRoomRequest”冲突。请使用“D:\Develop\Projects\Astrum\AstrumServer\AstrumServer\Generated\networkcommon_C_1000.cs”中定义的类型。 [D:\Develop\Projects\Astrum\AstrumServer\AstrumServer\AstrumServer.csproj]
D:\Develop\Projects\Astrum\AstrumServer\AstrumServer\obj\Debug\net9.0\MemoryPack.Generator\MemoryPack.Generator.MemoryPackGenerator\Astrum.Generated.GetRoomListResponse.MemoryPackFormatter.g.cs(35,53): warning CS0436: “D:\Develop\Projects\Astrum\AstrumServer\AstrumServer\Generated\networkcommon_C_1000.cs”中的类型“GetRoomListResponse”与“Generated, Version=0.0.0.0, Culture=neutral, PublicKeyToken=null”中的导入类型“GetRoomListResponse”冲突。请使用“D:\Develop\Projects\Astrum\AstrumServer\AstrumServer\Generated\networkcommon_C_1000.cs”中定义的类型。 [D:\Develop\Projects\Astrum\AstrumServer\AstrumServer\AstrumServer.csproj]
D:\Develop\Projects\Astrum\AstrumServer\AstrumServer\obj\Debug\net9.0\MemoryPack.Generator\MemoryPack.Generator.MemoryPackGenerator\Astrum.Generated.CreateRoomResponse.MemoryPackFormatter.g.cs(35,52): warning CS0436: “D:\Develop\Projects\Astrum\AstrumServer\AstrumServer\Generated\networkcommon_C_1000.cs”中的类型“CreateRoomResponse”与“Generated, Version=0.0.0.0, Culture=neutral, PublicKeyToken=null”中的导入类型“CreateRoomResponse”冲突。请使用“D:\Develop\Projects\Astrum\AstrumServer\AstrumServer\Generated\networkcommon_C_1000.cs”中定义的类型。 [D:\Develop\Projects\Astrum\AstrumServer\AstrumServer\AstrumServer.csproj]
D:\Develop\Projects\Astrum\AstrumServer\AstrumServer\obj\Debug\net9.0\MemoryPack.Generator\MemoryPack.Generator.MemoryPackGenerator\Astrum.Generated.FrameSyncEndNotification.MemoryPackFormatter.g.cs(61,139): warning CS0436: “D:\Develop\Projects\Astrum\AstrumServer\AstrumServer\Generated\gamemessages_C_2000.cs”中的类型“FrameSyncEndNotification”与“Generated, Version=0.0.0.0, Culture=neutral, PublicKeyToken=null”中的导入类型“FrameSyncEndNotification”冲突。请使用“D:\Develop\Projects\Astrum\AstrumServer\AstrumServer\Generated\gamemessages_C_2000.cs”中定义的类型。 [D:\Develop\Projects\Astrum\AstrumServer\AstrumServer\AstrumServer.csproj]
D:\Develop\Projects\Astrum\AstrumServer\AstrumServer\obj\Debug\net9.0\MemoryPack.Generator\MemoryPack.Generator.MemoryPackGenerator\Astrum.Generated.FrameSyncEndNotification.MemoryPackFormatter.g.cs(81,111): warning CS0436: “D:\Develop\Projects\Astrum\AstrumServer\AstrumServer\Generated\gamemessages_C_2000.cs”中的类型“FrameSyncEndNotification”与“Generated, Version=0.0.0.0, Culture=neutral, PublicKeyToken=null”中的导入类型“FrameSyncEndNotification”冲突。请使用“D:\Develop\Projects\Astrum\AstrumServer\AstrumServer\Generated\gamemessages_C_2000.cs”中定义的类型。 [D:\Develop\Projects\Astrum\AstrumServer\AstrumServer\AstrumServer.csproj]
D:\Develop\Projects\Astrum\AstrumServer\AstrumServer\obj\Debug\net9.0\MemoryPack.Generator\MemoryPack.Generator.MemoryPackGenerator\Astrum.Generated.UserInfo.MemoryPackFormatter.g.cs(82,95): warning CS0436: “D:\Develop\Projects\Astrum\AstrumServer\AstrumServer\Generated\networkcommon_C_1000.cs”中的类型“UserInfo”与“Generated, Version=0.0.0.0, Culture=neutral, PublicKeyToken=null”中的导入类型“UserInfo”冲突。请使用“D:\Develop\Projects\Astrum\AstrumServer\AstrumServer\Generated\networkcommon_C_1000.cs”中定义的类型。 [D:\Develop\Projects\Astrum\AstrumServer\AstrumServer\AstrumServer.csproj]
D:\Develop\Projects\Astrum\AstrumServer\AstrumServer\obj\Debug\net9.0\MemoryPack.Generator\MemoryPack.Generator.MemoryPackGenerator\Astrum.Generated.SingleInput.MemoryPackFormatter.g.cs(60,33): warning CS0436: “D:\Develop\Projects\Astrum\AstrumServer\AstrumServer\Generated\gamemessages_C_2000.cs”中的类型“SingleInput”与“Generated, Version=0.0.0.0, Culture=neutral, PublicKeyToken=null”中的导入类型“SingleInput”冲突。请使用“D:\Develop\Projects\Astrum\AstrumServer\AstrumServer\Generated\gamemessages_C_2000.cs”中定义的类型。 [D:\Develop\Projects\Astrum\AstrumServer\AstrumServer\AstrumServer.csproj]
D:\Develop\Projects\Astrum\AstrumServer\AstrumServer\obj\Debug\net9.0\MemoryPack.Generator\MemoryPack.Generator.MemoryPackGenerator\Astrum.Generated.SingleInput.MemoryPackFormatter.g.cs(78,33): warning CS0436: “D:\Develop\Projects\Astrum\AstrumServer\AstrumServer\Generated\gamemessages_C_2000.cs”中的类型“SingleInput”与“Generated, Version=0.0.0.0, Culture=neutral, PublicKeyToken=null”中的导入类型“SingleInput”冲突。请使用“D:\Develop\Projects\Astrum\AstrumServer\AstrumServer\Generated\gamemessages_C_2000.cs”中定义的类型。 [D:\Develop\Projects\Astrum\AstrumServer\AstrumServer\AstrumServer.csproj]
D:\Develop\Projects\Astrum\AstrumServer\AstrumServer\obj\Debug\net9.0\MemoryPack.Generator\MemoryPack.Generator.MemoryPackGenerator\Astrum.Generated.CreateRoomResponse.MemoryPackFormatter.g.cs(61,33): warning CS0436: “D:\Develop\Projects\Astrum\AstrumServer\AstrumServer\Generated\networkcommon_C_1000.cs”中的类型“CreateRoomResponse”与“Generated, Version=0.0.0.0, Culture=neutral, PublicKeyToken=null”中的导入类型“CreateRoomResponse”冲突。请使用“D:\Develop\Projects\Astrum\AstrumServer\AstrumServer\Generated\networkcommon_C_1000.cs”中定义的类型。 [D:\Develop\Projects\Astrum\AstrumServer\AstrumServer\AstrumServer.csproj]
D:\Develop\Projects\Astrum\AstrumServer\AstrumServer\obj\Debug\net9.0\MemoryPack.Generator\MemoryPack.Generator.MemoryPackGenerator\Astrum.Generated.CreateRoomResponse.MemoryPackFormatter.g.cs(81,33): warning CS0436: “D:\Develop\Projects\Astrum\AstrumServer\AstrumServer\Generated\networkcommon_C_1000.cs”中的类型“CreateRoomResponse”与“Generated, Version=0.0.0.0, Culture=neutral, PublicKeyToken=null”中的导入类型“CreateRoomResponse”冲突。请使用“D:\Develop\Projects\Astrum\AstrumServer\AstrumServer\Generated\networkcommon_C_1000.cs”中定义的类型。 [D:\Develop\Projects\Astrum\AstrumServer\AstrumServer\AstrumServer.csproj]
D:\Develop\Projects\Astrum\AstrumServer\AstrumServer\obj\Debug\net9.0\MemoryPack.Generator\MemoryPack.Generator.MemoryPackGenerator\Astrum.Generated.CreateRoomRequest.MemoryPackFormatter.g.cs(60,132): warning CS0436: “D:\Develop\Projects\Astrum\AstrumServer\AstrumServer\Generated\networkcommon_C_1000.cs”中的类型“CreateRoomRequest”与“Generated, Version=0.0.0.0, Culture=neutral, PublicKeyToken=null”中的导入类型“CreateRoomRequest”冲突。请使用“D:\Develop\Projects\Astrum\AstrumServer\AstrumServer\Generated\networkcommon_C_1000.cs”中定义的类型。 [D:\Develop\Projects\Astrum\AstrumServer\AstrumServer\AstrumServer.csproj]
D:\Develop\Projects\Astrum\AstrumServer\AstrumServer\Generated\gamemessages_C_2000.cs(776,23): warning CS0436: “D:\Develop\Projects\Astrum\AstrumServer\AstrumServer\Generated\gamemessages_C_2000.cs”中的类型“SingleInput”与“Generated, Version=0.0.0.0, Culture=neutral, PublicKeyToken=null”中的导入类型“SingleInput”冲突。请使用“D:\Develop\Projects\Astrum\AstrumServer\AstrumServer\Generated\gamemessages_C_2000.cs”中定义的类型。 [D:\Develop\Projects\Astrum\AstrumServer\AstrumServer\AstrumServer.csproj]
D:\Develop\Projects\Astrum\AstrumServer\AstrumServer\Generated\networkcommon_C_1000.cs(436,23): warning CS0436: “D:\Develop\Projects\Astrum\AstrumServer\AstrumServer\Generated\networkcommon_C_1000.cs”中的类型“CreateRoomResponse”与“Generated, Version=0.0.0.0, Culture=neutral, PublicKeyToken=null”中的导入类型“CreateRoomResponse”冲突。请使用“D:\Develop\Projects\Astrum\AstrumServer\AstrumServer\Generated\networkcommon_C_1000.cs”中定义的类型。 [D:\Develop\Projects\Astrum\AstrumServer\AstrumServer\AstrumServer.csproj]
D:\Develop\Projects\Astrum\AstrumServer\AstrumServer\Generated\gamemessages_C_2000.cs(797,16): warning CS0436: “D:\Develop\Projects\Astrum\AstrumServer\AstrumServer\Generated\gamemessages_C_2000.cs”中的类型“LSInput”与“Generated, Version=0.0.0.0, Culture=neutral, PublicKeyToken=null”中的导入类型“LSInput”冲突。请使用“D:\Develop\Projects\Astrum\AstrumServer\AstrumServer\Generated\gamemessages_C_2000.cs”中定义的类型。 [D:\Develop\Projects\Astrum\AstrumServer\AstrumServer\AstrumServer.csproj]
D:\Develop\Projects\Astrum\AstrumServer\AstrumServer\Generated\networkcommon_C_1000.cs(457,16): warning CS0436: “D:\Develop\Projects\Astrum\AstrumServer\AstrumServer\Generated\networkcommon_C_1000.cs”中的类型“RoomInfo”与“Generated, Version=0.0.0.0, Culture=neutral, PublicKeyToken=null”中的导入类型“RoomInfo”冲突。请使用“D:\Develop\Projects\Astrum\AstrumServer\AstrumServer\Generated\networkcommon_C_1000.cs”中定义的类型。 [D:\Develop\Projects\Astrum\AstrumServer\AstrumServer\AstrumServer.csproj]
D:\Develop\Projects\Astrum\AstrumServer\AstrumServer\obj\Debug\net9.0\MemoryPack.Generator\MemoryPack.Generator.MemoryPackGenerator\Astrum.Generated.CreateRoomRequest.MemoryPackFormatter.g.cs(79,104): warning CS0436: “D:\Develop\Projects\Astrum\AstrumServer\AstrumServer\Generated\networkcommon_C_1000.cs”中的类型“CreateRoomRequest”与“Generated, Version=0.0.0.0, Culture=neutral, PublicKeyToken=null”中的导入类型“CreateRoomRequest”冲突。请使用“D:\Develop\Projects\Astrum\AstrumServer\AstrumServer\Generated\networkcommon_C_1000.cs”中定义的类型。 [D:\Develop\Projects\Astrum\AstrumServer\AstrumServer\AstrumServer.csproj]
D:\Develop\Projects\Astrum\AstrumServer\AstrumServer\obj\Debug\net9.0\MemoryPack.Generator\MemoryPack.Generator.MemoryPackGenerator\Astrum.Generated.JoinRoomResponse.MemoryPackFormatter.g.cs(35,50): warning CS0436: “D:\Develop\Projects\Astrum\AstrumServer\AstrumServer\Generated\networkcommon_C_1000.cs”中的类型“JoinRoomResponse”与“Generated, Version=0.0.0.0, Culture=neutral, PublicKeyToken=null”中的导入类型“JoinRoomResponse”冲突。请使用“D:\Develop\Projects\Astrum\AstrumServer\AstrumServer\Generated\networkcommon_C_1000.cs”中定义的类型。 [D:\Develop\Projects\Astrum\AstrumServer\AstrumServer\AstrumServer.csproj]
D:\Develop\Projects\Astrum\AstrumServer\AstrumServer\obj\Debug\net9.0\MemoryPack.Generator\MemoryPack.Generator.MemoryPackGenerator\Astrum.Generated.SingleInput.MemoryPackFormatter.g.cs(60,126): warning CS0436: “D:\Develop\Projects\Astrum\AstrumServer\AstrumServer\Generated\gamemessages_C_2000.cs”中的类型“SingleInput”与“Generated, Version=0.0.0.0, Culture=neutral, PublicKeyToken=null”中的导入类型“SingleInput”冲突。请使用“D:\Develop\Projects\Astrum\AstrumServer\AstrumServer\Generated\gamemessages_C_2000.cs”中定义的类型。 [D:\Develop\Projects\Astrum\AstrumServer\AstrumServer\AstrumServer.csproj]
D:\Develop\Projects\Astrum\AstrumServer\AstrumServer\obj\Debug\net9.0\MemoryPack.Generator\MemoryPack.Generator.MemoryPackGenerator\Astrum.Generated.GameStateUpdate.MemoryPackFormatter.g.cs(60,130): warning CS0436: “D:\Develop\Projects\Astrum\AstrumServer\AstrumServer\Generated\gamemessages_C_2000.cs”中的类型“GameStateUpdate”与“Generated, Version=0.0.0.0, Culture=neutral, PublicKeyToken=null”中的导入类型“GameStateUpdate”冲突。请使用“D:\Develop\Projects\Astrum\AstrumServer\AstrumServer\Generated\gamemessages_C_2000.cs”中定义的类型。 [D:\Develop\Projects\Astrum\AstrumServer\AstrumServer\AstrumServer.csproj]
D:\Develop\Projects\Astrum\AstrumServer\AstrumServer\obj\Debug\net9.0\MemoryPack.Generator\MemoryPack.Generator.MemoryPackGenerator\Astrum.Generated.GameStateUpdate.MemoryPackFormatter.g.cs(80,102): warning CS0436: “D:\Develop\Projects\Astrum\AstrumServer\AstrumServer\Generated\gamemessages_C_2000.cs”中的类型“GameStateUpdate”与“Generated, Version=0.0.0.0, Culture=neutral, PublicKeyToken=null”中的导入类型“GameStateUpdate”冲突。请使用“D:\Develop\Projects\Astrum\AstrumServer\AstrumServer\Generated\gamemessages_C_2000.cs”中定义的类型。 [D:\Develop\Projects\Astrum\AstrumServer\AstrumServer\AstrumServer.csproj]
D:\Develop\Projects\Astrum\AstrumServer\AstrumServer\obj\Debug\net9.0\MemoryPack.Generator\MemoryPack.Generator.MemoryPackGenerator\Astrum.Generated.LeaveRoomResponse.MemoryPackFormatter.g.cs(35,51): warning CS0436: “D:\Develop\Projects\Astrum\AstrumServer\AstrumServer\Generated\networkcommon_C_1000.cs”中的类型“LeaveRoomResponse”与“Generated, Version=0.0.0.0, Culture=neutral, PublicKeyToken=null”中的导入类型“LeaveRoomResponse”冲突。请使用“D:\Develop\Projects\Astrum\AstrumServer\AstrumServer\Generated\networkcommon_C_1000.cs”中定义的类型。 [D:\Develop\Projects\Astrum\AstrumServer\AstrumServer\AstrumServer.csproj]
D:\Develop\Projects\Astrum\AstrumServer\AstrumServer\obj\Debug\net9.0\MemoryPack.Generator\MemoryPack.Generator.MemoryPackGenerator\Astrum.Generated.LeaveRoomResponse.MemoryPackFormatter.g.cs(61,33): warning CS0436: “D:\Develop\Projects\Astrum\AstrumServer\AstrumServer\Generated\networkcommon_C_1000.cs”中的类型“LeaveRoomResponse”与“Generated, Version=0.0.0.0, Culture=neutral, PublicKeyToken=null”中的导入类型“LeaveRoomResponse”冲突。请使用“D:\Develop\Projects\Astrum\AstrumServer\AstrumServer\Generated\networkcommon_C_1000.cs”中定义的类型。 [D:\Develop\Projects\Astrum\AstrumServer\AstrumServer\AstrumServer.csproj]
D:\Develop\Projects\Astrum\AstrumServer\AstrumServer\obj\Debug\net9.0\MemoryPack.Generator\MemoryPack.Generator.MemoryPackGenerator\Astrum.Generated.LeaveRoomResponse.MemoryPackFormatter.g.cs(81,33): warning CS0436: “D:\Develop\Projects\Astrum\AstrumServer\AstrumServer\Generated\networkcommon_C_1000.cs”中的类型“LeaveRoomResponse”与“Generated, Version=0.0.0.0, Culture=neutral, PublicKeyToken=null”中的导入类型“LeaveRoomResponse”冲突。请使用“D:\Develop\Projects\Astrum\AstrumServer\AstrumServer\Generated\networkcommon_C_1000.cs”中定义的类型。 [D:\Develop\Projects\Astrum\AstrumServer\AstrumServer\AstrumServer.csproj]
D:\Develop\Projects\Astrum\AstrumServer\AstrumServer\Generated\networkcommon_C_1000.cs(536,23): warning CS0436: “D:\Develop\Projects\Astrum\AstrumServer\AstrumServer\Generated\networkcommon_C_1000.cs”中的类型“LeaveRoomResponse”与“Generated, Version=0.0.0.0, Culture=neutral, PublicKeyToken=null”中的导入类型“LeaveRoomResponse”冲突。请使用“D:\Develop\Projects\Astrum\AstrumServer\AstrumServer\Generated\networkcommon_C_1000.cs”中定义的类型。 [D:\Develop\Projects\Astrum\AstrumServer\AstrumServer\AstrumServer.csproj]
D:\Develop\Projects\Astrum\AstrumServer\AstrumServer\obj\Debug\net9.0\MemoryPack.Generator\MemoryPack.Generator.MemoryPackGenerator\Astrum.Generated.LeaveRoomRequest.MemoryPackFormatter.g.cs(59,131): warning CS0436: “D:\Develop\Projects\Astrum\AstrumServer\AstrumServer\Generated\networkcommon_C_1000.cs”中的类型“LeaveRoomRequest”与“Generated, Version=0.0.0.0, Culture=neutral, PublicKeyToken=null”中的导入类型“LeaveRoomRequest”冲突。请使用“D:\Develop\Projects\Astrum\AstrumServer\AstrumServer\Generated\networkcommon_C_1000.cs”中定义的类型。 [D:\Develop\Projects\Astrum\AstrumServer\AstrumServer\AstrumServer.csproj]
D:\Develop\Projects\Astrum\AstrumServer\AstrumServer\obj\Debug\net9.0\MemoryPack.Generator\MemoryPack.Generator.MemoryPackGenerator\Astrum.Generated.GetRoomListResponse.MemoryPackFormatter.g.cs(65,33): warning CS0436: “D:\Develop\Projects\Astrum\AstrumServer\AstrumServer\Generated\networkcommon_C_1000.cs”中的类型“GetRoomListResponse”与“Generated, Version=0.0.0.0, Culture=neutral, PublicKeyToken=null”中的导入类型“GetRoomListResponse”冲突。请使用“D:\Develop\Projects\Astrum\AstrumServer\AstrumServer\Generated\networkcommon_C_1000.cs”中定义的类型。 [D:\Develop\Projects\Astrum\AstrumServer\AstrumServer\AstrumServer.csproj]
D:\Develop\Projects\Astrum\AstrumServer\AstrumServer\obj\Debug\net9.0\MemoryPack.Generator\MemoryPack.Generator.MemoryPackGenerator\Astrum.Generated.GetRoomListResponse.MemoryPackFormatter.g.cs(85,33): warning CS0436: “D:\Develop\Projects\Astrum\AstrumServer\AstrumServer\Generated\networkcommon_C_1000.cs”中的类型“GetRoomListResponse”与“Generated, Version=0.0.0.0, Culture=neutral, PublicKeyToken=null”中的导入类型“GetRoomListResponse”冲突。请使用“D:\Develop\Projects\Astrum\AstrumServer\AstrumServer\Generated\networkcommon_C_1000.cs”中定义的类型。 [D:\Develop\Projects\Astrum\AstrumServer\AstrumServer\AstrumServer.csproj]
D:\Develop\Projects\Astrum\AstrumServer\AstrumServer\Generated\networkcommon_C_1000.cs(336,23): warning CS0436: “D:\Develop\Projects\Astrum\AstrumServer\AstrumServer\Generated\networkcommon_C_1000.cs”中的类型“GetRoomListResponse”与“Generated, Version=0.0.0.0, Culture=neutral, PublicKeyToken=null”中的导入类型“GetRoomListResponse”冲突。请使用“D:\Develop\Projects\Astrum\AstrumServer\AstrumServer\Generated\networkcommon_C_1000.cs”中定义的类型。 [D:\Develop\Projects\Astrum\AstrumServer\AstrumServer\AstrumServer.csproj]
D:\Develop\Projects\Astrum\AstrumServer\AstrumServer\obj\Debug\net9.0\MemoryPack.Generator\MemoryPack.Generator.MemoryPackGenerator\Astrum.Generated.CreateRoomResponse.MemoryPackFormatter.g.cs(61,133): warning CS0436: “D:\Develop\Projects\Astrum\AstrumServer\AstrumServer\Generated\networkcommon_C_1000.cs”中的类型“CreateRoomResponse”与“Generated, Version=0.0.0.0, Culture=neutral, PublicKeyToken=null”中的导入类型“CreateRoomResponse”冲突。请使用“D:\Develop\Projects\Astrum\AstrumServer\AstrumServer\Generated\networkcommon_C_1000.cs”中定义的类型。 [D:\Develop\Projects\Astrum\AstrumServer\AstrumServer\AstrumServer.csproj]
D:\Develop\Projects\Astrum\AstrumServer\AstrumServer\obj\Debug\net9.0\MemoryPack.Generator\MemoryPack.Generator.MemoryPackGenerator\Astrum.Generated.LeaveRoomRequest.MemoryPackFormatter.g.cs(78,103): warning CS0436: “D:\Develop\Projects\Astrum\AstrumServer\AstrumServer\Generated\networkcommon_C_1000.cs”中的类型“LeaveRoomRequest”与“Generated, Version=0.0.0.0, Culture=neutral, PublicKeyToken=null”中的导入类型“LeaveRoomRequest”冲突。请使用“D:\Develop\Projects\Astrum\AstrumServer\AstrumServer\Generated\networkcommon_C_1000.cs”中定义的类型。 [D:\Develop\Projects\Astrum\AstrumServer\AstrumServer\AstrumServer.csproj]
D:\Develop\Projects\Astrum\AstrumServer\AstrumServer\Generated\networkcommon_C_1000.cs(357,21): warning CS0436: “D:\Develop\Projects\Astrum\AstrumServer\AstrumServer\Generated\networkcommon_C_1000.cs”中的类型“RoomInfo”与“Generated, Version=0.0.0.0, Culture=neutral, PublicKeyToken=null”中的导入类型“RoomInfo”冲突。请使用“D:\Develop\Projects\Astrum\AstrumServer\AstrumServer\Generated\networkcommon_C_1000.cs”中定义的类型。 [D:\Develop\Projects\Astrum\AstrumServer\AstrumServer\AstrumServer.csproj]
D:\Develop\Projects\Astrum\AstrumServer\AstrumServer\obj\Debug\net9.0\MemoryPack.Generator\MemoryPack.Generator.MemoryPackGenerator\Astrum.Generated.CreateRoomResponse.MemoryPackFormatter.g.cs(81,105): warning CS0436: “D:\Develop\Projects\Astrum\AstrumServer\AstrumServer\Generated\networkcommon_C_1000.cs”中的类型“CreateRoomResponse”与“Generated, Version=0.0.0.0, Culture=neutral, PublicKeyToken=null”中的导入类型“CreateRoomResponse”冲突。请使用“D:\Develop\Projects\Astrum\AstrumServer\AstrumServer\Generated\networkcommon_C_1000.cs”中定义的类型。 [D:\Develop\Projects\Astrum\AstrumServer\AstrumServer\AstrumServer.csproj]
D:\Develop\Projects\Astrum\AstrumServer\AstrumServer\obj\Debug\net9.0\MemoryPack.Generator\MemoryPack.Generator.MemoryPackGenerator\Astrum.Generated.GetRoomListResponse.MemoryPackFormatter.g.cs(65,134): warning CS0436: “D:\Develop\Projects\Astrum\AstrumServer\AstrumServer\Generated\networkcommon_C_1000.cs”中的类型“GetRoomListResponse”与“Generated, Version=0.0.0.0, Culture=neutral, PublicKeyToken=null”中的导入类型“GetRoomListResponse”冲突。请使用“D:\Develop\Projects\Astrum\AstrumServer\AstrumServer\Generated\networkcommon_C_1000.cs”中定义的类型。 [D:\Develop\Projects\Astrum\AstrumServer\AstrumServer\AstrumServer.csproj]
D:\Develop\Projects\Astrum\AstrumServer\AstrumServer\obj\Debug\net9.0\MemoryPack.Generator\MemoryPack.Generator.MemoryPackGenerator\Astrum.Generated.C2G_Ping.MemoryPackFormatter.g.cs(32,42): warning CS0436: “D:\Develop\Projects\Astrum\AstrumServer\AstrumServer\Generated\networkcommon_C_1000.cs”中的类型“C2G_Ping”与“Generated, Version=0.0.0.0, Culture=neutral, PublicKeyToken=null”中的导入类型“C2G_Ping”冲突。请使用“D:\Develop\Projects\Astrum\AstrumServer\AstrumServer\Generated\networkcommon_C_1000.cs”中定义的类型。 [D:\Develop\Projects\Astrum\AstrumServer\AstrumServer\AstrumServer.csproj]
D:\Develop\Projects\Astrum\AstrumServer\AstrumServer\obj\Debug\net9.0\MemoryPack.Generator\MemoryPack.Generator.MemoryPackGenerator\Astrum.Generated.SingleInput.MemoryPackFormatter.g.cs(78,98): warning CS0436: “D:\Develop\Projects\Astrum\AstrumServer\AstrumServer\Generated\gamemessages_C_2000.cs”中的类型“SingleInput”与“Generated, Version=0.0.0.0, Culture=neutral, PublicKeyToken=null”中的导入类型“SingleInput”冲突。请使用“D:\Develop\Projects\Astrum\AstrumServer\AstrumServer\Generated\gamemessages_C_2000.cs”中定义的类型。 [D:\Develop\Projects\Astrum\AstrumServer\AstrumServer\AstrumServer.csproj]
D:\Develop\Projects\Astrum\AstrumServer\AstrumServer\obj\Debug\net9.0\MemoryPack.Generator\MemoryPack.Generator.MemoryPackGenerator\Astrum.Generated.JoinRoomRequest.MemoryPackFormatter.g.cs(33,49): warning CS0436: “D:\Develop\Projects\Astrum\AstrumServer\AstrumServer\Generated\networkcommon_C_1000.cs”中的类型“JoinRoomRequest”与“Generated, Version=0.0.0.0, Culture=neutral, PublicKeyToken=null”中的导入类型“JoinRoomRequest”冲突。请使用“D:\Develop\Projects\Astrum\AstrumServer\AstrumServer\Generated\networkcommon_C_1000.cs”中定义的类型。 [D:\Develop\Projects\Astrum\AstrumServer\AstrumServer\AstrumServer.csproj]
D:\Develop\Projects\Astrum\AstrumServer\AstrumServer\obj\Debug\net9.0\MemoryPack.Generator\MemoryPack.Generator.MemoryPackGenerator\Astrum.Generated.QuickMatchRequest.MemoryPackFormatter.g.cs(32,51): warning CS0436: “D:\Develop\Projects\Astrum\AstrumServer\AstrumServer\Generated\networkcommon_C_1000.cs”中的类型“QuickMatchRequest”与“Generated, Version=0.0.0.0, Culture=neutral, PublicKeyToken=null”中的导入类型“QuickMatchRequest”冲突。请使用“D:\Develop\Projects\Astrum\AstrumServer\AstrumServer\Generated\networkcommon_C_1000.cs”中定义的类型。 [D:\Develop\Projects\Astrum\AstrumServer\AstrumServer\AstrumServer.csproj]
D:\Develop\Projects\Astrum\AstrumServer\AstrumServer\obj\Debug\net9.0\MemoryPack.Generator\MemoryPack.Generator.MemoryPackGenerator\Astrum.Generated.C2G_Ping.MemoryPackFormatter.g.cs(61,33): warning CS0436: “D:\Develop\Projects\Astrum\AstrumServer\AstrumServer\Generated\networkcommon_C_1000.cs”中的类型“C2G_Ping”与“Generated, Version=0.0.0.0, Culture=neutral, PublicKeyToken=null”中的导入类型“C2G_Ping”冲突。请使用“D:\Develop\Projects\Astrum\AstrumServer\AstrumServer\Generated\networkcommon_C_1000.cs”中定义的类型。 [D:\Develop\Projects\Astrum\AstrumServer\AstrumServer\AstrumServer.csproj]
D:\Develop\Projects\Astrum\AstrumServer\AstrumServer\obj\Debug\net9.0\MemoryPack.Generator\MemoryPack.Generator.MemoryPackGenerator\Astrum.Generated.C2G_Ping.MemoryPackFormatter.g.cs(78,33): warning CS0436: “D:\Develop\Projects\Astrum\AstrumServer\AstrumServer\Generated\networkcommon_C_1000.cs”中的类型“C2G_Ping”与“Generated, Version=0.0.0.0, Culture=neutral, PublicKeyToken=null”中的导入类型“C2G_Ping”冲突。请使用“D:\Develop\Projects\Astrum\AstrumServer\AstrumServer\Generated\networkcommon_C_1000.cs”中定义的类型。 [D:\Develop\Projects\Astrum\AstrumServer\AstrumServer\AstrumServer.csproj]
D:\Develop\Projects\Astrum\AstrumServer\AstrumServer\Generated\networkcommon_C_1000.cs(708,23): warning CS0436: “D:\Develop\Projects\Astrum\AstrumServer\AstrumServer\Generated\networkcommon_C_1000.cs”中的类型“C2G_Ping”与“Generated, Version=0.0.0.0, Culture=neutral, PublicKeyToken=null”中的导入类型“C2G_Ping”冲突。请使用“D:\Develop\Projects\Astrum\AstrumServer\AstrumServer\Generated\networkcommon_C_1000.cs”中定义的类型。 [D:\Develop\Projects\Astrum\AstrumServer\AstrumServer\AstrumServer.csproj]
D:\Develop\Projects\Astrum\AstrumServer\AstrumServer\obj\Debug\net9.0\MemoryPack.Generator\MemoryPack.Generator.MemoryPackGenerator\Astrum.Generated.JoinRoomRequest.MemoryPackFormatter.g.cs(59,33): warning CS0436: “D:\Develop\Projects\Astrum\AstrumServer\AstrumServer\Generated\networkcommon_C_1000.cs”中的类型“JoinRoomRequest”与“Generated, Version=0.0.0.0, Culture=neutral, PublicKeyToken=null”中的导入类型“JoinRoomRequest”冲突。请使用“D:\Develop\Projects\Astrum\AstrumServer\AstrumServer\Generated\networkcommon_C_1000.cs”中定义的类型。 [D:\Develop\Projects\Astrum\AstrumServer\AstrumServer\AstrumServer.csproj]
D:\Develop\Projects\Astrum\AstrumServer\AstrumServer\obj\Debug\net9.0\MemoryPack.Generator\MemoryPack.Generator.MemoryPackGenerator\Astrum.Generated.JoinRoomRequest.MemoryPackFormatter.g.cs(78,33): warning CS0436: “D:\Develop\Projects\Astrum\AstrumServer\AstrumServer\Generated\networkcommon_C_1000.cs”中的类型“JoinRoomRequest”与“Generated, Version=0.0.0.0, Culture=neutral, PublicKeyToken=null”中的导入类型“JoinRoomRequest”冲突。请使用“D:\Develop\Projects\Astrum\AstrumServer\AstrumServer\Generated\networkcommon_C_1000.cs”中定义的类型。 [D:\Develop\Projects\Astrum\AstrumServer\AstrumServer\AstrumServer.csproj]
D:\Develop\Projects\Astrum\AstrumServer\AstrumServer\Generated\networkcommon_C_1000.cs(235,23): warning CS0436: “D:\Develop\Projects\Astrum\AstrumServer\AstrumServer\Generated\networkcommon_C_1000.cs”中的类型“JoinRoomRequest”与“Generated, Version=0.0.0.0, Culture=neutral, PublicKeyToken=null”中的导入类型“JoinRoomRequest”冲突。请使用“D:\Develop\Projects\Astrum\AstrumServer\AstrumServer\Generated\networkcommon_C_1000.cs”中定义的类型。 [D:\Develop\Projects\Astrum\AstrumServer\AstrumServer\AstrumServer.csproj]
D:\Develop\Projects\Astrum\AstrumServer\AstrumServer\obj\Debug\net9.0\MemoryPack.Generator\MemoryPack.Generator.MemoryPackGenerator\Astrum.Generated.CancelMatchRequest.MemoryPackFormatter.g.cs(32,52): warning CS0436: “D:\Develop\Projects\Astrum\AstrumServer\AstrumServer\Generated\networkcommon_C_1000.cs”中的类型“CancelMatchRequest”与“Generated, Version=0.0.0.0, Culture=neutral, PublicKeyToken=null”中的导入类型“CancelMatchRequest”冲突。请使用“D:\Develop\Projects\Astrum\AstrumServer\AstrumServer\Generated\networkcommon_C_1000.cs”中定义的类型。 [D:\Develop\Projects\Astrum\AstrumServer\AstrumServer\AstrumServer.csproj]
D:\Develop\Projects\Astrum\AstrumServer\AstrumServer\obj\Debug\net9.0\MemoryPack.Generator\MemoryPack.Generator.MemoryPackGenerator\Astrum.Generated.QuickMatchRequest.MemoryPackFormatter.g.cs(61,33): warning CS0436: “D:\Develop\Projects\Astrum\AstrumServer\AstrumServer\Generated\networkcommon_C_1000.cs”中的类型“QuickMatchRequest”与“Generated, Version=0.0.0.0, Culture=neutral, PublicKeyToken=null”中的导入类型“QuickMatchRequest”冲突。请使用“D:\Develop\Projects\Astrum\AstrumServer\AstrumServer\Generated\networkcommon_C_1000.cs”中定义的类型。 [D:\Develop\Projects\Astrum\AstrumServer\AstrumServer\AstrumServer.csproj]
D:\Develop\Projects\Astrum\AstrumServer\AstrumServer\obj\Debug\net9.0\MemoryPack.Generator\MemoryPack.Generator.MemoryPackGenerator\Astrum.Generated.QuickMatchRequest.MemoryPackFormatter.g.cs(78,33): warning CS0436: “D:\Develop\Projects\Astrum\AstrumServer\AstrumServer\Generated\networkcommon_C_1000.cs”中的类型“QuickMatchRequest”与“Generated, Version=0.0.0.0, Culture=neutral, PublicKeyToken=null”中的导入类型“QuickMatchRequest”冲突。请使用“D:\Develop\Projects\Astrum\AstrumServer\AstrumServer\Generated\networkcommon_C_1000.cs”中定义的类型。 [D:\Develop\Projects\Astrum\AstrumServer\AstrumServer\AstrumServer.csproj]
D:\Develop\Projects\Astrum\AstrumServer\AstrumServer\obj\Debug\net9.0\MemoryPack.Generator\MemoryPack.Generator.MemoryPackGenerator\Astrum.Generated.JoinRoomResponse.MemoryPackFormatter.g.cs(61,33): warning CS0436: “D:\Develop\Projects\Astrum\AstrumServer\AstrumServer\Generated\networkcommon_C_1000.cs”中的类型“JoinRoomResponse”与“Generated, Version=0.0.0.0, Culture=neutral, PublicKeyToken=null”中的导入类型“JoinRoomResponse”冲突。请使用“D:\Develop\Projects\Astrum\AstrumServer\AstrumServer\Generated\networkcommon_C_1000.cs”中定义的类型。 [D:\Develop\Projects\Astrum\AstrumServer\AstrumServer\AstrumServer.csproj]
D:\Develop\Projects\Astrum\AstrumServer\AstrumServer\obj\Debug\net9.0\MemoryPack.Generator\MemoryPack.Generator.MemoryPackGenerator\Astrum.Generated.JoinRoomResponse.MemoryPackFormatter.g.cs(81,33): warning CS0436: “D:\Develop\Projects\Astrum\AstrumServer\AstrumServer\Generated\networkcommon_C_1000.cs”中的类型“JoinRoomResponse”与“Generated, Version=0.0.0.0, Culture=neutral, PublicKeyToken=null”中的导入类型“JoinRoomResponse”冲突。请使用“D:\Develop\Projects\Astrum\AstrumServer\AstrumServer\Generated\networkcommon_C_1000.cs”中定义的类型。 [D:\Develop\Projects\Astrum\AstrumServer\AstrumServer\AstrumServer.csproj]
D:\Develop\Projects\Astrum\AstrumServer\AstrumServer\Generated\networkcommon_C_1000.cs(767,23): warning CS0436: “D:\Develop\Projects\Astrum\AstrumServer\AstrumServer\Generated\networkcommon_C_1000.cs”中的类型“QuickMatchRequest”与“Generated, Version=0.0.0.0, Culture=neutral, PublicKeyToken=null”中的导入类型“QuickMatchRequest”冲突。请使用“D:\Develop\Projects\Astrum\AstrumServer\AstrumServer\Generated\networkcommon_C_1000.cs”中定义的类型。 [D:\Develop\Projects\Astrum\AstrumServer\AstrumServer\AstrumServer.csproj]
D:\Develop\Projects\Astrum\AstrumServer\AstrumServer\Generated\networkcommon_C_1000.cs(486,23): warning CS0436: “D:\Develop\Projects\Astrum\AstrumServer\AstrumServer\Generated\networkcommon_C_1000.cs”中的类型“JoinRoomResponse”与“Generated, Version=0.0.0.0, Culture=neutral, PublicKeyToken=null”中的导入类型“JoinRoomResponse”冲突。请使用“D:\Develop\Projects\Astrum\AstrumServer\AstrumServer\Generated\networkcommon_C_1000.cs”中定义的类型。 [D:\Develop\Projects\Astrum\AstrumServer\AstrumServer\AstrumServer.csproj]
D:\Develop\Projects\Astrum\AstrumServer\AstrumServer\Generated\networkcommon_C_1000.cs(507,16): warning CS0436: “D:\Develop\Projects\Astrum\AstrumServer\AstrumServer\Generated\networkcommon_C_1000.cs”中的类型“RoomInfo”与“Generated, Version=0.0.0.0, Culture=neutral, PublicKeyToken=null”中的导入类型“RoomInfo”冲突。请使用“D:\Develop\Projects\Astrum\AstrumServer\AstrumServer\Generated\networkcommon_C_1000.cs”中定义的类型。 [D:\Develop\Projects\Astrum\AstrumServer\AstrumServer\AstrumServer.csproj]
D:\Develop\Projects\Astrum\AstrumServer\AstrumServer\obj\Debug\net9.0\MemoryPack.Generator\MemoryPack.Generator.MemoryPackGenerator\Astrum.Generated.HeartbeatMessage.MemoryPackFormatter.g.cs(33,50): warning CS0436: “D:\Develop\Projects\Astrum\AstrumServer\AstrumServer\Generated\networkcommon_C_1000.cs”中的类型“HeartbeatMessage”与“Generated, Version=0.0.0.0, Culture=neutral, PublicKeyToken=null”中的导入类型“HeartbeatMessage”冲突。请使用“D:\Develop\Projects\Astrum\AstrumServer\AstrumServer\Generated\networkcommon_C_1000.cs”中定义的类型。 [D:\Develop\Projects\Astrum\AstrumServer\AstrumServer\AstrumServer.csproj]
D:\Develop\Projects\Astrum\AstrumServer\AstrumServer\obj\Debug\net9.0\MemoryPack.Generator\MemoryPack.Generator.MemoryPackGenerator\Astrum.Generated.LeaveRoomResponse.MemoryPackFormatter.g.cs(61,132): warning CS0436: “D:\Develop\Projects\Astrum\AstrumServer\AstrumServer\Generated\networkcommon_C_1000.cs”中的类型“LeaveRoomResponse”与“Generated, Version=0.0.0.0, Culture=neutral, PublicKeyToken=null”中的导入类型“LeaveRoomResponse”冲突。请使用“D:\Develop\Projects\Astrum\AstrumServer\AstrumServer\Generated\networkcommon_C_1000.cs”中定义的类型。 [D:\Develop\Projects\Astrum\AstrumServer\AstrumServer\AstrumServer.csproj]
D:\Develop\Projects\Astrum\AstrumServer\AstrumServer\obj\Debug\net9.0\MemoryPack.Generator\MemoryPack.Generator.MemoryPackGenerator\Astrum.Generated.JoinRoomResponse.MemoryPackFormatter.g.cs(61,131): warning CS0436: “D:\Develop\Projects\Astrum\AstrumServer\AstrumServer\Generated\networkcommon_C_1000.cs”中的类型“JoinRoomResponse”与“Generated, Version=0.0.0.0, Culture=neutral, PublicKeyToken=null”中的导入类型“JoinRoomResponse”冲突。请使用“D:\Develop\Projects\Astrum\AstrumServer\AstrumServer\Generated\networkcommon_C_1000.cs”中定义的类型。 [D:\Develop\Projects\Astrum\AstrumServer\AstrumServer\AstrumServer.csproj]
D:\Develop\Projects\Astrum\AstrumServer\AstrumServer\obj\Debug\net9.0\MemoryPack.Generator\MemoryPack.Generator.MemoryPackGenerator\Astrum.Generated.HeartbeatMessage.MemoryPackFormatter.g.cs(59,33): warning CS0436: “D:\Develop\Projects\Astrum\AstrumServer\AstrumServer\Generated\networkcommon_C_1000.cs”中的类型“HeartbeatMessage”与“Generated, Version=0.0.0.0, Culture=neutral, PublicKeyToken=null”中的导入类型“HeartbeatMessage”冲突。请使用“D:\Develop\Projects\Astrum\AstrumServer\AstrumServer\Generated\networkcommon_C_1000.cs”中定义的类型。 [D:\Develop\Projects\Astrum\AstrumServer\AstrumServer\AstrumServer.csproj]
D:\Develop\Projects\Astrum\AstrumServer\AstrumServer\obj\Debug\net9.0\MemoryPack.Generator\MemoryPack.Generator.MemoryPackGenerator\Astrum.Generated.HeartbeatMessage.MemoryPackFormatter.g.cs(78,33): warning CS0436: “D:\Develop\Projects\Astrum\AstrumServer\AstrumServer\Generated\networkcommon_C_1000.cs”中的类型“HeartbeatMessage”与“Generated, Version=0.0.0.0, Culture=neutral, PublicKeyToken=null”中的导入类型“HeartbeatMessage”冲突。请使用“D:\Develop\Projects\Astrum\AstrumServer\AstrumServer\Generated\networkcommon_C_1000.cs”中定义的类型。 [D:\Develop\Projects\Astrum\AstrumServer\AstrumServer\AstrumServer.csproj]
D:\Develop\Projects\Astrum\AstrumServer\AstrumServer\obj\Debug\net9.0\MemoryPack.Generator\MemoryPack.Generator.MemoryPackGenerator\Astrum.Generated.LeaveRoomResponse.MemoryPackFormatter.g.cs(81,104): warning CS0436: “D:\Develop\Projects\Astrum\AstrumServer\AstrumServer\Generated\networkcommon_C_1000.cs”中的类型“LeaveRoomResponse”与“Generated, Version=0.0.0.0, Culture=neutral, PublicKeyToken=null”中的导入类型“LeaveRoomResponse”冲突。请使用“D:\Develop\Projects\Astrum\AstrumServer\AstrumServer\Generated\networkcommon_C_1000.cs”中定义的类型。 [D:\Develop\Projects\Astrum\AstrumServer\AstrumServer\AstrumServer.csproj]
D:\Develop\Projects\Astrum\AstrumServer\AstrumServer\obj\Debug\net9.0\MemoryPack.Generator\MemoryPack.Generator.MemoryPackGenerator\Astrum.Generated.JoinRoomResponse.MemoryPackFormatter.g.cs(81,103): warning CS0436: “D:\Develop\Projects\Astrum\AstrumServer\AstrumServer\Generated\networkcommon_C_1000.cs”中的类型“JoinRoomResponse”与“Generated, Version=0.0.0.0, Culture=neutral, PublicKeyToken=null”中的导入类型“JoinRoomResponse”冲突。请使用“D:\Develop\Projects\Astrum\AstrumServer\AstrumServer\Generated\networkcommon_C_1000.cs”中定义的类型。 [D:\Develop\Projects\Astrum\AstrumServer\AstrumServer\AstrumServer.csproj]
D:\Develop\Projects\Astrum\AstrumServer\AstrumServer\Generated\networkcommon_C_1000.cs(636,23): warning CS0436: “D:\Develop\Projects\Astrum\AstrumServer\AstrumServer\Generated\networkcommon_C_1000.cs”中的类型“HeartbeatMessage”与“Generated, Version=0.0.0.0, Culture=neutral, PublicKeyToken=null”中的导入类型“HeartbeatMessage”冲突。请使用“D:\Develop\Projects\Astrum\AstrumServer\AstrumServer\Generated\networkcommon_C_1000.cs”中定义的类型。 [D:\Develop\Projects\Astrum\AstrumServer\AstrumServer\AstrumServer.csproj]
D:\Develop\Projects\Astrum\AstrumServer\AstrumServer\obj\Debug\net9.0\MemoryPack.Generator\MemoryPack.Generator.MemoryPackGenerator\Astrum.Generated.LoginRequest.MemoryPackFormatter.g.cs(32,46): warning CS0436: “D:\Develop\Projects\Astrum\AstrumServer\AstrumServer\Generated\networkcommon_C_1000.cs”中的类型“LoginRequest”与“Generated, Version=0.0.0.0, Culture=neutral, PublicKeyToken=null”中的导入类型“LoginRequest”冲突。请使用“D:\Develop\Projects\Astrum\AstrumServer\AstrumServer\Generated\networkcommon_C_1000.cs”中定义的类型。 [D:\Develop\Projects\Astrum\AstrumServer\AstrumServer\AstrumServer.csproj]
D:\Develop\Projects\Astrum\AstrumServer\AstrumServer\obj\Debug\net9.0\MemoryPack.Generator\MemoryPack.Generator.MemoryPackGenerator\Astrum.Generated.HeartbeatMessage.MemoryPackFormatter.g.cs(59,131): warning CS0436: “D:\Develop\Projects\Astrum\AstrumServer\AstrumServer\Generated\networkcommon_C_1000.cs”中的类型“HeartbeatMessage”与“Generated, Version=0.0.0.0, Culture=neutral, PublicKeyToken=null”中的导入类型“HeartbeatMessage”冲突。请使用“D:\Develop\Projects\Astrum\AstrumServer\AstrumServer\Generated\networkcommon_C_1000.cs”中定义的类型。 [D:\Develop\Projects\Astrum\AstrumServer\AstrumServer\AstrumServer.csproj]
D:\Develop\Projects\Astrum\AstrumServer\AstrumServer\obj\Debug\net9.0\MemoryPack.Generator\MemoryPack.Generator.MemoryPackGenerator\Astrum.Generated.HeartbeatMessage.MemoryPackFormatter.g.cs(78,103): warning CS0436: “D:\Develop\Projects\Astrum\AstrumServer\AstrumServer\Generated\networkcommon_C_1000.cs”中的类型“HeartbeatMessage”与“Generated, Version=0.0.0.0, Culture=neutral, PublicKeyToken=null”中的导入类型“HeartbeatMessage”冲突。请使用“D:\Develop\Projects\Astrum\AstrumServer\AstrumServer\Generated\networkcommon_C_1000.cs”中定义的类型。 [D:\Develop\Projects\Astrum\AstrumServer\AstrumServer\AstrumServer.csproj]
D:\Develop\Projects\Astrum\AstrumServer\AstrumServer\obj\Debug\net9.0\MemoryPack.Generator\MemoryPack.Generator.MemoryPackGenerator\Astrum.Generated.GetRoomListRequest.MemoryPackFormatter.g.cs(32,52): warning CS0436: “D:\Develop\Projects\Astrum\AstrumServer\AstrumServer\Generated\networkcommon_C_1000.cs”中的类型“GetRoomListRequest”与“Generated, Version=0.0.0.0, Culture=neutral, PublicKeyToken=null”中的导入类型“GetRoomListRequest”冲突。请使用“D:\Develop\Projects\Astrum\AstrumServer\AstrumServer\Generated\networkcommon_C_1000.cs”中定义的类型。 [D:\Develop\Projects\Astrum\AstrumServer\AstrumServer\AstrumServer.csproj]
D:\Develop\Projects\Astrum\AstrumServer\AstrumServer\obj\Debug\net9.0\MemoryPack.Generator\MemoryPack.Generator.MemoryPackGenerator\Astrum.Generated.GetRoomListResponse.MemoryPackFormatter.g.cs(85,106): warning CS0436: “D:\Develop\Projects\Astrum\AstrumServer\AstrumServer\Generated\networkcommon_C_1000.cs”中的类型“GetRoomListResponse”与“Generated, Version=0.0.0.0, Culture=neutral, PublicKeyToken=null”中的导入类型“GetRoomListResponse”冲突。请使用“D:\Develop\Projects\Astrum\AstrumServer\AstrumServer\Generated\networkcommon_C_1000.cs”中定义的类型。 [D:\Develop\Projects\Astrum\AstrumServer\AstrumServer\AstrumServer.csproj]
D:\Develop\Projects\Astrum\AstrumServer\AstrumServer\obj\Debug\net9.0\MemoryPack.Generator\MemoryPack.Generator.MemoryPackGenerator\Astrum.Generated.LoginRequest.MemoryPackFormatter.g.cs(58,33): warning CS0436: “D:\Develop\Projects\Astrum\AstrumServer\AstrumServer\Generated\networkcommon_C_1000.cs”中的类型“LoginRequest”与“Generated, Version=0.0.0.0, Culture=neutral, PublicKeyToken=null”中的导入类型“LoginRequest”冲突。请使用“D:\Develop\Projects\Astrum\AstrumServer\AstrumServer\Generated\networkcommon_C_1000.cs”中定义的类型。 [D:\Develop\Projects\Astrum\AstrumServer\AstrumServer\AstrumServer.csproj]
D:\Develop\Projects\Astrum\AstrumServer\AstrumServer\obj\Debug\net9.0\MemoryPack.Generator\MemoryPack.Generator.MemoryPackGenerator\Astrum.Generated.LoginRequest.MemoryPackFormatter.g.cs(76,33): warning CS0436: “D:\Develop\Projects\Astrum\AstrumServer\AstrumServer\Generated\networkcommon_C_1000.cs”中的类型“LoginRequest”与“Generated, Version=0.0.0.0, Culture=neutral, PublicKeyToken=null”中的导入类型“LoginRequest”冲突。请使用“D:\Develop\Projects\Astrum\AstrumServer\AstrumServer\Generated\networkcommon_C_1000.cs”中定义的类型。 [D:\Develop\Projects\Astrum\AstrumServer\AstrumServer\AstrumServer.csproj]
D:\Develop\Projects\Astrum\AstrumServer\AstrumServer\Generated\networkcommon_C_1000.cs(163,23): warning CS0436: “D:\Develop\Projects\Astrum\AstrumServer\AstrumServer\Generated\networkcommon_C_1000.cs”中的类型“LoginRequest”与“Generated, Version=0.0.0.0, Culture=neutral, PublicKeyToken=null”中的导入类型“LoginRequest”冲突。请使用“D:\Develop\Projects\Astrum\AstrumServer\AstrumServer\Generated\networkcommon_C_1000.cs”中定义的类型。 [D:\Develop\Projects\Astrum\AstrumServer\AstrumServer\AstrumServer.csproj]
D:\Develop\Projects\Astrum\AstrumServer\AstrumServer\obj\Debug\net9.0\MemoryPack.Generator\MemoryPack.Generator.MemoryPackGenerator\Astrum.Generated.GetRoomListRequest.MemoryPackFormatter.g.cs(61,33): warning CS0436: “D:\Develop\Projects\Astrum\AstrumServer\AstrumServer\Generated\networkcommon_C_1000.cs”中的类型“GetRoomListRequest”与“Generated, Version=0.0.0.0, Culture=neutral, PublicKeyToken=null”中的导入类型“GetRoomListRequest”冲突。请使用“D:\Develop\Projects\Astrum\AstrumServer\AstrumServer\Generated\networkcommon_C_1000.cs”中定义的类型。 [D:\Develop\Projects\Astrum\AstrumServer\AstrumServer\AstrumServer.csproj]
D:\Develop\Projects\Astrum\AstrumServer\AstrumServer\obj\Debug\net9.0\MemoryPack.Generator\MemoryPack.Generator.MemoryPackGenerator\Astrum.Generated.GetRoomListRequest.MemoryPackFormatter.g.cs(78,33): warning CS0436: “D:\Develop\Projects\Astrum\AstrumServer\AstrumServer\Generated\networkcommon_C_1000.cs”中的类型“GetRoomListRequest”与“Generated, Version=0.0.0.0, Culture=neutral, PublicKeyToken=null”中的导入类型“GetRoomListRequest”冲突。请使用“D:\Develop\Projects\Astrum\AstrumServer\AstrumServer\Generated\networkcommon_C_1000.cs”中定义的类型。 [D:\Develop\Projects\Astrum\AstrumServer\AstrumServer\AstrumServer.csproj]
D:\Develop\Projects\Astrum\AstrumServer\AstrumServer\Generated\networkcommon_C_1000.cs(307,23): warning CS0436: “D:\Develop\Projects\Astrum\AstrumServer\AstrumServer\Generated\networkcommon_C_1000.cs”中的类型“GetRoomListRequest”与“Generated, Version=0.0.0.0, Culture=neutral, PublicKeyToken=null”中的导入类型“GetRoomListRequest”冲突。请使用“D:\Develop\Projects\Astrum\AstrumServer\AstrumServer\Generated\networkcommon_C_1000.cs”中定义的类型。 [D:\Develop\Projects\Astrum\AstrumServer\AstrumServer\AstrumServer.csproj]
D:\Develop\Projects\Astrum\AstrumServer\AstrumServer\obj\Debug\net9.0\MemoryPack.Generator\MemoryPack.Generator.MemoryPackGenerator\Astrum.Generated.C2G_Ping.MemoryPackFormatter.g.cs(61,123): warning CS0436: “D:\Develop\Projects\Astrum\AstrumServer\AstrumServer\Generated\networkcommon_C_1000.cs”中的类型“C2G_Ping”与“Generated, Version=0.0.0.0, Culture=neutral, PublicKeyToken=null”中的导入类型“C2G_Ping”冲突。请使用“D:\Develop\Projects\Astrum\AstrumServer\AstrumServer\Generated\networkcommon_C_1000.cs”中定义的类型。 [D:\Develop\Projects\Astrum\AstrumServer\AstrumServer\AstrumServer.csproj]
D:\Develop\Projects\Astrum\AstrumServer\AstrumServer\obj\Debug\net9.0\MemoryPack.Generator\MemoryPack.Generator.MemoryPackGenerator\Astrum.Generated.LoginRequest.MemoryPackFormatter.g.cs(58,127): warning CS0436: “D:\Develop\Projects\Astrum\AstrumServer\AstrumServer\Generated\networkcommon_C_1000.cs”中的类型“LoginRequest”与“Generated, Version=0.0.0.0, Culture=neutral, PublicKeyToken=null”中的导入类型“LoginRequest”冲突。请使用“D:\Develop\Projects\Astrum\AstrumServer\AstrumServer\Generated\networkcommon_C_1000.cs”中定义的类型。 [D:\Develop\Projects\Astrum\AstrumServer\AstrumServer\AstrumServer.csproj]
D:\Develop\Projects\Astrum\AstrumServer\AstrumServer\obj\Debug\net9.0\MemoryPack.Generator\MemoryPack.Generator.MemoryPackGenerator\Astrum.Generated.C2G_Ping.MemoryPackFormatter.g.cs(78,95): warning CS0436: “D:\Develop\Projects\Astrum\AstrumServer\AstrumServer\Generated\networkcommon_C_1000.cs”中的类型“C2G_Ping”与“Generated, Version=0.0.0.0, Culture=neutral, PublicKeyToken=null”中的导入类型“C2G_Ping”冲突。请使用“D:\Develop\Projects\Astrum\AstrumServer\AstrumServer\Generated\networkcommon_C_1000.cs”中定义的类型。 [D:\Develop\Projects\Astrum\AstrumServer\AstrumServer\AstrumServer.csproj]
D:\Develop\Projects\Astrum\AstrumServer\AstrumServer\obj\Debug\net9.0\MemoryPack.Generator\MemoryPack.Generator.MemoryPackGenerator\Astrum.Generated.LoginRequest.MemoryPackFormatter.g.cs(76,99): warning CS0436: “D:\Develop\Projects\Astrum\AstrumServer\AstrumServer\Generated\networkcommon_C_1000.cs”中的类型“LoginRequest”与“Generated, Version=0.0.0.0, Culture=neutral, PublicKeyToken=null”中的导入类型“LoginRequest”冲突。请使用“D:\Develop\Projects\Astrum\AstrumServer\AstrumServer\Generated\networkcommon_C_1000.cs”中定义的类型。 [D:\Develop\Projects\Astrum\AstrumServer\AstrumServer\AstrumServer.csproj]
D:\Develop\Projects\Astrum\AstrumServer\AstrumServer\obj\Debug\net9.0\MemoryPack.Generator\MemoryPack.Generator.MemoryPackGenerator\Astrum.Generated.RoomUpdateNotification.MemoryPackFormatter.g.cs(35,56): warning CS0436: “D:\Develop\Projects\Astrum\AstrumServer\AstrumServer\Generated\networkcommon_C_1000.cs”中的类型“RoomUpdateNotification”与“Generated, Version=0.0.0.0, Culture=neutral, PublicKeyToken=null”中的导入类型“RoomUpdateNotification”冲突。请使用“D:\Develop\Projects\Astrum\AstrumServer\AstrumServer\Generated\networkcommon_C_1000.cs”中定义的类型。 [D:\Develop\Projects\Astrum\AstrumServer\AstrumServer\AstrumServer.csproj]
D:\Develop\Projects\Astrum\AstrumServer\AstrumServer\obj\Debug\net9.0\MemoryPack.Generator\MemoryPack.Generator.MemoryPackGenerator\Astrum.Generated.CancelMatchRequest.MemoryPackFormatter.g.cs(61,33): warning CS0436: “D:\Develop\Projects\Astrum\AstrumServer\AstrumServer\Generated\networkcommon_C_1000.cs”中的类型“CancelMatchRequest”与“Generated, Version=0.0.0.0, Culture=neutral, PublicKeyToken=null”中的导入类型“CancelMatchRequest”冲突。请使用“D:\Develop\Projects\Astrum\AstrumServer\AstrumServer\Generated\networkcommon_C_1000.cs”中定义的类型。 [D:\Develop\Projects\Astrum\AstrumServer\AstrumServer\AstrumServer.csproj]
D:\Develop\Projects\Astrum\AstrumServer\AstrumServer\obj\Debug\net9.0\MemoryPack.Generator\MemoryPack.Generator.MemoryPackGenerator\Astrum.Generated.CancelMatchRequest.MemoryPackFormatter.g.cs(78,33): warning CS0436: “D:\Develop\Projects\Astrum\AstrumServer\AstrumServer\Generated\networkcommon_C_1000.cs”中的类型“CancelMatchRequest”与“Generated, Version=0.0.0.0, Culture=neutral, PublicKeyToken=null”中的导入类型“CancelMatchRequest”冲突。请使用“D:\Develop\Projects\Astrum\AstrumServer\AstrumServer\Generated\networkcommon_C_1000.cs”中定义的类型。 [D:\Develop\Projects\Astrum\AstrumServer\AstrumServer\AstrumServer.csproj]
D:\Develop\Projects\Astrum\AstrumServer\AstrumServer\Generated\networkcommon_C_1000.cs(853,23): warning CS0436: “D:\Develop\Projects\Astrum\AstrumServer\AstrumServer\Generated\networkcommon_C_1000.cs”中的类型“CancelMatchRequest”与“Generated, Version=0.0.0.0, Culture=neutral, PublicKeyToken=null”中的导入类型“CancelMatchRequest”冲突。请使用“D:\Develop\Projects\Astrum\AstrumServer\AstrumServer\Generated\networkcommon_C_1000.cs”中定义的类型。 [D:\Develop\Projects\Astrum\AstrumServer\AstrumServer\AstrumServer.csproj]
D:\Develop\Projects\Astrum\AstrumServer\AstrumServer\obj\Debug\net9.0\MemoryPack.Generator\MemoryPack.Generator.MemoryPackGenerator\Astrum.Generated.MatchFoundNotification.MemoryPackFormatter.g.cs(34,56): warning CS0436: “D:\Develop\Projects\Astrum\AstrumServer\AstrumServer\Generated\networkcommon_C_1000.cs”中的类型“MatchFoundNotification”与“Generated, Version=0.0.0.0, Culture=neutral, PublicKeyToken=null”中的导入类型“MatchFoundNotification”冲突。请使用“D:\Develop\Projects\Astrum\AstrumServer\AstrumServer\Generated\networkcommon_C_1000.cs”中定义的类型。 [D:\Develop\Projects\Astrum\AstrumServer\AstrumServer\AstrumServer.csproj]
D:\Develop\Projects\Astrum\AstrumServer\AstrumServer\obj\Debug\net9.0\MemoryPack.Generator\MemoryPack.Generator.MemoryPackGenerator\Astrum.Generated.JoinRoomRequest.MemoryPackFormatter.g.cs(59,130): warning CS0436: “D:\Develop\Projects\Astrum\AstrumServer\AstrumServer\Generated\networkcommon_C_1000.cs”中的类型“JoinRoomRequest”与“Generated, Version=0.0.0.0, Culture=neutral, PublicKeyToken=null”中的导入类型“JoinRoomRequest”冲突。请使用“D:\Develop\Projects\Astrum\AstrumServer\AstrumServer\Generated\networkcommon_C_1000.cs”中定义的类型。 [D:\Develop\Projects\Astrum\AstrumServer\AstrumServer\AstrumServer.csproj]
D:\Develop\Projects\Astrum\AstrumServer\AstrumServer\obj\Debug\net9.0\MemoryPack.Generator\MemoryPack.Generator.MemoryPackGenerator\Astrum.Generated.CancelMatchRequest.MemoryPackFormatter.g.cs(61,133): warning CS0436: “D:\Develop\Projects\Astrum\AstrumServer\AstrumServer\Generated\networkcommon_C_1000.cs”中的类型“CancelMatchRequest”与“Generated, Version=0.0.0.0, Culture=neutral, PublicKeyToken=null”中的导入类型“CancelMatchRequest”冲突。请使用“D:\Develop\Projects\Astrum\AstrumServer\AstrumServer\Generated\networkcommon_C_1000.cs”中定义的类型。 [D:\Develop\Projects\Astrum\AstrumServer\AstrumServer\AstrumServer.csproj]
D:\Develop\Projects\Astrum\AstrumServer\AstrumServer\obj\Debug\net9.0\MemoryPack.Generator\MemoryPack.Generator.MemoryPackGenerator\Astrum.Generated.QuickMatchRequest.MemoryPackFormatter.g.cs(61,132): warning CS0436: “D:\Develop\Projects\Astrum\AstrumServer\AstrumServer\Generated\networkcommon_C_1000.cs”中的类型“QuickMatchRequest”与“Generated, Version=0.0.0.0, Culture=neutral, PublicKeyToken=null”中的导入类型“QuickMatchRequest”冲突。请使用“D:\Develop\Projects\Astrum\AstrumServer\AstrumServer\Generated\networkcommon_C_1000.cs”中定义的类型。 [D:\Develop\Projects\Astrum\AstrumServer\AstrumServer\AstrumServer.csproj]
D:\Develop\Projects\Astrum\AstrumServer\AstrumServer\obj\Debug\net9.0\MemoryPack.Generator\MemoryPack.Generator.MemoryPackGenerator\Astrum.Generated.JoinRoomRequest.MemoryPackFormatter.g.cs(78,102): warning CS0436: “D:\Develop\Projects\Astrum\AstrumServer\AstrumServer\Generated\networkcommon_C_1000.cs”中的类型“JoinRoomRequest”与“Generated, Version=0.0.0.0, Culture=neutral, PublicKeyToken=null”中的导入类型“JoinRoomRequest”冲突。请使用“D:\Develop\Projects\Astrum\AstrumServer\AstrumServer\Generated\networkcommon_C_1000.cs”中定义的类型。 [D:\Develop\Projects\Astrum\AstrumServer\AstrumServer\AstrumServer.csproj]
D:\Develop\Projects\Astrum\AstrumServer\AstrumServer\obj\Debug\net9.0\MemoryPack.Generator\MemoryPack.Generator.MemoryPackGenerator\Astrum.Generated.CancelMatchRequest.MemoryPackFormatter.g.cs(78,105): warning CS0436: “D:\Develop\Projects\Astrum\AstrumServer\AstrumServer\Generated\networkcommon_C_1000.cs”中的类型“CancelMatchRequest”与“Generated, Version=0.0.0.0, Culture=neutral, PublicKeyToken=null”中的导入类型“CancelMatchRequest”冲突。请使用“D:\Develop\Projects\Astrum\AstrumServer\AstrumServer\Generated\networkcommon_C_1000.cs”中定义的类型。 [D:\Develop\Projects\Astrum\AstrumServer\AstrumServer\AstrumServer.csproj]
D:\Develop\Projects\Astrum\AstrumServer\AstrumServer\obj\Debug\net9.0\MemoryPack.Generator\MemoryPack.Generator.MemoryPackGenerator\Astrum.Generated.QuickMatchRequest.MemoryPackFormatter.g.cs(78,104): warning CS0436: “D:\Develop\Projects\Astrum\AstrumServer\AstrumServer\Generated\networkcommon_C_1000.cs”中的类型“QuickMatchRequest”与“Generated, Version=0.0.0.0, Culture=neutral, PublicKeyToken=null”中的导入类型“QuickMatchRequest”冲突。请使用“D:\Develop\Projects\Astrum\AstrumServer\AstrumServer\Generated\networkcommon_C_1000.cs”中定义的类型。 [D:\Develop\Projects\Astrum\AstrumServer\AstrumServer\AstrumServer.csproj]
D:\Develop\Projects\Astrum\AstrumServer\AstrumServer\obj\Debug\net9.0\MemoryPack.Generator\MemoryPack.Generator.MemoryPackGenerator\Astrum.Generated.LoginResponse.MemoryPackFormatter.g.cs(35,47): warning CS0436: “D:\Develop\Projects\Astrum\AstrumServer\AstrumServer\Generated\networkcommon_C_1000.cs”中的类型“LoginResponse”与“Generated, Version=0.0.0.0, Culture=neutral, PublicKeyToken=null”中的导入类型“LoginResponse”冲突。请使用“D:\Develop\Projects\Astrum\AstrumServer\AstrumServer\Generated\networkcommon_C_1000.cs”中定义的类型。 [D:\Develop\Projects\Astrum\AstrumServer\AstrumServer\AstrumServer.csproj]
D:\Develop\Projects\Astrum\AstrumServer\AstrumServer\obj\Debug\net9.0\MemoryPack.Generator\MemoryPack.Generator.MemoryPackGenerator\Astrum.Generated.QuickMatchResponse.MemoryPackFormatter.g.cs(36,52): warning CS0436: “D:\Develop\Projects\Astrum\AstrumServer\AstrumServer\Generated\networkcommon_C_1000.cs”中的类型“QuickMatchResponse”与“Generated, Version=0.0.0.0, Culture=neutral, PublicKeyToken=null”中的导入类型“QuickMatchResponse”冲突。请使用“D:\Develop\Projects\Astrum\AstrumServer\AstrumServer\Generated\networkcommon_C_1000.cs”中定义的类型。 [D:\Develop\Projects\Astrum\AstrumServer\AstrumServer\AstrumServer.csproj]
D:\Develop\Projects\Astrum\AstrumServer\AstrumServer\obj\Debug\net9.0\MemoryPack.Generator\MemoryPack.Generator.MemoryPackGenerator\Astrum.Generated.LoginResponse.MemoryPackFormatter.g.cs(61,33): warning CS0436: “D:\Develop\Projects\Astrum\AstrumServer\AstrumServer\Generated\networkcommon_C_1000.cs”中的类型“LoginResponse”与“Generated, Version=0.0.0.0, Culture=neutral, PublicKeyToken=null”中的导入类型“LoginResponse”冲突。请使用“D:\Develop\Projects\Astrum\AstrumServer\AstrumServer\Generated\networkcommon_C_1000.cs”中定义的类型。 [D:\Develop\Projects\Astrum\AstrumServer\AstrumServer\AstrumServer.csproj]
D:\Develop\Projects\Astrum\AstrumServer\AstrumServer\obj\Debug\net9.0\MemoryPack.Generator\MemoryPack.Generator.MemoryPackGenerator\Astrum.Generated.LoginResponse.MemoryPackFormatter.g.cs(81,33): warning CS0436: “D:\Develop\Projects\Astrum\AstrumServer\AstrumServer\Generated\networkcommon_C_1000.cs”中的类型“LoginResponse”与“Generated, Version=0.0.0.0, Culture=neutral, PublicKeyToken=null”中的导入类型“LoginResponse”冲突。请使用“D:\Develop\Projects\Astrum\AstrumServer\AstrumServer\Generated\networkcommon_C_1000.cs”中定义的类型。 [D:\Develop\Projects\Astrum\AstrumServer\AstrumServer\AstrumServer.csproj]
D:\Develop\Projects\Astrum\AstrumServer\AstrumServer\obj\Debug\net9.0\MemoryPack.Generator\MemoryPack.Generator.MemoryPackGenerator\Astrum.Generated.QuickMatchResponse.MemoryPackFormatter.g.cs(62,33): warning CS0436: “D:\Develop\Projects\Astrum\AstrumServer\AstrumServer\Generated\networkcommon_C_1000.cs”中的类型“QuickMatchResponse”与“Generated, Version=0.0.0.0, Culture=neutral, PublicKeyToken=null”中的导入类型“QuickMatchResponse”冲突。请使用“D:\Develop\Projects\Astrum\AstrumServer\AstrumServer\Generated\networkcommon_C_1000.cs”中定义的类型。 [D:\Develop\Projects\Astrum\AstrumServer\AstrumServer\AstrumServer.csproj]
D:\Develop\Projects\Astrum\AstrumServer\AstrumServer\obj\Debug\net9.0\MemoryPack.Generator\MemoryPack.Generator.MemoryPackGenerator\Astrum.Generated.QuickMatchResponse.MemoryPackFormatter.g.cs(81,33): warning CS0436: “D:\Develop\Projects\Astrum\AstrumServer\AstrumServer\Generated\networkcommon_C_1000.cs”中的类型“QuickMatchResponse”与“Generated, Version=0.0.0.0, Culture=neutral, PublicKeyToken=null”中的导入类型“QuickMatchResponse”冲突。请使用“D:\Develop\Projects\Astrum\AstrumServer\AstrumServer\Generated\networkcommon_C_1000.cs”中定义的类型。 [D:\Develop\Projects\Astrum\AstrumServer\AstrumServer\AstrumServer.csproj]
D:\Develop\Projects\Astrum\AstrumServer\AstrumServer\Generated\networkcommon_C_1000.cs(586,23): warning CS0436: “D:\Develop\Projects\Astrum\AstrumServer\AstrumServer\Generated\networkcommon_C_1000.cs”中的类型“LoginResponse”与“Generated, Version=0.0.0.0, Culture=neutral, PublicKeyToken=null”中的导入类型“LoginResponse”冲突。请使用“D:\Develop\Projects\Astrum\AstrumServer\AstrumServer\Generated\networkcommon_C_1000.cs”中定义的类型。 [D:\Develop\Projects\Astrum\AstrumServer\AstrumServer\AstrumServer.csproj]
D:\Develop\Projects\Astrum\AstrumServer\AstrumServer\obj\Debug\net9.0\MemoryPack.Generator\MemoryPack.Generator.MemoryPackGenerator\Astrum.Generated.HeartbeatResponse.MemoryPackFormatter.g.cs(33,51): warning CS0436: “D:\Develop\Projects\Astrum\AstrumServer\AstrumServer\Generated\networkcommon_C_1000.cs”中的类型“HeartbeatResponse”与“Generated, Version=0.0.0.0, Culture=neutral, PublicKeyToken=null”中的导入类型“HeartbeatResponse”冲突。请使用“D:\Develop\Projects\Astrum\AstrumServer\AstrumServer\Generated\networkcommon_C_1000.cs”中定义的类型。 [D:\Develop\Projects\Astrum\AstrumServer\AstrumServer\AstrumServer.csproj]
D:\Develop\Projects\Astrum\AstrumServer\AstrumServer\obj\Debug\net9.0\MemoryPack.Generator\MemoryPack.Generator.MemoryPackGenerator\Astrum.Generated.GetRoomListRequest.MemoryPackFormatter.g.cs(61,133): warning CS0436: “D:\Develop\Projects\Astrum\AstrumServer\AstrumServer\Generated\networkcommon_C_1000.cs”中的类型“GetRoomListRequest”与“Generated, Version=0.0.0.0, Culture=neutral, PublicKeyToken=null”中的导入类型“GetRoomListRequest”冲突。请使用“D:\Develop\Projects\Astrum\AstrumServer\AstrumServer\Generated\networkcommon_C_1000.cs”中定义的类型。 [D:\Develop\Projects\Astrum\AstrumServer\AstrumServer\AstrumServer.csproj]
D:\Develop\Projects\Astrum\AstrumServer\AstrumServer\obj\Debug\net9.0\MemoryPack.Generator\MemoryPack.Generator.MemoryPackGenerator\Astrum.Generated.GetRoomListRequest.MemoryPackFormatter.g.cs(78,105): warning CS0436: “D:\Develop\Projects\Astrum\AstrumServer\AstrumServer\Generated\networkcommon_C_1000.cs”中的类型“GetRoomListRequest”与“Generated, Version=0.0.0.0, Culture=neutral, PublicKeyToken=null”中的导入类型“GetRoomListRequest”冲突。请使用“D:\Develop\Projects\Astrum\AstrumServer\AstrumServer\Generated\networkcommon_C_1000.cs”中定义的类型。 [D:\Develop\Projects\Astrum\AstrumServer\AstrumServer\AstrumServer.csproj]
D:\Develop\Projects\Astrum\AstrumServer\AstrumServer\obj\Debug\net9.0\MemoryPack.Generator\MemoryPack.Generator.MemoryPackGenerator\Astrum.Generated.HeartbeatResponse.MemoryPackFormatter.g.cs(59,33): warning CS0436: “D:\Develop\Projects\Astrum\AstrumServer\AstrumServer\Generated\networkcommon_C_1000.cs”中的类型“HeartbeatResponse”与“Generated, Version=0.0.0.0, Culture=neutral, PublicKeyToken=null”中的导入类型“HeartbeatResponse”冲突。请使用“D:\Develop\Projects\Astrum\AstrumServer\AstrumServer\Generated\networkcommon_C_1000.cs”中定义的类型。 [D:\Develop\Projects\Astrum\AstrumServer\AstrumServer\AstrumServer.csproj]
D:\Develop\Projects\Astrum\AstrumServer\AstrumServer\obj\Debug\net9.0\MemoryPack.Generator\MemoryPack.Generator.MemoryPackGenerator\Astrum.Generated.HeartbeatResponse.MemoryPackFormatter.g.cs(77,33): warning CS0436: “D:\Develop\Projects\Astrum\AstrumServer\AstrumServer\Generated\networkcommon_C_1000.cs”中的类型“HeartbeatResponse”与“Generated, Version=0.0.0.0, Culture=neutral, PublicKeyToken=null”中的导入类型“HeartbeatResponse”冲突。请使用“D:\Develop\Projects\Astrum\AstrumServer\AstrumServer\Generated\networkcommon_C_1000.cs”中定义的类型。 [D:\Develop\Projects\Astrum\AstrumServer\AstrumServer\AstrumServer.csproj]
D:\Develop\Projects\Astrum\AstrumServer\AstrumServer\Generated\networkcommon_C_1000.cs(672,23): warning CS0436: “D:\Develop\Projects\Astrum\AstrumServer\AstrumServer\Generated\networkcommon_C_1000.cs”中的类型“HeartbeatResponse”与“Generated, Version=0.0.0.0, Culture=neutral, PublicKeyToken=null”中的导入类型“HeartbeatResponse”冲突。请使用“D:\Develop\Projects\Astrum\AstrumServer\AstrumServer\Generated\networkcommon_C_1000.cs”中定义的类型。 [D:\Develop\Projects\Astrum\AstrumServer\AstrumServer\AstrumServer.csproj]
D:\Develop\Projects\Astrum\AstrumServer\AstrumServer\obj\Debug\net9.0\MemoryPack.Generator\MemoryPack.Generator.MemoryPackGenerator\Astrum.Generated.RoomUpdateNotification.MemoryPackFormatter.g.cs(61,33): warning CS0436: “D:\Develop\Projects\Astrum\AstrumServer\AstrumServer\Generated\networkcommon_C_1000.cs”中的类型“RoomUpdateNotification”与“Generated, Version=0.0.0.0, Culture=neutral, PublicKeyToken=null”中的导入类型“RoomUpdateNotification”冲突。请使用“D:\Develop\Projects\Astrum\AstrumServer\AstrumServer\Generated\networkcommon_C_1000.cs”中定义的类型。 [D:\Develop\Projects\Astrum\AstrumServer\AstrumServer\AstrumServer.csproj]
D:\Develop\Projects\Astrum\AstrumServer\AstrumServer\obj\Debug\net9.0\MemoryPack.Generator\MemoryPack.Generator.MemoryPackGenerator\Astrum.Generated.RoomUpdateNotification.MemoryPackFormatter.g.cs(82,33): warning CS0436: “D:\Develop\Projects\Astrum\AstrumServer\AstrumServer\Generated\networkcommon_C_1000.cs”中的类型“RoomUpdateNotification”与“Generated, Version=0.0.0.0, Culture=neutral, PublicKeyToken=null”中的导入类型“RoomUpdateNotification”冲突。请使用“D:\Develop\Projects\Astrum\AstrumServer\AstrumServer\Generated\networkcommon_C_1000.cs”中定义的类型。 [D:\Develop\Projects\Astrum\AstrumServer\AstrumServer\AstrumServer.csproj]
D:\Develop\Projects\Astrum\AstrumServer\AstrumServer\obj\Debug\net9.0\MemoryPack.Generator\MemoryPack.Generator.MemoryPackGenerator\Astrum.Generated.G2C_Ping.MemoryPackFormatter.g.cs(32,42): warning CS0436: “D:\Develop\Projects\Astrum\AstrumServer\AstrumServer\Generated\networkcommon_C_1000.cs”中的类型“G2C_Ping”与“Generated, Version=0.0.0.0, Culture=neutral, PublicKeyToken=null”中的导入类型“G2C_Ping”冲突。请使用“D:\Develop\Projects\Astrum\AstrumServer\AstrumServer\Generated\networkcommon_C_1000.cs”中定义的类型。 [D:\Develop\Projects\Astrum\AstrumServer\AstrumServer\AstrumServer.csproj]
D:\Develop\Projects\Astrum\AstrumServer\AstrumServer\Generated\networkcommon_C_1000.cs(386,23): warning CS0436: “D:\Develop\Projects\Astrum\AstrumServer\AstrumServer\Generated\networkcommon_C_1000.cs”中的类型“RoomUpdateNotification”与“Generated, Version=0.0.0.0, Culture=neutral, PublicKeyToken=null”中的导入类型“RoomUpdateNotification”冲突。请使用“D:\Develop\Projects\Astrum\AstrumServer\AstrumServer\Generated\networkcommon_C_1000.cs”中定义的类型。 [D:\Develop\Projects\Astrum\AstrumServer\AstrumServer\AstrumServer.csproj]
D:\Develop\Projects\Astrum\AstrumServer\AstrumServer\Generated\networkcommon_C_1000.cs(395,16): warning CS0436: “D:\Develop\Projects\Astrum\AstrumServer\AstrumServer\Generated\networkcommon_C_1000.cs”中的类型“RoomInfo”与“Generated, Version=0.0.0.0, Culture=neutral, PublicKeyToken=null”中的导入类型“RoomInfo”冲突。请使用“D:\Develop\Projects\Astrum\AstrumServer\AstrumServer\Generated\networkcommon_C_1000.cs”中定义的类型。 [D:\Develop\Projects\Astrum\AstrumServer\AstrumServer\AstrumServer.csproj]
D:\Develop\Projects\Astrum\AstrumServer\AstrumServer\obj\Debug\net9.0\MemoryPack.Generator\MemoryPack.Generator.MemoryPackGenerator\Astrum.Generated.MatchFoundNotification.MemoryPackFormatter.g.cs(64,33): warning CS0436: “D:\Develop\Projects\Astrum\AstrumServer\AstrumServer\Generated\networkcommon_C_1000.cs”中的类型“MatchFoundNotification”与“Generated, Version=0.0.0.0, Culture=neutral, PublicKeyToken=null”中的导入类型“MatchFoundNotification”冲突。请使用“D:\Develop\Projects\Astrum\AstrumServer\AstrumServer\Generated\networkcommon_C_1000.cs”中定义的类型。 [D:\Develop\Projects\Astrum\AstrumServer\AstrumServer\AstrumServer.csproj]
D:\Develop\Projects\Astrum\AstrumServer\AstrumServer\obj\Debug\net9.0\MemoryPack.Generator\MemoryPack.Generator.MemoryPackGenerator\Astrum.Generated.MatchFoundNotification.MemoryPackFormatter.g.cs(84,33): warning CS0436: “D:\Develop\Projects\Astrum\AstrumServer\AstrumServer\Generated\networkcommon_C_1000.cs”中的类型“MatchFoundNotification”与“Generated, Version=0.0.0.0, Culture=neutral, PublicKeyToken=null”中的导入类型“MatchFoundNotification”冲突。请使用“D:\Develop\Projects\Astrum\AstrumServer\AstrumServer\Generated\networkcommon_C_1000.cs”中定义的类型。 [D:\Develop\Projects\Astrum\AstrumServer\AstrumServer\AstrumServer.csproj]
D:\Develop\Projects\Astrum\AstrumServer\AstrumServer\Generated\networkcommon_C_1000.cs(925,23): warning CS0436: “D:\Develop\Projects\Astrum\AstrumServer\AstrumServer\Generated\networkcommon_C_1000.cs”中的类型“MatchFoundNotification”与“Generated, Version=0.0.0.0, Culture=neutral, PublicKeyToken=null”中的导入类型“MatchFoundNotification”冲突。请使用“D:\Develop\Projects\Astrum\AstrumServer\AstrumServer\Generated\networkcommon_C_1000.cs”中定义的类型。 [D:\Develop\Projects\Astrum\AstrumServer\AstrumServer\AstrumServer.csproj]
D:\Develop\Projects\Astrum\AstrumServer\AstrumServer\Generated\networkcommon_C_1000.cs(934,16): warning CS0436: “D:\Develop\Projects\Astrum\AstrumServer\AstrumServer\Generated\networkcommon_C_1000.cs”中的类型“RoomInfo”与“Generated, Version=0.0.0.0, Culture=neutral, PublicKeyToken=null”中的导入类型“RoomInfo”冲突。请使用“D:\Develop\Projects\Astrum\AstrumServer\AstrumServer\Generated\networkcommon_C_1000.cs”中定义的类型。 [D:\Develop\Projects\Astrum\AstrumServer\AstrumServer\AstrumServer.csproj]
D:\Develop\Projects\Astrum\AstrumServer\AstrumServer\obj\Debug\net9.0\MemoryPack.Generator\MemoryPack.Generator.MemoryPackGenerator\Astrum.Generated.G2C_Ping.MemoryPackFormatter.g.cs(61,33): warning CS0436: “D:\Develop\Projects\Astrum\AstrumServer\AstrumServer\Generated\networkcommon_C_1000.cs”中的类型“G2C_Ping”与“Generated, Version=0.0.0.0, Culture=neutral, PublicKeyToken=null”中的导入类型“G2C_Ping”冲突。请使用“D:\Develop\Projects\Astrum\AstrumServer\AstrumServer\Generated\networkcommon_C_1000.cs”中定义的类型。 [D:\Develop\Projects\Astrum\AstrumServer\AstrumServer\AstrumServer.csproj]
D:\Develop\Projects\Astrum\AstrumServer\AstrumServer\obj\Debug\net9.0\MemoryPack.Generator\MemoryPack.Generator.MemoryPackGenerator\Astrum.Generated.G2C_Ping.MemoryPackFormatter.g.cs(78,33): warning CS0436: “D:\Develop\Projects\Astrum\AstrumServer\AstrumServer\Generated\networkcommon_C_1000.cs”中的类型“G2C_Ping”与“Generated, Version=0.0.0.0, Culture=neutral, PublicKeyToken=null”中的导入类型“G2C_Ping”冲突。请使用“D:\Develop\Projects\Astrum\AstrumServer\AstrumServer\Generated\networkcommon_C_1000.cs”中定义的类型。 [D:\Develop\Projects\Astrum\AstrumServer\AstrumServer\AstrumServer.csproj]
D:\Develop\Projects\Astrum\AstrumServer\AstrumServer\Generated\networkcommon_C_1000.cs(737,23): warning CS0436: “D:\Develop\Projects\Astrum\AstrumServer\AstrumServer\Generated\networkcommon_C_1000.cs”中的类型“G2C_Ping”与“Generated, Version=0.0.0.0, Culture=neutral, PublicKeyToken=null”中的导入类型“G2C_Ping”冲突。请使用“D:\Develop\Projects\Astrum\AstrumServer\AstrumServer\Generated\networkcommon_C_1000.cs”中定义的类型。 [D:\Develop\Projects\Astrum\AstrumServer\AstrumServer\AstrumServer.csproj]
D:\Develop\Projects\Astrum\AstrumServer\AstrumServer\obj\Debug\net9.0\MemoryPack.Generator\MemoryPack.Generator.MemoryPackGenerator\Astrum.Generated.RoomUpdateNotification.MemoryPackFormatter.g.cs(61,137): warning CS0436: “D:\Develop\Projects\Astrum\AstrumServer\AstrumServer\Generated\networkcommon_C_1000.cs”中的类型“RoomUpdateNotification”与“Generated, Version=0.0.0.0, Culture=neutral, PublicKeyToken=null”中的导入类型“RoomUpdateNotification”冲突。请使用“D:\Develop\Projects\Astrum\AstrumServer\AstrumServer\Generated\networkcommon_C_1000.cs”中定义的类型。 [D:\Develop\Projects\Astrum\AstrumServer\AstrumServer\AstrumServer.csproj]
D:\Develop\Projects\Astrum\AstrumServer\AstrumServer\obj\Debug\net9.0\MemoryPack.Generator\MemoryPack.Generator.MemoryPackGenerator\Astrum.Generated.RoomUpdateNotification.MemoryPackFormatter.g.cs(82,109): warning CS0436: “D:\Develop\Projects\Astrum\AstrumServer\AstrumServer\Generated\networkcommon_C_1000.cs”中的类型“RoomUpdateNotification”与“Generated, Version=0.0.0.0, Culture=neutral, PublicKeyToken=null”中的导入类型“RoomUpdateNotification”冲突。请使用“D:\Develop\Projects\Astrum\AstrumServer\AstrumServer\Generated\networkcommon_C_1000.cs”中定义的类型。 [D:\Develop\Projects\Astrum\AstrumServer\AstrumServer\AstrumServer.csproj]
D:\Develop\Projects\Astrum\AstrumServer\AstrumServer\obj\Debug\net9.0\MemoryPack.Generator\MemoryPack.Generator.MemoryPackGenerator\Astrum.Generated.MatchFoundNotification.MemoryPackFormatter.g.cs(64,137): warning CS0436: “D:\Develop\Projects\Astrum\AstrumServer\AstrumServer\Generated\networkcommon_C_1000.cs”中的类型“MatchFoundNotification”与“Generated, Version=0.0.0.0, Culture=neutral, PublicKeyToken=null”中的导入类型“MatchFoundNotification”冲突。请使用“D:\Develop\Projects\Astrum\AstrumServer\AstrumServer\Generated\networkcommon_C_1000.cs”中定义的类型。 [D:\Develop\Projects\Astrum\AstrumServer\AstrumServer\AstrumServer.csproj]
D:\Develop\Projects\Astrum\AstrumServer\AstrumServer\obj\Debug\net9.0\MemoryPack.Generator\MemoryPack.Generator.MemoryPackGenerator\Astrum.Generated.MatchFoundNotification.MemoryPackFormatter.g.cs(84,109): warning CS0436: “D:\Develop\Projects\Astrum\AstrumServer\AstrumServer\Generated\networkcommon_C_1000.cs”中的类型“MatchFoundNotification”与“Generated, Version=0.0.0.0, Culture=neutral, PublicKeyToken=null”中的导入类型“MatchFoundNotification”冲突。请使用“D:\Develop\Projects\Astrum\AstrumServer\AstrumServer\Generated\networkcommon_C_1000.cs”中定义的类型。 [D:\Develop\Projects\Astrum\AstrumServer\AstrumServer\AstrumServer.csproj]
D:\Develop\Projects\Astrum\AstrumServer\AstrumServer\obj\Debug\net9.0\MemoryPack.Generator\MemoryPack.Generator.MemoryPackGenerator\Astrum.Generated.G2C_Ping.MemoryPackFormatter.g.cs(61,123): warning CS0436: “D:\Develop\Projects\Astrum\AstrumServer\AstrumServer\Generated\networkcommon_C_1000.cs”中的类型“G2C_Ping”与“Generated, Version=0.0.0.0, Culture=neutral, PublicKeyToken=null”中的导入类型“G2C_Ping”冲突。请使用“D:\Develop\Projects\Astrum\AstrumServer\AstrumServer\Generated\networkcommon_C_1000.cs”中定义的类型。 [D:\Develop\Projects\Astrum\AstrumServer\AstrumServer\AstrumServer.csproj]
D:\Develop\Projects\Astrum\AstrumServer\AstrumServer\obj\Debug\net9.0\MemoryPack.Generator\MemoryPack.Generator.MemoryPackGenerator\Astrum.Generated.G2C_Ping.MemoryPackFormatter.g.cs(78,95): warning CS0436: “D:\Develop\Projects\Astrum\AstrumServer\AstrumServer\Generated\networkcommon_C_1000.cs”中的类型“G2C_Ping”与“Generated, Version=0.0.0.0, Culture=neutral, PublicKeyToken=null”中的导入类型“G2C_Ping”冲突。请使用“D:\Develop\Projects\Astrum\AstrumServer\AstrumServer\Generated\networkcommon_C_1000.cs”中定义的类型。 [D:\Develop\Projects\Astrum\AstrumServer\AstrumServer\AstrumServer.csproj]
D:\Develop\Projects\Astrum\AstrumServer\AstrumServer\obj\Debug\net9.0\MemoryPack.Generator\MemoryPack.Generator.MemoryPackGenerator\Astrum.Generated.MatchTimeoutNotification.MemoryPackFormatter.g.cs(34,58): warning CS0436: “D:\Develop\Projects\Astrum\AstrumServer\AstrumServer\Generated\networkcommon_C_1000.cs”中的类型“MatchTimeoutNotification”与“Generated, Version=0.0.0.0, Culture=neutral, PublicKeyToken=null”中的导入类型“MatchTimeoutNotification”冲突。请使用“D:\Develop\Projects\Astrum\AstrumServer\AstrumServer\Generated\networkcommon_C_1000.cs”中定义的类型。 [D:\Develop\Projects\Astrum\AstrumServer\AstrumServer\AstrumServer.csproj]
D:\Develop\Projects\Astrum\AstrumServer\AstrumServer\obj\Debug\net9.0\MemoryPack.Generator\MemoryPack.Generator.MemoryPackGenerator\Astrum.Generated.MatchTimeoutNotification.MemoryPackFormatter.g.cs(60,33): warning CS0436: “D:\Develop\Projects\Astrum\AstrumServer\AstrumServer\Generated\networkcommon_C_1000.cs”中的类型“MatchTimeoutNotification”与“Generated, Version=0.0.0.0, Culture=neutral, PublicKeyToken=null”中的导入类型“MatchTimeoutNotification”冲突。请使用“D:\Develop\Projects\Astrum\AstrumServer\AstrumServer\Generated\networkcommon_C_1000.cs”中定义的类型。 [D:\Develop\Projects\Astrum\AstrumServer\AstrumServer\AstrumServer.csproj]
D:\Develop\Projects\Astrum\AstrumServer\AstrumServer\obj\Debug\net9.0\MemoryPack.Generator\MemoryPack.Generator.MemoryPackGenerator\Astrum.Generated.MatchTimeoutNotification.MemoryPackFormatter.g.cs(79,33): warning CS0436: “D:\Develop\Projects\Astrum\AstrumServer\AstrumServer\Generated\networkcommon_C_1000.cs”中的类型“MatchTimeoutNotification”与“Generated, Version=0.0.0.0, Culture=neutral, PublicKeyToken=null”中的导入类型“MatchTimeoutNotification”冲突。请使用“D:\Develop\Projects\Astrum\AstrumServer\AstrumServer\Generated\networkcommon_C_1000.cs”中定义的类型。 [D:\Develop\Projects\Astrum\AstrumServer\AstrumServer\AstrumServer.csproj]
D:\Develop\Projects\Astrum\AstrumServer\AstrumServer\Generated\networkcommon_C_1000.cs(968,23): warning CS0436: “D:\Develop\Projects\Astrum\AstrumServer\AstrumServer\Generated\networkcommon_C_1000.cs”中的类型“MatchTimeoutNotification”与“Generated, Version=0.0.0.0, Culture=neutral, PublicKeyToken=null”中的导入类型“MatchTimeoutNotification”冲突。请使用“D:\Develop\Projects\Astrum\AstrumServer\AstrumServer\Generated\networkcommon_C_1000.cs”中定义的类型。 [D:\Develop\Projects\Astrum\AstrumServer\AstrumServer\AstrumServer.csproj]
D:\Develop\Projects\Astrum\AstrumServer\AstrumServer\obj\Debug\net9.0\MemoryPack.Generator\MemoryPack.Generator.MemoryPackGenerator\Astrum.Generated.HeartbeatResponse.MemoryPackFormatter.g.cs(59,132): warning CS0436: “D:\Develop\Projects\Astrum\AstrumServer\AstrumServer\Generated\networkcommon_C_1000.cs”中的类型“HeartbeatResponse”与“Generated, Version=0.0.0.0, Culture=neutral, PublicKeyToken=null”中的导入类型“HeartbeatResponse”冲突。请使用“D:\Develop\Projects\Astrum\AstrumServer\AstrumServer\Generated\networkcommon_C_1000.cs”中定义的类型。 [D:\Develop\Projects\Astrum\AstrumServer\AstrumServer\AstrumServer.csproj]
D:\Develop\Projects\Astrum\AstrumServer\AstrumServer\obj\Debug\net9.0\MemoryPack.Generator\MemoryPack.Generator.MemoryPackGenerator\Astrum.Generated.HeartbeatResponse.MemoryPackFormatter.g.cs(77,104): warning CS0436: “D:\Develop\Projects\Astrum\AstrumServer\AstrumServer\Generated\networkcommon_C_1000.cs”中的类型“HeartbeatResponse”与“Generated, Version=0.0.0.0, Culture=neutral, PublicKeyToken=null”中的导入类型“HeartbeatResponse”冲突。请使用“D:\Develop\Projects\Astrum\AstrumServer\AstrumServer\Generated\networkcommon_C_1000.cs”中定义的类型。 [D:\Develop\Projects\Astrum\AstrumServer\AstrumServer\AstrumServer.csproj]
D:\Develop\Projects\Astrum\AstrumServer\AstrumServer\Generated\networkcommon_C_1000.cs(796,23): warning CS0436: “D:\Develop\Projects\Astrum\AstrumServer\AstrumServer\Generated\networkcommon_C_1000.cs”中的类型“QuickMatchResponse”与“Generated, Version=0.0.0.0, Culture=neutral, PublicKeyToken=null”中的导入类型“QuickMatchResponse”冲突。请使用“D:\Develop\Projects\Astrum\AstrumServer\AstrumServer\Generated\networkcommon_C_1000.cs”中定义的类型。 [D:\Develop\Projects\Astrum\AstrumServer\AstrumServer\AstrumServer.csproj]
D:\Develop\Projects\Astrum\AstrumServer\AstrumServer\obj\Debug\net9.0\MemoryPack.Generator\MemoryPack.Generator.MemoryPackGenerator\Astrum.Generated.QuickMatchResponse.MemoryPackFormatter.g.cs(62,133): warning CS0436: “D:\Develop\Projects\Astrum\AstrumServer\AstrumServer\Generated\networkcommon_C_1000.cs”中的类型“QuickMatchResponse”与“Generated, Version=0.0.0.0, Culture=neutral, PublicKeyToken=null”中的导入类型“QuickMatchResponse”冲突。请使用“D:\Develop\Projects\Astrum\AstrumServer\AstrumServer\Generated\networkcommon_C_1000.cs”中定义的类型。 [D:\Develop\Projects\Astrum\AstrumServer\AstrumServer\AstrumServer.csproj]
D:\Develop\Projects\Astrum\AstrumServer\AstrumServer\Generated\networkcommon_C_1000.cs(607,16): warning CS0436: “D:\Develop\Projects\Astrum\AstrumServer\AstrumServer\Generated\networkcommon_C_1000.cs”中的类型“UserInfo”与“Generated, Version=0.0.0.0, Culture=neutral, PublicKeyToken=null”中的导入类型“UserInfo”冲突。请使用“D:\Develop\Projects\Astrum\AstrumServer\AstrumServer\Generated\networkcommon_C_1000.cs”中定义的类型。 [D:\Develop\Projects\Astrum\AstrumServer\AstrumServer\AstrumServer.csproj]
D:\Develop\Projects\Astrum\AstrumServer\AstrumServer\obj\Debug\net9.0\MemoryPack.Generator\MemoryPack.Generator.MemoryPackGenerator\Astrum.Generated.QuickMatchResponse.MemoryPackFormatter.g.cs(81,105): warning CS0436: “D:\Develop\Projects\Astrum\AstrumServer\AstrumServer\Generated\networkcommon_C_1000.cs”中的类型“QuickMatchResponse”与“Generated, Version=0.0.0.0, Culture=neutral, PublicKeyToken=null”中的导入类型“QuickMatchResponse”冲突。请使用“D:\Develop\Projects\Astrum\AstrumServer\AstrumServer\Generated\networkcommon_C_1000.cs”中定义的类型。 [D:\Develop\Projects\Astrum\AstrumServer\AstrumServer\AstrumServer.csproj]
D:\Develop\Projects\Astrum\AstrumServer\AstrumServer\Generated\networkcommon_C_1000.cs(1006,25): warning CS8981: 类型名称 "networkcommon" 仅包含小写 ascii 字符。此类名称可能会成为该语言的保留值。 [D:\Develop\Projects\Astrum\AstrumServer\AstrumServer\AstrumServer.csproj]
D:\Develop\Projects\Astrum\AstrumServer\AstrumServer\obj\Debug\net9.0\MemoryPack.Generator\MemoryPack.Generator.MemoryPackGenerator\Astrum.Generated.LoginResponse.MemoryPackFormatter.g.cs(61,128): warning CS0436: “D:\Develop\Projects\Astrum\AstrumServer\AstrumServer\Generated\networkcommon_C_1000.cs”中的类型“LoginResponse”与“Generated, Version=0.0.0.0, Culture=neutral, PublicKeyToken=null”中的导入类型“LoginResponse”冲突。请使用“D:\Develop\Projects\Astrum\AstrumServer\AstrumServer\Generated\networkcommon_C_1000.cs”中定义的类型。 [D:\Develop\Projects\Astrum\AstrumServer\AstrumServer\AstrumServer.csproj]
D:\Develop\Projects\Astrum\AstrumServer\AstrumServer\obj\Debug\net9.0\MemoryPack.Generator\MemoryPack.Generator.MemoryPackGenerator\Astrum.Generated.LoginResponse.MemoryPackFormatter.g.cs(81,100): warning CS0436: “D:\Develop\Projects\Astrum\AstrumServer\AstrumServer\Generated\networkcommon_C_1000.cs”中的类型“LoginResponse”与“Generated, Version=0.0.0.0, Culture=neutral, PublicKeyToken=null”中的导入类型“LoginResponse”冲突。请使用“D:\Develop\Projects\Astrum\AstrumServer\AstrumServer\Generated\networkcommon_C_1000.cs”中定义的类型。 [D:\Develop\Projects\Astrum\AstrumServer\AstrumServer\AstrumServer.csproj]
D:\Develop\Projects\Astrum\AstrumServer\AstrumServer\obj\Debug\net9.0\MemoryPack.Generator\MemoryPack.Generator.MemoryPackGenerator\Astrum.Generated.CancelMatchResponse.MemoryPackFormatter.g.cs(34,53): warning CS0436: “D:\Develop\Projects\Astrum\AstrumServer\AstrumServer\Generated\networkcommon_C_1000.cs”中的类型“CancelMatchResponse”与“Generated, Version=0.0.0.0, Culture=neutral, PublicKeyToken=null”中的导入类型“CancelMatchResponse”冲突。请使用“D:\Develop\Projects\Astrum\AstrumServer\AstrumServer\Generated\networkcommon_C_1000.cs”中定义的类型。 [D:\Develop\Projects\Astrum\AstrumServer\AstrumServer\AstrumServer.csproj]
D:\Develop\Projects\Astrum\AstrumServer\AstrumServer\obj\Debug\net9.0\MemoryPack.Generator\MemoryPack.Generator.MemoryPackGenerator\Astrum.Generated.CancelMatchResponse.MemoryPackFormatter.g.cs(60,33): warning CS0436: “D:\Develop\Projects\Astrum\AstrumServer\AstrumServer\Generated\networkcommon_C_1000.cs”中的类型“CancelMatchResponse”与“Generated, Version=0.0.0.0, Culture=neutral, PublicKeyToken=null”中的导入类型“CancelMatchResponse”冲突。请使用“D:\Develop\Projects\Astrum\AstrumServer\AstrumServer\Generated\networkcommon_C_1000.cs”中定义的类型。 [D:\Develop\Projects\Astrum\AstrumServer\AstrumServer\AstrumServer.csproj]
D:\Develop\Projects\Astrum\AstrumServer\AstrumServer\obj\Debug\net9.0\MemoryPack.Generator\MemoryPack.Generator.MemoryPackGenerator\Astrum.Generated.CancelMatchResponse.MemoryPackFormatter.g.cs(79,33): warning CS0436: “D:\Develop\Projects\Astrum\AstrumServer\AstrumServer\Generated\networkcommon_C_1000.cs”中的类型“CancelMatchResponse”与“Generated, Version=0.0.0.0, Culture=neutral, PublicKeyToken=null”中的导入类型“CancelMatchResponse”冲突。请使用“D:\Develop\Projects\Astrum\AstrumServer\AstrumServer\Generated\networkcommon_C_1000.cs”中定义的类型。 [D:\Develop\Projects\Astrum\AstrumServer\AstrumServer\AstrumServer.csproj]
D:\Develop\Projects\Astrum\AstrumServer\AstrumServer\Generated\networkcommon_C_1000.cs(882,23): warning CS0436: “D:\Develop\Projects\Astrum\AstrumServer\AstrumServer\Generated\networkcommon_C_1000.cs”中的类型“CancelMatchResponse”与“Generated, Version=0.0.0.0, Culture=neutral, PublicKeyToken=null”中的导入类型“CancelMatchResponse”冲突。请使用“D:\Develop\Projects\Astrum\AstrumServer\AstrumServer\Generated\networkcommon_C_1000.cs”中定义的类型。 [D:\Develop\Projects\Astrum\AstrumServer\AstrumServer\AstrumServer.csproj]
D:\Develop\Projects\Astrum\AstrumServer\AstrumServer\obj\Debug\net9.0\MemoryPack.Generator\MemoryPack.Generator.MemoryPackGenerator\Astrum.Generated.MatchTimeoutNotification.MemoryPackFormatter.g.cs(60,139): warning CS0436: “D:\Develop\Projects\Astrum\AstrumServer\AstrumServer\Generated\networkcommon_C_1000.cs”中的类型“MatchTimeoutNotification”与“Generated, Version=0.0.0.0, Culture=neutral, PublicKeyToken=null”中的导入类型“MatchTimeoutNotification”冲突。请使用“D:\Develop\Projects\Astrum\AstrumServer\AstrumServer\Generated\networkcommon_C_1000.cs”中定义的类型。 [D:\Develop\Projects\Astrum\AstrumServer\AstrumServer\AstrumServer.csproj]
D:\Develop\Projects\Astrum\AstrumServer\AstrumServer\obj\Debug\net9.0\MemoryPack.Generator\MemoryPack.Generator.MemoryPackGenerator\Astrum.Generated.MatchTimeoutNotification.MemoryPackFormatter.g.cs(79,111): warning CS0436: “D:\Develop\Projects\Astrum\AstrumServer\AstrumServer\Generated\networkcommon_C_1000.cs”中的类型“MatchTimeoutNotification”与“Generated, Version=0.0.0.0, Culture=neutral, PublicKeyToken=null”中的导入类型“MatchTimeoutNotification”冲突。请使用“D:\Develop\Projects\Astrum\AstrumServer\AstrumServer\Generated\networkcommon_C_1000.cs”中定义的类型。 [D:\Develop\Projects\Astrum\AstrumServer\AstrumServer\AstrumServer.csproj]
D:\Develop\Projects\Astrum\AstrumServer\AstrumServer\obj\Debug\net9.0\MemoryPack.Generator\MemoryPack.Generator.MemoryPackGenerator\Astrum.Generated.CancelMatchResponse.MemoryPackFormatter.g.cs(60,134): warning CS0436: “D:\Develop\Projects\Astrum\AstrumServer\AstrumServer\Generated\networkcommon_C_1000.cs”中的类型“CancelMatchResponse”与“Generated, Version=0.0.0.0, Culture=neutral, PublicKeyToken=null”中的导入类型“CancelMatchResponse”冲突。请使用“D:\Develop\Projects\Astrum\AstrumServer\AstrumServer\Generated\networkcommon_C_1000.cs”中定义的类型。 [D:\Develop\Projects\Astrum\AstrumServer\AstrumServer\AstrumServer.csproj]
D:\Develop\Projects\Astrum\AstrumServer\AstrumServer\obj\Debug\net9.0\MemoryPack.Generator\MemoryPack.Generator.MemoryPackGenerator\Astrum.Generated.CancelMatchResponse.MemoryPackFormatter.g.cs(79,106): warning CS0436: “D:\Develop\Projects\Astrum\AstrumServer\AstrumServer\Generated\networkcommon_C_1000.cs”中的类型“CancelMatchResponse”与“Generated, Version=0.0.0.0, Culture=neutral, PublicKeyToken=null”中的导入类型“CancelMatchResponse”冲突。请使用“D:\Develop\Projects\Astrum\AstrumServer\AstrumServer\Generated\networkcommon_C_1000.cs”中定义的类型。 [D:\Develop\Projects\Astrum\AstrumServer\AstrumServer\AstrumServer.csproj]
D:\Develop\Projects\Astrum\AstrumServer\AstrumServer\Generated\networkcommon_C_1000.cs(970,53): warning CS0436: “D:\Develop\Projects\Astrum\AstrumServer\AstrumServer\Generated\networkcommon_C_1000.cs”中的类型“MatchTimeoutNotification”与“Generated, Version=0.0.0.0, Culture=neutral, PublicKeyToken=null”中的导入类型“MatchTimeoutNotification”冲突。请使用“D:\Develop\Projects\Astrum\AstrumServer\AstrumServer\Generated\networkcommon_C_1000.cs”中定义的类型。 [D:\Develop\Projects\Astrum\AstrumServer\AstrumServer\AstrumServer.csproj]
D:\Develop\Projects\Astrum\AstrumServer\AstrumServer\Generated\networkcommon_C_1000.cs(970,95): warning CS0436: “D:\Develop\Projects\Astrum\AstrumServer\AstrumServer\Generated\networkcommon_C_1000.cs”中的类型“MatchTimeoutNotification”与“Generated, Version=0.0.0.0, Culture=neutral, PublicKeyToken=null”中的导入类型“MatchTimeoutNotification”冲突。请使用“D:\Develop\Projects\Astrum\AstrumServer\AstrumServer\Generated\networkcommon_C_1000.cs”中定义的类型。 [D:\Develop\Projects\Astrum\AstrumServer\AstrumServer\AstrumServer.csproj]
D:\Develop\Projects\Astrum\AstrumServer\AstrumServer\Generated\networkcommon_C_1000.cs(970,20): warning CS8603: 可能返回 null 引用。 [D:\Develop\Projects\Astrum\AstrumServer\AstrumServer\AstrumServer.csproj]
D:\Develop\Projects\Astrum\AstrumServer\AstrumServer\Generated\networkcommon_C_1000.cs(998,28): warning CS8625: 无法将 null 字面量转换为非 null 的引用类型。 [D:\Develop\Projects\Astrum\AstrumServer\AstrumServer\AstrumServer.csproj]
D:\Develop\Projects\Astrum\AstrumServer\AstrumServer\obj\Debug\net9.0\MemoryPack.Generator\MemoryPack.Generator.MemoryPackGenerator\Astrum.Generated.MatchTimeoutNotification.MemoryPackFormatter.g.cs(41,65): warning CS0436: “D:\Develop\Projects\Astrum\AstrumServer\AstrumServer\Generated\networkcommon_C_1000.cs”中的类型“MatchTimeoutNotification”与“Generated, Version=0.0.0.0, Culture=neutral, PublicKeyToken=null”中的导入类型“MatchTimeoutNotification”冲突。请使用“D:\Develop\Projects\Astrum\AstrumServer\AstrumServer\Generated\networkcommon_C_1000.cs”中定义的类型。 [D:\Develop\Projects\Astrum\AstrumServer\AstrumServer\AstrumServer.csproj]
D:\Develop\Projects\Astrum\AstrumServer\AstrumServer\obj\Debug\net9.0\MemoryPack.Generator\MemoryPack.Generator.MemoryPackGenerator\Astrum.Generated.MatchTimeoutNotification.MemoryPackFormatter.g.cs(48,74): warning CS0436: “D:\Develop\Projects\Astrum\AstrumServer\AstrumServer\Generated\networkcommon_C_1000.cs”中的类型“MatchTimeoutNotification”与“Generated, Version=0.0.0.0, Culture=neutral, PublicKeyToken=null”中的导入类型“MatchTimeoutNotification”冲突。请使用“D:\Develop\Projects\Astrum\AstrumServer\AstrumServer\Generated\networkcommon_C_1000.cs”中定义的类型。 [D:\Develop\Projects\Astrum\AstrumServer\AstrumServer\AstrumServer.csproj]
D:\Develop\Projects\Astrum\AstrumServer\AstrumServer\obj\Debug\net9.0\MemoryPack.Generator\MemoryPack.Generator.MemoryPackGenerator\Astrum.Generated.MatchTimeoutNotification.MemoryPackFormatter.g.cs(50,127): warning CS0436: “D:\Develop\Projects\Astrum\AstrumServer\AstrumServer\Generated\networkcommon_C_1000.cs”中的类型“MatchTimeoutNotification”与“Generated, Version=0.0.0.0, Culture=neutral, PublicKeyToken=null”中的导入类型“MatchTimeoutNotification”冲突。请使用“D:\Develop\Projects\Astrum\AstrumServer\AstrumServer\Generated\networkcommon_C_1000.cs”中定义的类型。 [D:\Develop\Projects\Astrum\AstrumServer\AstrumServer\AstrumServer.csproj]
D:\Develop\Projects\Astrum\AstrumServer\AstrumServer\obj\Debug\net9.0\MemoryPack.Generator\MemoryPack.Generator.MemoryPackGenerator\Astrum.Generated.MatchTimeoutNotification.MemoryPackFormatter.g.cs(52,74): warning CS0436: “D:\Develop\Projects\Astrum\AstrumServer\AstrumServer\Generated\networkcommon_C_1000.cs”中的类型“MatchTimeoutNotification”与“Generated, Version=0.0.0.0, Culture=neutral, PublicKeyToken=null”中的导入类型“MatchTimeoutNotification”冲突。请使用“D:\Develop\Projects\Astrum\AstrumServer\AstrumServer\Generated\networkcommon_C_1000.cs”中定义的类型。 [D:\Develop\Projects\Astrum\AstrumServer\AstrumServer\AstrumServer.csproj]
D:\Develop\Projects\Astrum\AstrumServer\AstrumServer\obj\Debug\net9.0\MemoryPack.Generator\MemoryPack.Generator.MemoryPackGenerator\Astrum.Generated.MatchTimeoutNotification.MemoryPackFormatter.g.cs(54,118): warning CS0436: “D:\Develop\Projects\Astrum\AstrumServer\AstrumServer\Generated\networkcommon_C_1000.cs”中的类型“MatchTimeoutNotification”与“Generated, Version=0.0.0.0, Culture=neutral, PublicKeyToken=null”中的导入类型“MatchTimeoutNotification”冲突。请使用“D:\Develop\Projects\Astrum\AstrumServer\AstrumServer\Generated\networkcommon_C_1000.cs”中定义的类型。 [D:\Develop\Projects\Astrum\AstrumServer\AstrumServer\AstrumServer.csproj]
D:\Develop\Projects\Astrum\AstrumServer\AstrumServer\Generated\connectionstatus_C_4000.cs(17,53): warning CS0436: “D:\Develop\Projects\Astrum\AstrumServer\AstrumServer\Generated\connectionstatus_C_4000.cs”中的类型“ConnectionStatusResponse”与“Generated, Version=0.0.0.0, Culture=neutral, PublicKeyToken=null”中的导入类型“ConnectionStatusResponse”冲突。请使用“D:\Develop\Projects\Astrum\AstrumServer\AstrumServer\Generated\connectionstatus_C_4000.cs”中定义的类型。 [D:\Develop\Projects\Astrum\AstrumServer\AstrumServer\AstrumServer.csproj]
D:\Develop\Projects\Astrum\AstrumServer\AstrumServer\Generated\connectionstatus_C_4000.cs(17,95): warning CS0436: “D:\Develop\Projects\Astrum\AstrumServer\AstrumServer\Generated\connectionstatus_C_4000.cs”中的类型“ConnectionStatusResponse”与“Generated, Version=0.0.0.0, Culture=neutral, PublicKeyToken=null”中的导入类型“ConnectionStatusResponse”冲突。请使用“D:\Develop\Projects\Astrum\AstrumServer\AstrumServer\Generated\connectionstatus_C_4000.cs”中定义的类型。 [D:\Develop\Projects\Astrum\AstrumServer\AstrumServer\AstrumServer.csproj]
D:\Develop\Projects\Astrum\AstrumServer\AstrumServer\Generated\connectionstatus_C_4000.cs(17,20): warning CS8603: 可能返回 null 引用。 [D:\Develop\Projects\Astrum\AstrumServer\AstrumServer\AstrumServer.csproj]
D:\Develop\Projects\Astrum\AstrumServer\AstrumServer\Generated\connectionstatus_C_4000.cs(39,28): warning CS8625: 无法将 null 字面量转换为非 null 的引用类型。 [D:\Develop\Projects\Astrum\AstrumServer\AstrumServer\AstrumServer.csproj]
D:\Develop\Projects\Astrum\AstrumServer\AstrumServer\Managers\UserManager.cs(33,32): warning CS0436: “D:\Develop\Projects\Astrum\AstrumServer\AstrumServer\Generated\networkcommon_C_1000.cs”中的类型“UserInfo”与“Generated, Version=0.0.0.0, Culture=neutral, PublicKeyToken=null”中的导入类型“UserInfo”冲突。请使用“D:\Develop\Projects\Astrum\AstrumServer\AstrumServer\Generated\networkcommon_C_1000.cs”中定义的类型。 [D:\Develop\Projects\Astrum\AstrumServer\AstrumServer\AstrumServer.csproj]
D:\Develop\Projects\Astrum\AstrumServer\AstrumServer\obj\Debug\net9.0\MemoryPack.Generator\MemoryPack.Generator.MemoryPackGenerator\Astrum.Generated.ConnectionStatusResponse.MemoryPackFormatter.g.cs(40,65): warning CS0436: “D:\Develop\Projects\Astrum\AstrumServer\AstrumServer\Generated\connectionstatus_C_4000.cs”中的类型“ConnectionStatusResponse”与“Generated, Version=0.0.0.0, Culture=neutral, PublicKeyToken=null”中的导入类型“ConnectionStatusResponse”冲突。请使用“D:\Develop\Projects\Astrum\AstrumServer\AstrumServer\Generated\connectionstatus_C_4000.cs”中定义的类型。 [D:\Develop\Projects\Astrum\AstrumServer\AstrumServer\AstrumServer.csproj]
D:\Develop\Projects\Astrum\AstrumServer\AstrumServer\Generated\connectionstatus_C_4000.cs(89,53): warning CS0436: “D:\Develop\Projects\Astrum\AstrumServer\AstrumServer\Generated\connectionstatus_C_4000.cs”中的类型“ConnectRequest”与“Generated, Version=0.0.0.0, Culture=neutral, PublicKeyToken=null”中的导入类型“ConnectRequest”冲突。请使用“D:\Develop\Projects\Astrum\AstrumServer\AstrumServer\Generated\connectionstatus_C_4000.cs”中定义的类型。 [D:\Develop\Projects\Astrum\AstrumServer\AstrumServer\AstrumServer.csproj]
D:\Develop\Projects\Astrum\AstrumServer\AstrumServer\Generated\connectionstatus_C_4000.cs(89,85): warning CS0436: “D:\Develop\Projects\Astrum\AstrumServer\AstrumServer\Generated\connectionstatus_C_4000.cs”中的类型“ConnectRequest”与“Generated, Version=0.0.0.0, Culture=neutral, PublicKeyToken=null”中的导入类型“ConnectRequest”冲突。请使用“D:\Develop\Projects\Astrum\AstrumServer\AstrumServer\Generated\connectionstatus_C_4000.cs”中定义的类型。 [D:\Develop\Projects\Astrum\AstrumServer\AstrumServer\AstrumServer.csproj]
D:\Develop\Projects\Astrum\AstrumServer\AstrumServer\Generated\connectionstatus_C_4000.cs(89,20): warning CS8603: 可能返回 null 引用。 [D:\Develop\Projects\Astrum\AstrumServer\AstrumServer\AstrumServer.csproj]
D:\Develop\Projects\Astrum\AstrumServer\AstrumServer\Generated\connectionstatus_C_4000.cs(53,53): warning CS0436: “D:\Develop\Projects\Astrum\AstrumServer\AstrumServer\Generated\connectionstatus_C_4000.cs”中的类型“ConnectionStatusChanged”与“Generated, Version=0.0.0.0, Culture=neutral, PublicKeyToken=null”中的导入类型“ConnectionStatusChanged”冲突。请使用“D:\Develop\Projects\Astrum\AstrumServer\AstrumServer\Generated\connectionstatus_C_4000.cs”中定义的类型。 [D:\Develop\Projects\Astrum\AstrumServer\AstrumServer\AstrumServer.csproj]
D:\Develop\Projects\Astrum\AstrumServer\AstrumServer\Generated\connectionstatus_C_4000.cs(53,94): warning CS0436: “D:\Develop\Projects\Astrum\AstrumServer\AstrumServer\Generated\connectionstatus_C_4000.cs”中的类型“ConnectionStatusChanged”与“Generated, Version=0.0.0.0, Culture=neutral, PublicKeyToken=null”中的导入类型“ConnectionStatusChanged”冲突。请使用“D:\Develop\Projects\Astrum\AstrumServer\AstrumServer\Generated\connectionstatus_C_4000.cs”中定义的类型。 [D:\Develop\Projects\Astrum\AstrumServer\AstrumServer\AstrumServer.csproj]
D:\Develop\Projects\Astrum\AstrumServer\AstrumServer\Generated\connectionstatus_C_4000.cs(53,20): warning CS8603: 可能返回 null 引用。 [D:\Develop\Projects\Astrum\AstrumServer\AstrumServer\AstrumServer.csproj]
D:\Develop\Projects\Astrum\AstrumServer\AstrumServer\Generated\connectionstatus_C_4000.cs(132,53): warning CS0436: “D:\Develop\Projects\Astrum\AstrumServer\AstrumServer\Generated\connectionstatus_C_4000.cs”中的类型“ConnectResponse”与“Generated, Version=0.0.0.0, Culture=neutral, PublicKeyToken=null”中的导入类型“ConnectResponse”冲突。请使用“D:\Develop\Projects\Astrum\AstrumServer\AstrumServer\Generated\connectionstatus_C_4000.cs”中定义的类型。 [D:\Develop\Projects\Astrum\AstrumServer\AstrumServer\AstrumServer.csproj]
D:\Develop\Projects\Astrum\AstrumServer\AstrumServer\Generated\connectionstatus_C_4000.cs(132,86): warning CS0436: “D:\Develop\Projects\Astrum\AstrumServer\AstrumServer\Generated\connectionstatus_C_4000.cs”中的类型“ConnectResponse”与“Generated, Version=0.0.0.0, Culture=neutral, PublicKeyToken=null”中的导入类型“ConnectResponse”冲突。请使用“D:\Develop\Projects\Astrum\AstrumServer\AstrumServer\Generated\connectionstatus_C_4000.cs”中定义的类型。 [D:\Develop\Projects\Astrum\AstrumServer\AstrumServer\AstrumServer.csproj]
D:\Develop\Projects\Astrum\AstrumServer\AstrumServer\Generated\connectionstatus_C_4000.cs(132,20): warning CS8603: 可能返回 null 引用。 [D:\Develop\Projects\Astrum\AstrumServer\AstrumServer\AstrumServer.csproj]
D:\Develop\Projects\Astrum\AstrumServer\AstrumServer\obj\Debug\net9.0\MemoryPack.Generator\MemoryPack.Generator.MemoryPackGenerator\Astrum.Generated.ConnectionStatusResponse.MemoryPackFormatter.g.cs(47,74): warning CS0436: “D:\Develop\Projects\Astrum\AstrumServer\AstrumServer\Generated\connectionstatus_C_4000.cs”中的类型“ConnectionStatusResponse”与“Generated, Version=0.0.0.0, Culture=neutral, PublicKeyToken=null”中的导入类型“ConnectionStatusResponse”冲突。请使用“D:\Develop\Projects\Astrum\AstrumServer\AstrumServer\Generated\connectionstatus_C_4000.cs”中定义的类型。 [D:\Develop\Projects\Astrum\AstrumServer\AstrumServer\AstrumServer.csproj]
D:\Develop\Projects\Astrum\AstrumServer\AstrumServer\obj\Debug\net9.0\MemoryPack.Generator\MemoryPack.Generator.MemoryPackGenerator\Astrum.Generated.ConnectionStatusResponse.MemoryPackFormatter.g.cs(49,127): warning CS0436: “D:\Develop\Projects\Astrum\AstrumServer\AstrumServer\Generated\connectionstatus_C_4000.cs”中的类型“ConnectionStatusResponse”与“Generated, Version=0.0.0.0, Culture=neutral, PublicKeyToken=null”中的导入类型“ConnectionStatusResponse”冲突。请使用“D:\Develop\Projects\Astrum\AstrumServer\AstrumServer\Generated\connectionstatus_C_4000.cs”中定义的类型。 [D:\Develop\Projects\Astrum\AstrumServer\AstrumServer\AstrumServer.csproj]
D:\Develop\Projects\Astrum\AstrumServer\AstrumServer\obj\Debug\net9.0\MemoryPack.Generator\MemoryPack.Generator.MemoryPackGenerator\Astrum.Generated.ConnectionStatusResponse.MemoryPackFormatter.g.cs(51,74): warning CS0436: “D:\Develop\Projects\Astrum\AstrumServer\AstrumServer\Generated\connectionstatus_C_4000.cs”中的类型“ConnectionStatusResponse”与“Generated, Version=0.0.0.0, Culture=neutral, PublicKeyToken=null”中的导入类型“ConnectionStatusResponse”冲突。请使用“D:\Develop\Projects\Astrum\AstrumServer\AstrumServer\Generated\connectionstatus_C_4000.cs”中定义的类型。 [D:\Develop\Projects\Astrum\AstrumServer\AstrumServer\AstrumServer.csproj]
D:\Develop\Projects\Astrum\AstrumServer\AstrumServer\obj\Debug\net9.0\MemoryPack.Generator\MemoryPack.Generator.MemoryPackGenerator\Astrum.Generated.ConnectionStatusResponse.MemoryPackFormatter.g.cs(53,118): warning CS0436: “D:\Develop\Projects\Astrum\AstrumServer\AstrumServer\Generated\connectionstatus_C_4000.cs”中的类型“ConnectionStatusResponse”与“Generated, Version=0.0.0.0, Culture=neutral, PublicKeyToken=null”中的导入类型“ConnectionStatusResponse”冲突。请使用“D:\Develop\Projects\Astrum\AstrumServer\AstrumServer\Generated\connectionstatus_C_4000.cs”中定义的类型。 [D:\Develop\Projects\Astrum\AstrumServer\AstrumServer\AstrumServer.csproj]
D:\Develop\Projects\Astrum\AstrumServer\AstrumServer\Generated\connectionstatus_C_4000.cs(75,27): warning CS8625: 无法将 null 字面量转换为非 null 的引用类型。 [D:\Develop\Projects\Astrum\AstrumServer\AstrumServer\AstrumServer.csproj]
D:\Develop\Projects\Astrum\AstrumServer\AstrumServer\Generated\connectionstatus_C_4000.cs(161,28): warning CS8625: 无法将 null 字面量转换为非 null 的引用类型。 [D:\Develop\Projects\Astrum\AstrumServer\AstrumServer\AstrumServer.csproj]
D:\Develop\Projects\Astrum\AstrumServer\AstrumServer\Generated\connectionstatus_C_4000.cs(175,53): warning CS0436: “D:\Develop\Projects\Astrum\AstrumServer\AstrumServer\Generated\connectionstatus_C_4000.cs”中的类型“DisconnectRequest”与“Generated, Version=0.0.0.0, Culture=neutral, PublicKeyToken=null”中的导入类型“DisconnectRequest”冲突。请使用“D:\Develop\Projects\Astrum\AstrumServer\AstrumServer\Generated\connectionstatus_C_4000.cs”中定义的类型。 [D:\Develop\Projects\Astrum\AstrumServer\AstrumServer\AstrumServer.csproj]
D:\Develop\Projects\Astrum\AstrumServer\AstrumServer\Generated\connectionstatus_C_4000.cs(175,88): warning CS0436: “D:\Develop\Projects\Astrum\AstrumServer\AstrumServer\Generated\connectionstatus_C_4000.cs”中的类型“DisconnectRequest”与“Generated, Version=0.0.0.0, Culture=neutral, PublicKeyToken=null”中的导入类型“DisconnectRequest”冲突。请使用“D:\Develop\Projects\Astrum\AstrumServer\AstrumServer\Generated\connectionstatus_C_4000.cs”中定义的类型。 [D:\Develop\Projects\Astrum\AstrumServer\AstrumServer\AstrumServer.csproj]
D:\Develop\Projects\Astrum\AstrumServer\AstrumServer\Generated\connectionstatus_C_4000.cs(175,20): warning CS8603: 可能返回 null 引用。 [D:\Develop\Projects\Astrum\AstrumServer\AstrumServer\AstrumServer.csproj]
D:\Develop\Projects\Astrum\AstrumServer\AstrumServer\Generated\connectionstatus_C_4000.cs(117,34): warning CS8625: 无法将 null 字面量转换为非 null 的引用类型。 [D:\Develop\Projects\Astrum\AstrumServer\AstrumServer\AstrumServer.csproj]
D:\Develop\Projects\Astrum\AstrumServer\AstrumServer\obj\Debug\net9.0\MemoryPack.Generator\MemoryPack.Generator.MemoryPackGenerator\Astrum.Generated.ConnectionStatusChanged.MemoryPackFormatter.g.cs(40,65): warning CS0436: “D:\Develop\Projects\Astrum\AstrumServer\AstrumServer\Generated\connectionstatus_C_4000.cs”中的类型“ConnectionStatusChanged”与“Generated, Version=0.0.0.0, Culture=neutral, PublicKeyToken=null”中的导入类型“ConnectionStatusChanged”冲突。请使用“D:\Develop\Projects\Astrum\AstrumServer\AstrumServer\Generated\connectionstatus_C_4000.cs”中定义的类型。 [D:\Develop\Projects\Astrum\AstrumServer\AstrumServer\AstrumServer.csproj]
D:\Develop\Projects\Astrum\AstrumServer\AstrumServer\obj\Debug\net9.0\MemoryPack.Generator\MemoryPack.Generator.MemoryPackGenerator\Astrum.Generated.ConnectResponse.MemoryPackFormatter.g.cs(41,65): warning CS0436: “D:\Develop\Projects\Astrum\AstrumServer\AstrumServer\Generated\connectionstatus_C_4000.cs”中的类型“ConnectResponse”与“Generated, Version=0.0.0.0, Culture=neutral, PublicKeyToken=null”中的导入类型“ConnectResponse”冲突。请使用“D:\Develop\Projects\Astrum\AstrumServer\AstrumServer\Generated\connectionstatus_C_4000.cs”中定义的类型。 [D:\Develop\Projects\Astrum\AstrumServer\AstrumServer\AstrumServer.csproj]
D:\Develop\Projects\Astrum\AstrumServer\AstrumServer\obj\Debug\net9.0\MemoryPack.Generator\MemoryPack.Generator.MemoryPackGenerator\Astrum.Generated.ConnectRequest.MemoryPackFormatter.g.cs(41,65): warning CS0436: “D:\Develop\Projects\Astrum\AstrumServer\AstrumServer\Generated\connectionstatus_C_4000.cs”中的类型“ConnectRequest”与“Generated, Version=0.0.0.0, Culture=neutral, PublicKeyToken=null”中的导入类型“ConnectRequest”冲突。请使用“D:\Develop\Projects\Astrum\AstrumServer\AstrumServer\Generated\connectionstatus_C_4000.cs”中定义的类型。 [D:\Develop\Projects\Astrum\AstrumServer\AstrumServer\AstrumServer.csproj]
D:\Develop\Projects\Astrum\AstrumServer\AstrumServer\Generated\connectionstatus_C_4000.cs(197,27): warning CS8625: 无法将 null 字面量转换为非 null 的引用类型。 [D:\Develop\Projects\Astrum\AstrumServer\AstrumServer\AstrumServer.csproj]
D:\Develop\Projects\Astrum\AstrumServer\AstrumServer\obj\Debug\net9.0\MemoryPack.Generator\MemoryPack.Generator.MemoryPackGenerator\Astrum.Generated.DisconnectRequest.MemoryPackFormatter.g.cs(40,65): warning CS0436: “D:\Develop\Projects\Astrum\AstrumServer\AstrumServer\Generated\connectionstatus_C_4000.cs”中的类型“DisconnectRequest”与“Generated, Version=0.0.0.0, Culture=neutral, PublicKeyToken=null”中的导入类型“DisconnectRequest”冲突。请使用“D:\Develop\Projects\Astrum\AstrumServer\AstrumServer\Generated\connectionstatus_C_4000.cs”中定义的类型。 [D:\Develop\Projects\Astrum\AstrumServer\AstrumServer\AstrumServer.csproj]
D:\Develop\Projects\Astrum\AstrumServer\AstrumServer\obj\Debug\net9.0\MemoryPack.Generator\MemoryPack.Generator.MemoryPackGenerator\Astrum.Generated.ConnectionStatusChanged.MemoryPackFormatter.g.cs(47,74): warning CS0436: “D:\Develop\Projects\Astrum\AstrumServer\AstrumServer\Generated\connectionstatus_C_4000.cs”中的类型“ConnectionStatusChanged”与“Generated, Version=0.0.0.0, Culture=neutral, PublicKeyToken=null”中的导入类型“ConnectionStatusChanged”冲突。请使用“D:\Develop\Projects\Astrum\AstrumServer\AstrumServer\Generated\connectionstatus_C_4000.cs”中定义的类型。 [D:\Develop\Projects\Astrum\AstrumServer\AstrumServer\AstrumServer.csproj]
D:\Develop\Projects\Astrum\AstrumServer\AstrumServer\obj\Debug\net9.0\MemoryPack.Generator\MemoryPack.Generator.MemoryPackGenerator\Astrum.Generated.ConnectionStatusChanged.MemoryPackFormatter.g.cs(49,127): warning CS0436: “D:\Develop\Projects\Astrum\AstrumServer\AstrumServer\Generated\connectionstatus_C_4000.cs”中的类型“ConnectionStatusChanged”与“Generated, Version=0.0.0.0, Culture=neutral, PublicKeyToken=null”中的导入类型“ConnectionStatusChanged”冲突。请使用“D:\Develop\Projects\Astrum\AstrumServer\AstrumServer\Generated\connectionstatus_C_4000.cs”中定义的类型。 [D:\Develop\Projects\Astrum\AstrumServer\AstrumServer\AstrumServer.csproj]
D:\Develop\Projects\Astrum\AstrumServer\AstrumServer\obj\Debug\net9.0\MemoryPack.Generator\MemoryPack.Generator.MemoryPackGenerator\Astrum.Generated.ConnectionStatusChanged.MemoryPackFormatter.g.cs(51,74): warning CS0436: “D:\Develop\Projects\Astrum\AstrumServer\AstrumServer\Generated\connectionstatus_C_4000.cs”中的类型“ConnectionStatusChanged”与“Generated, Version=0.0.0.0, Culture=neutral, PublicKeyToken=null”中的导入类型“ConnectionStatusChanged”冲突。请使用“D:\Develop\Projects\Astrum\AstrumServer\AstrumServer\Generated\connectionstatus_C_4000.cs”中定义的类型。 [D:\Develop\Projects\Astrum\AstrumServer\AstrumServer\AstrumServer.csproj]
D:\Develop\Projects\Astrum\AstrumServer\AstrumServer\obj\Debug\net9.0\MemoryPack.Generator\MemoryPack.Generator.MemoryPackGenerator\Astrum.Generated.ConnectionStatusChanged.MemoryPackFormatter.g.cs(53,118): warning CS0436: “D:\Develop\Projects\Astrum\AstrumServer\AstrumServer\Generated\connectionstatus_C_4000.cs”中的类型“ConnectionStatusChanged”与“Generated, Version=0.0.0.0, Culture=neutral, PublicKeyToken=null”中的导入类型“ConnectionStatusChanged”冲突。请使用“D:\Develop\Projects\Astrum\AstrumServer\AstrumServer\Generated\connectionstatus_C_4000.cs”中定义的类型。 [D:\Develop\Projects\Astrum\AstrumServer\AstrumServer\AstrumServer.csproj]
D:\Develop\Projects\Astrum\AstrumServer\AstrumServer\obj\Debug\net9.0\MemoryPack.Generator\MemoryPack.Generator.MemoryPackGenerator\Astrum.Generated.DisconnectRequest.MemoryPackFormatter.g.cs(47,74): warning CS0436: “D:\Develop\Projects\Astrum\AstrumServer\AstrumServer\Generated\connectionstatus_C_4000.cs”中的类型“DisconnectRequest”与“Generated, Version=0.0.0.0, Culture=neutral, PublicKeyToken=null”中的导入类型“DisconnectRequest”冲突。请使用“D:\Develop\Projects\Astrum\AstrumServer\AstrumServer\Generated\connectionstatus_C_4000.cs”中定义的类型。 [D:\Develop\Projects\Astrum\AstrumServer\AstrumServer\AstrumServer.csproj]
D:\Develop\Projects\Astrum\AstrumServer\AstrumServer\obj\Debug\net9.0\MemoryPack.Generator\MemoryPack.Generator.MemoryPackGenerator\Astrum.Generated.DisconnectRequest.MemoryPackFormatter.g.cs(49,127): warning CS0436: “D:\Develop\Projects\Astrum\AstrumServer\AstrumServer\Generated\connectionstatus_C_4000.cs”中的类型“DisconnectRequest”与“Generated, Version=0.0.0.0, Culture=neutral, PublicKeyToken=null”中的导入类型“DisconnectRequest”冲突。请使用“D:\Develop\Projects\Astrum\AstrumServer\AstrumServer\Generated\connectionstatus_C_4000.cs”中定义的类型。 [D:\Develop\Projects\Astrum\AstrumServer\AstrumServer\AstrumServer.csproj]
D:\Develop\Projects\Astrum\AstrumServer\AstrumServer\obj\Debug\net9.0\MemoryPack.Generator\MemoryPack.Generator.MemoryPackGenerator\Astrum.Generated.DisconnectRequest.MemoryPackFormatter.g.cs(51,74): warning CS0436: “D:\Develop\Projects\Astrum\AstrumServer\AstrumServer\Generated\connectionstatus_C_4000.cs”中的类型“DisconnectRequest”与“Generated, Version=0.0.0.0, Culture=neutral, PublicKeyToken=null”中的导入类型“DisconnectRequest”冲突。请使用“D:\Develop\Projects\Astrum\AstrumServer\AstrumServer\Generated\connectionstatus_C_4000.cs”中定义的类型。 [D:\Develop\Projects\Astrum\AstrumServer\AstrumServer\AstrumServer.csproj]
D:\Develop\Projects\Astrum\AstrumServer\AstrumServer\obj\Debug\net9.0\MemoryPack.Generator\MemoryPack.Generator.MemoryPackGenerator\Astrum.Generated.DisconnectRequest.MemoryPackFormatter.g.cs(53,118): warning CS0436: “D:\Develop\Projects\Astrum\AstrumServer\AstrumServer\Generated\connectionstatus_C_4000.cs”中的类型“DisconnectRequest”与“Generated, Version=0.0.0.0, Culture=neutral, PublicKeyToken=null”中的导入类型“DisconnectRequest”冲突。请使用“D:\Develop\Projects\Astrum\AstrumServer\AstrumServer\Generated\connectionstatus_C_4000.cs”中定义的类型。 [D:\Develop\Projects\Astrum\AstrumServer\AstrumServer\AstrumServer.csproj]
D:\Develop\Projects\Astrum\AstrumServer\AstrumServer\obj\Debug\net9.0\MemoryPack.Generator\MemoryPack.Generator.MemoryPackGenerator\Astrum.Generated.ConnectRequest.MemoryPackFormatter.g.cs(48,74): warning CS0436: “D:\Develop\Projects\Astrum\AstrumServer\AstrumServer\Generated\connectionstatus_C_4000.cs”中的类型“ConnectRequest”与“Generated, Version=0.0.0.0, Culture=neutral, PublicKeyToken=null”中的导入类型“ConnectRequest”冲突。请使用“D:\Develop\Projects\Astrum\AstrumServer\AstrumServer\Generated\connectionstatus_C_4000.cs”中定义的类型。 [D:\Develop\Projects\Astrum\AstrumServer\AstrumServer\AstrumServer.csproj]
D:\Develop\Projects\Astrum\AstrumServer\AstrumServer\obj\Debug\net9.0\MemoryPack.Generator\MemoryPack.Generator.MemoryPackGenerator\Astrum.Generated.ConnectRequest.MemoryPackFormatter.g.cs(50,127): warning CS0436: “D:\Develop\Projects\Astrum\AstrumServer\AstrumServer\Generated\connectionstatus_C_4000.cs”中的类型“ConnectRequest”与“Generated, Version=0.0.0.0, Culture=neutral, PublicKeyToken=null”中的导入类型“ConnectRequest”冲突。请使用“D:\Develop\Projects\Astrum\AstrumServer\AstrumServer\Generated\connectionstatus_C_4000.cs”中定义的类型。 [D:\Develop\Projects\Astrum\AstrumServer\AstrumServer\AstrumServer.csproj]
D:\Develop\Projects\Astrum\AstrumServer\AstrumServer\obj\Debug\net9.0\MemoryPack.Generator\MemoryPack.Generator.MemoryPackGenerator\Astrum.Generated.ConnectRequest.MemoryPackFormatter.g.cs(52,74): warning CS0436: “D:\Develop\Projects\Astrum\AstrumServer\AstrumServer\Generated\connectionstatus_C_4000.cs”中的类型“ConnectRequest”与“Generated, Version=0.0.0.0, Culture=neutral, PublicKeyToken=null”中的导入类型“ConnectRequest”冲突。请使用“D:\Develop\Projects\Astrum\AstrumServer\AstrumServer\Generated\connectionstatus_C_4000.cs”中定义的类型。 [D:\Develop\Projects\Astrum\AstrumServer\AstrumServer\AstrumServer.csproj]
D:\Develop\Projects\Astrum\AstrumServer\AstrumServer\obj\Debug\net9.0\MemoryPack.Generator\MemoryPack.Generator.MemoryPackGenerator\Astrum.Generated.ConnectRequest.MemoryPackFormatter.g.cs(54,118): warning CS0436: “D:\Develop\Projects\Astrum\AstrumServer\AstrumServer\Generated\connectionstatus_C_4000.cs”中的类型“ConnectRequest”与“Generated, Version=0.0.0.0, Culture=neutral, PublicKeyToken=null”中的导入类型“ConnectRequest”冲突。请使用“D:\Develop\Projects\Astrum\AstrumServer\AstrumServer\Generated\connectionstatus_C_4000.cs”中定义的类型。 [D:\Develop\Projects\Astrum\AstrumServer\AstrumServer\AstrumServer.csproj]
D:\Develop\Projects\Astrum\AstrumServer\AstrumServer\obj\Debug\net9.0\MemoryPack.Generator\MemoryPack.Generator.MemoryPackGenerator\Astrum.Generated.ConnectResponse.MemoryPackFormatter.g.cs(48,74): warning CS0436: “D:\Develop\Projects\Astrum\AstrumServer\AstrumServer\Generated\connectionstatus_C_4000.cs”中的类型“ConnectResponse”与“Generated, Version=0.0.0.0, Culture=neutral, PublicKeyToken=null”中的导入类型“ConnectResponse”冲突。请使用“D:\Develop\Projects\Astrum\AstrumServer\AstrumServer\Generated\connectionstatus_C_4000.cs”中定义的类型。 [D:\Develop\Projects\Astrum\AstrumServer\AstrumServer\AstrumServer.csproj]
D:\Develop\Projects\Astrum\AstrumServer\AstrumServer\obj\Debug\net9.0\MemoryPack.Generator\MemoryPack.Generator.MemoryPackGenerator\Astrum.Generated.ConnectResponse.MemoryPackFormatter.g.cs(50,127): warning CS0436: “D:\Develop\Projects\Astrum\AstrumServer\AstrumServer\Generated\connectionstatus_C_4000.cs”中的类型“ConnectResponse”与“Generated, Version=0.0.0.0, Culture=neutral, PublicKeyToken=null”中的导入类型“ConnectResponse”冲突。请使用“D:\Develop\Projects\Astrum\AstrumServer\AstrumServer\Generated\connectionstatus_C_4000.cs”中定义的类型。 [D:\Develop\Projects\Astrum\AstrumServer\AstrumServer\AstrumServer.csproj]
D:\Develop\Projects\Astrum\AstrumServer\AstrumServer\obj\Debug\net9.0\MemoryPack.Generator\MemoryPack.Generator.MemoryPackGenerator\Astrum.Generated.ConnectResponse.MemoryPackFormatter.g.cs(52,74): warning CS0436: “D:\Develop\Projects\Astrum\AstrumServer\AstrumServer\Generated\connectionstatus_C_4000.cs”中的类型“ConnectResponse”与“Generated, Version=0.0.0.0, Culture=neutral, PublicKeyToken=null”中的导入类型“ConnectResponse”冲突。请使用“D:\Develop\Projects\Astrum\AstrumServer\AstrumServer\Generated\connectionstatus_C_4000.cs”中定义的类型。 [D:\Develop\Projects\Astrum\AstrumServer\AstrumServer\AstrumServer.csproj]
D:\Develop\Projects\Astrum\AstrumServer\AstrumServer\obj\Debug\net9.0\MemoryPack.Generator\MemoryPack.Generator.MemoryPackGenerator\Astrum.Generated.ConnectResponse.MemoryPackFormatter.g.cs(54,118): warning CS0436: “D:\Develop\Projects\Astrum\AstrumServer\AstrumServer\Generated\connectionstatus_C_4000.cs”中的类型“ConnectResponse”与“Generated, Version=0.0.0.0, Culture=neutral, PublicKeyToken=null”中的导入类型“ConnectResponse”冲突。请使用“D:\Develop\Projects\Astrum\AstrumServer\AstrumServer\Generated\connectionstatus_C_4000.cs”中定义的类型。 [D:\Develop\Projects\Astrum\AstrumServer\AstrumServer\AstrumServer.csproj]
D:\Develop\Projects\Astrum\AstrumServer\AstrumServer\Core\GameServer.cs(129,28): warning CS0436: “D:\Develop\Projects\Astrum\AstrumServer\AstrumServer\Generated\connectionstatus_C_4000.cs”中的类型“ConnectResponse”与“Generated, Version=0.0.0.0, Culture=neutral, PublicKeyToken=null”中的导入类型“ConnectResponse”冲突。请使用“D:\Develop\Projects\Astrum\AstrumServer\AstrumServer\Generated\connectionstatus_C_4000.cs”中定义的类型。 [D:\Develop\Projects\Astrum\AstrumServer\AstrumServer\AstrumServer.csproj]
D:\Develop\Projects\Astrum\AstrumServer\AstrumServer\Generated\connectionstatus_C_4000.cs(211,53): warning CS0436: “D:\Develop\Projects\Astrum\AstrumServer\AstrumServer\Generated\connectionstatus_C_4000.cs”中的类型“DisconnectResponse”与“Generated, Version=0.0.0.0, Culture=neutral, PublicKeyToken=null”中的导入类型“DisconnectResponse”冲突。请使用“D:\Develop\Projects\Astrum\AstrumServer\AstrumServer\Generated\connectionstatus_C_4000.cs”中定义的类型。 [D:\Develop\Projects\Astrum\AstrumServer\AstrumServer\AstrumServer.csproj]
D:\Develop\Projects\Astrum\AstrumServer\AstrumServer\Generated\connectionstatus_C_4000.cs(211,89): warning CS0436: “D:\Develop\Projects\Astrum\AstrumServer\AstrumServer\Generated\connectionstatus_C_4000.cs”中的类型“DisconnectResponse”与“Generated, Version=0.0.0.0, Culture=neutral, PublicKeyToken=null”中的导入类型“DisconnectResponse”冲突。请使用“D:\Develop\Projects\Astrum\AstrumServer\AstrumServer\Generated\connectionstatus_C_4000.cs”中定义的类型。 [D:\Develop\Projects\Astrum\AstrumServer\AstrumServer\AstrumServer.csproj]
D:\Develop\Projects\Astrum\AstrumServer\AstrumServer\Generated\connectionstatus_C_4000.cs(211,20): warning CS8603: 可能返回 null 引用。 [D:\Develop\Projects\Astrum\AstrumServer\AstrumServer\AstrumServer.csproj]
D:\Develop\Projects\Astrum\AstrumServer\AstrumServer\Generated\connectionstatus_C_4000.cs(240,28): warning CS8625: 无法将 null 字面量转换为非 null 的引用类型。 [D:\Develop\Projects\Astrum\AstrumServer\AstrumServer\AstrumServer.csproj]
D:\Develop\Projects\Astrum\AstrumServer\AstrumServer\obj\Debug\net9.0\MemoryPack.Generator\MemoryPack.Generator.MemoryPackGenerator\Astrum.Generated.DisconnectResponse.MemoryPackFormatter.g.cs(41,65): warning CS0436: “D:\Develop\Projects\Astrum\AstrumServer\AstrumServer\Generated\connectionstatus_C_4000.cs”中的类型“DisconnectResponse”与“Generated, Version=0.0.0.0, Culture=neutral, PublicKeyToken=null”中的导入类型“DisconnectResponse”冲突。请使用“D:\Develop\Projects\Astrum\AstrumServer\AstrumServer\Generated\connectionstatus_C_4000.cs”中定义的类型。 [D:\Develop\Projects\Astrum\AstrumServer\AstrumServer\AstrumServer.csproj]
D:\Develop\Projects\Astrum\AstrumServer\AstrumServer\Managers\RoomManager.cs(32,32): warning CS0436: “D:\Develop\Projects\Astrum\AstrumServer\AstrumServer\Generated\networkcommon_C_1000.cs”中的类型“RoomInfo”与“Generated, Version=0.0.0.0, Culture=neutral, PublicKeyToken=null”中的导入类型“RoomInfo”冲突。请使用“D:\Develop\Projects\Astrum\AstrumServer\AstrumServer\Generated\networkcommon_C_1000.cs”中定义的类型。 [D:\Develop\Projects\Astrum\AstrumServer\AstrumServer\AstrumServer.csproj]
D:\Develop\Projects\Astrum\AstrumServer\AstrumServer\obj\Debug\net9.0\MemoryPack.Generator\MemoryPack.Generator.MemoryPackGenerator\Astrum.Generated.ConnectRequest.MemoryPackFormatter.g.cs(125,79): warning CS0436: “D:\Develop\Projects\Astrum\AstrumServer\AstrumServer\Generated\connectionstatus_C_4000.cs”中的类型“ConnectRequest”与“Generated, Version=0.0.0.0, Culture=neutral, PublicKeyToken=null”中的导入类型“ConnectRequest”冲突。请使用“D:\Develop\Projects\Astrum\AstrumServer\AstrumServer\Generated\connectionstatus_C_4000.cs”中定义的类型。 [D:\Develop\Projects\Astrum\AstrumServer\AstrumServer\AstrumServer.csproj]
D:\Develop\Projects\Astrum\AstrumServer\AstrumServer\obj\Debug\net9.0\MemoryPack.Generator\MemoryPack.Generator.MemoryPackGenerator\Astrum.Generated.ConnectRequest.MemoryPackFormatter.g.cs(173,21): warning CS0436: “D:\Develop\Projects\Astrum\AstrumServer\AstrumServer\Generated\connectionstatus_C_4000.cs”中的类型“ConnectRequest”与“Generated, Version=0.0.0.0, Culture=neutral, PublicKeyToken=null”中的导入类型“ConnectRequest”冲突。请使用“D:\Develop\Projects\Astrum\AstrumServer\AstrumServer\Generated\connectionstatus_C_4000.cs”中定义的类型。 [D:\Develop\Projects\Astrum\AstrumServer\AstrumServer\AstrumServer.csproj]
D:\Develop\Projects\Astrum\AstrumServer\AstrumServer\Generated\connectionstatus_C_4000.cs(96,23): warning CS8618: 在退出构造函数时，不可为 null 的 属性 "serverAddress" 必须包含非 null 值。请考虑添加 "required" 修饰符或将该 属性 声明为可为 null。 [D:\Develop\Projects\Astrum\AstrumServer\AstrumServer\AstrumServer.csproj]
D:\Develop\Projects\Astrum\AstrumServer\AstrumServer\obj\Debug\net9.0\MemoryPack.Generator\MemoryPack.Generator.MemoryPackGenerator\Astrum.Generated.ConnectionStatusResponse.MemoryPackFormatter.g.cs(121,79): warning CS0436: “D:\Develop\Projects\Astrum\AstrumServer\AstrumServer\Generated\connectionstatus_C_4000.cs”中的类型“ConnectionStatusResponse”与“Generated, Version=0.0.0.0, Culture=neutral, PublicKeyToken=null”中的导入类型“ConnectionStatusResponse”冲突。请使用“D:\Develop\Projects\Astrum\AstrumServer\AstrumServer\Generated\connectionstatus_C_4000.cs”中定义的类型。 [D:\Develop\Projects\Astrum\AstrumServer\AstrumServer\AstrumServer.csproj]
D:\Develop\Projects\Astrum\AstrumServer\AstrumServer\obj\Debug\net9.0\MemoryPack.Generator\MemoryPack.Generator.MemoryPackGenerator\Astrum.Generated.ConnectionStatusResponse.MemoryPackFormatter.g.cs(165,21): warning CS0436: “D:\Develop\Projects\Astrum\AstrumServer\AstrumServer\Generated\connectionstatus_C_4000.cs”中的类型“ConnectionStatusResponse”与“Generated, Version=0.0.0.0, Culture=neutral, PublicKeyToken=null”中的导入类型“ConnectionStatusResponse”冲突。请使用“D:\Develop\Projects\Astrum\AstrumServer\AstrumServer\Generated\connectionstatus_C_4000.cs”中定义的类型。 [D:\Develop\Projects\Astrum\AstrumServer\AstrumServer\AstrumServer.csproj]
D:\Develop\Projects\Astrum\AstrumServer\AstrumServer\Generated\connectionstatus_C_4000.cs(24,23): warning CS8618: 在退出构造函数时，不可为 null 的 属性 "message" 必须包含非 null 值。请考虑添加 "required" 修饰符或将该 属性 声明为可为 null。 [D:\Develop\Projects\Astrum\AstrumServer\AstrumServer\AstrumServer.csproj]
D:\Develop\Projects\Astrum\AstrumServer\AstrumServer\obj\Debug\net9.0\MemoryPack.Generator\MemoryPack.Generator.MemoryPackGenerator\Astrum.Generated.MatchTimeoutNotification.MemoryPackFormatter.g.cs(125,79): warning CS0436: “D:\Develop\Projects\Astrum\AstrumServer\AstrumServer\Generated\networkcommon_C_1000.cs”中的类型“MatchTimeoutNotification”与“Generated, Version=0.0.0.0, Culture=neutral, PublicKeyToken=null”中的导入类型“MatchTimeoutNotification”冲突。请使用“D:\Develop\Projects\Astrum\AstrumServer\AstrumServer\Generated\networkcommon_C_1000.cs”中定义的类型。 [D:\Develop\Projects\Astrum\AstrumServer\AstrumServer\AstrumServer.csproj]
D:\Develop\Projects\Astrum\AstrumServer\AstrumServer\obj\Debug\net9.0\MemoryPack.Generator\MemoryPack.Generator.MemoryPackGenerator\Astrum.Generated.MatchTimeoutNotification.MemoryPackFormatter.g.cs(173,21): warning CS0436: “D:\Develop\Projects\Astrum\AstrumServer\AstrumServer\Generated\networkcommon_C_1000.cs”中的类型“MatchTimeoutNotification”与“Generated, Version=0.0.0.0, Culture=neutral, PublicKeyToken=null”中的导入类型“MatchTimeoutNotification”冲突。请使用“D:\Develop\Projects\Astrum\AstrumServer\AstrumServer\Generated\networkcommon_C_1000.cs”中定义的类型。 [D:\Develop\Projects\Astrum\AstrumServer\AstrumServer\AstrumServer.csproj]
D:\Develop\Projects\Astrum\AstrumServer\AstrumServer\obj\Debug\net9.0\MemoryPack.Generator\MemoryPack.Generator.MemoryPackGenerator\Astrum.Generated.DisconnectResponse.MemoryPackFormatter.g.cs(48,74): warning CS0436: “D:\Develop\Projects\Astrum\AstrumServer\AstrumServer\Generated\connectionstatus_C_4000.cs”中的类型“DisconnectResponse”与“Generated, Version=0.0.0.0, Culture=neutral, PublicKeyToken=null”中的导入类型“DisconnectResponse”冲突。请使用“D:\Develop\Projects\Astrum\AstrumServer\AstrumServer\Generated\connectionstatus_C_4000.cs”中定义的类型。 [D:\Develop\Projects\Astrum\AstrumServer\AstrumServer\AstrumServer.csproj]
D:\Develop\Projects\Astrum\AstrumServer\AstrumServer\obj\Debug\net9.0\MemoryPack.Generator\MemoryPack.Generator.MemoryPackGenerator\Astrum.Generated.DisconnectResponse.MemoryPackFormatter.g.cs(50,127): warning CS0436: “D:\Develop\Projects\Astrum\AstrumServer\AstrumServer\Generated\connectionstatus_C_4000.cs”中的类型“DisconnectResponse”与“Generated, Version=0.0.0.0, Culture=neutral, PublicKeyToken=null”中的导入类型“DisconnectResponse”冲突。请使用“D:\Develop\Projects\Astrum\AstrumServer\AstrumServer\Generated\connectionstatus_C_4000.cs”中定义的类型。 [D:\Develop\Projects\Astrum\AstrumServer\AstrumServer\AstrumServer.csproj]
D:\Develop\Projects\Astrum\AstrumServer\AstrumServer\obj\Debug\net9.0\MemoryPack.Generator\MemoryPack.Generator.MemoryPackGenerator\Astrum.Generated.DisconnectResponse.MemoryPackFormatter.g.cs(52,74): warning CS0436: “D:\Develop\Projects\Astrum\AstrumServer\AstrumServer\Generated\connectionstatus_C_4000.cs”中的类型“DisconnectResponse”与“Generated, Version=0.0.0.0, Culture=neutral, PublicKeyToken=null”中的导入类型“DisconnectResponse”冲突。请使用“D:\Develop\Projects\Astrum\AstrumServer\AstrumServer\Generated\connectionstatus_C_4000.cs”中定义的类型。 [D:\Develop\Projects\Astrum\AstrumServer\AstrumServer\AstrumServer.csproj]
D:\Develop\Projects\Astrum\AstrumServer\AstrumServer\obj\Debug\net9.0\MemoryPack.Generator\MemoryPack.Generator.MemoryPackGenerator\Astrum.Generated.DisconnectResponse.MemoryPackFormatter.g.cs(54,118): warning CS0436: “D:\Develop\Projects\Astrum\AstrumServer\AstrumServer\Generated\connectionstatus_C_4000.cs”中的类型“DisconnectResponse”与“Generated, Version=0.0.0.0, Culture=neutral, PublicKeyToken=null”中的导入类型“DisconnectResponse”冲突。请使用“D:\Develop\Projects\Astrum\AstrumServer\AstrumServer\Generated\connectionstatus_C_4000.cs”中定义的类型。 [D:\Develop\Projects\Astrum\AstrumServer\AstrumServer\AstrumServer.csproj]
D:\Develop\Projects\Astrum\AstrumServer\AstrumServer\obj\Debug\net9.0\MemoryPack.Generator\MemoryPack.Generator.MemoryPackGenerator\Astrum.Generated.ConnectResponse.MemoryPackFormatter.g.cs(125,79): warning CS0436: “D:\Develop\Projects\Astrum\AstrumServer\AstrumServer\Generated\connectionstatus_C_4000.cs”中的类型“ConnectResponse”与“Generated, Version=0.0.0.0, Culture=neutral, PublicKeyToken=null”中的导入类型“ConnectResponse”冲突。请使用“D:\Develop\Projects\Astrum\AstrumServer\AstrumServer\Generated\connectionstatus_C_4000.cs”中定义的类型。 [D:\Develop\Projects\Astrum\AstrumServer\AstrumServer\AstrumServer.csproj]
D:\Develop\Projects\Astrum\AstrumServer\AstrumServer\obj\Debug\net9.0\MemoryPack.Generator\MemoryPack.Generator.MemoryPackGenerator\Astrum.Generated.ConnectResponse.MemoryPackFormatter.g.cs(173,21): warning CS0436: “D:\Develop\Projects\Astrum\AstrumServer\AstrumServer\Generated\connectionstatus_C_4000.cs”中的类型“ConnectResponse”与“Generated, Version=0.0.0.0, Culture=neutral, PublicKeyToken=null”中的导入类型“ConnectResponse”冲突。请使用“D:\Develop\Projects\Astrum\AstrumServer\AstrumServer\Generated\connectionstatus_C_4000.cs”中定义的类型。 [D:\Develop\Projects\Astrum\AstrumServer\AstrumServer\AstrumServer.csproj]
D:\Develop\Projects\Astrum\AstrumServer\AstrumServer\Generated\connectionstatus_C_4000.cs(145,23): warning CS8618: 在退出构造函数时，不可为 null 的 属性 "message" 必须包含非 null 值。请考虑添加 "required" 修饰符或将该 属性 声明为可为 null。 [D:\Develop\Projects\Astrum\AstrumServer\AstrumServer\AstrumServer.csproj]
D:\Develop\Projects\Astrum\AstrumServer\AstrumServer\Generated\gamemessages_C_2000.cs(174,53): warning CS0436: “D:\Develop\Projects\Astrum\AstrumServer\AstrumServer\Generated\gamemessages_C_2000.cs”中的类型“LSInput”与“Generated, Version=0.0.0.0, Culture=neutral, PublicKeyToken=null”中的导入类型“LSInput”冲突。请使用“D:\Develop\Projects\Astrum\AstrumServer\AstrumServer\Generated\gamemessages_C_2000.cs”中定义的类型。 [D:\Develop\Projects\Astrum\AstrumServer\AstrumServer\AstrumServer.csproj]
D:\Develop\Projects\Astrum\AstrumServer\AstrumServer\Generated\gamemessages_C_2000.cs(174,78): warning CS0436: “D:\Develop\Projects\Astrum\AstrumServer\AstrumServer\Generated\gamemessages_C_2000.cs”中的类型“LSInput”与“Generated, Version=0.0.0.0, Culture=neutral, PublicKeyToken=null”中的导入类型“LSInput”冲突。请使用“D:\Develop\Projects\Astrum\AstrumServer\AstrumServer\Generated\gamemessages_C_2000.cs”中定义的类型。 [D:\Develop\Projects\Astrum\AstrumServer\AstrumServer\AstrumServer.csproj]
D:\Develop\Projects\Astrum\AstrumServer\AstrumServer\Generated\gamemessages_C_2000.cs(174,20): warning CS8603: 可能返回 null 引用。 [D:\Develop\Projects\Astrum\AstrumServer\AstrumServer\AstrumServer.csproj]
D:\Develop\Projects\Astrum\AstrumServer\AstrumServer\Generated\gamemessages_C_2000.cs(286,53): warning CS0436: “D:\Develop\Projects\Astrum\AstrumServer\AstrumServer\Generated\gamemessages_C_2000.cs”中的类型“OneFrameInputs”与“Generated, Version=0.0.0.0, Culture=neutral, PublicKeyToken=null”中的导入类型“OneFrameInputs”冲突。请使用“D:\Develop\Projects\Astrum\AstrumServer\AstrumServer\Generated\gamemessages_C_2000.cs”中定义的类型。 [D:\Develop\Projects\Astrum\AstrumServer\AstrumServer\AstrumServer.csproj]
D:\Develop\Projects\Astrum\AstrumServer\AstrumServer\Generated\gamemessages_C_2000.cs(286,85): warning CS0436: “D:\Develop\Projects\Astrum\AstrumServer\AstrumServer\Generated\gamemessages_C_2000.cs”中的类型“OneFrameInputs”与“Generated, Version=0.0.0.0, Culture=neutral, PublicKeyToken=null”中的导入类型“OneFrameInputs”冲突。请使用“D:\Develop\Projects\Astrum\AstrumServer\AstrumServer\Generated\gamemessages_C_2000.cs”中定义的类型。 [D:\Develop\Projects\Astrum\AstrumServer\AstrumServer\AstrumServer.csproj]
D:\Develop\Projects\Astrum\AstrumServer\AstrumServer\Generated\gamemessages_C_2000.cs(286,20): warning CS8603: 可能返回 null 引用。 [D:\Develop\Projects\Astrum\AstrumServer\AstrumServer\AstrumServer.csproj]
D:\Develop\Projects\Astrum\AstrumServer\AstrumServer\Generated\gamemessages_C_2000.cs(17,53): warning CS0436: “D:\Develop\Projects\Astrum\AstrumServer\AstrumServer\Generated\gamemessages_C_2000.cs”中的类型“GameNetworkMessage”与“Generated, Version=0.0.0.0, Culture=neutral, PublicKeyToken=null”中的导入类型“GameNetworkMessage”冲突。请使用“D:\Develop\Projects\Astrum\AstrumServer\AstrumServer\Generated\gamemessages_C_2000.cs”中定义的类型。 [D:\Develop\Projects\Astrum\AstrumServer\AstrumServer\AstrumServer.csproj]
D:\Develop\Projects\Astrum\AstrumServer\AstrumServer\Generated\gamemessages_C_2000.cs(17,89): warning CS0436: “D:\Develop\Projects\Astrum\AstrumServer\AstrumServer\Generated\gamemessages_C_2000.cs”中的类型“GameNetworkMessage”与“Generated, Version=0.0.0.0, Culture=neutral, PublicKeyToken=null”中的导入类型“GameNetworkMessage”冲突。请使用“D:\Develop\Projects\Astrum\AstrumServer\AstrumServer\Generated\gamemessages_C_2000.cs”中定义的类型。 [D:\Develop\Projects\Astrum\AstrumServer\AstrumServer\AstrumServer.csproj]
D:\Develop\Projects\Astrum\AstrumServer\AstrumServer\Generated\gamemessages_C_2000.cs(17,20): warning CS8603: 可能返回 null 引用。 [D:\Develop\Projects\Astrum\AstrumServer\AstrumServer\AstrumServer.csproj]
D:\Develop\Projects\Astrum\AstrumServer\AstrumServer\Generated\gamemessages_C_2000.cs(117,53): warning CS0436: “D:\Develop\Projects\Astrum\AstrumServer\AstrumServer\Generated\gamemessages_C_2000.cs”中的类型“GameRoomState”与“Generated, Version=0.0.0.0, Culture=neutral, PublicKeyToken=null”中的导入类型“GameRoomState”冲突。请使用“D:\Develop\Projects\Astrum\AstrumServer\AstrumServer\Generated\gamemessages_C_2000.cs”中定义的类型。 [D:\Develop\Projects\Astrum\AstrumServer\AstrumServer\AstrumServer.csproj]
D:\Develop\Projects\Astrum\AstrumServer\AstrumServer\Generated\gamemessages_C_2000.cs(117,84): warning CS0436: “D:\Develop\Projects\Astrum\AstrumServer\AstrumServer\Generated\gamemessages_C_2000.cs”中的类型“GameRoomState”与“Generated, Version=0.0.0.0, Culture=neutral, PublicKeyToken=null”中的导入类型“GameRoomState”冲突。请使用“D:\Develop\Projects\Astrum\AstrumServer\AstrumServer\Generated\gamemessages_C_2000.cs”中定义的类型。 [D:\Develop\Projects\Astrum\AstrumServer\AstrumServer\AstrumServer.csproj]
D:\Develop\Projects\Astrum\AstrumServer\AstrumServer\Generated\gamemessages_C_2000.cs(117,20): warning CS8603: 可能返回 null 引用。 [D:\Develop\Projects\Astrum\AstrumServer\AstrumServer\AstrumServer.csproj]
D:\Develop\Projects\Astrum\AstrumServer\AstrumServer\Generated\gamemessages_C_2000.cs(74,53): warning CS0436: “D:\Develop\Projects\Astrum\AstrumServer\AstrumServer\Generated\gamemessages_C_2000.cs”中的类型“GameMessageResponse”与“Generated, Version=0.0.0.0, Culture=neutral, PublicKeyToken=null”中的导入类型“GameMessageResponse”冲突。请使用“D:\Develop\Projects\Astrum\AstrumServer\AstrumServer\Generated\gamemessages_C_2000.cs”中定义的类型。 [D:\Develop\Projects\Astrum\AstrumServer\AstrumServer\AstrumServer.csproj]
D:\Develop\Projects\Astrum\AstrumServer\AstrumServer\Generated\gamemessages_C_2000.cs(74,90): warning CS0436: “D:\Develop\Projects\Astrum\AstrumServer\AstrumServer\Generated\gamemessages_C_2000.cs”中的类型“GameMessageResponse”与“Generated, Version=0.0.0.0, Culture=neutral, PublicKeyToken=null”中的导入类型“GameMessageResponse”冲突。请使用“D:\Develop\Projects\Astrum\AstrumServer\AstrumServer\Generated\gamemessages_C_2000.cs”中定义的类型。 [D:\Develop\Projects\Astrum\AstrumServer\AstrumServer\AstrumServer.csproj]
D:\Develop\Projects\Astrum\AstrumServer\AstrumServer\Generated\gamemessages_C_2000.cs(74,20): warning CS8603: 可能返回 null 引用。 [D:\Develop\Projects\Astrum\AstrumServer\AstrumServer\AstrumServer.csproj]
D:\Develop\Projects\Astrum\AstrumServer\AstrumServer\Generated\networkcommon_C_1000.cs(977,23): warning CS8618: 在退出构造函数时，不可为 null 的 属性 "Message" 必须包含非 null 值。请考虑添加 "required" 修饰符或将该 属性 声明为可为 null。 [D:\Develop\Projects\Astrum\AstrumServer\AstrumServer\AstrumServer.csproj]
D:\Develop\Projects\Astrum\AstrumServer\AstrumServer\obj\Debug\net9.0\MemoryPack.Generator\MemoryPack.Generator.MemoryPackGenerator\Astrum.Generated.DisconnectRequest.MemoryPackFormatter.g.cs(121,79): warning CS0436: “D:\Develop\Projects\Astrum\AstrumServer\AstrumServer\Generated\connectionstatus_C_4000.cs”中的类型“DisconnectRequest”与“Generated, Version=0.0.0.0, Culture=neutral, PublicKeyToken=null”中的导入类型“DisconnectRequest”冲突。请使用“D:\Develop\Projects\Astrum\AstrumServer\AstrumServer\Generated\connectionstatus_C_4000.cs”中定义的类型。 [D:\Develop\Projects\Astrum\AstrumServer\AstrumServer\AstrumServer.csproj]
D:\Develop\Projects\Astrum\AstrumServer\AstrumServer\obj\Debug\net9.0\MemoryPack.Generator\MemoryPack.Generator.MemoryPackGenerator\Astrum.Generated.DisconnectRequest.MemoryPackFormatter.g.cs(165,21): warning CS0436: “D:\Develop\Projects\Astrum\AstrumServer\AstrumServer\Generated\connectionstatus_C_4000.cs”中的类型“DisconnectRequest”与“Generated, Version=0.0.0.0, Culture=neutral, PublicKeyToken=null”中的导入类型“DisconnectRequest”冲突。请使用“D:\Develop\Projects\Astrum\AstrumServer\AstrumServer\Generated\connectionstatus_C_4000.cs”中定义的类型。 [D:\Develop\Projects\Astrum\AstrumServer\AstrumServer\AstrumServer.csproj]
D:\Develop\Projects\Astrum\AstrumServer\AstrumServer\Generated\connectionstatus_C_4000.cs(182,23): warning CS8618: 在退出构造函数时，不可为 null 的 属性 "reason" 必须包含非 null 值。请考虑添加 "required" 修饰符或将该 属性 声明为可为 null。 [D:\Develop\Projects\Astrum\AstrumServer\AstrumServer\AstrumServer.csproj]
D:\Develop\Projects\Astrum\AstrumServer\AstrumServer\Core\GameServer.cs(147,32): warning CS0436: “D:\Develop\Projects\Astrum\AstrumServer\AstrumServer\Generated\connectionstatus_C_4000.cs”中的类型“ConnectResponse”与“Generated, Version=0.0.0.0, Culture=neutral, PublicKeyToken=null”中的导入类型“ConnectResponse”冲突。请使用“D:\Develop\Projects\Astrum\AstrumServer\AstrumServer\Generated\connectionstatus_C_4000.cs”中定义的类型。 [D:\Develop\Projects\Astrum\AstrumServer\AstrumServer\AstrumServer.csproj]
D:\Develop\Projects\Astrum\AstrumServer\AstrumServer\Core\GameServer.cs(162,32): warning CS0436: “D:\Develop\Projects\Astrum\AstrumServer\AstrumServer\Generated\connectionstatus_C_4000.cs”中的类型“ConnectResponse”与“Generated, Version=0.0.0.0, Culture=neutral, PublicKeyToken=null”中的导入类型“ConnectResponse”冲突。请使用“D:\Develop\Projects\Astrum\AstrumServer\AstrumServer\Generated\connectionstatus_C_4000.cs”中定义的类型。 [D:\Develop\Projects\Astrum\AstrumServer\AstrumServer\AstrumServer.csproj]
D:\Develop\Projects\Astrum\AstrumServer\AstrumServer\Generated\gamemessages_C_2000.cs(57,25): warning CS8625: 无法将 null 字面量转换为非 null 的引用类型。 [D:\Develop\Projects\Astrum\AstrumServer\AstrumServer\AstrumServer.csproj]
D:\Develop\Projects\Astrum\AstrumServer\AstrumServer\Generated\gamemessages_C_2000.cs(58,25): warning CS8625: 无法将 null 字面量转换为非 null 的引用类型。 [D:\Develop\Projects\Astrum\AstrumServer\AstrumServer\AstrumServer.csproj]
D:\Develop\Projects\Astrum\AstrumServer\AstrumServer\Generated\gamemessages_C_2000.cs(59,26): warning CS8625: 无法将 null 字面量转换为非 null 的引用类型。 [D:\Develop\Projects\Astrum\AstrumServer\AstrumServer\AstrumServer.csproj]
D:\Develop\Projects\Astrum\AstrumServer\AstrumServer\Generated\gamemessages_C_2000.cs(103,28): warning CS8625: 无法将 null 字面量转换为非 null 的引用类型。 [D:\Develop\Projects\Astrum\AstrumServer\AstrumServer\AstrumServer.csproj]
D:\Develop\Projects\Astrum\AstrumServer\AstrumServer\obj\Debug\net9.0\MemoryPack.Generator\MemoryPack.Generator.MemoryPackGenerator\Astrum.Generated.GameMessageResponse.MemoryPackFormatter.g.cs(41,65): warning CS0436: “D:\Develop\Projects\Astrum\AstrumServer\AstrumServer\Generated\gamemessages_C_2000.cs”中的类型“GameMessageResponse”与“Generated, Version=0.0.0.0, Culture=neutral, PublicKeyToken=null”中的导入类型“GameMessageResponse”冲突。请使用“D:\Develop\Projects\Astrum\AstrumServer\AstrumServer\Generated\gamemessages_C_2000.cs”中定义的类型。 [D:\Develop\Projects\Astrum\AstrumServer\AstrumServer\AstrumServer.csproj]
D:\Develop\Projects\Astrum\AstrumServer\AstrumServer\Generated\gamemessages_C_2000.cs(157,27): warning CS8625: 无法将 null 字面量转换为非 null 的引用类型。 [D:\Develop\Projects\Astrum\AstrumServer\AstrumServer\AstrumServer.csproj]
D:\Develop\Projects\Astrum\AstrumServer\AstrumServer\obj\Debug\net9.0\MemoryPack.Generator\MemoryPack.Generator.MemoryPackGenerator\Astrum.Generated.GameRoomState.MemoryPackFormatter.g.cs(43,65): warning CS0436: “D:\Develop\Projects\Astrum\AstrumServer\AstrumServer\Generated\gamemessages_C_2000.cs”中的类型“GameRoomState”与“Generated, Version=0.0.0.0, Culture=neutral, PublicKeyToken=null”中的导入类型“GameRoomState”冲突。请使用“D:\Develop\Projects\Astrum\AstrumServer\AstrumServer\Generated\gamemessages_C_2000.cs”中定义的类型。 [D:\Develop\Projects\Astrum\AstrumServer\AstrumServer\AstrumServer.csproj]
D:\Develop\Projects\Astrum\AstrumServer\AstrumServer\obj\Debug\net9.0\MemoryPack.Generator\MemoryPack.Generator.MemoryPackGenerator\Astrum.Generated.OneFrameInputs.MemoryPackFormatter.g.cs(39,65): warning CS0436: “D:\Develop\Projects\Astrum\AstrumServer\AstrumServer\Generated\gamemessages_C_2000.cs”中的类型“OneFrameInputs”与“Generated, Version=0.0.0.0, Culture=neutral, PublicKeyToken=null”中的导入类型“OneFrameInputs”冲突。请使用“D:\Develop\Projects\Astrum\AstrumServer\AstrumServer\Generated\gamemessages_C_2000.cs”中定义的类型。 [D:\Develop\Projects\Astrum\AstrumServer\AstrumServer\AstrumServer.csproj]
D:\Develop\Projects\Astrum\AstrumServer\AstrumServer\obj\Debug\net9.0\MemoryPack.Generator\MemoryPack.Generator.MemoryPackGenerator\Astrum.Generated.GameNetworkMessage.MemoryPackFormatter.g.cs(43,65): warning CS0436: “D:\Develop\Projects\Astrum\AstrumServer\AstrumServer\Generated\gamemessages_C_2000.cs”中的类型“GameNetworkMessage”与“Generated, Version=0.0.0.0, Culture=neutral, PublicKeyToken=null”中的导入类型“GameNetworkMessage”冲突。请使用“D:\Develop\Projects\Astrum\AstrumServer\AstrumServer\Generated\gamemessages_C_2000.cs”中定义的类型。 [D:\Develop\Projects\Astrum\AstrumServer\AstrumServer\AstrumServer.csproj]
D:\Develop\Projects\Astrum\AstrumServer\AstrumServer\obj\Debug\net9.0\MemoryPack.Generator\MemoryPack.Generator.MemoryPackGenerator\Astrum.Generated.ConnectionStatusChanged.MemoryPackFormatter.g.cs(121,79): warning CS0436: “D:\Develop\Projects\Astrum\AstrumServer\AstrumServer\Generated\connectionstatus_C_4000.cs”中的类型“ConnectionStatusChanged”与“Generated, Version=0.0.0.0, Culture=neutral, PublicKeyToken=null”中的导入类型“ConnectionStatusChanged”冲突。请使用“D:\Develop\Projects\Astrum\AstrumServer\AstrumServer\Generated\connectionstatus_C_4000.cs”中定义的类型。 [D:\Develop\Projects\Astrum\AstrumServer\AstrumServer\AstrumServer.csproj]
D:\Develop\Projects\Astrum\AstrumServer\AstrumServer\obj\Debug\net9.0\MemoryPack.Generator\MemoryPack.Generator.MemoryPackGenerator\Astrum.Generated.ConnectionStatusChanged.MemoryPackFormatter.g.cs(165,21): warning CS0436: “D:\Develop\Projects\Astrum\AstrumServer\AstrumServer\Generated\connectionstatus_C_4000.cs”中的类型“ConnectionStatusChanged”与“Generated, Version=0.0.0.0, Culture=neutral, PublicKeyToken=null”中的导入类型“ConnectionStatusChanged”冲突。请使用“D:\Develop\Projects\Astrum\AstrumServer\AstrumServer\Generated\connectionstatus_C_4000.cs”中定义的类型。 [D:\Develop\Projects\Astrum\AstrumServer\AstrumServer\AstrumServer.csproj]
D:\Develop\Projects\Astrum\AstrumServer\AstrumServer\Generated\connectionstatus_C_4000.cs(60,23): warning CS8618: 在退出构造函数时，不可为 null 的 属性 "reason" 必须包含非 null 值。请考虑添加 "required" 修饰符或将该 属性 声明为可为 null。 [D:\Develop\Projects\Astrum\AstrumServer\AstrumServer\AstrumServer.csproj]
D:\Develop\Projects\Astrum\AstrumServer\AstrumServer\Managers\MatchmakingManager.cs(20,27): warning CS8618: 在退出构造函数时，不可为 null 的 属性 "UserId" 必须包含非 null 值。请考虑添加 "required" 修饰符或将该 属性 声明为可为 null。 [D:\Develop\Projects\Astrum\AstrumServer\AstrumServer\AstrumServer.csproj]
D:\Develop\Projects\Astrum\AstrumServer\AstrumServer\Managers\MatchmakingManager.cs(21,27): warning CS8618: 在退出构造函数时，不可为 null 的 属性 "DisplayName" 必须包含非 null 值。请考虑添加 "required" 修饰符或将该 属性 声明为可为 null。 [D:\Develop\Projects\Astrum\AstrumServer\AstrumServer\AstrumServer.csproj]
D:\Develop\Projects\Astrum\AstrumServer\AstrumServer\obj\Debug\net9.0\MemoryPack.Generator\MemoryPack.Generator.MemoryPackGenerator\Astrum.Generated.LSInput.MemoryPackFormatter.g.cs(51,65): warning CS0436: “D:\Develop\Projects\Astrum\AstrumServer\AstrumServer\Generated\gamemessages_C_2000.cs”中的类型“LSInput”与“Generated, Version=0.0.0.0, Culture=neutral, PublicKeyToken=null”中的导入类型“LSInput”冲突。请使用“D:\Develop\Projects\Astrum\AstrumServer\AstrumServer\Generated\gamemessages_C_2000.cs”中定义的类型。 [D:\Develop\Projects\Astrum\AstrumServer\AstrumServer\AstrumServer.csproj]
D:\Develop\Projects\Astrum\AstrumServer\AstrumServer\obj\Debug\net9.0\MemoryPack.Generator\MemoryPack.Generator.MemoryPackGenerator\Astrum.Generated.GameMessageResponse.MemoryPackFormatter.g.cs(48,74): warning CS0436: “D:\Develop\Projects\Astrum\AstrumServer\AstrumServer\Generated\gamemessages_C_2000.cs”中的类型“GameMessageResponse”与“Generated, Version=0.0.0.0, Culture=neutral, PublicKeyToken=null”中的导入类型“GameMessageResponse”冲突。请使用“D:\Develop\Projects\Astrum\AstrumServer\AstrumServer\Generated\gamemessages_C_2000.cs”中定义的类型。 [D:\Develop\Projects\Astrum\AstrumServer\AstrumServer\AstrumServer.csproj]
D:\Develop\Projects\Astrum\AstrumServer\AstrumServer\obj\Debug\net9.0\MemoryPack.Generator\MemoryPack.Generator.MemoryPackGenerator\Astrum.Generated.GameMessageResponse.MemoryPackFormatter.g.cs(50,127): warning CS0436: “D:\Develop\Projects\Astrum\AstrumServer\AstrumServer\Generated\gamemessages_C_2000.cs”中的类型“GameMessageResponse”与“Generated, Version=0.0.0.0, Culture=neutral, PublicKeyToken=null”中的导入类型“GameMessageResponse”冲突。请使用“D:\Develop\Projects\Astrum\AstrumServer\AstrumServer\Generated\gamemessages_C_2000.cs”中定义的类型。 [D:\Develop\Projects\Astrum\AstrumServer\AstrumServer\AstrumServer.csproj]
D:\Develop\Projects\Astrum\AstrumServer\AstrumServer\obj\Debug\net9.0\MemoryPack.Generator\MemoryPack.Generator.MemoryPackGenerator\Astrum.Generated.GameMessageResponse.MemoryPackFormatter.g.cs(52,74): warning CS0436: “D:\Develop\Projects\Astrum\AstrumServer\AstrumServer\Generated\gamemessages_C_2000.cs”中的类型“GameMessageResponse”与“Generated, Version=0.0.0.0, Culture=neutral, PublicKeyToken=null”中的导入类型“GameMessageResponse”冲突。请使用“D:\Develop\Projects\Astrum\AstrumServer\AstrumServer\Generated\gamemessages_C_2000.cs”中定义的类型。 [D:\Develop\Projects\Astrum\AstrumServer\AstrumServer\AstrumServer.csproj]
D:\Develop\Projects\Astrum\AstrumServer\AstrumServer\obj\Debug\net9.0\MemoryPack.Generator\MemoryPack.Generator.MemoryPackGenerator\Astrum.Generated.GameMessageResponse.MemoryPackFormatter.g.cs(54,118): warning CS0436: “D:\Develop\Projects\Astrum\AstrumServer\AstrumServer\Generated\gamemessages_C_2000.cs”中的类型“GameMessageResponse”与“Generated, Version=0.0.0.0, Culture=neutral, PublicKeyToken=null”中的导入类型“GameMessageResponse”冲突。请使用“D:\Develop\Projects\Astrum\AstrumServer\AstrumServer\Generated\gamemessages_C_2000.cs”中定义的类型。 [D:\Develop\Projects\Astrum\AstrumServer\AstrumServer\AstrumServer.csproj]
D:\Develop\Projects\Astrum\AstrumServer\AstrumServer\obj\Debug\net9.0\MemoryPack.Generator\MemoryPack.Generator.MemoryPackGenerator\Astrum.Generated.OneFrameInputs.MemoryPackFormatter.g.cs(46,74): warning CS0436: “D:\Develop\Projects\Astrum\AstrumServer\AstrumServer\Generated\gamemessages_C_2000.cs”中的类型“OneFrameInputs”与“Generated, Version=0.0.0.0, Culture=neutral, PublicKeyToken=null”中的导入类型“OneFrameInputs”冲突。请使用“D:\Develop\Projects\Astrum\AstrumServer\AstrumServer\Generated\gamemessages_C_2000.cs”中定义的类型。 [D:\Develop\Projects\Astrum\AstrumServer\AstrumServer\AstrumServer.csproj]
D:\Develop\Projects\Astrum\AstrumServer\AstrumServer\obj\Debug\net9.0\MemoryPack.Generator\MemoryPack.Generator.MemoryPackGenerator\Astrum.Generated.OneFrameInputs.MemoryPackFormatter.g.cs(48,127): warning CS0436: “D:\Develop\Projects\Astrum\AstrumServer\AstrumServer\Generated\gamemessages_C_2000.cs”中的类型“OneFrameInputs”与“Generated, Version=0.0.0.0, Culture=neutral, PublicKeyToken=null”中的导入类型“OneFrameInputs”冲突。请使用“D:\Develop\Projects\Astrum\AstrumServer\AstrumServer\Generated\gamemessages_C_2000.cs”中定义的类型。 [D:\Develop\Projects\Astrum\AstrumServer\AstrumServer\AstrumServer.csproj]
D:\Develop\Projects\Astrum\AstrumServer\AstrumServer\obj\Debug\net9.0\MemoryPack.Generator\MemoryPack.Generator.MemoryPackGenerator\Astrum.Generated.OneFrameInputs.MemoryPackFormatter.g.cs(50,74): warning CS0436: “D:\Develop\Projects\Astrum\AstrumServer\AstrumServer\Generated\gamemessages_C_2000.cs”中的类型“OneFrameInputs”与“Generated, Version=0.0.0.0, Culture=neutral, PublicKeyToken=null”中的导入类型“OneFrameInputs”冲突。请使用“D:\Develop\Projects\Astrum\AstrumServer\AstrumServer\Generated\gamemessages_C_2000.cs”中定义的类型。 [D:\Develop\Projects\Astrum\AstrumServer\AstrumServer\AstrumServer.csproj]
D:\Develop\Projects\Astrum\AstrumServer\AstrumServer\obj\Debug\net9.0\MemoryPack.Generator\MemoryPack.Generator.MemoryPackGenerator\Astrum.Generated.OneFrameInputs.MemoryPackFormatter.g.cs(52,118): warning CS0436: “D:\Develop\Projects\Astrum\AstrumServer\AstrumServer\Generated\gamemessages_C_2000.cs”中的类型“OneFrameInputs”与“Generated, Version=0.0.0.0, Culture=neutral, PublicKeyToken=null”中的导入类型“OneFrameInputs”冲突。请使用“D:\Develop\Projects\Astrum\AstrumServer\AstrumServer\Generated\gamemessages_C_2000.cs”中定义的类型。 [D:\Develop\Projects\Astrum\AstrumServer\AstrumServer\AstrumServer.csproj]
D:\Develop\Projects\Astrum\AstrumServer\AstrumServer\obj\Debug\net9.0\MemoryPack.Generator\MemoryPack.Generator.MemoryPackGenerator\Astrum.Generated.OneFrameInputs.MemoryPackFormatter.g.cs(54,151): warning CS0436: “D:\Develop\Projects\Astrum\AstrumServer\AstrumServer\Generated\gamemessages_C_2000.cs”中的类型“LSInput”与“Generated, Version=0.0.0.0, Culture=neutral, PublicKeyToken=null”中的导入类型“LSInput”冲突。请使用“D:\Develop\Projects\Astrum\AstrumServer\AstrumServer\Generated\gamemessages_C_2000.cs”中定义的类型。 [D:\Develop\Projects\Astrum\AstrumServer\AstrumServer\AstrumServer.csproj]
D:\Develop\Projects\Astrum\AstrumServer\AstrumServer\obj\Debug\net9.0\MemoryPack.Generator\MemoryPack.Generator.MemoryPackGenerator\Astrum.Generated.OneFrameInputs.MemoryPackFormatter.g.cs(56,154): warning CS0436: “D:\Develop\Projects\Astrum\AstrumServer\AstrumServer\Generated\gamemessages_C_2000.cs”中的类型“LSInput”与“Generated, Version=0.0.0.0, Culture=neutral, PublicKeyToken=null”中的导入类型“LSInput”冲突。请使用“D:\Develop\Projects\Astrum\AstrumServer\AstrumServer\Generated\gamemessages_C_2000.cs”中定义的类型。 [D:\Develop\Projects\Astrum\AstrumServer\AstrumServer\AstrumServer.csproj]
D:\Develop\Projects\Astrum\AstrumServer\AstrumServer\obj\Debug\net9.0\MemoryPack.Generator\MemoryPack.Generator.MemoryPackGenerator\Astrum.Generated.GameNetworkMessage.MemoryPackFormatter.g.cs(50,74): warning CS0436: “D:\Develop\Projects\Astrum\AstrumServer\AstrumServer\Generated\gamemessages_C_2000.cs”中的类型“GameNetworkMessage”与“Generated, Version=0.0.0.0, Culture=neutral, PublicKeyToken=null”中的导入类型“GameNetworkMessage”冲突。请使用“D:\Develop\Projects\Astrum\AstrumServer\AstrumServer\Generated\gamemessages_C_2000.cs”中定义的类型。 [D:\Develop\Projects\Astrum\AstrumServer\AstrumServer\AstrumServer.csproj]
D:\Develop\Projects\Astrum\AstrumServer\AstrumServer\obj\Debug\net9.0\MemoryPack.Generator\MemoryPack.Generator.MemoryPackGenerator\Astrum.Generated.GameNetworkMessage.MemoryPackFormatter.g.cs(52,127): warning CS0436: “D:\Develop\Projects\Astrum\AstrumServer\AstrumServer\Generated\gamemessages_C_2000.cs”中的类型“GameNetworkMessage”与“Generated, Version=0.0.0.0, Culture=neutral, PublicKeyToken=null”中的导入类型“GameNetworkMessage”冲突。请使用“D:\Develop\Projects\Astrum\AstrumServer\AstrumServer\Generated\gamemessages_C_2000.cs”中定义的类型。 [D:\Develop\Projects\Astrum\AstrumServer\AstrumServer\AstrumServer.csproj]
D:\Develop\Projects\Astrum\AstrumServer\AstrumServer\obj\Debug\net9.0\MemoryPack.Generator\MemoryPack.Generator.MemoryPackGenerator\Astrum.Generated.GameNetworkMessage.MemoryPackFormatter.g.cs(54,74): warning CS0436: “D:\Develop\Projects\Astrum\AstrumServer\AstrumServer\Generated\gamemessages_C_2000.cs”中的类型“GameNetworkMessage”与“Generated, Version=0.0.0.0, Culture=neutral, PublicKeyToken=null”中的导入类型“GameNetworkMessage”冲突。请使用“D:\Develop\Projects\Astrum\AstrumServer\AstrumServer\Generated\gamemessages_C_2000.cs”中定义的类型。 [D:\Develop\Projects\Astrum\AstrumServer\AstrumServer\AstrumServer.csproj]
D:\Develop\Projects\Astrum\AstrumServer\AstrumServer\obj\Debug\net9.0\MemoryPack.Generator\MemoryPack.Generator.MemoryPackGenerator\Astrum.Generated.GameNetworkMessage.MemoryPackFormatter.g.cs(56,118): warning CS0436: “D:\Develop\Projects\Astrum\AstrumServer\AstrumServer\Generated\gamemessages_C_2000.cs”中的类型“GameNetworkMessage”与“Generated, Version=0.0.0.0, Culture=neutral, PublicKeyToken=null”中的导入类型“GameNetworkMessage”冲突。请使用“D:\Develop\Projects\Astrum\AstrumServer\AstrumServer\Generated\gamemessages_C_2000.cs”中定义的类型。 [D:\Develop\Projects\Astrum\AstrumServer\AstrumServer\AstrumServer.csproj]
D:\Develop\Projects\Astrum\AstrumServer\AstrumServer\Generated\gamemessages_C_2000.cs(357,53): warning CS0436: “D:\Develop\Projects\Astrum\AstrumServer\AstrumServer\Generated\gamemessages_C_2000.cs”中的类型“PlayerResult”与“Generated, Version=0.0.0.0, Culture=neutral, PublicKeyToken=null”中的导入类型“PlayerResult”冲突。请使用“D:\Develop\Projects\Astrum\AstrumServer\AstrumServer\Generated\gamemessages_C_2000.cs”中定义的类型。 [D:\Develop\Projects\Astrum\AstrumServer\AstrumServer\AstrumServer.csproj]
D:\Develop\Projects\Astrum\AstrumServer\AstrumServer\Generated\gamemessages_C_2000.cs(357,83): warning CS0436: “D:\Develop\Projects\Astrum\AstrumServer\AstrumServer\Generated\gamemessages_C_2000.cs”中的类型“PlayerResult”与“Generated, Version=0.0.0.0, Culture=neutral, PublicKeyToken=null”中的导入类型“PlayerResult”冲突。请使用“D:\Develop\Projects\Astrum\AstrumServer\AstrumServer\Generated\gamemessages_C_2000.cs”中定义的类型。 [D:\Develop\Projects\Astrum\AstrumServer\AstrumServer\AstrumServer.csproj]
D:\Develop\Projects\Astrum\AstrumServer\AstrumServer\Generated\gamemessages_C_2000.cs(357,20): warning CS8603: 可能返回 null 引用。 [D:\Develop\Projects\Astrum\AstrumServer\AstrumServer\AstrumServer.csproj]
D:\Develop\Projects\Astrum\AstrumServer\AstrumServer\Generated\gamemessages_C_2000.cs(314,53): warning CS0436: “D:\Develop\Projects\Astrum\AstrumServer\AstrumServer\Generated\gamemessages_C_2000.cs”中的类型“GameResult”与“Generated, Version=0.0.0.0, Culture=neutral, PublicKeyToken=null”中的导入类型“GameResult”冲突。请使用“D:\Develop\Projects\Astrum\AstrumServer\AstrumServer\Generated\gamemessages_C_2000.cs”中定义的类型。 [D:\Develop\Projects\Astrum\AstrumServer\AstrumServer\AstrumServer.csproj]
D:\Develop\Projects\Astrum\AstrumServer\AstrumServer\Generated\gamemessages_C_2000.cs(314,81): warning CS0436: “D:\Develop\Projects\Astrum\AstrumServer\AstrumServer\Generated\gamemessages_C_2000.cs”中的类型“GameResult”与“Generated, Version=0.0.0.0, Culture=neutral, PublicKeyToken=null”中的导入类型“GameResult”冲突。请使用“D:\Develop\Projects\Astrum\AstrumServer\AstrumServer\Generated\gamemessages_C_2000.cs”中定义的类型。 [D:\Develop\Projects\Astrum\AstrumServer\AstrumServer\AstrumServer.csproj]
D:\Develop\Projects\Astrum\AstrumServer\AstrumServer\Generated\gamemessages_C_2000.cs(314,20): warning CS8603: 可能返回 null 引用。 [D:\Develop\Projects\Astrum\AstrumServer\AstrumServer\AstrumServer.csproj]
D:\Develop\Projects\Astrum\AstrumServer\AstrumServer\Managers\FrameSyncManager.cs(813,66): warning CS0436: “D:\Develop\Projects\Astrum\AstrumServer\AstrumServer\Generated\gamemessages_C_2000.cs”中的类型“LSInput”与“Generated, Version=0.0.0.0, Culture=neutral, PublicKeyToken=null”中的导入类型“LSInput”冲突。请使用“D:\Develop\Projects\Astrum\AstrumServer\AstrumServer\Generated\gamemessages_C_2000.cs”中定义的类型。 [D:\Develop\Projects\Astrum\AstrumServer\AstrumServer\AstrumServer.csproj]
D:\Develop\Projects\Astrum\AstrumServer\AstrumServer\obj\Debug\net9.0\MemoryPack.Generator\MemoryPack.Generator.MemoryPackGenerator\Astrum.Generated.GameRoomState.MemoryPackFormatter.g.cs(50,74): warning CS0436: “D:\Develop\Projects\Astrum\AstrumServer\AstrumServer\Generated\gamemessages_C_2000.cs”中的类型“GameRoomState”与“Generated, Version=0.0.0.0, Culture=neutral, PublicKeyToken=null”中的导入类型“GameRoomState”冲突。请使用“D:\Develop\Projects\Astrum\AstrumServer\AstrumServer\Generated\gamemessages_C_2000.cs”中定义的类型。 [D:\Develop\Projects\Astrum\AstrumServer\AstrumServer\AstrumServer.csproj]
D:\Develop\Projects\Astrum\AstrumServer\AstrumServer\obj\Debug\net9.0\MemoryPack.Generator\MemoryPack.Generator.MemoryPackGenerator\Astrum.Generated.GameRoomState.MemoryPackFormatter.g.cs(52,127): warning CS0436: “D:\Develop\Projects\Astrum\AstrumServer\AstrumServer\Generated\gamemessages_C_2000.cs”中的类型“GameRoomState”与“Generated, Version=0.0.0.0, Culture=neutral, PublicKeyToken=null”中的导入类型“GameRoomState”冲突。请使用“D:\Develop\Projects\Astrum\AstrumServer\AstrumServer\Generated\gamemessages_C_2000.cs”中定义的类型。 [D:\Develop\Projects\Astrum\AstrumServer\AstrumServer\AstrumServer.csproj]
D:\Develop\Projects\Astrum\AstrumServer\AstrumServer\obj\Debug\net9.0\MemoryPack.Generator\MemoryPack.Generator.MemoryPackGenerator\Astrum.Generated.GameRoomState.MemoryPackFormatter.g.cs(54,74): warning CS0436: “D:\Develop\Projects\Astrum\AstrumServer\AstrumServer\Generated\gamemessages_C_2000.cs”中的类型“GameRoomState”与“Generated, Version=0.0.0.0, Culture=neutral, PublicKeyToken=null”中的导入类型“GameRoomState”冲突。请使用“D:\Develop\Projects\Astrum\AstrumServer\AstrumServer\Generated\gamemessages_C_2000.cs”中定义的类型。 [D:\Develop\Projects\Astrum\AstrumServer\AstrumServer\AstrumServer.csproj]
D:\Develop\Projects\Astrum\AstrumServer\AstrumServer\obj\Debug\net9.0\MemoryPack.Generator\MemoryPack.Generator.MemoryPackGenerator\Astrum.Generated.GameRoomState.MemoryPackFormatter.g.cs(56,118): warning CS0436: “D:\Develop\Projects\Astrum\AstrumServer\AstrumServer\Generated\gamemessages_C_2000.cs”中的类型“GameRoomState”与“Generated, Version=0.0.0.0, Culture=neutral, PublicKeyToken=null”中的导入类型“GameRoomState”冲突。请使用“D:\Develop\Projects\Astrum\AstrumServer\AstrumServer\Generated\gamemessages_C_2000.cs”中定义的类型。 [D:\Develop\Projects\Astrum\AstrumServer\AstrumServer\AstrumServer.csproj]
D:\Develop\Projects\Astrum\AstrumServer\AstrumServer\Generated\gamemessages_C_2000.cs(391,29): warning CS8625: 无法将 null 字面量转换为非 null 的引用类型。 [D:\Develop\Projects\Astrum\AstrumServer\AstrumServer\AstrumServer.csproj]
D:\Develop\Projects\Astrum\AstrumServer\AstrumServer\obj\Debug\net9.0\MemoryPack.Generator\MemoryPack.Generator.MemoryPackGenerator\Astrum.Generated.PlayerResult.MemoryPackFormatter.g.cs(42,65): warning CS0436: “D:\Develop\Projects\Astrum\AstrumServer\AstrumServer\Generated\gamemessages_C_2000.cs”中的类型“PlayerResult”与“Generated, Version=0.0.0.0, Culture=neutral, PublicKeyToken=null”中的导入类型“PlayerResult”冲突。请使用“D:\Develop\Projects\Astrum\AstrumServer\AstrumServer\Generated\gamemessages_C_2000.cs”中定义的类型。 [D:\Develop\Projects\Astrum\AstrumServer\AstrumServer\AstrumServer.csproj]
D:\Develop\Projects\Astrum\AstrumServer\AstrumServer\obj\Debug\net9.0\MemoryPack.Generator\MemoryPack.Generator.MemoryPackGenerator\Astrum.Generated.LSInput.MemoryPackFormatter.g.cs(61,74): warning CS0436: “D:\Develop\Projects\Astrum\AstrumServer\AstrumServer\Generated\gamemessages_C_2000.cs”中的类型“LSInput”与“Generated, Version=0.0.0.0, Culture=neutral, PublicKeyToken=null”中的导入类型“LSInput”冲突。请使用“D:\Develop\Projects\Astrum\AstrumServer\AstrumServer\Generated\gamemessages_C_2000.cs”中定义的类型。 [D:\Develop\Projects\Astrum\AstrumServer\AstrumServer\AstrumServer.csproj]
D:\Develop\Projects\Astrum\AstrumServer\AstrumServer\obj\Debug\net9.0\MemoryPack.Generator\MemoryPack.Generator.MemoryPackGenerator\Astrum.Generated.LSInput.MemoryPackFormatter.g.cs(63,127): warning CS0436: “D:\Develop\Projects\Astrum\AstrumServer\AstrumServer\Generated\gamemessages_C_2000.cs”中的类型“LSInput”与“Generated, Version=0.0.0.0, Culture=neutral, PublicKeyToken=null”中的导入类型“LSInput”冲突。请使用“D:\Develop\Projects\Astrum\AstrumServer\AstrumServer\Generated\gamemessages_C_2000.cs”中定义的类型。 [D:\Develop\Projects\Astrum\AstrumServer\AstrumServer\AstrumServer.csproj]
D:\Develop\Projects\Astrum\AstrumServer\AstrumServer\obj\Debug\net9.0\MemoryPack.Generator\MemoryPack.Generator.MemoryPackGenerator\Astrum.Generated.LSInput.MemoryPackFormatter.g.cs(65,74): warning CS0436: “D:\Develop\Projects\Astrum\AstrumServer\AstrumServer\Generated\gamemessages_C_2000.cs”中的类型“LSInput”与“Generated, Version=0.0.0.0, Culture=neutral, PublicKeyToken=null”中的导入类型“LSInput”冲突。请使用“D:\Develop\Projects\Astrum\AstrumServer\AstrumServer\Generated\gamemessages_C_2000.cs”中定义的类型。 [D:\Develop\Projects\Astrum\AstrumServer\AstrumServer\AstrumServer.csproj]
D:\Develop\Projects\Astrum\AstrumServer\AstrumServer\obj\Debug\net9.0\MemoryPack.Generator\MemoryPack.Generator.MemoryPackGenerator\Astrum.Generated.LSInput.MemoryPackFormatter.g.cs(67,118): warning CS0436: “D:\Develop\Projects\Astrum\AstrumServer\AstrumServer\Generated\gamemessages_C_2000.cs”中的类型“LSInput”与“Generated, Version=0.0.0.0, Culture=neutral, PublicKeyToken=null”中的导入类型“LSInput”冲突。请使用“D:\Develop\Projects\Astrum\AstrumServer\AstrumServer\Generated\gamemessages_C_2000.cs”中定义的类型。 [D:\Develop\Projects\Astrum\AstrumServer\AstrumServer\AstrumServer.csproj]
D:\Develop\Projects\Astrum\AstrumServer\AstrumServer\Generated\gamemessages_C_2000.cs(342,27): warning CS8625: 无法将 null 字面量转换为非 null 的引用类型。 [D:\Develop\Projects\Astrum\AstrumServer\AstrumServer\AstrumServer.csproj]
D:\Develop\Projects\Astrum\AstrumServer\AstrumServer\obj\Debug\net9.0\MemoryPack.Generator\MemoryPack.Generator.MemoryPackGenerator\Astrum.Generated.GameResult.MemoryPackFormatter.g.cs(41,65): warning CS0436: “D:\Develop\Projects\Astrum\AstrumServer\AstrumServer\Generated\gamemessages_C_2000.cs”中的类型“GameResult”与“Generated, Version=0.0.0.0, Culture=neutral, PublicKeyToken=null”中的导入类型“GameResult”冲突。请使用“D:\Develop\Projects\Astrum\AstrumServer\AstrumServer\Generated\gamemessages_C_2000.cs”中定义的类型。 [D:\Develop\Projects\Astrum\AstrumServer\AstrumServer\AstrumServer.csproj]
D:\Develop\Projects\Astrum\AstrumServer\AstrumServer\obj\Debug\net9.0\MemoryPack.Generator\MemoryPack.Generator.MemoryPackGenerator\Astrum.Generated.PlayerResult.MemoryPackFormatter.g.cs(49,74): warning CS0436: “D:\Develop\Projects\Astrum\AstrumServer\AstrumServer\Generated\gamemessages_C_2000.cs”中的类型“PlayerResult”与“Generated, Version=0.0.0.0, Culture=neutral, PublicKeyToken=null”中的导入类型“PlayerResult”冲突。请使用“D:\Develop\Projects\Astrum\AstrumServer\AstrumServer\Generated\gamemessages_C_2000.cs”中定义的类型。 [D:\Develop\Projects\Astrum\AstrumServer\AstrumServer\AstrumServer.csproj]
D:\Develop\Projects\Astrum\AstrumServer\AstrumServer\obj\Debug\net9.0\MemoryPack.Generator\MemoryPack.Generator.MemoryPackGenerator\Astrum.Generated.PlayerResult.MemoryPackFormatter.g.cs(51,127): warning CS0436: “D:\Develop\Projects\Astrum\AstrumServer\AstrumServer\Generated\gamemessages_C_2000.cs”中的类型“PlayerResult”与“Generated, Version=0.0.0.0, Culture=neutral, PublicKeyToken=null”中的导入类型“PlayerResult”冲突。请使用“D:\Develop\Projects\Astrum\AstrumServer\AstrumServer\Generated\gamemessages_C_2000.cs”中定义的类型。 [D:\Develop\Projects\Astrum\AstrumServer\AstrumServer\AstrumServer.csproj]
D:\Develop\Projects\Astrum\AstrumServer\AstrumServer\obj\Debug\net9.0\MemoryPack.Generator\MemoryPack.Generator.MemoryPackGenerator\Astrum.Generated.PlayerResult.MemoryPackFormatter.g.cs(53,74): warning CS0436: “D:\Develop\Projects\Astrum\AstrumServer\AstrumServer\Generated\gamemessages_C_2000.cs”中的类型“PlayerResult”与“Generated, Version=0.0.0.0, Culture=neutral, PublicKeyToken=null”中的导入类型“PlayerResult”冲突。请使用“D:\Develop\Projects\Astrum\AstrumServer\AstrumServer\Generated\gamemessages_C_2000.cs”中定义的类型。 [D:\Develop\Projects\Astrum\AstrumServer\AstrumServer\AstrumServer.csproj]
D:\Develop\Projects\Astrum\AstrumServer\AstrumServer\obj\Debug\net9.0\MemoryPack.Generator\MemoryPack.Generator.MemoryPackGenerator\Astrum.Generated.PlayerResult.MemoryPackFormatter.g.cs(55,118): warning CS0436: “D:\Develop\Projects\Astrum\AstrumServer\AstrumServer\Generated\gamemessages_C_2000.cs”中的类型“PlayerResult”与“Generated, Version=0.0.0.0, Culture=neutral, PublicKeyToken=null”中的导入类型“PlayerResult”冲突。请使用“D:\Develop\Projects\Astrum\AstrumServer\AstrumServer\Generated\gamemessages_C_2000.cs”中定义的类型。 [D:\Develop\Projects\Astrum\AstrumServer\AstrumServer\AstrumServer.csproj]
D:\Develop\Projects\Astrum\AstrumServer\AstrumServer\obj\Debug\net9.0\MemoryPack.Generator\MemoryPack.Generator.MemoryPackGenerator\Astrum.Generated.GameResult.MemoryPackFormatter.g.cs(48,74): warning CS0436: “D:\Develop\Projects\Astrum\AstrumServer\AstrumServer\Generated\gamemessages_C_2000.cs”中的类型“GameResult”与“Generated, Version=0.0.0.0, Culture=neutral, PublicKeyToken=null”中的导入类型“GameResult”冲突。请使用“D:\Develop\Projects\Astrum\AstrumServer\AstrumServer\Generated\gamemessages_C_2000.cs”中定义的类型。 [D:\Develop\Projects\Astrum\AstrumServer\AstrumServer\AstrumServer.csproj]
D:\Develop\Projects\Astrum\AstrumServer\AstrumServer\obj\Debug\net9.0\MemoryPack.Generator\MemoryPack.Generator.MemoryPackGenerator\Astrum.Generated.GameResult.MemoryPackFormatter.g.cs(50,127): warning CS0436: “D:\Develop\Projects\Astrum\AstrumServer\AstrumServer\Generated\gamemessages_C_2000.cs”中的类型“GameResult”与“Generated, Version=0.0.0.0, Culture=neutral, PublicKeyToken=null”中的导入类型“GameResult”冲突。请使用“D:\Develop\Projects\Astrum\AstrumServer\AstrumServer\Generated\gamemessages_C_2000.cs”中定义的类型。 [D:\Develop\Projects\Astrum\AstrumServer\AstrumServer\AstrumServer.csproj]
D:\Develop\Projects\Astrum\AstrumServer\AstrumServer\obj\Debug\net9.0\MemoryPack.Generator\MemoryPack.Generator.MemoryPackGenerator\Astrum.Generated.GameResult.MemoryPackFormatter.g.cs(52,74): warning CS0436: “D:\Develop\Projects\Astrum\AstrumServer\AstrumServer\Generated\gamemessages_C_2000.cs”中的类型“GameResult”与“Generated, Version=0.0.0.0, Culture=neutral, PublicKeyToken=null”中的导入类型“GameResult”冲突。请使用“D:\Develop\Projects\Astrum\AstrumServer\AstrumServer\Generated\gamemessages_C_2000.cs”中定义的类型。 [D:\Develop\Projects\Astrum\AstrumServer\AstrumServer\AstrumServer.csproj]
D:\Develop\Projects\Astrum\AstrumServer\AstrumServer\obj\Debug\net9.0\MemoryPack.Generator\MemoryPack.Generator.MemoryPackGenerator\Astrum.Generated.GameResult.MemoryPackFormatter.g.cs(54,118): warning CS0436: “D:\Develop\Projects\Astrum\AstrumServer\AstrumServer\Generated\gamemessages_C_2000.cs”中的类型“GameResult”与“Generated, Version=0.0.0.0, Culture=neutral, PublicKeyToken=null”中的导入类型“GameResult”冲突。请使用“D:\Develop\Projects\Astrum\AstrumServer\AstrumServer\Generated\gamemessages_C_2000.cs”中定义的类型。 [D:\Develop\Projects\Astrum\AstrumServer\AstrumServer\AstrumServer.csproj]
D:\Develop\Projects\Astrum\AstrumServer\AstrumServer\obj\Debug\net9.0\MemoryPack.Generator\MemoryPack.Generator.MemoryPackGenerator\Astrum.Generated.GameResult.MemoryPackFormatter.g.cs(56,139): warning CS0436: “D:\Develop\Projects\Astrum\AstrumServer\AstrumServer\Generated\gamemessages_C_2000.cs”中的类型“PlayerResult”与“Generated, Version=0.0.0.0, Culture=neutral, PublicKeyToken=null”中的导入类型“PlayerResult”冲突。请使用“D:\Develop\Projects\Astrum\AstrumServer\AstrumServer\Generated\gamemessages_C_2000.cs”中定义的类型。 [D:\Develop\Projects\Astrum\AstrumServer\AstrumServer\AstrumServer.csproj]
D:\Develop\Projects\Astrum\AstrumServer\AstrumServer\obj\Debug\net9.0\MemoryPack.Generator\MemoryPack.Generator.MemoryPackGenerator\Astrum.Generated.GameResult.MemoryPackFormatter.g.cs(58,142): warning CS0436: “D:\Develop\Projects\Astrum\AstrumServer\AstrumServer\Generated\gamemessages_C_2000.cs”中的类型“PlayerResult”与“Generated, Version=0.0.0.0, Culture=neutral, PublicKeyToken=null”中的导入类型“PlayerResult”冲突。请使用“D:\Develop\Projects\Astrum\AstrumServer\AstrumServer\Generated\gamemessages_C_2000.cs”中定义的类型。 [D:\Develop\Projects\Astrum\AstrumServer\AstrumServer\AstrumServer.csproj]
D:\Develop\Projects\Astrum\AstrumServer\AstrumServer\obj\Debug\net9.0\MemoryPack.Generator\MemoryPack.Generator.MemoryPackGenerator\Astrum.Generated.DisconnectResponse.MemoryPackFormatter.g.cs(125,79): warning CS0436: “D:\Develop\Projects\Astrum\AstrumServer\AstrumServer\Generated\connectionstatus_C_4000.cs”中的类型“DisconnectResponse”与“Generated, Version=0.0.0.0, Culture=neutral, PublicKeyToken=null”中的导入类型“DisconnectResponse”冲突。请使用“D:\Develop\Projects\Astrum\AstrumServer\AstrumServer\Generated\connectionstatus_C_4000.cs”中定义的类型。 [D:\Develop\Projects\Astrum\AstrumServer\AstrumServer\AstrumServer.csproj]
D:\Develop\Projects\Astrum\AstrumServer\AstrumServer\obj\Debug\net9.0\MemoryPack.Generator\MemoryPack.Generator.MemoryPackGenerator\Astrum.Generated.DisconnectResponse.MemoryPackFormatter.g.cs(173,21): warning CS0436: “D:\Develop\Projects\Astrum\AstrumServer\AstrumServer\Generated\connectionstatus_C_4000.cs”中的类型“DisconnectResponse”与“Generated, Version=0.0.0.0, Culture=neutral, PublicKeyToken=null”中的导入类型“DisconnectResponse”冲突。请使用“D:\Develop\Projects\Astrum\AstrumServer\AstrumServer\Generated\connectionstatus_C_4000.cs”中定义的类型。 [D:\Develop\Projects\Astrum\AstrumServer\AstrumServer\AstrumServer.csproj]
D:\Develop\Projects\Astrum\AstrumServer\AstrumServer\obj\Debug\net9.0\MemoryPack.Generator\MemoryPack.Generator.MemoryPackGenerator\Astrum.Generated.OneFrameInputs.MemoryPackFormatter.g.cs(92,86): warning CS0436: “D:\Develop\Projects\Astrum\AstrumServer\AstrumServer\Generated\gamemessages_C_2000.cs”中的类型“LSInput”与“Generated, Version=0.0.0.0, Culture=neutral, PublicKeyToken=null”中的导入类型“LSInput”冲突。请使用“D:\Develop\Projects\Astrum\AstrumServer\AstrumServer\Generated\gamemessages_C_2000.cs”中定义的类型。 [D:\Develop\Projects\Astrum\AstrumServer\AstrumServer\AstrumServer.csproj]
D:\Develop\Projects\Astrum\AstrumServer\AstrumServer\obj\Debug\net9.0\MemoryPack.Generator\MemoryPack.Generator.MemoryPackGenerator\Astrum.Generated.OneFrameInputs.MemoryPackFormatter.g.cs(100,122): warning CS0436: “D:\Develop\Projects\Astrum\AstrumServer\AstrumServer\Generated\gamemessages_C_2000.cs”中的类型“LSInput”与“Generated, Version=0.0.0.0, Culture=neutral, PublicKeyToken=null”中的导入类型“LSInput”冲突。请使用“D:\Develop\Projects\Astrum\AstrumServer\AstrumServer\Generated\gamemessages_C_2000.cs”中定义的类型。 [D:\Develop\Projects\Astrum\AstrumServer\AstrumServer\AstrumServer.csproj]
D:\Develop\Projects\Astrum\AstrumServer\AstrumServer\obj\Debug\net9.0\MemoryPack.Generator\MemoryPack.Generator.MemoryPackGenerator\Astrum.Generated.OneFrameInputs.MemoryPackFormatter.g.cs(119,79): warning CS0436: “D:\Develop\Projects\Astrum\AstrumServer\AstrumServer\Generated\gamemessages_C_2000.cs”中的类型“OneFrameInputs”与“Generated, Version=0.0.0.0, Culture=neutral, PublicKeyToken=null”中的导入类型“OneFrameInputs”冲突。请使用“D:\Develop\Projects\Astrum\AstrumServer\AstrumServer\Generated\gamemessages_C_2000.cs”中定义的类型。 [D:\Develop\Projects\Astrum\AstrumServer\AstrumServer\AstrumServer.csproj]
D:\Develop\Projects\Astrum\AstrumServer\AstrumServer\obj\Debug\net9.0\MemoryPack.Generator\MemoryPack.Generator.MemoryPackGenerator\Astrum.Generated.OneFrameInputs.MemoryPackFormatter.g.cs(159,21): warning CS0436: “D:\Develop\Projects\Astrum\AstrumServer\AstrumServer\Generated\gamemessages_C_2000.cs”中的类型“OneFrameInputs”与“Generated, Version=0.0.0.0, Culture=neutral, PublicKeyToken=null”中的导入类型“OneFrameInputs”冲突。请使用“D:\Develop\Projects\Astrum\AstrumServer\AstrumServer\Generated\gamemessages_C_2000.cs”中定义的类型。 [D:\Develop\Projects\Astrum\AstrumServer\AstrumServer\AstrumServer.csproj]
D:\Develop\Projects\Astrum\AstrumServer\AstrumServer\Generated\networkcommon_C_1000.cs(927,53): warning CS0436: “D:\Develop\Projects\Astrum\AstrumServer\AstrumServer\Generated\networkcommon_C_1000.cs”中的类型“MatchFoundNotification”与“Generated, Version=0.0.0.0, Culture=neutral, PublicKeyToken=null”中的导入类型“MatchFoundNotification”冲突。请使用“D:\Develop\Projects\Astrum\AstrumServer\AstrumServer\Generated\networkcommon_C_1000.cs”中定义的类型。 [D:\Develop\Projects\Astrum\AstrumServer\AstrumServer\AstrumServer.csproj]
D:\Develop\Projects\Astrum\AstrumServer\AstrumServer\Generated\networkcommon_C_1000.cs(927,93): warning CS0436: “D:\Develop\Projects\Astrum\AstrumServer\AstrumServer\Generated\networkcommon_C_1000.cs”中的类型“MatchFoundNotification”与“Generated, Version=0.0.0.0, Culture=neutral, PublicKeyToken=null”中的导入类型“MatchFoundNotification”冲突。请使用“D:\Develop\Projects\Astrum\AstrumServer\AstrumServer\Generated\networkcommon_C_1000.cs”中定义的类型。 [D:\Develop\Projects\Astrum\AstrumServer\AstrumServer\AstrumServer.csproj]
D:\Develop\Projects\Astrum\AstrumServer\AstrumServer\Generated\networkcommon_C_1000.cs(927,20): warning CS8603: 可能返回 null 引用。 [D:\Develop\Projects\Astrum\AstrumServer\AstrumServer\AstrumServer.csproj]
D:\Develop\Projects\Astrum\AstrumServer\AstrumServer\Generated\connectionstatus_C_4000.cs(224,23): warning CS8618: 在退出构造函数时，不可为 null 的 属性 "message" 必须包含非 null 值。请考虑添加 "required" 修饰符或将该 属性 声明为可为 null。 [D:\Develop\Projects\Astrum\AstrumServer\AstrumServer\AstrumServer.csproj]
D:\Develop\Projects\Astrum\AstrumServer\AstrumServer\Generated\gamemessages_C_2000.cs(471,53): warning CS0436: “D:\Develop\Projects\Astrum\AstrumServer\AstrumServer\Generated\gamemessages_C_2000.cs”中的类型“GameStartNotification”与“Generated, Version=0.0.0.0, Culture=neutral, PublicKeyToken=null”中的导入类型“GameStartNotification”冲突。请使用“D:\Develop\Projects\Astrum\AstrumServer\AstrumServer\Generated\gamemessages_C_2000.cs”中定义的类型。 [D:\Develop\Projects\Astrum\AstrumServer\AstrumServer\AstrumServer.csproj]
D:\Develop\Projects\Astrum\AstrumServer\AstrumServer\Generated\gamemessages_C_2000.cs(471,92): warning CS0436: “D:\Develop\Projects\Astrum\AstrumServer\AstrumServer\Generated\gamemessages_C_2000.cs”中的类型“GameStartNotification”与“Generated, Version=0.0.0.0, Culture=neutral, PublicKeyToken=null”中的导入类型“GameStartNotification”冲突。请使用“D:\Develop\Projects\Astrum\AstrumServer\AstrumServer\Generated\gamemessages_C_2000.cs”中定义的类型。 [D:\Develop\Projects\Astrum\AstrumServer\AstrumServer\AstrumServer.csproj]
D:\Develop\Projects\Astrum\AstrumServer\AstrumServer\Generated\gamemessages_C_2000.cs(471,20): warning CS8603: 可能返回 null 引用。 [D:\Develop\Projects\Astrum\AstrumServer\AstrumServer\AstrumServer.csproj]
D:\Develop\Projects\Astrum\AstrumServer\AstrumServer\Generated\gamemessages_C_2000.cs(528,53): warning CS0436: “D:\Develop\Projects\Astrum\AstrumServer\AstrumServer\Generated\gamemessages_C_2000.cs”中的类型“GameEndNotification”与“Generated, Version=0.0.0.0, Culture=neutral, PublicKeyToken=null”中的导入类型“GameEndNotification”冲突。请使用“D:\Develop\Projects\Astrum\AstrumServer\AstrumServer\Generated\gamemessages_C_2000.cs”中定义的类型。 [D:\Develop\Projects\Astrum\AstrumServer\AstrumServer\AstrumServer.csproj]
D:\Develop\Projects\Astrum\AstrumServer\AstrumServer\Generated\gamemessages_C_2000.cs(528,90): warning CS0436: “D:\Develop\Projects\Astrum\AstrumServer\AstrumServer\Generated\gamemessages_C_2000.cs”中的类型“GameEndNotification”与“Generated, Version=0.0.0.0, Culture=neutral, PublicKeyToken=null”中的导入类型“GameEndNotification”冲突。请使用“D:\Develop\Projects\Astrum\AstrumServer\AstrumServer\Generated\gamemessages_C_2000.cs”中定义的类型。 [D:\Develop\Projects\Astrum\AstrumServer\AstrumServer\AstrumServer.csproj]
D:\Develop\Projects\Astrum\AstrumServer\AstrumServer\Generated\gamemessages_C_2000.cs(528,20): warning CS8603: 可能返回 null 引用。 [D:\Develop\Projects\Astrum\AstrumServer\AstrumServer\AstrumServer.csproj]
D:\Develop\Projects\Astrum\AstrumServer\AstrumServer\Generated\gamemessages_C_2000.cs(407,53): warning CS0436: “D:\Develop\Projects\Astrum\AstrumServer\AstrumServer\Generated\gamemessages_C_2000.cs”中的类型“GameConfig”与“Generated, Version=0.0.0.0, Culture=neutral, PublicKeyToken=null”中的导入类型“GameConfig”冲突。请使用“D:\Develop\Projects\Astrum\AstrumServer\AstrumServer\Generated\gamemessages_C_2000.cs”中定义的类型。 [D:\Develop\Projects\Astrum\AstrumServer\AstrumServer\AstrumServer.csproj]
D:\Develop\Projects\Astrum\AstrumServer\AstrumServer\Generated\gamemessages_C_2000.cs(407,81): warning CS0436: “D:\Develop\Projects\Astrum\AstrumServer\AstrumServer\Generated\gamemessages_C_2000.cs”中的类型“GameConfig”与“Generated, Version=0.0.0.0, Culture=neutral, PublicKeyToken=null”中的导入类型“GameConfig”冲突。请使用“D:\Develop\Projects\Astrum\AstrumServer\AstrumServer\Generated\gamemessages_C_2000.cs”中定义的类型。 [D:\Develop\Projects\Astrum\AstrumServer\AstrumServer\AstrumServer.csproj]
D:\Develop\Projects\Astrum\AstrumServer\AstrumServer\Generated\gamemessages_C_2000.cs(407,20): warning CS8603: 可能返回 null 引用。 [D:\Develop\Projects\Astrum\AstrumServer\AstrumServer\AstrumServer.csproj]
D:\Develop\Projects\Astrum\AstrumServer\AstrumServer\Generated\networkcommon_C_1000.cs(955,25): warning CS8625: 无法将 null 字面量转换为非 null 的引用类型。 [D:\Develop\Projects\Astrum\AstrumServer\AstrumServer\AstrumServer.csproj]
D:\Develop\Projects\Astrum\AstrumServer\AstrumServer\Generated\gamemessages_C_2000.cs(511,27): warning CS8625: 无法将 null 字面量转换为非 null 的引用类型。 [D:\Develop\Projects\Astrum\AstrumServer\AstrumServer\AstrumServer.csproj]
D:\Develop\Projects\Astrum\AstrumServer\AstrumServer\Generated\gamemessages_C_2000.cs(512,27): warning CS8625: 无法将 null 字面量转换为非 null 的引用类型。 [D:\Develop\Projects\Astrum\AstrumServer\AstrumServer\AstrumServer.csproj]
D:\Develop\Projects\Astrum\AstrumServer\AstrumServer\Generated\gamemessages_C_2000.cs(513,30): warning CS8625: 无法将 null 字面量转换为非 null 的引用类型。 [D:\Develop\Projects\Astrum\AstrumServer\AstrumServer\AstrumServer.csproj]
D:\Develop\Projects\Astrum\AstrumServer\AstrumServer\obj\Debug\net9.0\MemoryPack.Generator\MemoryPack.Generator.MemoryPackGenerator\Astrum.Generated.GameStartNotification.MemoryPackFormatter.g.cs(43,65): warning CS0436: “D:\Develop\Projects\Astrum\AstrumServer\AstrumServer\Generated\gamemessages_C_2000.cs”中的类型“GameStartNotification”与“Generated, Version=0.0.0.0, Culture=neutral, PublicKeyToken=null”中的导入类型“GameStartNotification”冲突。请使用“D:\Develop\Projects\Astrum\AstrumServer\AstrumServer\Generated\gamemessages_C_2000.cs”中定义的类型。 [D:\Develop\Projects\Astrum\AstrumServer\AstrumServer\AstrumServer.csproj]
D:\Develop\Projects\Astrum\AstrumServer\AstrumServer\obj\Debug\net9.0\MemoryPack.Generator\MemoryPack.Generator.MemoryPackGenerator\Astrum.Generated.GameMessageResponse.MemoryPackFormatter.g.cs(125,79): warning CS0436: “D:\Develop\Projects\Astrum\AstrumServer\AstrumServer\Generated\gamemessages_C_2000.cs”中的类型“GameMessageResponse”与“Generated, Version=0.0.0.0, Culture=neutral, PublicKeyToken=null”中的导入类型“GameMessageResponse”冲突。请使用“D:\Develop\Projects\Astrum\AstrumServer\AstrumServer\Generated\gamemessages_C_2000.cs”中定义的类型。 [D:\Develop\Projects\Astrum\AstrumServer\AstrumServer\AstrumServer.csproj]
D:\Develop\Projects\Astrum\AstrumServer\AstrumServer\obj\Debug\net9.0\MemoryPack.Generator\MemoryPack.Generator.MemoryPackGenerator\Astrum.Generated.GameMessageResponse.MemoryPackFormatter.g.cs(173,21): warning CS0436: “D:\Develop\Projects\Astrum\AstrumServer\AstrumServer\Generated\gamemessages_C_2000.cs”中的类型“GameMessageResponse”与“Generated, Version=0.0.0.0, Culture=neutral, PublicKeyToken=null”中的导入类型“GameMessageResponse”冲突。请使用“D:\Develop\Projects\Astrum\AstrumServer\AstrumServer\Generated\gamemessages_C_2000.cs”中定义的类型。 [D:\Develop\Projects\Astrum\AstrumServer\AstrumServer\AstrumServer.csproj]
D:\Develop\Projects\Astrum\AstrumServer\AstrumServer\obj\Debug\net9.0\MemoryPack.Generator\MemoryPack.Generator.MemoryPackGenerator\Astrum.Generated.MatchFoundNotification.MemoryPackFormatter.g.cs(41,65): warning CS0436: “D:\Develop\Projects\Astrum\AstrumServer\AstrumServer\Generated\networkcommon_C_1000.cs”中的类型“MatchFoundNotification”与“Generated, Version=0.0.0.0, Culture=neutral, PublicKeyToken=null”中的导入类型“MatchFoundNotification”冲突。请使用“D:\Develop\Projects\Astrum\AstrumServer\AstrumServer\Generated\networkcommon_C_1000.cs”中定义的类型。 [D:\Develop\Projects\Astrum\AstrumServer\AstrumServer\AstrumServer.csproj]
D:\Develop\Projects\Astrum\AstrumServer\AstrumServer\obj\Debug\net9.0\MemoryPack.Generator\MemoryPack.Generator.MemoryPackGenerator\Astrum.Generated.GameConfig.MemoryPackFormatter.g.cs(44,65): warning CS0436: “D:\Develop\Projects\Astrum\AstrumServer\AstrumServer\Generated\gamemessages_C_2000.cs”中的类型“GameConfig”与“Generated, Version=0.0.0.0, Culture=neutral, PublicKeyToken=null”中的导入类型“GameConfig”冲突。请使用“D:\Develop\Projects\Astrum\AstrumServer\AstrumServer\Generated\gamemessages_C_2000.cs”中定义的类型。 [D:\Develop\Projects\Astrum\AstrumServer\AstrumServer\AstrumServer.csproj]
D:\Develop\Projects\Astrum\AstrumServer\AstrumServer\Generated\gamemessages_C_2000.cs(562,27): warning CS8625: 无法将 null 字面量转换为非 null 的引用类型。 [D:\Develop\Projects\Astrum\AstrumServer\AstrumServer\AstrumServer.csproj]
D:\Develop\Projects\Astrum\AstrumServer\AstrumServer\Generated\gamemessages_C_2000.cs(563,27): warning CS8625: 无法将 null 字面量转换为非 null 的引用类型。 [D:\Develop\Projects\Astrum\AstrumServer\AstrumServer\AstrumServer.csproj]
D:\Develop\Projects\Astrum\AstrumServer\AstrumServer\Generated\gamemessages_C_2000.cs(565,27): warning CS8625: 无法将 null 字面量转换为非 null 的引用类型。 [D:\Develop\Projects\Astrum\AstrumServer\AstrumServer\AstrumServer.csproj]
D:\Develop\Projects\Astrum\AstrumServer\AstrumServer\obj\Debug\net9.0\MemoryPack.Generator\MemoryPack.Generator.MemoryPackGenerator\Astrum.Generated.GameEndNotification.MemoryPackFormatter.g.cs(42,65): warning CS0436: “D:\Develop\Projects\Astrum\AstrumServer\AstrumServer\Generated\gamemessages_C_2000.cs”中的类型“GameEndNotification”与“Generated, Version=0.0.0.0, Culture=neutral, PublicKeyToken=null”中的导入类型“GameEndNotification”冲突。请使用“D:\Develop\Projects\Astrum\AstrumServer\AstrumServer\Generated\gamemessages_C_2000.cs”中定义的类型。 [D:\Develop\Projects\Astrum\AstrumServer\AstrumServer\AstrumServer.csproj]
D:\Develop\Projects\Astrum\AstrumServer\AstrumServer\obj\Debug\net9.0\MemoryPack.Generator\MemoryPack.Generator.MemoryPackGenerator\Astrum.Generated.GameEndNotification.MemoryPackFormatter.g.cs(49,74): warning CS0436: “D:\Develop\Projects\Astrum\AstrumServer\AstrumServer\Generated\gamemessages_C_2000.cs”中的类型“GameEndNotification”与“Generated, Version=0.0.0.0, Culture=neutral, PublicKeyToken=null”中的导入类型“GameEndNotification”冲突。请使用“D:\Develop\Projects\Astrum\AstrumServer\AstrumServer\Generated\gamemessages_C_2000.cs”中定义的类型。 [D:\Develop\Projects\Astrum\AstrumServer\AstrumServer\AstrumServer.csproj]
D:\Develop\Projects\Astrum\AstrumServer\AstrumServer\obj\Debug\net9.0\MemoryPack.Generator\MemoryPack.Generator.MemoryPackGenerator\Astrum.Generated.GameEndNotification.MemoryPackFormatter.g.cs(51,127): warning CS0436: “D:\Develop\Projects\Astrum\AstrumServer\AstrumServer\Generated\gamemessages_C_2000.cs”中的类型“GameEndNotification”与“Generated, Version=0.0.0.0, Culture=neutral, PublicKeyToken=null”中的导入类型“GameEndNotification”冲突。请使用“D:\Develop\Projects\Astrum\AstrumServer\AstrumServer\Generated\gamemessages_C_2000.cs”中定义的类型。 [D:\Develop\Projects\Astrum\AstrumServer\AstrumServer\AstrumServer.csproj]
D:\Develop\Projects\Astrum\AstrumServer\AstrumServer\obj\Debug\net9.0\MemoryPack.Generator\MemoryPack.Generator.MemoryPackGenerator\Astrum.Generated.GameEndNotification.MemoryPackFormatter.g.cs(53,74): warning CS0436: “D:\Develop\Projects\Astrum\AstrumServer\AstrumServer\Generated\gamemessages_C_2000.cs”中的类型“GameEndNotification”与“Generated, Version=0.0.0.0, Culture=neutral, PublicKeyToken=null”中的导入类型“GameEndNotification”冲突。请使用“D:\Develop\Projects\Astrum\AstrumServer\AstrumServer\Generated\gamemessages_C_2000.cs”中定义的类型。 [D:\Develop\Projects\Astrum\AstrumServer\AstrumServer\AstrumServer.csproj]
D:\Develop\Projects\Astrum\AstrumServer\AstrumServer\obj\Debug\net9.0\MemoryPack.Generator\MemoryPack.Generator.MemoryPackGenerator\Astrum.Generated.GameEndNotification.MemoryPackFormatter.g.cs(55,118): warning CS0436: “D:\Develop\Projects\Astrum\AstrumServer\AstrumServer\Generated\gamemessages_C_2000.cs”中的类型“GameEndNotification”与“Generated, Version=0.0.0.0, Culture=neutral, PublicKeyToken=null”中的导入类型“GameEndNotification”冲突。请使用“D:\Develop\Projects\Astrum\AstrumServer\AstrumServer\Generated\gamemessages_C_2000.cs”中定义的类型。 [D:\Develop\Projects\Astrum\AstrumServer\AstrumServer\AstrumServer.csproj]
D:\Develop\Projects\Astrum\AstrumServer\AstrumServer\obj\Debug\net9.0\MemoryPack.Generator\MemoryPack.Generator.MemoryPackGenerator\Astrum.Generated.GameStartNotification.MemoryPackFormatter.g.cs(50,74): warning CS0436: “D:\Develop\Projects\Astrum\AstrumServer\AstrumServer\Generated\gamemessages_C_2000.cs”中的类型“GameStartNotification”与“Generated, Version=0.0.0.0, Culture=neutral, PublicKeyToken=null”中的导入类型“GameStartNotification”冲突。请使用“D:\Develop\Projects\Astrum\AstrumServer\AstrumServer\Generated\gamemessages_C_2000.cs”中定义的类型。 [D:\Develop\Projects\Astrum\AstrumServer\AstrumServer\AstrumServer.csproj]
D:\Develop\Projects\Astrum\AstrumServer\AstrumServer\obj\Debug\net9.0\MemoryPack.Generator\MemoryPack.Generator.MemoryPackGenerator\Astrum.Generated.GameStartNotification.MemoryPackFormatter.g.cs(52,127): warning CS0436: “D:\Develop\Projects\Astrum\AstrumServer\AstrumServer\Generated\gamemessages_C_2000.cs”中的类型“GameStartNotification”与“Generated, Version=0.0.0.0, Culture=neutral, PublicKeyToken=null”中的导入类型“GameStartNotification”冲突。请使用“D:\Develop\Projects\Astrum\AstrumServer\AstrumServer\Generated\gamemessages_C_2000.cs”中定义的类型。 [D:\Develop\Projects\Astrum\AstrumServer\AstrumServer\AstrumServer.csproj]
D:\Develop\Projects\Astrum\AstrumServer\AstrumServer\obj\Debug\net9.0\MemoryPack.Generator\MemoryPack.Generator.MemoryPackGenerator\Astrum.Generated.GameStartNotification.MemoryPackFormatter.g.cs(54,74): warning CS0436: “D:\Develop\Projects\Astrum\AstrumServer\AstrumServer\Generated\gamemessages_C_2000.cs”中的类型“GameStartNotification”与“Generated, Version=0.0.0.0, Culture=neutral, PublicKeyToken=null”中的导入类型“GameStartNotification”冲突。请使用“D:\Develop\Projects\Astrum\AstrumServer\AstrumServer\Generated\gamemessages_C_2000.cs”中定义的类型。 [D:\Develop\Projects\Astrum\AstrumServer\AstrumServer\AstrumServer.csproj]
D:\Develop\Projects\Astrum\AstrumServer\AstrumServer\obj\Debug\net9.0\MemoryPack.Generator\MemoryPack.Generator.MemoryPackGenerator\Astrum.Generated.GameStartNotification.MemoryPackFormatter.g.cs(56,118): warning CS0436: “D:\Develop\Projects\Astrum\AstrumServer\AstrumServer\Generated\gamemessages_C_2000.cs”中的类型“GameStartNotification”与“Generated, Version=0.0.0.0, Culture=neutral, PublicKeyToken=null”中的导入类型“GameStartNotification”冲突。请使用“D:\Develop\Projects\Astrum\AstrumServer\AstrumServer\Generated\gamemessages_C_2000.cs”中定义的类型。 [D:\Develop\Projects\Astrum\AstrumServer\AstrumServer\AstrumServer.csproj]
D:\Develop\Projects\Astrum\AstrumServer\AstrumServer\obj\Debug\net9.0\MemoryPack.Generator\MemoryPack.Generator.MemoryPackGenerator\Astrum.Generated.MatchFoundNotification.MemoryPackFormatter.g.cs(48,74): warning CS0436: “D:\Develop\Projects\Astrum\AstrumServer\AstrumServer\Generated\networkcommon_C_1000.cs”中的类型“MatchFoundNotification”与“Generated, Version=0.0.0.0, Culture=neutral, PublicKeyToken=null”中的导入类型“MatchFoundNotification”冲突。请使用“D:\Develop\Projects\Astrum\AstrumServer\AstrumServer\Generated\networkcommon_C_1000.cs”中定义的类型。 [D:\Develop\Projects\Astrum\AstrumServer\AstrumServer\AstrumServer.csproj]
D:\Develop\Projects\Astrum\AstrumServer\AstrumServer\obj\Debug\net9.0\MemoryPack.Generator\MemoryPack.Generator.MemoryPackGenerator\Astrum.Generated.MatchFoundNotification.MemoryPackFormatter.g.cs(50,127): warning CS0436: “D:\Develop\Projects\Astrum\AstrumServer\AstrumServer\Generated\networkcommon_C_1000.cs”中的类型“MatchFoundNotification”与“Generated, Version=0.0.0.0, Culture=neutral, PublicKeyToken=null”中的导入类型“MatchFoundNotification”冲突。请使用“D:\Develop\Projects\Astrum\AstrumServer\AstrumServer\Generated\networkcommon_C_1000.cs”中定义的类型。 [D:\Develop\Projects\Astrum\AstrumServer\AstrumServer\AstrumServer.csproj]
D:\Develop\Projects\Astrum\AstrumServer\AstrumServer\obj\Debug\net9.0\MemoryPack.Generator\MemoryPack.Generator.MemoryPackGenerator\Astrum.Generated.MatchFoundNotification.MemoryPackFormatter.g.cs(52,74): warning CS0436: “D:\Develop\Projects\Astrum\AstrumServer\AstrumServer\Generated\networkcommon_C_1000.cs”中的类型“MatchFoundNotification”与“Generated, Version=0.0.0.0, Culture=neutral, PublicKeyToken=null”中的导入类型“MatchFoundNotification”冲突。请使用“D:\Develop\Projects\Astrum\AstrumServer\AstrumServer\Generated\networkcommon_C_1000.cs”中定义的类型。 [D:\Develop\Projects\Astrum\AstrumServer\AstrumServer\AstrumServer.csproj]
D:\Develop\Projects\Astrum\AstrumServer\AstrumServer\obj\Debug\net9.0\MemoryPack.Generator\MemoryPack.Generator.MemoryPackGenerator\Astrum.Generated.MatchFoundNotification.MemoryPackFormatter.g.cs(54,118): warning CS0436: “D:\Develop\Projects\Astrum\AstrumServer\AstrumServer\Generated\networkcommon_C_1000.cs”中的类型“MatchFoundNotification”与“Generated, Version=0.0.0.0, Culture=neutral, PublicKeyToken=null”中的导入类型“MatchFoundNotification”冲突。请使用“D:\Develop\Projects\Astrum\AstrumServer\AstrumServer\Generated\networkcommon_C_1000.cs”中定义的类型。 [D:\Develop\Projects\Astrum\AstrumServer\AstrumServer\AstrumServer.csproj]
D:\Develop\Projects\Astrum\AstrumServer\AstrumServer\Generated\gamemessages_C_2000.cs(87,23): warning CS8618: 在退出构造函数时，不可为 null 的 属性 "message" 必须包含非 null 值。请考虑添加 "required" 修饰符或将该 属性 声明为可为 null。 [D:\Develop\Projects\Astrum\AstrumServer\AstrumServer\AstrumServer.csproj]
D:\Develop\Projects\Astrum\AstrumServer\AstrumServer\Network\ServerNetworkManager.cs(257,68): warning CS8604: “void Action<Session, MessageObject>.Invoke(Session arg1, MessageObject arg2)”中的形参“arg2”可能传入 null 引用实参。 [D:\Develop\Projects\Astrum\AstrumServer\AstrumServer\AstrumServer.csproj]
D:\Develop\Projects\Astrum\AstrumServer\AstrumServer\obj\Debug\net9.0\MemoryPack.Generator\MemoryPack.Generator.MemoryPackGenerator\Astrum.Generated.GameConfig.MemoryPackFormatter.g.cs(51,74): warning CS0436: “D:\Develop\Projects\Astrum\AstrumServer\AstrumServer\Generated\gamemessages_C_2000.cs”中的类型“GameConfig”与“Generated, Version=0.0.0.0, Culture=neutral, PublicKeyToken=null”中的导入类型“GameConfig”冲突。请使用“D:\Develop\Projects\Astrum\AstrumServer\AstrumServer\Generated\gamemessages_C_2000.cs”中定义的类型。 [D:\Develop\Projects\Astrum\AstrumServer\AstrumServer\AstrumServer.csproj]
D:\Develop\Projects\Astrum\AstrumServer\AstrumServer\obj\Debug\net9.0\MemoryPack.Generator\MemoryPack.Generator.MemoryPackGenerator\Astrum.Generated.GameConfig.MemoryPackFormatter.g.cs(53,127): warning CS0436: “D:\Develop\Projects\Astrum\AstrumServer\AstrumServer\Generated\gamemessages_C_2000.cs”中的类型“GameConfig”与“Generated, Version=0.0.0.0, Culture=neutral, PublicKeyToken=null”中的导入类型“GameConfig”冲突。请使用“D:\Develop\Projects\Astrum\AstrumServer\AstrumServer\Generated\gamemessages_C_2000.cs”中定义的类型。 [D:\Develop\Projects\Astrum\AstrumServer\AstrumServer\AstrumServer.csproj]
D:\Develop\Projects\Astrum\AstrumServer\AstrumServer\obj\Debug\net9.0\MemoryPack.Generator\MemoryPack.Generator.MemoryPackGenerator\Astrum.Generated.GameConfig.MemoryPackFormatter.g.cs(55,74): warning CS0436: “D:\Develop\Projects\Astrum\AstrumServer\AstrumServer\Generated\gamemessages_C_2000.cs”中的类型“GameConfig”与“Generated, Version=0.0.0.0, Culture=neutral, PublicKeyToken=null”中的导入类型“GameConfig”冲突。请使用“D:\Develop\Projects\Astrum\AstrumServer\AstrumServer\Generated\gamemessages_C_2000.cs”中定义的类型。 [D:\Develop\Projects\Astrum\AstrumServer\AstrumServer\AstrumServer.csproj]
D:\Develop\Projects\Astrum\AstrumServer\AstrumServer\obj\Debug\net9.0\MemoryPack.Generator\MemoryPack.Generator.MemoryPackGenerator\Astrum.Generated.GameConfig.MemoryPackFormatter.g.cs(57,118): warning CS0436: “D:\Develop\Projects\Astrum\AstrumServer\AstrumServer\Generated\gamemessages_C_2000.cs”中的类型“GameConfig”与“Generated, Version=0.0.0.0, Culture=neutral, PublicKeyToken=null”中的导入类型“GameConfig”冲突。请使用“D:\Develop\Projects\Astrum\AstrumServer\AstrumServer\Generated\gamemessages_C_2000.cs”中定义的类型。 [D:\Develop\Projects\Astrum\AstrumServer\AstrumServer\AstrumServer.csproj]
D:\Develop\Projects\Astrum\AstrumServer\AstrumServer\Core\GameServer.cs(218,26): warning CS0436: “D:\Develop\Projects\Astrum\AstrumServer\AstrumServer\Generated\connectionstatus_C_4000.cs”中的类型“ConnectRequest”与“Generated, Version=0.0.0.0, Culture=neutral, PublicKeyToken=null”中的导入类型“ConnectRequest”冲突。请使用“D:\Develop\Projects\Astrum\AstrumServer\AstrumServer\Generated\connectionstatus_C_4000.cs”中定义的类型。 [D:\Develop\Projects\Astrum\AstrumServer\AstrumServer\AstrumServer.csproj]
D:\Develop\Projects\Astrum\AstrumServer\AstrumServer\Core\GameServer.cs(221,26): warning CS0436: “D:\Develop\Projects\Astrum\AstrumServer\AstrumServer\Generated\networkcommon_C_1000.cs”中的类型“LoginRequest”与“Generated, Version=0.0.0.0, Culture=neutral, PublicKeyToken=null”中的导入类型“LoginRequest”冲突。请使用“D:\Develop\Projects\Astrum\AstrumServer\AstrumServer\Generated\networkcommon_C_1000.cs”中定义的类型。 [D:\Develop\Projects\Astrum\AstrumServer\AstrumServer\AstrumServer.csproj]
D:\Develop\Projects\Astrum\AstrumServer\AstrumServer\Core\GameServer.cs(224,26): warning CS0436: “D:\Develop\Projects\Astrum\AstrumServer\AstrumServer\Generated\networkcommon_C_1000.cs”中的类型“CreateRoomRequest”与“Generated, Version=0.0.0.0, Culture=neutral, PublicKeyToken=null”中的导入类型“CreateRoomRequest”冲突。请使用“D:\Develop\Projects\Astrum\AstrumServer\AstrumServer\Generated\networkcommon_C_1000.cs”中定义的类型。 [D:\Develop\Projects\Astrum\AstrumServer\AstrumServer\AstrumServer.csproj]
D:\Develop\Projects\Astrum\AstrumServer\AstrumServer\Core\GameServer.cs(227,26): warning CS0436: “D:\Develop\Projects\Astrum\AstrumServer\AstrumServer\Generated\networkcommon_C_1000.cs”中的类型“JoinRoomRequest”与“Generated, Version=0.0.0.0, Culture=neutral, PublicKeyToken=null”中的导入类型“JoinRoomRequest”冲突。请使用“D:\Develop\Projects\Astrum\AstrumServer\AstrumServer\Generated\networkcommon_C_1000.cs”中定义的类型。 [D:\Develop\Projects\Astrum\AstrumServer\AstrumServer\AstrumServer.csproj]
D:\Develop\Projects\Astrum\AstrumServer\AstrumServer\Core\GameServer.cs(230,26): warning CS0436: “D:\Develop\Projects\Astrum\AstrumServer\AstrumServer\Generated\networkcommon_C_1000.cs”中的类型“LeaveRoomRequest”与“Generated, Version=0.0.0.0, Culture=neutral, PublicKeyToken=null”中的导入类型“LeaveRoomRequest”冲突。请使用“D:\Develop\Projects\Astrum\AstrumServer\AstrumServer\Generated\networkcommon_C_1000.cs”中定义的类型。 [D:\Develop\Projects\Astrum\AstrumServer\AstrumServer\AstrumServer.csproj]
D:\Develop\Projects\Astrum\AstrumServer\AstrumServer\Core\GameServer.cs(233,26): warning CS0436: “D:\Develop\Projects\Astrum\AstrumServer\AstrumServer\Generated\networkcommon_C_1000.cs”中的类型“GetRoomListRequest”与“Generated, Version=0.0.0.0, Culture=neutral, PublicKeyToken=null”中的导入类型“GetRoomListRequest”冲突。请使用“D:\Develop\Projects\Astrum\AstrumServer\AstrumServer\Generated\networkcommon_C_1000.cs”中定义的类型。 [D:\Develop\Projects\Astrum\AstrumServer\AstrumServer\AstrumServer.csproj]
D:\Develop\Projects\Astrum\AstrumServer\AstrumServer\Core\GameServer.cs(236,26): warning CS0436: “D:\Develop\Projects\Astrum\AstrumServer\AstrumServer\Generated\networkcommon_C_1000.cs”中的类型“HeartbeatMessage”与“Generated, Version=0.0.0.0, Culture=neutral, PublicKeyToken=null”中的导入类型“HeartbeatMessage”冲突。请使用“D:\Develop\Projects\Astrum\AstrumServer\AstrumServer\Generated\networkcommon_C_1000.cs”中定义的类型。 [D:\Develop\Projects\Astrum\AstrumServer\AstrumServer\AstrumServer.csproj]
D:\Develop\Projects\Astrum\AstrumServer\AstrumServer\Core\GameServer.cs(239,26): warning CS0436: “D:\Develop\Projects\Astrum\AstrumServer\AstrumServer\Generated\game_S_3000.cs”中的类型“GameRequest”与“Generated, Version=0.0.0.0, Culture=neutral, PublicKeyToken=null”中的导入类型“GameRequest”冲突。请使用“D:\Develop\Projects\Astrum\AstrumServer\AstrumServer\Generated\game_S_3000.cs”中定义的类型。 [D:\Develop\Projects\Astrum\AstrumServer\AstrumServer\AstrumServer.csproj]
D:\Develop\Projects\Astrum\AstrumServer\AstrumServer\Core\GameServer.cs(242,26): warning CS0436: “D:\Develop\Projects\Astrum\AstrumServer\AstrumServer\Generated\gamemessages_C_2000.cs”中的类型“SingleInput”与“Generated, Version=0.0.0.0, Culture=neutral, PublicKeyToken=null”中的导入类型“SingleInput”冲突。请使用“D:\Develop\Projects\Astrum\AstrumServer\AstrumServer\Generated\gamemessages_C_2000.cs”中定义的类型。 [D:\Develop\Projects\Astrum\AstrumServer\AstrumServer\AstrumServer.csproj]
D:\Develop\Projects\Astrum\AstrumServer\AstrumServer\Core\GameServer.cs(245,26): warning CS0436: “D:\Develop\Projects\Astrum\AstrumServer\AstrumServer\Generated\networkcommon_C_1000.cs”中的类型“C2G_Ping”与“Generated, Version=0.0.0.0, Culture=neutral, PublicKeyToken=null”中的导入类型“C2G_Ping”冲突。请使用“D:\Develop\Projects\Astrum\AstrumServer\AstrumServer\Generated\networkcommon_C_1000.cs”中定义的类型。 [D:\Develop\Projects\Astrum\AstrumServer\AstrumServer\AstrumServer.csproj]
D:\Develop\Projects\Astrum\AstrumServer\AstrumServer\Core\GameServer.cs(248,26): warning CS0436: “D:\Develop\Projects\Astrum\AstrumServer\AstrumServer\Generated\networkcommon_C_1000.cs”中的类型“QuickMatchRequest”与“Generated, Version=0.0.0.0, Culture=neutral, PublicKeyToken=null”中的导入类型“QuickMatchRequest”冲突。请使用“D:\Develop\Projects\Astrum\AstrumServer\AstrumServer\Generated\networkcommon_C_1000.cs”中定义的类型。 [D:\Develop\Projects\Astrum\AstrumServer\AstrumServer\AstrumServer.csproj]
D:\Develop\Projects\Astrum\AstrumServer\AstrumServer\Core\GameServer.cs(251,26): warning CS0436: “D:\Develop\Projects\Astrum\AstrumServer\AstrumServer\Generated\networkcommon_C_1000.cs”中的类型“CancelMatchRequest”与“Generated, Version=0.0.0.0, Culture=neutral, PublicKeyToken=null”中的导入类型“CancelMatchRequest”冲突。请使用“D:\Develop\Projects\Astrum\AstrumServer\AstrumServer\Generated\networkcommon_C_1000.cs”中定义的类型。 [D:\Develop\Projects\Astrum\AstrumServer\AstrumServer\AstrumServer.csproj]
D:\Develop\Projects\Astrum\AstrumServer\AstrumServer\obj\Debug\net9.0\MemoryPack.Generator\MemoryPack.Generator.MemoryPackGenerator\Astrum.Generated.GameNetworkMessage.MemoryPackFormatter.g.cs(141,79): warning CS0436: “D:\Develop\Projects\Astrum\AstrumServer\AstrumServer\Generated\gamemessages_C_2000.cs”中的类型“GameNetworkMessage”与“Generated, Version=0.0.0.0, Culture=neutral, PublicKeyToken=null”中的导入类型“GameNetworkMessage”冲突。请使用“D:\Develop\Projects\Astrum\AstrumServer\AstrumServer\Generated\gamemessages_C_2000.cs”中定义的类型。 [D:\Develop\Projects\Astrum\AstrumServer\AstrumServer\AstrumServer.csproj]
D:\Develop\Projects\Astrum\AstrumServer\AstrumServer\obj\Debug\net9.0\MemoryPack.Generator\MemoryPack.Generator.MemoryPackGenerator\Astrum.Generated.GameNetworkMessage.MemoryPackFormatter.g.cs(197,21): warning CS0436: “D:\Develop\Projects\Astrum\AstrumServer\AstrumServer\Generated\gamemessages_C_2000.cs”中的类型“GameNetworkMessage”与“Generated, Version=0.0.0.0, Culture=neutral, PublicKeyToken=null”中的导入类型“GameNetworkMessage”冲突。请使用“D:\Develop\Projects\Astrum\AstrumServer\AstrumServer\Generated\gamemessages_C_2000.cs”中定义的类型。 [D:\Develop\Projects\Astrum\AstrumServer\AstrumServer\AstrumServer.csproj]
D:\Develop\Projects\Astrum\AstrumServer\AstrumServer\obj\Debug\net9.0\MemoryPack.Generator\MemoryPack.Generator.MemoryPackGenerator\Astrum.Generated.GameRoomState.MemoryPackFormatter.g.cs(139,79): warning CS0436: “D:\Develop\Projects\Astrum\AstrumServer\AstrumServer\Generated\gamemessages_C_2000.cs”中的类型“GameRoomState”与“Generated, Version=0.0.0.0, Culture=neutral, PublicKeyToken=null”中的导入类型“GameRoomState”冲突。请使用“D:\Develop\Projects\Astrum\AstrumServer\AstrumServer\Generated\gamemessages_C_2000.cs”中定义的类型。 [D:\Develop\Projects\Astrum\AstrumServer\AstrumServer\AstrumServer.csproj]
D:\Develop\Projects\Astrum\AstrumServer\AstrumServer\obj\Debug\net9.0\MemoryPack.Generator\MemoryPack.Generator.MemoryPackGenerator\Astrum.Generated.GameRoomState.MemoryPackFormatter.g.cs(195,21): warning CS0436: “D:\Develop\Projects\Astrum\AstrumServer\AstrumServer\Generated\gamemessages_C_2000.cs”中的类型“GameRoomState”与“Generated, Version=0.0.0.0, Culture=neutral, PublicKeyToken=null”中的导入类型“GameRoomState”冲突。请使用“D:\Develop\Projects\Astrum\AstrumServer\AstrumServer\Generated\gamemessages_C_2000.cs”中定义的类型。 [D:\Develop\Projects\Astrum\AstrumServer\AstrumServer\AstrumServer.csproj]
D:\Develop\Projects\Astrum\AstrumServer\AstrumServer\Generated\gamemessages_C_2000.cs(124,23): warning CS8618: 在退出构造函数时，不可为 null 的 属性 "roomId" 必须包含非 null 值。请考虑添加 "required" 修饰符或将该 属性 声明为可为 null。 [D:\Develop\Projects\Astrum\AstrumServer\AstrumServer\AstrumServer.csproj]
D:\Develop\Projects\Astrum\AstrumServer\AstrumServer\Generated\gamemessages_C_2000.cs(24,23): warning CS8618: 在退出构造函数时，不可为 null 的 属性 "type" 必须包含非 null 值。请考虑添加 "required" 修饰符或将该 属性 声明为可为 null。 [D:\Develop\Projects\Astrum\AstrumServer\AstrumServer\AstrumServer.csproj]
D:\Develop\Projects\Astrum\AstrumServer\AstrumServer\Generated\gamemessages_C_2000.cs(30,23): warning CS8618: 在退出构造函数时，不可为 null 的 属性 "data" 必须包含非 null 值。请考虑添加 "required" 修饰符或将该 属性 声明为可为 null。 [D:\Develop\Projects\Astrum\AstrumServer\AstrumServer\AstrumServer.csproj]
D:\Develop\Projects\Astrum\AstrumServer\AstrumServer\Generated\gamemessages_C_2000.cs(36,23): warning CS8618: 在退出构造函数时，不可为 null 的 属性 "error" 必须包含非 null 值。请考虑添加 "required" 修饰符或将该 属性 声明为可为 null。 [D:\Develop\Projects\Astrum\AstrumServer\AstrumServer\AstrumServer.csproj]
D:\Develop\Projects\Astrum\AstrumServer\AstrumServer\Generated\gamemessages_C_2000.cs(578,53): warning CS0436: “D:\Develop\Projects\Astrum\AstrumServer\AstrumServer\Generated\gamemessages_C_2000.cs”中的类型“GameStateUpdate”与“Generated, Version=0.0.0.0, Culture=neutral, PublicKeyToken=null”中的导入类型“GameStateUpdate”冲突。请使用“D:\Develop\Projects\Astrum\AstrumServer\AstrumServer\Generated\gamemessages_C_2000.cs”中定义的类型。 [D:\Develop\Projects\Astrum\AstrumServer\AstrumServer\AstrumServer.csproj]
D:\Develop\Projects\Astrum\AstrumServer\AstrumServer\Generated\gamemessages_C_2000.cs(578,86): warning CS0436: “D:\Develop\Projects\Astrum\AstrumServer\AstrumServer\Generated\gamemessages_C_2000.cs”中的类型“GameStateUpdate”与“Generated, Version=0.0.0.0, Culture=neutral, PublicKeyToken=null”中的导入类型“GameStateUpdate”冲突。请使用“D:\Develop\Projects\Astrum\AstrumServer\AstrumServer\Generated\gamemessages_C_2000.cs”中定义的类型。 [D:\Develop\Projects\Astrum\AstrumServer\AstrumServer\AstrumServer.csproj]
D:\Develop\Projects\Astrum\AstrumServer\AstrumServer\Generated\gamemessages_C_2000.cs(578,20): warning CS8603: 可能返回 null 引用。 [D:\Develop\Projects\Astrum\AstrumServer\AstrumServer\AstrumServer.csproj]
D:\Develop\Projects\Astrum\AstrumServer\AstrumServer\obj\Debug\net9.0\MemoryPack.Generator\MemoryPack.Generator.MemoryPackGenerator\Astrum.Generated.PlayerResult.MemoryPackFormatter.g.cs(129,79): warning CS0436: “D:\Develop\Projects\Astrum\AstrumServer\AstrumServer\Generated\gamemessages_C_2000.cs”中的类型“PlayerResult”与“Generated, Version=0.0.0.0, Culture=neutral, PublicKeyToken=null”中的导入类型“PlayerResult”冲突。请使用“D:\Develop\Projects\Astrum\AstrumServer\AstrumServer\Generated\gamemessages_C_2000.cs”中定义的类型。 [D:\Develop\Projects\Astrum\AstrumServer\AstrumServer\AstrumServer.csproj]
D:\Develop\Projects\Astrum\AstrumServer\AstrumServer\obj\Debug\net9.0\MemoryPack.Generator\MemoryPack.Generator.MemoryPackGenerator\Astrum.Generated.PlayerResult.MemoryPackFormatter.g.cs(181,21): warning CS0436: “D:\Develop\Projects\Astrum\AstrumServer\AstrumServer\Generated\gamemessages_C_2000.cs”中的类型“PlayerResult”与“Generated, Version=0.0.0.0, Culture=neutral, PublicKeyToken=null”中的导入类型“PlayerResult”冲突。请使用“D:\Develop\Projects\Astrum\AstrumServer\AstrumServer\Generated\gamemessages_C_2000.cs”中定义的类型。 [D:\Develop\Projects\Astrum\AstrumServer\AstrumServer\AstrumServer.csproj]
D:\Develop\Projects\Astrum\AstrumServer\AstrumServer\Generated\gamemessages_C_2000.cs(364,23): warning CS8618: 在退出构造函数时，不可为 null 的 属性 "playerId" 必须包含非 null 值。请考虑添加 "required" 修饰符或将该 属性 声明为可为 null。 [D:\Develop\Projects\Astrum\AstrumServer\AstrumServer\AstrumServer.csproj]
D:\Develop\Projects\Astrum\AstrumServer\AstrumServer\Generated\gamemessages_C_2000.cs(606,27): warning CS8625: 无法将 null 字面量转换为非 null 的引用类型。 [D:\Develop\Projects\Astrum\AstrumServer\AstrumServer\AstrumServer.csproj]
D:\Develop\Projects\Astrum\AstrumServer\AstrumServer\Generated\gamemessages_C_2000.cs(607,30): warning CS8625: 无法将 null 字面量转换为非 null 的引用类型。 [D:\Develop\Projects\Astrum\AstrumServer\AstrumServer\AstrumServer.csproj]
D:\Develop\Projects\Astrum\AstrumServer\AstrumServer\obj\Debug\net9.0\MemoryPack.Generator\MemoryPack.Generator.MemoryPackGenerator\Astrum.Generated.GameStateUpdate.MemoryPackFormatter.g.cs(41,65): warning CS0436: “D:\Develop\Projects\Astrum\AstrumServer\AstrumServer\Generated\gamemessages_C_2000.cs”中的类型“GameStateUpdate”与“Generated, Version=0.0.0.0, Culture=neutral, PublicKeyToken=null”中的导入类型“GameStateUpdate”冲突。请使用“D:\Develop\Projects\Astrum\AstrumServer\AstrumServer\Generated\gamemessages_C_2000.cs”中定义的类型。 [D:\Develop\Projects\Astrum\AstrumServer\AstrumServer\AstrumServer.csproj]
D:\Develop\Projects\Astrum\AstrumServer\AstrumServer\Managers\FrameSyncManager.cs(832,31): warning CS0436: “D:\Develop\Projects\Astrum\AstrumServer\AstrumServer\Generated\gamemessages_C_2000.cs”中的类型“OneFrameInputs”与“Generated, Version=0.0.0.0, Culture=neutral, PublicKeyToken=null”中的导入类型“OneFrameInputs”冲突。请使用“D:\Develop\Projects\Astrum\AstrumServer\AstrumServer\Generated\gamemessages_C_2000.cs”中定义的类型。 [D:\Develop\Projects\Astrum\AstrumServer\AstrumServer\AstrumServer.csproj]
D:\Develop\Projects\Astrum\AstrumServer\AstrumServer\obj\Debug\net9.0\MemoryPack.Generator\MemoryPack.Generator.MemoryPackGenerator\Astrum.Generated.GameResult.MemoryPackFormatter.g.cs(97,74): warning CS0436: “D:\Develop\Projects\Astrum\AstrumServer\AstrumServer\Generated\gamemessages_C_2000.cs”中的类型“PlayerResult”与“Generated, Version=0.0.0.0, Culture=neutral, PublicKeyToken=null”中的导入类型“PlayerResult”冲突。请使用“D:\Develop\Projects\Astrum\AstrumServer\AstrumServer\Generated\gamemessages_C_2000.cs”中定义的类型。 [D:\Develop\Projects\Astrum\AstrumServer\AstrumServer\AstrumServer.csproj]
D:\Develop\Projects\Astrum\AstrumServer\AstrumServer\obj\Debug\net9.0\MemoryPack.Generator\MemoryPack.Generator.MemoryPackGenerator\Astrum.Generated.GameResult.MemoryPackFormatter.g.cs(107,124): warning CS0436: “D:\Develop\Projects\Astrum\AstrumServer\AstrumServer\Generated\gamemessages_C_2000.cs”中的类型“PlayerResult”与“Generated, Version=0.0.0.0, Culture=neutral, PublicKeyToken=null”中的导入类型“PlayerResult”冲突。请使用“D:\Develop\Projects\Astrum\AstrumServer\AstrumServer\Generated\gamemessages_C_2000.cs”中定义的类型。 [D:\Develop\Projects\Astrum\AstrumServer\AstrumServer\AstrumServer.csproj]
D:\Develop\Projects\Astrum\AstrumServer\AstrumServer\obj\Debug\net9.0\MemoryPack.Generator\MemoryPack.Generator.MemoryPackGenerator\Astrum.Generated.GameResult.MemoryPackFormatter.g.cs(131,79): warning CS0436: “D:\Develop\Projects\Astrum\AstrumServer\AstrumServer\Generated\gamemessages_C_2000.cs”中的类型“GameResult”与“Generated, Version=0.0.0.0, Culture=neutral, PublicKeyToken=null”中的导入类型“GameResult”冲突。请使用“D:\Develop\Projects\Astrum\AstrumServer\AstrumServer\Generated\gamemessages_C_2000.cs”中定义的类型。 [D:\Develop\Projects\Astrum\AstrumServer\AstrumServer\AstrumServer.csproj]
D:\Develop\Projects\Astrum\AstrumServer\AstrumServer\obj\Debug\net9.0\MemoryPack.Generator\MemoryPack.Generator.MemoryPackGenerator\Astrum.Generated.GameResult.MemoryPackFormatter.g.cs(179,21): warning CS0436: “D:\Develop\Projects\Astrum\AstrumServer\AstrumServer\Generated\gamemessages_C_2000.cs”中的类型“GameResult”与“Generated, Version=0.0.0.0, Culture=neutral, PublicKeyToken=null”中的导入类型“GameResult”冲突。请使用“D:\Develop\Projects\Astrum\AstrumServer\AstrumServer\Generated\gamemessages_C_2000.cs”中定义的类型。 [D:\Develop\Projects\Astrum\AstrumServer\AstrumServer\AstrumServer.csproj]
D:\Develop\Projects\Astrum\AstrumServer\AstrumServer\Generated\gamemessages_C_2000.cs(321,23): warning CS8618: 在退出构造函数时，不可为 null 的 属性 "roomId" 必须包含非 null 值。请考虑添加 "required" 修饰符或将该 属性 声明为可为 null。 [D:\Develop\Projects\Astrum\AstrumServer\AstrumServer\AstrumServer.csproj]
D:\Develop\Projects\Astrum\AstrumServer\AstrumServer\Generated\gamemessages_C_2000.cs(678,53): warning CS0436: “D:\Develop\Projects\Astrum\AstrumServer\AstrumServer\Generated\gamemessages_C_2000.cs”中的类型“FrameSyncEndNotification”与“Generated, Version=0.0.0.0, Culture=neutral, PublicKeyToken=null”中的导入类型“FrameSyncEndNotification”冲突。请使用“D:\Develop\Projects\Astrum\AstrumServer\AstrumServer\Generated\gamemessages_C_2000.cs”中定义的类型。 [D:\Develop\Projects\Astrum\AstrumServer\AstrumServer\AstrumServer.csproj]
D:\Develop\Projects\Astrum\AstrumServer\AstrumServer\Generated\gamemessages_C_2000.cs(678,95): warning CS0436: “D:\Develop\Projects\Astrum\AstrumServer\AstrumServer\Generated\gamemessages_C_2000.cs”中的类型“FrameSyncEndNotification”与“Generated, Version=0.0.0.0, Culture=neutral, PublicKeyToken=null”中的导入类型“FrameSyncEndNotification”冲突。请使用“D:\Develop\Projects\Astrum\AstrumServer\AstrumServer\Generated\gamemessages_C_2000.cs”中定义的类型。 [D:\Develop\Projects\Astrum\AstrumServer\AstrumServer\AstrumServer.csproj]
D:\Develop\Projects\Astrum\AstrumServer\AstrumServer\Generated\gamemessages_C_2000.cs(678,20): warning CS8603: 可能返回 null 引用。 [D:\Develop\Projects\Astrum\AstrumServer\AstrumServer\AstrumServer.csproj]
D:\Develop\Projects\Astrum\AstrumServer\AstrumServer\Generated\gamemessages_C_2000.cs(728,53): warning CS0436: “D:\Develop\Projects\Astrum\AstrumServer\AstrumServer\Generated\gamemessages_C_2000.cs”中的类型“FrameSyncData”与“Generated, Version=0.0.0.0, Culture=neutral, PublicKeyToken=null”中的导入类型“FrameSyncData”冲突。请使用“D:\Develop\Projects\Astrum\AstrumServer\AstrumServer\Generated\gamemessages_C_2000.cs”中定义的类型。 [D:\Develop\Projects\Astrum\AstrumServer\AstrumServer\AstrumServer.csproj]
D:\Develop\Projects\Astrum\AstrumServer\AstrumServer\Generated\gamemessages_C_2000.cs(728,84): warning CS0436: “D:\Develop\Projects\Astrum\AstrumServer\AstrumServer\Generated\gamemessages_C_2000.cs”中的类型“FrameSyncData”与“Generated, Version=0.0.0.0, Culture=neutral, PublicKeyToken=null”中的导入类型“FrameSyncData”冲突。请使用“D:\Develop\Projects\Astrum\AstrumServer\AstrumServer\Generated\gamemessages_C_2000.cs”中定义的类型。 [D:\Develop\Projects\Astrum\AstrumServer\AstrumServer\AstrumServer.csproj]
D:\Develop\Projects\Astrum\AstrumServer\AstrumServer\Generated\gamemessages_C_2000.cs(728,20): warning CS8603: 可能返回 null 引用。 [D:\Develop\Projects\Astrum\AstrumServer\AstrumServer\AstrumServer.csproj]
D:\Develop\Projects\Astrum\AstrumServer\AstrumServer\Generated\gamemessages_C_2000.cs(778,53): warning CS0436: “D:\Develop\Projects\Astrum\AstrumServer\AstrumServer\Generated\gamemessages_C_2000.cs”中的类型“SingleInput”与“Generated, Version=0.0.0.0, Culture=neutral, PublicKeyToken=null”中的导入类型“SingleInput”冲突。请使用“D:\Develop\Projects\Astrum\AstrumServer\AstrumServer\Generated\gamemessages_C_2000.cs”中定义的类型。 [D:\Develop\Projects\Astrum\AstrumServer\AstrumServer\AstrumServer.csproj]
D:\Develop\Projects\Astrum\AstrumServer\AstrumServer\Generated\gamemessages_C_2000.cs(778,82): warning CS0436: “D:\Develop\Projects\Astrum\AstrumServer\AstrumServer\Generated\gamemessages_C_2000.cs”中的类型“SingleInput”与“Generated, Version=0.0.0.0, Culture=neutral, PublicKeyToken=null”中的导入类型“SingleInput”冲突。请使用“D:\Develop\Projects\Astrum\AstrumServer\AstrumServer\Generated\gamemessages_C_2000.cs”中定义的类型。 [D:\Develop\Projects\Astrum\AstrumServer\AstrumServer\AstrumServer.csproj]
D:\Develop\Projects\Astrum\AstrumServer\AstrumServer\Generated\gamemessages_C_2000.cs(778,20): warning CS8603: 可能返回 null 引用。 [D:\Develop\Projects\Astrum\AstrumServer\AstrumServer\AstrumServer.csproj]
D:\Develop\Projects\Astrum\AstrumServer\AstrumServer\Managers\FrameSyncManager.cs(883,32): warning CS0436: “D:\Develop\Projects\Astrum\AstrumServer\AstrumServer\Generated\gamemessages_C_2000.cs”中的类型“LSInput”与“Generated, Version=0.0.0.0, Culture=neutral, PublicKeyToken=null”中的导入类型“LSInput”冲突。请使用“D:\Develop\Projects\Astrum\AstrumServer\AstrumServer\Generated\gamemessages_C_2000.cs”中定义的类型。 [D:\Develop\Projects\Astrum\AstrumServer\AstrumServer\AstrumServer.csproj]
D:\Develop\Projects\Astrum\AstrumServer\AstrumServer\Generated\game_S_3000.cs(15,53): warning CS0436: “D:\Develop\Projects\Astrum\AstrumServer\AstrumServer\Generated\game_S_3000.cs”中的类型“PlayerInfo”与“Generated, Version=0.0.0.0, Culture=neutral, PublicKeyToken=null”中的导入类型“PlayerInfo”冲突。请使用“D:\Develop\Projects\Astrum\AstrumServer\AstrumServer\Generated\game_S_3000.cs”中定义的类型。 [D:\Develop\Projects\Astrum\AstrumServer\AstrumServer\AstrumServer.csproj]
D:\Develop\Projects\Astrum\AstrumServer\AstrumServer\Generated\game_S_3000.cs(15,81): warning CS0436: “D:\Develop\Projects\Astrum\AstrumServer\AstrumServer\Generated\game_S_3000.cs”中的类型“PlayerInfo”与“Generated, Version=0.0.0.0, Culture=neutral, PublicKeyToken=null”中的导入类型“PlayerInfo”冲突。请使用“D:\Develop\Projects\Astrum\AstrumServer\AstrumServer\Generated\game_S_3000.cs”中定义的类型。 [D:\Develop\Projects\Astrum\AstrumServer\AstrumServer\AstrumServer.csproj]
D:\Develop\Projects\Astrum\AstrumServer\AstrumServer\Generated\game_S_3000.cs(15,20): warning CS8603: 可能返回 null 引用。 [D:\Develop\Projects\Astrum\AstrumServer\AstrumServer\AstrumServer.csproj]
D:\Develop\Projects\Astrum\AstrumServer\AstrumServer\Generated\game_S_3000.cs(70,53): warning CS0436: “D:\Develop\Projects\Astrum\AstrumServer\AstrumServer\Generated\game_S_3000.cs”中的类型“GameRequest”与“Generated, Version=0.0.0.0, Culture=neutral, PublicKeyToken=null”中的导入类型“GameRequest”冲突。请使用“D:\Develop\Projects\Astrum\AstrumServer\AstrumServer\Generated\game_S_3000.cs”中定义的类型。 [D:\Develop\Projects\Astrum\AstrumServer\AstrumServer\AstrumServer.csproj]
D:\Develop\Projects\Astrum\AstrumServer\AstrumServer\Generated\game_S_3000.cs(70,82): warning CS0436: “D:\Develop\Projects\Astrum\AstrumServer\AstrumServer\Generated\game_S_3000.cs”中的类型“GameRequest”与“Generated, Version=0.0.0.0, Culture=neutral, PublicKeyToken=null”中的导入类型“GameRequest”冲突。请使用“D:\Develop\Projects\Astrum\AstrumServer\AstrumServer\Generated\game_S_3000.cs”中定义的类型。 [D:\Develop\Projects\Astrum\AstrumServer\AstrumServer\AstrumServer.csproj]
D:\Develop\Projects\Astrum\AstrumServer\AstrumServer\Generated\game_S_3000.cs(70,20): warning CS8603: 可能返回 null 引用。 [D:\Develop\Projects\Astrum\AstrumServer\AstrumServer\AstrumServer.csproj]
D:\Develop\Projects\Astrum\AstrumServer\AstrumServer\Generated\gamemessages_C_2000.cs(621,53): warning CS0436: “D:\Develop\Projects\Astrum\AstrumServer\AstrumServer\Generated\gamemessages_C_2000.cs”中的类型“FrameSyncStartNotification”与“Generated, Version=0.0.0.0, Culture=neutral, PublicKeyToken=null”中的导入类型“FrameSyncStartNotification”冲突。请使用“D:\Develop\Projects\Astrum\AstrumServer\AstrumServer\Generated\gamemessages_C_2000.cs”中定义的类型。 [D:\Develop\Projects\Astrum\AstrumServer\AstrumServer\AstrumServer.csproj]
D:\Develop\Projects\Astrum\AstrumServer\AstrumServer\Generated\gamemessages_C_2000.cs(621,97): warning CS0436: “D:\Develop\Projects\Astrum\AstrumServer\AstrumServer\Generated\gamemessages_C_2000.cs”中的类型“FrameSyncStartNotification”与“Generated, Version=0.0.0.0, Culture=neutral, PublicKeyToken=null”中的导入类型“FrameSyncStartNotification”冲突。请使用“D:\Develop\Projects\Astrum\AstrumServer\AstrumServer\Generated\gamemessages_C_2000.cs”中定义的类型。 [D:\Develop\Projects\Astrum\AstrumServer\AstrumServer\AstrumServer.csproj]
D:\Develop\Projects\Astrum\AstrumServer\AstrumServer\Generated\gamemessages_C_2000.cs(621,20): warning CS8603: 可能返回 null 引用。 [D:\Develop\Projects\Astrum\AstrumServer\AstrumServer\AstrumServer.csproj]
D:\Develop\Projects\Astrum\AstrumServer\AstrumServer\obj\Debug\net9.0\MemoryPack.Generator\MemoryPack.Generator.MemoryPackGenerator\Astrum.Generated.GameStateUpdate.MemoryPackFormatter.g.cs(48,74): warning CS0436: “D:\Develop\Projects\Astrum\AstrumServer\AstrumServer\Generated\gamemessages_C_2000.cs”中的类型“GameStateUpdate”与“Generated, Version=0.0.0.0, Culture=neutral, PublicKeyToken=null”中的导入类型“GameStateUpdate”冲突。请使用“D:\Develop\Projects\Astrum\AstrumServer\AstrumServer\Generated\gamemessages_C_2000.cs”中定义的类型。 [D:\Develop\Projects\Astrum\AstrumServer\AstrumServer\AstrumServer.csproj]
D:\Develop\Projects\Astrum\AstrumServer\AstrumServer\obj\Debug\net9.0\MemoryPack.Generator\MemoryPack.Generator.MemoryPackGenerator\Astrum.Generated.GameStateUpdate.MemoryPackFormatter.g.cs(50,127): warning CS0436: “D:\Develop\Projects\Astrum\AstrumServer\AstrumServer\Generated\gamemessages_C_2000.cs”中的类型“GameStateUpdate”与“Generated, Version=0.0.0.0, Culture=neutral, PublicKeyToken=null”中的导入类型“GameStateUpdate”冲突。请使用“D:\Develop\Projects\Astrum\AstrumServer\AstrumServer\Generated\gamemessages_C_2000.cs”中定义的类型。 [D:\Develop\Projects\Astrum\AstrumServer\AstrumServer\AstrumServer.csproj]
D:\Develop\Projects\Astrum\AstrumServer\AstrumServer\obj\Debug\net9.0\MemoryPack.Generator\MemoryPack.Generator.MemoryPackGenerator\Astrum.Generated.GameStateUpdate.MemoryPackFormatter.g.cs(52,74): warning CS0436: “D:\Develop\Projects\Astrum\AstrumServer\AstrumServer\Generated\gamemessages_C_2000.cs”中的类型“GameStateUpdate”与“Generated, Version=0.0.0.0, Culture=neutral, PublicKeyToken=null”中的导入类型“GameStateUpdate”冲突。请使用“D:\Develop\Projects\Astrum\AstrumServer\AstrumServer\Generated\gamemessages_C_2000.cs”中定义的类型。 [D:\Develop\Projects\Astrum\AstrumServer\AstrumServer\AstrumServer.csproj]
D:\Develop\Projects\Astrum\AstrumServer\AstrumServer\obj\Debug\net9.0\MemoryPack.Generator\MemoryPack.Generator.MemoryPackGenerator\Astrum.Generated.GameStateUpdate.MemoryPackFormatter.g.cs(54,118): warning CS0436: “D:\Develop\Projects\Astrum\AstrumServer\AstrumServer\Generated\gamemessages_C_2000.cs”中的类型“GameStateUpdate”与“Generated, Version=0.0.0.0, Culture=neutral, PublicKeyToken=null”中的导入类型“GameStateUpdate”冲突。请使用“D:\Develop\Projects\Astrum\AstrumServer\AstrumServer\Generated\gamemessages_C_2000.cs”中定义的类型。 [D:\Develop\Projects\Astrum\AstrumServer\AstrumServer\AstrumServer.csproj]
D:\Develop\Projects\Astrum\AstrumServer\AstrumServer\Generated\gamemessages_C_2000.cs(808,26): warning CS8625: 无法将 null 字面量转换为非 null 的引用类型。 [D:\Develop\Projects\Astrum\AstrumServer\AstrumServer\AstrumServer.csproj]
D:\Develop\Projects\Astrum\AstrumServer\AstrumServer\obj\Debug\net9.0\MemoryPack.Generator\MemoryPack.Generator.MemoryPackGenerator\Astrum.Generated.SingleInput.MemoryPackFormatter.g.cs(41,65): warning CS0436: “D:\Develop\Projects\Astrum\AstrumServer\AstrumServer\Generated\gamemessages_C_2000.cs”中的类型“SingleInput”与“Generated, Version=0.0.0.0, Culture=neutral, PublicKeyToken=null”中的导入类型“SingleInput”冲突。请使用“D:\Develop\Projects\Astrum\AstrumServer\AstrumServer\Generated\gamemessages_C_2000.cs”中定义的类型。 [D:\Develop\Projects\Astrum\AstrumServer\AstrumServer\AstrumServer.csproj]
D:\Develop\Projects\Astrum\AstrumServer\AstrumServer\Generated\gamemessages_C_2000.cs(712,27): warning CS8625: 无法将 null 字面量转换为非 null 的引用类型。 [D:\Develop\Projects\Astrum\AstrumServer\AstrumServer\AstrumServer.csproj]
D:\Develop\Projects\Astrum\AstrumServer\AstrumServer\Generated\gamemessages_C_2000.cs(715,27): warning CS8625: 无法将 null 字面量转换为非 null 的引用类型。 [D:\Develop\Projects\Astrum\AstrumServer\AstrumServer\AstrumServer.csproj]
D:\Develop\Projects\Astrum\AstrumServer\AstrumServer\obj\Debug\net9.0\MemoryPack.Generator\MemoryPack.Generator.MemoryPackGenerator\Astrum.Generated.FrameSyncEndNotification.MemoryPackFormatter.g.cs(42,65): warning CS0436: “D:\Develop\Projects\Astrum\AstrumServer\AstrumServer\Generated\gamemessages_C_2000.cs”中的类型“FrameSyncEndNotification”与“Generated, Version=0.0.0.0, Culture=neutral, PublicKeyToken=null”中的导入类型“FrameSyncEndNotification”冲突。请使用“D:\Develop\Projects\Astrum\AstrumServer\AstrumServer\Generated\gamemessages_C_2000.cs”中定义的类型。 [D:\Develop\Projects\Astrum\AstrumServer\AstrumServer\AstrumServer.csproj]
D:\Develop\Projects\Astrum\AstrumServer\AstrumServer\Generated\game_S_3000.cs(105,27): warning CS8625: 无法将 null 字面量转换为非 null 的引用类型。 [D:\Develop\Projects\Astrum\AstrumServer\AstrumServer\AstrumServer.csproj]
D:\Develop\Projects\Astrum\AstrumServer\AstrumServer\Generated\game_S_3000.cs(106,27): warning CS8625: 无法将 null 字面量转换为非 null 的引用类型。 [D:\Develop\Projects\Astrum\AstrumServer\AstrumServer\AstrumServer.csproj]
D:\Develop\Projects\Astrum\AstrumServer\AstrumServer\obj\Debug\net9.0\MemoryPack.Generator\MemoryPack.Generator.MemoryPackGenerator\Astrum.Generated.GameRequest.MemoryPackFormatter.g.cs(42,65): warning CS0436: “D:\Develop\Projects\Astrum\AstrumServer\AstrumServer\Generated\game_S_3000.cs”中的类型“GameRequest”与“Generated, Version=0.0.0.0, Culture=neutral, PublicKeyToken=null”中的导入类型“GameRequest”冲突。请使用“D:\Develop\Projects\Astrum\AstrumServer\AstrumServer\Generated\game_S_3000.cs”中定义的类型。 [D:\Develop\Projects\Astrum\AstrumServer\AstrumServer\AstrumServer.csproj]
D:\Develop\Projects\Astrum\AstrumServer\AstrumServer\Generated\gamemessages_C_2000.cs(762,27): warning CS8625: 无法将 null 字面量转换为非 null 的引用类型。 [D:\Develop\Projects\Astrum\AstrumServer\AstrumServer\AstrumServer.csproj]
D:\Develop\Projects\Astrum\AstrumServer\AstrumServer\Generated\gamemessages_C_2000.cs(764,32): warning CS8625: 无法将 null 字面量转换为非 null 的引用类型。 [D:\Develop\Projects\Astrum\AstrumServer\AstrumServer\AstrumServer.csproj]
D:\Develop\Projects\Astrum\AstrumServer\AstrumServer\obj\Debug\net9.0\MemoryPack.Generator\MemoryPack.Generator.MemoryPackGenerator\Astrum.Generated.FrameSyncData.MemoryPackFormatter.g.cs(42,65): warning CS0436: “D:\Develop\Projects\Astrum\AstrumServer\AstrumServer\Generated\gamemessages_C_2000.cs”中的类型“FrameSyncData”与“Generated, Version=0.0.0.0, Culture=neutral, PublicKeyToken=null”中的导入类型“FrameSyncData”冲突。请使用“D:\Develop\Projects\Astrum\AstrumServer\AstrumServer\Generated\gamemessages_C_2000.cs”中定义的类型。 [D:\Develop\Projects\Astrum\AstrumServer\AstrumServer\AstrumServer.csproj]
D:\Develop\Projects\Astrum\AstrumServer\AstrumServer\Core\GameServer.cs(282,32): warning CS0436: “D:\Develop\Projects\Astrum\AstrumServer\AstrumServer\Generated\networkcommon_C_1000.cs”中的类型“LoginResponse”与“Generated, Version=0.0.0.0, Culture=neutral, PublicKeyToken=null”中的导入类型“LoginResponse”冲突。请使用“D:\Develop\Projects\Astrum\AstrumServer\AstrumServer\Generated\networkcommon_C_1000.cs”中定义的类型。 [D:\Develop\Projects\Astrum\AstrumServer\AstrumServer\AstrumServer.csproj]
D:\Develop\Projects\Astrum\AstrumServer\AstrumServer\Core\GameServer.cs(297,32): warning CS0436: “D:\Develop\Projects\Astrum\AstrumServer\AstrumServer\Generated\networkcommon_C_1000.cs”中的类型“LoginResponse”与“Generated, Version=0.0.0.0, Culture=neutral, PublicKeyToken=null”中的导入类型“LoginResponse”冲突。请使用“D:\Develop\Projects\Astrum\AstrumServer\AstrumServer\Generated\networkcommon_C_1000.cs”中定义的类型。 [D:\Develop\Projects\Astrum\AstrumServer\AstrumServer\AstrumServer.csproj]
D:\Develop\Projects\Astrum\AstrumServer\AstrumServer\Generated\gamemessages_C_2000.cs(661,27): warning CS8625: 无法将 null 字面量转换为非 null 的引用类型。 [D:\Develop\Projects\Astrum\AstrumServer\AstrumServer\AstrumServer.csproj]
D:\Develop\Projects\Astrum\AstrumServer\AstrumServer\Managers\FrameSyncManager.cs(208,40): warning CS8602: 解引用可能出现空引用。 [D:\Develop\Projects\Astrum\AstrumServer\AstrumServer\AstrumServer.csproj]
D:\Develop\Projects\Astrum\AstrumServer\AstrumServer\obj\Debug\net9.0\MemoryPack.Generator\MemoryPack.Generator.MemoryPackGenerator\Astrum.Generated.FrameSyncStartNotification.MemoryPackFormatter.g.cs(43,65): warning CS0436: “D:\Develop\Projects\Astrum\AstrumServer\AstrumServer\Generated\gamemessages_C_2000.cs”中的类型“FrameSyncStartNotification”与“Generated, Version=0.0.0.0, Culture=neutral, PublicKeyToken=null”中的导入类型“FrameSyncStartNotification”冲突。请使用“D:\Develop\Projects\Astrum\AstrumServer\AstrumServer\Generated\gamemessages_C_2000.cs”中定义的类型。 [D:\Develop\Projects\Astrum\AstrumServer\AstrumServer\AstrumServer.csproj]
D:\Develop\Projects\Astrum\AstrumServer\AstrumServer\obj\Debug\net9.0\MemoryPack.Generator\MemoryPack.Generator.MemoryPackGenerator\Astrum.Generated.FrameSyncEndNotification.MemoryPackFormatter.g.cs(49,74): warning CS0436: “D:\Develop\Projects\Astrum\AstrumServer\AstrumServer\Generated\gamemessages_C_2000.cs”中的类型“FrameSyncEndNotification”与“Generated, Version=0.0.0.0, Culture=neutral, PublicKeyToken=null”中的导入类型“FrameSyncEndNotification”冲突。请使用“D:\Develop\Projects\Astrum\AstrumServer\AstrumServer\Generated\gamemessages_C_2000.cs”中定义的类型。 [D:\Develop\Projects\Astrum\AstrumServer\AstrumServer\AstrumServer.csproj]
D:\Develop\Projects\Astrum\AstrumServer\AstrumServer\obj\Debug\net9.0\MemoryPack.Generator\MemoryPack.Generator.MemoryPackGenerator\Astrum.Generated.FrameSyncEndNotification.MemoryPackFormatter.g.cs(51,127): warning CS0436: “D:\Develop\Projects\Astrum\AstrumServer\AstrumServer\Generated\gamemessages_C_2000.cs”中的类型“FrameSyncEndNotification”与“Generated, Version=0.0.0.0, Culture=neutral, PublicKeyToken=null”中的导入类型“FrameSyncEndNotification”冲突。请使用“D:\Develop\Projects\Astrum\AstrumServer\AstrumServer\Generated\gamemessages_C_2000.cs”中定义的类型。 [D:\Develop\Projects\Astrum\AstrumServer\AstrumServer\AstrumServer.csproj]
D:\Develop\Projects\Astrum\AstrumServer\AstrumServer\obj\Debug\net9.0\MemoryPack.Generator\MemoryPack.Generator.MemoryPackGenerator\Astrum.Generated.FrameSyncEndNotification.MemoryPackFormatter.g.cs(53,74): warning CS0436: “D:\Develop\Projects\Astrum\AstrumServer\AstrumServer\Generated\gamemessages_C_2000.cs”中的类型“FrameSyncEndNotification”与“Generated, Version=0.0.0.0, Culture=neutral, PublicKeyToken=null”中的导入类型“FrameSyncEndNotification”冲突。请使用“D:\Develop\Projects\Astrum\AstrumServer\AstrumServer\Generated\gamemessages_C_2000.cs”中定义的类型。 [D:\Develop\Projects\Astrum\AstrumServer\AstrumServer\AstrumServer.csproj]
D:\Develop\Projects\Astrum\AstrumServer\AstrumServer\obj\Debug\net9.0\MemoryPack.Generator\MemoryPack.Generator.MemoryPackGenerator\Astrum.Generated.FrameSyncEndNotification.MemoryPackFormatter.g.cs(55,118): warning CS0436: “D:\Develop\Projects\Astrum\AstrumServer\AstrumServer\Generated\gamemessages_C_2000.cs”中的类型“FrameSyncEndNotification”与“Generated, Version=0.0.0.0, Culture=neutral, PublicKeyToken=null”中的导入类型“FrameSyncEndNotification”冲突。请使用“D:\Develop\Projects\Astrum\AstrumServer\AstrumServer\Generated\gamemessages_C_2000.cs”中定义的类型。 [D:\Develop\Projects\Astrum\AstrumServer\AstrumServer\AstrumServer.csproj]
D:\Develop\Projects\Astrum\AstrumServer\AstrumServer\obj\Debug\net9.0\MemoryPack.Generator\MemoryPack.Generator.MemoryPackGenerator\Astrum.Generated.SingleInput.MemoryPackFormatter.g.cs(48,74): warning CS0436: “D:\Develop\Projects\Astrum\AstrumServer\AstrumServer\Generated\gamemessages_C_2000.cs”中的类型“SingleInput”与“Generated, Version=0.0.0.0, Culture=neutral, PublicKeyToken=null”中的导入类型“SingleInput”冲突。请使用“D:\Develop\Projects\Astrum\AstrumServer\AstrumServer\Generated\gamemessages_C_2000.cs”中定义的类型。 [D:\Develop\Projects\Astrum\AstrumServer\AstrumServer\AstrumServer.csproj]
D:\Develop\Projects\Astrum\AstrumServer\AstrumServer\obj\Debug\net9.0\MemoryPack.Generator\MemoryPack.Generator.MemoryPackGenerator\Astrum.Generated.SingleInput.MemoryPackFormatter.g.cs(50,127): warning CS0436: “D:\Develop\Projects\Astrum\AstrumServer\AstrumServer\Generated\gamemessages_C_2000.cs”中的类型“SingleInput”与“Generated, Version=0.0.0.0, Culture=neutral, PublicKeyToken=null”中的导入类型“SingleInput”冲突。请使用“D:\Develop\Projects\Astrum\AstrumServer\AstrumServer\Generated\gamemessages_C_2000.cs”中定义的类型。 [D:\Develop\Projects\Astrum\AstrumServer\AstrumServer\AstrumServer.csproj]
D:\Develop\Projects\Astrum\AstrumServer\AstrumServer\obj\Debug\net9.0\MemoryPack.Generator\MemoryPack.Generator.MemoryPackGenerator\Astrum.Generated.SingleInput.MemoryPackFormatter.g.cs(52,74): warning CS0436: “D:\Develop\Projects\Astrum\AstrumServer\AstrumServer\Generated\gamemessages_C_2000.cs”中的类型“SingleInput”与“Generated, Version=0.0.0.0, Culture=neutral, PublicKeyToken=null”中的导入类型“SingleInput”冲突。请使用“D:\Develop\Projects\Astrum\AstrumServer\AstrumServer\Generated\gamemessages_C_2000.cs”中定义的类型。 [D:\Develop\Projects\Astrum\AstrumServer\AstrumServer\AstrumServer.csproj]
D:\Develop\Projects\Astrum\AstrumServer\AstrumServer\obj\Debug\net9.0\MemoryPack.Generator\MemoryPack.Generator.MemoryPackGenerator\Astrum.Generated.SingleInput.MemoryPackFormatter.g.cs(54,118): warning CS0436: “D:\Develop\Projects\Astrum\AstrumServer\AstrumServer\Generated\gamemessages_C_2000.cs”中的类型“SingleInput”与“Generated, Version=0.0.0.0, Culture=neutral, PublicKeyToken=null”中的导入类型“SingleInput”冲突。请使用“D:\Develop\Projects\Astrum\AstrumServer\AstrumServer\Generated\gamemessages_C_2000.cs”中定义的类型。 [D:\Develop\Projects\Astrum\AstrumServer\AstrumServer\AstrumServer.csproj]
D:\Develop\Projects\Astrum\AstrumServer\AstrumServer\Generated\game_S_3000.cs(55,31): warning CS8625: 无法将 null 字面量转换为非 null 的引用类型。 [D:\Develop\Projects\Astrum\AstrumServer\AstrumServer\AstrumServer.csproj]
D:\Develop\Projects\Astrum\AstrumServer\AstrumServer\obj\Debug\net9.0\MemoryPack.Generator\MemoryPack.Generator.MemoryPackGenerator\Astrum.Generated.PlayerInfo.MemoryPackFormatter.g.cs(43,65): warning CS0436: “D:\Develop\Projects\Astrum\AstrumServer\AstrumServer\Generated\game_S_3000.cs”中的类型“PlayerInfo”与“Generated, Version=0.0.0.0, Culture=neutral, PublicKeyToken=null”中的导入类型“PlayerInfo”冲突。请使用“D:\Develop\Projects\Astrum\AstrumServer\AstrumServer\Generated\game_S_3000.cs”中定义的类型。 [D:\Develop\Projects\Astrum\AstrumServer\AstrumServer\AstrumServer.csproj]
D:\Develop\Projects\Astrum\AstrumServer\AstrumServer\obj\Debug\net9.0\MemoryPack.Generator\MemoryPack.Generator.MemoryPackGenerator\Astrum.Generated.GameRequest.MemoryPackFormatter.g.cs(49,74): warning CS0436: “D:\Develop\Projects\Astrum\AstrumServer\AstrumServer\Generated\game_S_3000.cs”中的类型“GameRequest”与“Generated, Version=0.0.0.0, Culture=neutral, PublicKeyToken=null”中的导入类型“GameRequest”冲突。请使用“D:\Develop\Projects\Astrum\AstrumServer\AstrumServer\Generated\game_S_3000.cs”中定义的类型。 [D:\Develop\Projects\Astrum\AstrumServer\AstrumServer\AstrumServer.csproj]
D:\Develop\Projects\Astrum\AstrumServer\AstrumServer\obj\Debug\net9.0\MemoryPack.Generator\MemoryPack.Generator.MemoryPackGenerator\Astrum.Generated.GameRequest.MemoryPackFormatter.g.cs(51,127): warning CS0436: “D:\Develop\Projects\Astrum\AstrumServer\AstrumServer\Generated\game_S_3000.cs”中的类型“GameRequest”与“Generated, Version=0.0.0.0, Culture=neutral, PublicKeyToken=null”中的导入类型“GameRequest”冲突。请使用“D:\Develop\Projects\Astrum\AstrumServer\AstrumServer\Generated\game_S_3000.cs”中定义的类型。 [D:\Develop\Projects\Astrum\AstrumServer\AstrumServer\AstrumServer.csproj]
D:\Develop\Projects\Astrum\AstrumServer\AstrumServer\obj\Debug\net9.0\MemoryPack.Generator\MemoryPack.Generator.MemoryPackGenerator\Astrum.Generated.GameRequest.MemoryPackFormatter.g.cs(53,74): warning CS0436: “D:\Develop\Projects\Astrum\AstrumServer\AstrumServer\Generated\game_S_3000.cs”中的类型“GameRequest”与“Generated, Version=0.0.0.0, Culture=neutral, PublicKeyToken=null”中的导入类型“GameRequest”冲突。请使用“D:\Develop\Projects\Astrum\AstrumServer\AstrumServer\Generated\game_S_3000.cs”中定义的类型。 [D:\Develop\Projects\Astrum\AstrumServer\AstrumServer\AstrumServer.csproj]
D:\Develop\Projects\Astrum\AstrumServer\AstrumServer\obj\Debug\net9.0\MemoryPack.Generator\MemoryPack.Generator.MemoryPackGenerator\Astrum.Generated.GameRequest.MemoryPackFormatter.g.cs(55,118): warning CS0436: “D:\Develop\Projects\Astrum\AstrumServer\AstrumServer\Generated\game_S_3000.cs”中的类型“GameRequest”与“Generated, Version=0.0.0.0, Culture=neutral, PublicKeyToken=null”中的导入类型“GameRequest”冲突。请使用“D:\Develop\Projects\Astrum\AstrumServer\AstrumServer\Generated\game_S_3000.cs”中定义的类型。 [D:\Develop\Projects\Astrum\AstrumServer\AstrumServer\AstrumServer.csproj]
D:\Develop\Projects\Astrum\AstrumServer\AstrumServer\obj\Debug\net9.0\MemoryPack.Generator\MemoryPack.Generator.MemoryPackGenerator\Astrum.Generated.FrameSyncData.MemoryPackFormatter.g.cs(49,74): warning CS0436: “D:\Develop\Projects\Astrum\AstrumServer\AstrumServer\Generated\gamemessages_C_2000.cs”中的类型“FrameSyncData”与“Generated, Version=0.0.0.0, Culture=neutral, PublicKeyToken=null”中的导入类型“FrameSyncData”冲突。请使用“D:\Develop\Projects\Astrum\AstrumServer\AstrumServer\Generated\gamemessages_C_2000.cs”中定义的类型。 [D:\Develop\Projects\Astrum\AstrumServer\AstrumServer\AstrumServer.csproj]
D:\Develop\Projects\Astrum\AstrumServer\AstrumServer\obj\Debug\net9.0\MemoryPack.Generator\MemoryPack.Generator.MemoryPackGenerator\Astrum.Generated.FrameSyncData.MemoryPackFormatter.g.cs(51,127): warning CS0436: “D:\Develop\Projects\Astrum\AstrumServer\AstrumServer\Generated\gamemessages_C_2000.cs”中的类型“FrameSyncData”与“Generated, Version=0.0.0.0, Culture=neutral, PublicKeyToken=null”中的导入类型“FrameSyncData”冲突。请使用“D:\Develop\Projects\Astrum\AstrumServer\AstrumServer\Generated\gamemessages_C_2000.cs”中定义的类型。 [D:\Develop\Projects\Astrum\AstrumServer\AstrumServer\AstrumServer.csproj]
D:\Develop\Projects\Astrum\AstrumServer\AstrumServer\obj\Debug\net9.0\MemoryPack.Generator\MemoryPack.Generator.MemoryPackGenerator\Astrum.Generated.FrameSyncData.MemoryPackFormatter.g.cs(53,74): warning CS0436: “D:\Develop\Projects\Astrum\AstrumServer\AstrumServer\Generated\gamemessages_C_2000.cs”中的类型“FrameSyncData”与“Generated, Version=0.0.0.0, Culture=neutral, PublicKeyToken=null”中的导入类型“FrameSyncData”冲突。请使用“D:\Develop\Projects\Astrum\AstrumServer\AstrumServer\Generated\gamemessages_C_2000.cs”中定义的类型。 [D:\Develop\Projects\Astrum\AstrumServer\AstrumServer\AstrumServer.csproj]
D:\Develop\Projects\Astrum\AstrumServer\AstrumServer\obj\Debug\net9.0\MemoryPack.Generator\MemoryPack.Generator.MemoryPackGenerator\Astrum.Generated.FrameSyncData.MemoryPackFormatter.g.cs(55,118): warning CS0436: “D:\Develop\Projects\Astrum\AstrumServer\AstrumServer\Generated\gamemessages_C_2000.cs”中的类型“FrameSyncData”与“Generated, Version=0.0.0.0, Culture=neutral, PublicKeyToken=null”中的导入类型“FrameSyncData”冲突。请使用“D:\Develop\Projects\Astrum\AstrumServer\AstrumServer\Generated\gamemessages_C_2000.cs”中定义的类型。 [D:\Develop\Projects\Astrum\AstrumServer\AstrumServer\AstrumServer.csproj]
D:\Develop\Projects\Astrum\AstrumServer\AstrumServer\obj\Debug\net9.0\MemoryPack.Generator\MemoryPack.Generator.MemoryPackGenerator\Astrum.Generated.GameEndNotification.MemoryPackFormatter.g.cs(95,34): warning CS0436: “D:\Develop\Projects\Astrum\AstrumServer\AstrumServer\Generated\gamemessages_C_2000.cs”中的类型“GameResult”与“Generated, Version=0.0.0.0, Culture=neutral, PublicKeyToken=null”中的导入类型“GameResult”冲突。请使用“D:\Develop\Projects\Astrum\AstrumServer\AstrumServer\Generated\gamemessages_C_2000.cs”中定义的类型。 [D:\Develop\Projects\Astrum\AstrumServer\AstrumServer\AstrumServer.csproj]
D:\Develop\Projects\Astrum\AstrumServer\AstrumServer\obj\Debug\net9.0\MemoryPack.Generator\MemoryPack.Generator.MemoryPackGenerator\Astrum.Generated.GameEndNotification.MemoryPackFormatter.g.cs(106,73): warning CS0436: “D:\Develop\Projects\Astrum\AstrumServer\AstrumServer\Generated\gamemessages_C_2000.cs”中的类型“GameResult”与“Generated, Version=0.0.0.0, Culture=neutral, PublicKeyToken=null”中的导入类型“GameResult”冲突。请使用“D:\Develop\Projects\Astrum\AstrumServer\AstrumServer\Generated\gamemessages_C_2000.cs”中定义的类型。 [D:\Develop\Projects\Astrum\AstrumServer\AstrumServer\AstrumServer.csproj]
D:\Develop\Projects\Astrum\AstrumServer\AstrumServer\obj\Debug\net9.0\MemoryPack.Generator\MemoryPack.Generator.MemoryPackGenerator\Astrum.Generated.GameEndNotification.MemoryPackFormatter.g.cs(133,79): warning CS0436: “D:\Develop\Projects\Astrum\AstrumServer\AstrumServer\Generated\gamemessages_C_2000.cs”中的类型“GameEndNotification”与“Generated, Version=0.0.0.0, Culture=neutral, PublicKeyToken=null”中的导入类型“GameEndNotification”冲突。请使用“D:\Develop\Projects\Astrum\AstrumServer\AstrumServer\Generated\gamemessages_C_2000.cs”中定义的类型。 [D:\Develop\Projects\Astrum\AstrumServer\AstrumServer\AstrumServer.csproj]
D:\Develop\Projects\Astrum\AstrumServer\AstrumServer\obj\Debug\net9.0\MemoryPack.Generator\MemoryPack.Generator.MemoryPackGenerator\Astrum.Generated.GameEndNotification.MemoryPackFormatter.g.cs(185,21): warning CS0436: “D:\Develop\Projects\Astrum\AstrumServer\AstrumServer\Generated\gamemessages_C_2000.cs”中的类型“GameEndNotification”与“Generated, Version=0.0.0.0, Culture=neutral, PublicKeyToken=null”中的导入类型“GameEndNotification”冲突。请使用“D:\Develop\Projects\Astrum\AstrumServer\AstrumServer\Generated\gamemessages_C_2000.cs”中定义的类型。 [D:\Develop\Projects\Astrum\AstrumServer\AstrumServer\AstrumServer.csproj]
D:\Develop\Projects\Astrum\AstrumServer\AstrumServer\Generated\gamemessages_C_2000.cs(535,23): warning CS8618: 在退出构造函数时，不可为 null 的 属性 "roomId" 必须包含非 null 值。请考虑添加 "required" 修饰符或将该 属性 声明为可为 null。 [D:\Develop\Projects\Astrum\AstrumServer\AstrumServer\AstrumServer.csproj]
D:\Develop\Projects\Astrum\AstrumServer\AstrumServer\Generated\gamemessages_C_2000.cs(541,27): warning CS8618: 在退出构造函数时，不可为 null 的 属性 "result" 必须包含非 null 值。请考虑添加 "required" 修饰符或将该 属性 声明为可为 null。 [D:\Develop\Projects\Astrum\AstrumServer\AstrumServer\AstrumServer.csproj]
D:\Develop\Projects\Astrum\AstrumServer\AstrumServer\Generated\gamemessages_C_2000.cs(553,23): warning CS8618: 在退出构造函数时，不可为 null 的 属性 "reason" 必须包含非 null 值。请考虑添加 "required" 修饰符或将该 属性 声明为可为 null。 [D:\Develop\Projects\Astrum\AstrumServer\AstrumServer\AstrumServer.csproj]
D:\Develop\Projects\Astrum\AstrumServer\AstrumServer\obj\Debug\net9.0\MemoryPack.Generator\MemoryPack.Generator.MemoryPackGenerator\Astrum.Generated.MatchFoundNotification.MemoryPackFormatter.g.cs(96,34): warning CS0436: “D:\Develop\Projects\Astrum\AstrumServer\AstrumServer\Generated\networkcommon_C_1000.cs”中的类型“RoomInfo”与“Generated, Version=0.0.0.0, Culture=neutral, PublicKeyToken=null”中的导入类型“RoomInfo”冲突。请使用“D:\Develop\Projects\Astrum\AstrumServer\AstrumServer\Generated\networkcommon_C_1000.cs”中定义的类型。 [D:\Develop\Projects\Astrum\AstrumServer\AstrumServer\AstrumServer.csproj]
D:\Develop\Projects\Astrum\AstrumServer\AstrumServer\obj\Debug\net9.0\MemoryPack.Generator\MemoryPack.Generator.MemoryPackGenerator\Astrum.Generated.MatchFoundNotification.MemoryPackFormatter.g.cs(106,71): warning CS0436: “D:\Develop\Projects\Astrum\AstrumServer\AstrumServer\Generated\networkcommon_C_1000.cs”中的类型“RoomInfo”与“Generated, Version=0.0.0.0, Culture=neutral, PublicKeyToken=null”中的导入类型“RoomInfo”冲突。请使用“D:\Develop\Projects\Astrum\AstrumServer\AstrumServer\Generated\networkcommon_C_1000.cs”中定义的类型。 [D:\Develop\Projects\Astrum\AstrumServer\AstrumServer\AstrumServer.csproj]
D:\Develop\Projects\Astrum\AstrumServer\AstrumServer\obj\Debug\net9.0\MemoryPack.Generator\MemoryPack.Generator.MemoryPackGenerator\Astrum.Generated.MatchFoundNotification.MemoryPackFormatter.g.cs(131,79): warning CS0436: “D:\Develop\Projects\Astrum\AstrumServer\AstrumServer\Generated\networkcommon_C_1000.cs”中的类型“MatchFoundNotification”与“Generated, Version=0.0.0.0, Culture=neutral, PublicKeyToken=null”中的导入类型“MatchFoundNotification”冲突。请使用“D:\Develop\Projects\Astrum\AstrumServer\AstrumServer\Generated\networkcommon_C_1000.cs”中定义的类型。 [D:\Develop\Projects\Astrum\AstrumServer\AstrumServer\AstrumServer.csproj]
D:\Develop\Projects\Astrum\AstrumServer\AstrumServer\obj\Debug\net9.0\MemoryPack.Generator\MemoryPack.Generator.MemoryPackGenerator\Astrum.Generated.MatchFoundNotification.MemoryPackFormatter.g.cs(179,21): warning CS0436: “D:\Develop\Projects\Astrum\AstrumServer\AstrumServer\Generated\networkcommon_C_1000.cs”中的类型“MatchFoundNotification”与“Generated, Version=0.0.0.0, Culture=neutral, PublicKeyToken=null”中的导入类型“MatchFoundNotification”冲突。请使用“D:\Develop\Projects\Astrum\AstrumServer\AstrumServer\Generated\networkcommon_C_1000.cs”中定义的类型。 [D:\Develop\Projects\Astrum\AstrumServer\AstrumServer\AstrumServer.csproj]
D:\Develop\Projects\Astrum\AstrumServer\AstrumServer\Generated\networkcommon_C_1000.cs(934,25): warning CS8618: 在退出构造函数时，不可为 null 的 属性 "Room" 必须包含非 null 值。请考虑添加 "required" 修饰符或将该 属性 声明为可为 null。 [D:\Develop\Projects\Astrum\AstrumServer\AstrumServer\AstrumServer.csproj]
D:\Develop\Projects\Astrum\AstrumServer\AstrumServer\obj\Debug\net9.0\MemoryPack.Generator\MemoryPack.Generator.MemoryPackGenerator\Astrum.Generated.GameStartNotification.MemoryPackFormatter.g.cs(101,34): warning CS0436: “D:\Develop\Projects\Astrum\AstrumServer\AstrumServer\Generated\gamemessages_C_2000.cs”中的类型“GameConfig”与“Generated, Version=0.0.0.0, Culture=neutral, PublicKeyToken=null”中的导入类型“GameConfig”冲突。请使用“D:\Develop\Projects\Astrum\AstrumServer\AstrumServer\Generated\gamemessages_C_2000.cs”中定义的类型。 [D:\Develop\Projects\Astrum\AstrumServer\AstrumServer\AstrumServer.csproj]
D:\Develop\Projects\Astrum\AstrumServer\AstrumServer\obj\Debug\net9.0\MemoryPack.Generator\MemoryPack.Generator.MemoryPackGenerator\Astrum.Generated.GameStartNotification.MemoryPackFormatter.g.cs(102,34): warning CS0436: “D:\Develop\Projects\Astrum\AstrumServer\AstrumServer\Generated\gamemessages_C_2000.cs”中的类型“GameRoomState”与“Generated, Version=0.0.0.0, Culture=neutral, PublicKeyToken=null”中的导入类型“GameRoomState”冲突。请使用“D:\Develop\Projects\Astrum\AstrumServer\AstrumServer\Generated\gamemessages_C_2000.cs”中定义的类型。 [D:\Develop\Projects\Astrum\AstrumServer\AstrumServer\AstrumServer.csproj]
D:\Develop\Projects\Astrum\AstrumServer\AstrumServer\obj\Debug\net9.0\MemoryPack.Generator\MemoryPack.Generator.MemoryPackGenerator\Astrum.Generated.GameStartNotification.MemoryPackFormatter.g.cs(113,73): warning CS0436: “D:\Develop\Projects\Astrum\AstrumServer\AstrumServer\Generated\gamemessages_C_2000.cs”中的类型“GameConfig”与“Generated, Version=0.0.0.0, Culture=neutral, PublicKeyToken=null”中的导入类型“GameConfig”冲突。请使用“D:\Develop\Projects\Astrum\AstrumServer\AstrumServer\Generated\gamemessages_C_2000.cs”中定义的类型。 [D:\Develop\Projects\Astrum\AstrumServer\AstrumServer\AstrumServer.csproj]
D:\Develop\Projects\Astrum\AstrumServer\AstrumServer\obj\Debug\net9.0\MemoryPack.Generator\MemoryPack.Generator.MemoryPackGenerator\Astrum.Generated.GameStartNotification.MemoryPackFormatter.g.cs(114,76): warning CS0436: “D:\Develop\Projects\Astrum\AstrumServer\AstrumServer\Generated\gamemessages_C_2000.cs”中的类型“GameRoomState”与“Generated, Version=0.0.0.0, Culture=neutral, PublicKeyToken=null”中的导入类型“GameRoomState”冲突。请使用“D:\Develop\Projects\Astrum\AstrumServer\AstrumServer\Generated\gamemessages_C_2000.cs”中定义的类型。 [D:\Develop\Projects\Astrum\AstrumServer\AstrumServer\AstrumServer.csproj]
D:\Develop\Projects\Astrum\AstrumServer\AstrumServer\obj\Debug\net9.0\MemoryPack.Generator\MemoryPack.Generator.MemoryPackGenerator\Astrum.Generated.GameStartNotification.MemoryPackFormatter.g.cs(143,79): warning CS0436: “D:\Develop\Projects\Astrum\AstrumServer\AstrumServer\Generated\gamemessages_C_2000.cs”中的类型“GameStartNotification”与“Generated, Version=0.0.0.0, Culture=neutral, PublicKeyToken=null”中的导入类型“GameStartNotification”冲突。请使用“D:\Develop\Projects\Astrum\AstrumServer\AstrumServer\Generated\gamemessages_C_2000.cs”中定义的类型。 [D:\Develop\Projects\Astrum\AstrumServer\AstrumServer\AstrumServer.csproj]
D:\Develop\Projects\Astrum\AstrumServer\AstrumServer\obj\Debug\net9.0\MemoryPack.Generator\MemoryPack.Generator.MemoryPackGenerator\Astrum.Generated.GameStartNotification.MemoryPackFormatter.g.cs(199,21): warning CS0436: “D:\Develop\Projects\Astrum\AstrumServer\AstrumServer\Generated\gamemessages_C_2000.cs”中的类型“GameStartNotification”与“Generated, Version=0.0.0.0, Culture=neutral, PublicKeyToken=null”中的导入类型“GameStartNotification”冲突。请使用“D:\Develop\Projects\Astrum\AstrumServer\AstrumServer\Generated\gamemessages_C_2000.cs”中定义的类型。 [D:\Develop\Projects\Astrum\AstrumServer\AstrumServer\AstrumServer.csproj]
D:\Develop\Projects\Astrum\AstrumServer\AstrumServer\Generated\gamemessages_C_2000.cs(478,23): warning CS8618: 在退出构造函数时，不可为 null 的 属性 "roomId" 必须包含非 null 值。请考虑添加 "required" 修饰符或将该 属性 声明为可为 null。 [D:\Develop\Projects\Astrum\AstrumServer\AstrumServer\AstrumServer.csproj]
D:\Develop\Projects\Astrum\AstrumServer\AstrumServer\Generated\gamemessages_C_2000.cs(484,27): warning CS8618: 在退出构造函数时，不可为 null 的 属性 "config" 必须包含非 null 值。请考虑添加 "required" 修饰符或将该 属性 声明为可为 null。 [D:\Develop\Projects\Astrum\AstrumServer\AstrumServer\AstrumServer.csproj]
D:\Develop\Projects\Astrum\AstrumServer\AstrumServer\Generated\gamemessages_C_2000.cs(490,30): warning CS8618: 在退出构造函数时，不可为 null 的 属性 "roomState" 必须包含非 null 值。请考虑添加 "required" 修饰符或将该 属性 声明为可为 null。 [D:\Develop\Projects\Astrum\AstrumServer\AstrumServer\AstrumServer.csproj]
D:\Develop\Projects\Astrum\AstrumServer\AstrumServer\obj\Debug\net9.0\MemoryPack.Generator\MemoryPack.Generator.MemoryPackGenerator\Astrum.Generated.FrameSyncStartNotification.MemoryPackFormatter.g.cs(50,74): warning CS0436: “D:\Develop\Projects\Astrum\AstrumServer\AstrumServer\Generated\gamemessages_C_2000.cs”中的类型“FrameSyncStartNotification”与“Generated, Version=0.0.0.0, Culture=neutral, PublicKeyToken=null”中的导入类型“FrameSyncStartNotification”冲突。请使用“D:\Develop\Projects\Astrum\AstrumServer\AstrumServer\Generated\gamemessages_C_2000.cs”中定义的类型。 [D:\Develop\Projects\Astrum\AstrumServer\AstrumServer\AstrumServer.csproj]
D:\Develop\Projects\Astrum\AstrumServer\AstrumServer\obj\Debug\net9.0\MemoryPack.Generator\MemoryPack.Generator.MemoryPackGenerator\Astrum.Generated.FrameSyncStartNotification.MemoryPackFormatter.g.cs(52,127): warning CS0436: “D:\Develop\Projects\Astrum\AstrumServer\AstrumServer\Generated\gamemessages_C_2000.cs”中的类型“FrameSyncStartNotification”与“Generated, Version=0.0.0.0, Culture=neutral, PublicKeyToken=null”中的导入类型“FrameSyncStartNotification”冲突。请使用“D:\Develop\Projects\Astrum\AstrumServer\AstrumServer\Generated\gamemessages_C_2000.cs”中定义的类型。 [D:\Develop\Projects\Astrum\AstrumServer\AstrumServer\AstrumServer.csproj]
D:\Develop\Projects\Astrum\AstrumServer\AstrumServer\obj\Debug\net9.0\MemoryPack.Generator\MemoryPack.Generator.MemoryPackGenerator\Astrum.Generated.FrameSyncStartNotification.MemoryPackFormatter.g.cs(54,74): warning CS0436: “D:\Develop\Projects\Astrum\AstrumServer\AstrumServer\Generated\gamemessages_C_2000.cs”中的类型“FrameSyncStartNotification”与“Generated, Version=0.0.0.0, Culture=neutral, PublicKeyToken=null”中的导入类型“FrameSyncStartNotification”冲突。请使用“D:\Develop\Projects\Astrum\AstrumServer\AstrumServer\Generated\gamemessages_C_2000.cs”中定义的类型。 [D:\Develop\Projects\Astrum\AstrumServer\AstrumServer\AstrumServer.csproj]
D:\Develop\Projects\Astrum\AstrumServer\AstrumServer\obj\Debug\net9.0\MemoryPack.Generator\MemoryPack.Generator.MemoryPackGenerator\Astrum.Generated.FrameSyncStartNotification.MemoryPackFormatter.g.cs(56,118): warning CS0436: “D:\Develop\Projects\Astrum\AstrumServer\AstrumServer\Generated\gamemessages_C_2000.cs”中的类型“FrameSyncStartNotification”与“Generated, Version=0.0.0.0, Culture=neutral, PublicKeyToken=null”中的导入类型“FrameSyncStartNotification”冲突。请使用“D:\Develop\Projects\Astrum\AstrumServer\AstrumServer\Generated\gamemessages_C_2000.cs”中定义的类型。 [D:\Develop\Projects\Astrum\AstrumServer\AstrumServer\AstrumServer.csproj]
D:\Develop\Projects\Astrum\AstrumServer\AstrumServer\obj\Debug\net9.0\MemoryPack.Generator\MemoryPack.Generator.MemoryPackGenerator\Astrum.Generated.PlayerInfo.MemoryPackFormatter.g.cs(50,74): warning CS0436: “D:\Develop\Projects\Astrum\AstrumServer\AstrumServer\Generated\game_S_3000.cs”中的类型“PlayerInfo”与“Generated, Version=0.0.0.0, Culture=neutral, PublicKeyToken=null”中的导入类型“PlayerInfo”冲突。请使用“D:\Develop\Projects\Astrum\AstrumServer\AstrumServer\Generated\game_S_3000.cs”中定义的类型。 [D:\Develop\Projects\Astrum\AstrumServer\AstrumServer\AstrumServer.csproj]
D:\Develop\Projects\Astrum\AstrumServer\AstrumServer\obj\Debug\net9.0\MemoryPack.Generator\MemoryPack.Generator.MemoryPackGenerator\Astrum.Generated.PlayerInfo.MemoryPackFormatter.g.cs(52,127): warning CS0436: “D:\Develop\Projects\Astrum\AstrumServer\AstrumServer\Generated\game_S_3000.cs”中的类型“PlayerInfo”与“Generated, Version=0.0.0.0, Culture=neutral, PublicKeyToken=null”中的导入类型“PlayerInfo”冲突。请使用“D:\Develop\Projects\Astrum\AstrumServer\AstrumServer\Generated\game_S_3000.cs”中定义的类型。 [D:\Develop\Projects\Astrum\AstrumServer\AstrumServer\AstrumServer.csproj]
D:\Develop\Projects\Astrum\AstrumServer\AstrumServer\obj\Debug\net9.0\MemoryPack.Generator\MemoryPack.Generator.MemoryPackGenerator\Astrum.Generated.PlayerInfo.MemoryPackFormatter.g.cs(54,74): warning CS0436: “D:\Develop\Projects\Astrum\AstrumServer\AstrumServer\Generated\game_S_3000.cs”中的类型“PlayerInfo”与“Generated, Version=0.0.0.0, Culture=neutral, PublicKeyToken=null”中的导入类型“PlayerInfo”冲突。请使用“D:\Develop\Projects\Astrum\AstrumServer\AstrumServer\Generated\game_S_3000.cs”中定义的类型。 [D:\Develop\Projects\Astrum\AstrumServer\AstrumServer\AstrumServer.csproj]
D:\Develop\Projects\Astrum\AstrumServer\AstrumServer\obj\Debug\net9.0\MemoryPack.Generator\MemoryPack.Generator.MemoryPackGenerator\Astrum.Generated.PlayerInfo.MemoryPackFormatter.g.cs(56,118): warning CS0436: “D:\Develop\Projects\Astrum\AstrumServer\AstrumServer\Generated\game_S_3000.cs”中的类型“PlayerInfo”与“Generated, Version=0.0.0.0, Culture=neutral, PublicKeyToken=null”中的导入类型“PlayerInfo”冲突。请使用“D:\Develop\Projects\Astrum\AstrumServer\AstrumServer\Generated\game_S_3000.cs”中定义的类型。 [D:\Develop\Projects\Astrum\AstrumServer\AstrumServer\AstrumServer.csproj]
D:\Develop\Projects\Astrum\AstrumServer\AstrumServer\Managers\FrameSyncManager.cs(914,33): warning CS0436: “D:\Develop\Projects\Astrum\AstrumServer\AstrumServer\Generated\gamemessages_C_2000.cs”中的类型“LSInput”与“Generated, Version=0.0.0.0, Culture=neutral, PublicKeyToken=null”中的导入类型“LSInput”冲突。请使用“D:\Develop\Projects\Astrum\AstrumServer\AstrumServer\Generated\gamemessages_C_2000.cs”中定义的类型。 [D:\Develop\Projects\Astrum\AstrumServer\AstrumServer\AstrumServer.csproj]
D:\Develop\Projects\Astrum\AstrumServer\AstrumServer\Managers\FrameSyncManager.cs(258,52): error CS1503: 参数 1: 无法从“Astrum.Generated.OneFrameInputs [D:\Develop\Projects\Astrum\AstrumServer\AstrumServer\Generated\gamemessages_C_2000.cs(280)]”转换为“Astrum.Generated.OneFrameInputs [D:\Develop\Projects\Astrum\AstrumProj\Library\ScriptAssemblies\Generated.dll]” [D:\Develop\Projects\Astrum\AstrumServer\AstrumServer\AstrumServer.csproj]
D:\Develop\Projects\Astrum\AstrumServer\AstrumServer\obj\Debug\net9.0\MemoryPack.Generator\MemoryPack.Generator.MemoryPackGenerator\Astrum.Generated.GameConfig.MemoryPackFormatter.g.cs(139,79): warning CS0436: “D:\Develop\Projects\Astrum\AstrumServer\AstrumServer\Generated\gamemessages_C_2000.cs”中的类型“GameConfig”与“Generated, Version=0.0.0.0, Culture=neutral, PublicKeyToken=null”中的导入类型“GameConfig”冲突。请使用“D:\Develop\Projects\Astrum\AstrumServer\AstrumServer\Generated\gamemessages_C_2000.cs”中定义的类型。 [D:\Develop\Projects\Astrum\AstrumServer\AstrumServer\AstrumServer.csproj]
D:\Develop\Projects\Astrum\AstrumServer\AstrumServer\obj\Debug\net9.0\MemoryPack.Generator\MemoryPack.Generator.MemoryPackGenerator\Astrum.Generated.GameConfig.MemoryPackFormatter.g.cs(199,21): warning CS0436: “D:\Develop\Projects\Astrum\AstrumServer\AstrumServer\Generated\gamemessages_C_2000.cs”中的类型“GameConfig”与“Generated, Version=0.0.0.0, Culture=neutral, PublicKeyToken=null”中的导入类型“GameConfig”冲突。请使用“D:\Develop\Projects\Astrum\AstrumServer\AstrumServer\Generated\gamemessages_C_2000.cs”中定义的类型。 [D:\Develop\Projects\Astrum\AstrumServer\AstrumServer\AstrumServer.csproj]
D:\Develop\Projects\Astrum\AstrumServer\AstrumServer\Managers\MatchmakingManager.cs(335,34): warning CS0436: “D:\Develop\Projects\Astrum\AstrumServer\AstrumServer\Generated\gamemessages_C_2000.cs”中的类型“GameConfig”与“Generated, Version=0.0.0.0, Culture=neutral, PublicKeyToken=null”中的导入类型“GameConfig”冲突。请使用“D:\Develop\Projects\Astrum\AstrumServer\AstrumServer\Generated\gamemessages_C_2000.cs”中定义的类型。 [D:\Develop\Projects\Astrum\AstrumServer\AstrumServer\AstrumServer.csproj]
D:\Develop\Projects\Astrum\AstrumServer\AstrumServer\Managers\MatchmakingManager.cs(344,33): warning CS0436: “D:\Develop\Projects\Astrum\AstrumServer\AstrumServer\Generated\gamemessages_C_2000.cs”中的类型“GameRoomState”与“Generated, Version=0.0.0.0, Culture=neutral, PublicKeyToken=null”中的导入类型“GameRoomState”冲突。请使用“D:\Develop\Projects\Astrum\AstrumServer\AstrumServer\Generated\gamemessages_C_2000.cs”中定义的类型。 [D:\Develop\Projects\Astrum\AstrumServer\AstrumServer\AstrumServer.csproj]
D:\Develop\Projects\Astrum\AstrumServer\AstrumServer\Managers\MatchmakingManager.cs(352,36): warning CS0436: “D:\Develop\Projects\Astrum\AstrumServer\AstrumServer\Generated\gamemessages_C_2000.cs”中的类型“GameStartNotification”与“Generated, Version=0.0.0.0, Culture=neutral, PublicKeyToken=null”中的导入类型“GameStartNotification”冲突。请使用“D:\Develop\Projects\Astrum\AstrumServer\AstrumServer\Generated\gamemessages_C_2000.cs”中定义的类型。 [D:\Develop\Projects\Astrum\AstrumServer\AstrumServer\AstrumServer.csproj]
D:\Develop\Projects\Astrum\AstrumServer\AstrumServer\Generated\game_S_3000.cs(119,53): warning CS0436: “D:\Develop\Projects\Astrum\AstrumServer\AstrumServer\Generated\game_S_3000.cs”中的类型“GameResponse”与“Generated, Version=0.0.0.0, Culture=neutral, PublicKeyToken=null”中的导入类型“GameResponse”冲突。请使用“D:\Develop\Projects\Astrum\AstrumServer\AstrumServer\Generated\game_S_3000.cs”中定义的类型。 [D:\Develop\Projects\Astrum\AstrumServer\AstrumServer\AstrumServer.csproj]
D:\Develop\Projects\Astrum\AstrumServer\AstrumServer\Generated\game_S_3000.cs(119,83): warning CS0436: “D:\Develop\Projects\Astrum\AstrumServer\AstrumServer\Generated\game_S_3000.cs”中的类型“GameResponse”与“Generated, Version=0.0.0.0, Culture=neutral, PublicKeyToken=null”中的导入类型“GameResponse”冲突。请使用“D:\Develop\Projects\Astrum\AstrumServer\AstrumServer\Generated\game_S_3000.cs”中定义的类型。 [D:\Develop\Projects\Astrum\AstrumServer\AstrumServer\AstrumServer.csproj]
D:\Develop\Projects\Astrum\AstrumServer\AstrumServer\Generated\game_S_3000.cs(119,20): warning CS8603: 可能返回 null 引用。 [D:\Develop\Projects\Astrum\AstrumServer\AstrumServer\AstrumServer.csproj]
D:\Develop\Projects\Astrum\AstrumServer\AstrumServer\Generated\game_S_3000.cs(154,28): warning CS8625: 无法将 null 字面量转换为非 null 的引用类型。 [D:\Develop\Projects\Astrum\AstrumServer\AstrumServer\AstrumServer.csproj]
D:\Develop\Projects\Astrum\AstrumServer\AstrumServer\Generated\game_S_3000.cs(156,34): warning CS8625: 无法将 null 字面量转换为非 null 的引用类型。 [D:\Develop\Projects\Astrum\AstrumServer\AstrumServer\AstrumServer.csproj]
D:\Develop\Projects\Astrum\AstrumServer\AstrumServer\obj\Debug\net9.0\MemoryPack.Generator\MemoryPack.Generator.MemoryPackGenerator\Astrum.Generated.LSInput.MemoryPackFormatter.g.cs(164,79): warning CS0436: “D:\Develop\Projects\Astrum\AstrumServer\AstrumServer\Generated\gamemessages_C_2000.cs”中的类型“LSInput”与“Generated, Version=0.0.0.0, Culture=neutral, PublicKeyToken=null”中的导入类型“LSInput”冲突。请使用“D:\Develop\Projects\Astrum\AstrumServer\AstrumServer\Generated\gamemessages_C_2000.cs”中定义的类型。 [D:\Develop\Projects\Astrum\AstrumServer\AstrumServer\AstrumServer.csproj]
D:\Develop\Projects\Astrum\AstrumServer\AstrumServer\obj\Debug\net9.0\MemoryPack.Generator\MemoryPack.Generator.MemoryPackGenerator\Astrum.Generated.LSInput.MemoryPackFormatter.g.cs(252,21): warning CS0436: “D:\Develop\Projects\Astrum\AstrumServer\AstrumServer\Generated\gamemessages_C_2000.cs”中的类型“LSInput”与“Generated, Version=0.0.0.0, Culture=neutral, PublicKeyToken=null”中的导入类型“LSInput”冲突。请使用“D:\Develop\Projects\Astrum\AstrumServer\AstrumServer\Generated\gamemessages_C_2000.cs”中定义的类型。 [D:\Develop\Projects\Astrum\AstrumServer\AstrumServer\AstrumServer.csproj]
D:\Develop\Projects\Astrum\AstrumServer\AstrumServer\obj\Debug\net9.0\MemoryPack.Generator\MemoryPack.Generator.MemoryPackGenerator\Astrum.Generated.GameResponse.MemoryPackFormatter.g.cs(42,65): warning CS0436: “D:\Develop\Projects\Astrum\AstrumServer\AstrumServer\Generated\game_S_3000.cs”中的类型“GameResponse”与“Generated, Version=0.0.0.0, Culture=neutral, PublicKeyToken=null”中的导入类型“GameResponse”冲突。请使用“D:\Develop\Projects\Astrum\AstrumServer\AstrumServer\Generated\game_S_3000.cs”中定义的类型。 [D:\Develop\Projects\Astrum\AstrumServer\AstrumServer\AstrumServer.csproj]
D:\Develop\Projects\Astrum\AstrumServer\AstrumServer\Managers\FrameSyncManager.cs(294,36): warning CS0436: “D:\Develop\Projects\Astrum\AstrumServer\AstrumServer\Generated\gamemessages_C_2000.cs”中的类型“FrameSyncStartNotification”与“Generated, Version=0.0.0.0, Culture=neutral, PublicKeyToken=null”中的导入类型“FrameSyncStartNotification”冲突。请使用“D:\Develop\Projects\Astrum\AstrumServer\AstrumServer\Generated\gamemessages_C_2000.cs”中定义的类型。 [D:\Develop\Projects\Astrum\AstrumServer\AstrumServer\AstrumServer.csproj]
D:\Develop\Projects\Astrum\AstrumServer\AstrumServer\Generated\networkcommon_C_1000.cs(884,53): warning CS0436: “D:\Develop\Projects\Astrum\AstrumServer\AstrumServer\Generated\networkcommon_C_1000.cs”中的类型“CancelMatchResponse”与“Generated, Version=0.0.0.0, Culture=neutral, PublicKeyToken=null”中的导入类型“CancelMatchResponse”冲突。请使用“D:\Develop\Projects\Astrum\AstrumServer\AstrumServer\Generated\networkcommon_C_1000.cs”中定义的类型。 [D:\Develop\Projects\Astrum\AstrumServer\AstrumServer\AstrumServer.csproj]
D:\Develop\Projects\Astrum\AstrumServer\AstrumServer\Generated\networkcommon_C_1000.cs(884,90): warning CS0436: “D:\Develop\Projects\Astrum\AstrumServer\AstrumServer\Generated\networkcommon_C_1000.cs”中的类型“CancelMatchResponse”与“Generated, Version=0.0.0.0, Culture=neutral, PublicKeyToken=null”中的导入类型“CancelMatchResponse”冲突。请使用“D:\Develop\Projects\Astrum\AstrumServer\AstrumServer\Generated\networkcommon_C_1000.cs”中定义的类型。 [D:\Develop\Projects\Astrum\AstrumServer\AstrumServer\AstrumServer.csproj]
D:\Develop\Projects\Astrum\AstrumServer\AstrumServer\Generated\networkcommon_C_1000.cs(884,20): warning CS8603: 可能返回 null 引用。 [D:\Develop\Projects\Astrum\AstrumServer\AstrumServer\AstrumServer.csproj]
D:\Develop\Projects\Astrum\AstrumServer\AstrumServer\Generated\networkcommon_C_1000.cs(66,53): warning CS0436: “D:\Develop\Projects\Astrum\AstrumServer\AstrumServer\Generated\networkcommon_C_1000.cs”中的类型“RoomInfo”与“Generated, Version=0.0.0.0, Culture=neutral, PublicKeyToken=null”中的导入类型“RoomInfo”冲突。请使用“D:\Develop\Projects\Astrum\AstrumServer\AstrumServer\Generated\networkcommon_C_1000.cs”中定义的类型。 [D:\Develop\Projects\Astrum\AstrumServer\AstrumServer\AstrumServer.csproj]
D:\Develop\Projects\Astrum\AstrumServer\AstrumServer\Generated\networkcommon_C_1000.cs(66,79): warning CS0436: “D:\Develop\Projects\Astrum\AstrumServer\AstrumServer\Generated\networkcommon_C_1000.cs”中的类型“RoomInfo”与“Generated, Version=0.0.0.0, Culture=neutral, PublicKeyToken=null”中的导入类型“RoomInfo”冲突。请使用“D:\Develop\Projects\Astrum\AstrumServer\AstrumServer\Generated\networkcommon_C_1000.cs”中定义的类型。 [D:\Develop\Projects\Astrum\AstrumServer\AstrumServer\AstrumServer.csproj]
D:\Develop\Projects\Astrum\AstrumServer\AstrumServer\Generated\networkcommon_C_1000.cs(66,20): warning CS8603: 可能返回 null 引用。 [D:\Develop\Projects\Astrum\AstrumServer\AstrumServer\AstrumServer.csproj]
D:\Develop\Projects\Astrum\AstrumServer\AstrumServer\Generated\networkcommon_C_1000.cs(16,53): warning CS0436: “D:\Develop\Projects\Astrum\AstrumServer\AstrumServer\Generated\networkcommon_C_1000.cs”中的类型“UserInfo”与“Generated, Version=0.0.0.0, Culture=neutral, PublicKeyToken=null”中的导入类型“UserInfo”冲突。请使用“D:\Develop\Projects\Astrum\AstrumServer\AstrumServer\Generated\networkcommon_C_1000.cs”中定义的类型。 [D:\Develop\Projects\Astrum\AstrumServer\AstrumServer\AstrumServer.csproj]
D:\Develop\Projects\Astrum\AstrumServer\AstrumServer\Generated\networkcommon_C_1000.cs(16,79): warning CS0436: “D:\Develop\Projects\Astrum\AstrumServer\AstrumServer\Generated\networkcommon_C_1000.cs”中的类型“UserInfo”与“Generated, Version=0.0.0.0, Culture=neutral, PublicKeyToken=null”中的导入类型“UserInfo”冲突。请使用“D:\Develop\Projects\Astrum\AstrumServer\AstrumServer\Generated\networkcommon_C_1000.cs”中定义的类型。 [D:\Develop\Projects\Astrum\AstrumServer\AstrumServer\AstrumServer.csproj]
D:\Develop\Projects\Astrum\AstrumServer\AstrumServer\Generated\networkcommon_C_1000.cs(16,20): warning CS8603: 可能返回 null 引用。 [D:\Develop\Projects\Astrum\AstrumServer\AstrumServer\AstrumServer.csproj]
D:\Develop\Projects\Astrum\AstrumServer\AstrumServer\Generated\networkcommon_C_1000.cs(165,53): warning CS0436: “D:\Develop\Projects\Astrum\AstrumServer\AstrumServer\Generated\networkcommon_C_1000.cs”中的类型“LoginRequest”与“Generated, Version=0.0.0.0, Culture=neutral, PublicKeyToken=null”中的导入类型“LoginRequest”冲突。请使用“D:\Develop\Projects\Astrum\AstrumServer\AstrumServer\Generated\networkcommon_C_1000.cs”中定义的类型。 [D:\Develop\Projects\Astrum\AstrumServer\AstrumServer\AstrumServer.csproj]
D:\Develop\Projects\Astrum\AstrumServer\AstrumServer\Generated\networkcommon_C_1000.cs(165,83): warning CS0436: “D:\Develop\Projects\Astrum\AstrumServer\AstrumServer\Generated\networkcommon_C_1000.cs”中的类型“LoginRequest”与“Generated, Version=0.0.0.0, Culture=neutral, PublicKeyToken=null”中的导入类型“LoginRequest”冲突。请使用“D:\Develop\Projects\Astrum\AstrumServer\AstrumServer\Generated\networkcommon_C_1000.cs”中定义的类型。 [D:\Develop\Projects\Astrum\AstrumServer\AstrumServer\AstrumServer.csproj]
D:\Develop\Projects\Astrum\AstrumServer\AstrumServer\Generated\networkcommon_C_1000.cs(165,20): warning CS8603: 可能返回 null 引用。 [D:\Develop\Projects\Astrum\AstrumServer\AstrumServer\AstrumServer.csproj]
D:\Develop\Projects\Astrum\AstrumServer\AstrumServer\Generated\networkcommon_C_1000.cs(181,32): warning CS8625: 无法将 null 字面量转换为非 null 的引用类型。 [D:\Develop\Projects\Astrum\AstrumServer\AstrumServer\AstrumServer.csproj]
D:\Develop\Projects\Astrum\AstrumServer\AstrumServer\obj\Debug\net9.0\MemoryPack.Generator\MemoryPack.Generator.MemoryPackGenerator\Astrum.Generated.GameStateUpdate.MemoryPackFormatter.g.cs(93,34): warning CS0436: “D:\Develop\Projects\Astrum\AstrumServer\AstrumServer\Generated\gamemessages_C_2000.cs”中的类型“GameRoomState”与“Generated, Version=0.0.0.0, Culture=neutral, PublicKeyToken=null”中的导入类型“GameRoomState”冲突。请使用“D:\Develop\Projects\Astrum\AstrumServer\AstrumServer\Generated\gamemessages_C_2000.cs”中定义的类型。 [D:\Develop\Projects\Astrum\AstrumServer\AstrumServer\AstrumServer.csproj]
D:\Develop\Projects\Astrum\AstrumServer\AstrumServer\obj\Debug\net9.0\MemoryPack.Generator\MemoryPack.Generator.MemoryPackGenerator\Astrum.Generated.GameStateUpdate.MemoryPackFormatter.g.cs(103,76): warning CS0436: “D:\Develop\Projects\Astrum\AstrumServer\AstrumServer\Generated\gamemessages_C_2000.cs”中的类型“GameRoomState”与“Generated, Version=0.0.0.0, Culture=neutral, PublicKeyToken=null”中的导入类型“GameRoomState”冲突。请使用“D:\Develop\Projects\Astrum\AstrumServer\AstrumServer\Generated\gamemessages_C_2000.cs”中定义的类型。 [D:\Develop\Projects\Astrum\AstrumServer\AstrumServer\AstrumServer.csproj]
D:\Develop\Projects\Astrum\AstrumServer\AstrumServer\obj\Debug\net9.0\MemoryPack.Generator\MemoryPack.Generator.MemoryPackGenerator\Astrum.Generated.GameStateUpdate.MemoryPackFormatter.g.cs(127,79): warning CS0436: “D:\Develop\Projects\Astrum\AstrumServer\AstrumServer\Generated\gamemessages_C_2000.cs”中的类型“GameStateUpdate”与“Generated, Version=0.0.0.0, Culture=neutral, PublicKeyToken=null”中的导入类型“GameStateUpdate”冲突。请使用“D:\Develop\Projects\Astrum\AstrumServer\AstrumServer\Generated\gamemessages_C_2000.cs”中定义的类型。 [D:\Develop\Projects\Astrum\AstrumServer\AstrumServer\AstrumServer.csproj]
D:\Develop\Projects\Astrum\AstrumServer\AstrumServer\obj\Debug\net9.0\MemoryPack.Generator\MemoryPack.Generator.MemoryPackGenerator\Astrum.Generated.GameStateUpdate.MemoryPackFormatter.g.cs(175,21): warning CS0436: “D:\Develop\Projects\Astrum\AstrumServer\AstrumServer\Generated\gamemessages_C_2000.cs”中的类型“GameStateUpdate”与“Generated, Version=0.0.0.0, Culture=neutral, PublicKeyToken=null”中的导入类型“GameStateUpdate”冲突。请使用“D:\Develop\Projects\Astrum\AstrumServer\AstrumServer\Generated\gamemessages_C_2000.cs”中定义的类型。 [D:\Develop\Projects\Astrum\AstrumServer\AstrumServer\AstrumServer.csproj]
D:\Develop\Projects\Astrum\AstrumServer\AstrumServer\Generated\gamemessages_C_2000.cs(585,23): warning CS8618: 在退出构造函数时，不可为 null 的 属性 "roomId" 必须包含非 null 值。请考虑添加 "required" 修饰符或将该 属性 声明为可为 null。 [D:\Develop\Projects\Astrum\AstrumServer\AstrumServer\AstrumServer.csproj]
D:\Develop\Projects\Astrum\AstrumServer\AstrumServer\Generated\gamemessages_C_2000.cs(591,30): warning CS8618: 在退出构造函数时，不可为 null 的 属性 "roomState" 必须包含非 null 值。请考虑添加 "required" 修饰符或将该 属性 声明为可为 null。 [D:\Develop\Projects\Astrum\AstrumServer\AstrumServer\AstrumServer.csproj]
D:\Develop\Projects\Astrum\AstrumServer\AstrumServer\obj\Debug\net9.0\MemoryPack.Generator\MemoryPack.Generator.MemoryPackGenerator\Astrum.Generated.SingleInput.MemoryPackFormatter.g.cs(92,34): warning CS0436: “D:\Develop\Projects\Astrum\AstrumServer\AstrumServer\Generated\gamemessages_C_2000.cs”中的类型“LSInput”与“Generated, Version=0.0.0.0, Culture=neutral, PublicKeyToken=null”中的导入类型“LSInput”冲突。请使用“D:\Develop\Projects\Astrum\AstrumServer\AstrumServer\Generated\gamemessages_C_2000.cs”中定义的类型。 [D:\Develop\Projects\Astrum\AstrumServer\AstrumServer\AstrumServer.csproj]
D:\Develop\Projects\Astrum\AstrumServer\AstrumServer\obj\Debug\net9.0\MemoryPack.Generator\MemoryPack.Generator.MemoryPackGenerator\Astrum.Generated.SingleInput.MemoryPackFormatter.g.cs(100,72): warning CS0436: “D:\Develop\Projects\Astrum\AstrumServer\AstrumServer\Generated\gamemessages_C_2000.cs”中的类型“LSInput”与“Generated, Version=0.0.0.0, Culture=neutral, PublicKeyToken=null”中的导入类型“LSInput”冲突。请使用“D:\Develop\Projects\Astrum\AstrumServer\AstrumServer\Generated\gamemessages_C_2000.cs”中定义的类型。 [D:\Develop\Projects\Astrum\AstrumServer\AstrumServer\AstrumServer.csproj]
D:\Develop\Projects\Astrum\AstrumServer\AstrumServer\obj\Debug\net9.0\MemoryPack.Generator\MemoryPack.Generator.MemoryPackGenerator\Astrum.Generated.SingleInput.MemoryPackFormatter.g.cs(123,79): warning CS0436: “D:\Develop\Projects\Astrum\AstrumServer\AstrumServer\Generated\gamemessages_C_2000.cs”中的类型“SingleInput”与“Generated, Version=0.0.0.0, Culture=neutral, PublicKeyToken=null”中的导入类型“SingleInput”冲突。请使用“D:\Develop\Projects\Astrum\AstrumServer\AstrumServer\Generated\gamemessages_C_2000.cs”中定义的类型。 [D:\Develop\Projects\Astrum\AstrumServer\AstrumServer\AstrumServer.csproj]
D:\Develop\Projects\Astrum\AstrumServer\AstrumServer\obj\Debug\net9.0\MemoryPack.Generator\MemoryPack.Generator.MemoryPackGenerator\Astrum.Generated.SingleInput.MemoryPackFormatter.g.cs(171,21): warning CS0436: “D:\Develop\Projects\Astrum\AstrumServer\AstrumServer\Generated\gamemessages_C_2000.cs”中的类型“SingleInput”与“Generated, Version=0.0.0.0, Culture=neutral, PublicKeyToken=null”中的导入类型“SingleInput”冲突。请使用“D:\Develop\Projects\Astrum\AstrumServer\AstrumServer\Generated\gamemessages_C_2000.cs”中定义的类型。 [D:\Develop\Projects\Astrum\AstrumServer\AstrumServer\AstrumServer.csproj]
D:\Develop\Projects\Astrum\AstrumServer\AstrumServer\Generated\gamemessages_C_2000.cs(797,24): warning CS8618: 在退出构造函数时，不可为 null 的 属性 "Input" 必须包含非 null 值。请考虑添加 "required" 修饰符或将该 属性 声明为可为 null。 [D:\Develop\Projects\Astrum\AstrumServer\AstrumServer\AstrumServer.csproj]
D:\Develop\Projects\Astrum\AstrumServer\AstrumServer\obj\Debug\net9.0\MemoryPack.Generator\MemoryPack.Generator.MemoryPackGenerator\Astrum.Generated.GameResponse.MemoryPackFormatter.g.cs(49,74): warning CS0436: “D:\Develop\Projects\Astrum\AstrumServer\AstrumServer\Generated\game_S_3000.cs”中的类型“GameResponse”与“Generated, Version=0.0.0.0, Culture=neutral, PublicKeyToken=null”中的导入类型“GameResponse”冲突。请使用“D:\Develop\Projects\Astrum\AstrumServer\AstrumServer\Generated\game_S_3000.cs”中定义的类型。 [D:\Develop\Projects\Astrum\AstrumServer\AstrumServer\AstrumServer.csproj]
D:\Develop\Projects\Astrum\AstrumServer\AstrumServer\obj\Debug\net9.0\MemoryPack.Generator\MemoryPack.Generator.MemoryPackGenerator\Astrum.Generated.GameResponse.MemoryPackFormatter.g.cs(51,127): warning CS0436: “D:\Develop\Projects\Astrum\AstrumServer\AstrumServer\Generated\game_S_3000.cs”中的类型“GameResponse”与“Generated, Version=0.0.0.0, Culture=neutral, PublicKeyToken=null”中的导入类型“GameResponse”冲突。请使用“D:\Develop\Projects\Astrum\AstrumServer\AstrumServer\Generated\game_S_3000.cs”中定义的类型。 [D:\Develop\Projects\Astrum\AstrumServer\AstrumServer\AstrumServer.csproj]
D:\Develop\Projects\Astrum\AstrumServer\AstrumServer\obj\Debug\net9.0\MemoryPack.Generator\MemoryPack.Generator.MemoryPackGenerator\Astrum.Generated.GameResponse.MemoryPackFormatter.g.cs(53,74): warning CS0436: “D:\Develop\Projects\Astrum\AstrumServer\AstrumServer\Generated\game_S_3000.cs”中的类型“GameResponse”与“Generated, Version=0.0.0.0, Culture=neutral, PublicKeyToken=null”中的导入类型“GameResponse”冲突。请使用“D:\Develop\Projects\Astrum\AstrumServer\AstrumServer\Generated\game_S_3000.cs”中定义的类型。 [D:\Develop\Projects\Astrum\AstrumServer\AstrumServer\AstrumServer.csproj]
D:\Develop\Projects\Astrum\AstrumServer\AstrumServer\obj\Debug\net9.0\MemoryPack.Generator\MemoryPack.Generator.MemoryPackGenerator\Astrum.Generated.GameResponse.MemoryPackFormatter.g.cs(55,118): warning CS0436: “D:\Develop\Projects\Astrum\AstrumServer\AstrumServer\Generated\game_S_3000.cs”中的类型“GameResponse”与“Generated, Version=0.0.0.0, Culture=neutral, PublicKeyToken=null”中的导入类型“GameResponse”冲突。请使用“D:\Develop\Projects\Astrum\AstrumServer\AstrumServer\Generated\game_S_3000.cs”中定义的类型。 [D:\Develop\Projects\Astrum\AstrumServer\AstrumServer\AstrumServer.csproj]
D:\Develop\Projects\Astrum\AstrumServer\AstrumServer\Generated\networkcommon_C_1000.cs(913,28): warning CS8625: 无法将 null 字面量转换为非 null 的引用类型。 [D:\Develop\Projects\Astrum\AstrumServer\AstrumServer\AstrumServer.csproj]
D:\Develop\Projects\Astrum\AstrumServer\AstrumServer\obj\Debug\net9.0\MemoryPack.Generator\MemoryPack.Generator.MemoryPackGenerator\Astrum.Generated.CancelMatchResponse.MemoryPackFormatter.g.cs(41,65): warning CS0436: “D:\Develop\Projects\Astrum\AstrumServer\AstrumServer\Generated\networkcommon_C_1000.cs”中的类型“CancelMatchResponse”与“Generated, Version=0.0.0.0, Culture=neutral, PublicKeyToken=null”中的导入类型“CancelMatchResponse”冲突。请使用“D:\Develop\Projects\Astrum\AstrumServer\AstrumServer\Generated\networkcommon_C_1000.cs”中定义的类型。 [D:\Develop\Projects\Astrum\AstrumServer\AstrumServer\AstrumServer.csproj]
D:\Develop\Projects\Astrum\AstrumServer\AstrumServer\obj\Debug\net9.0\MemoryPack.Generator\MemoryPack.Generator.MemoryPackGenerator\Astrum.Generated.LoginRequest.MemoryPackFormatter.g.cs(39,65): warning CS0436: “D:\Develop\Projects\Astrum\AstrumServer\AstrumServer\Generated\networkcommon_C_1000.cs”中的类型“LoginRequest”与“Generated, Version=0.0.0.0, Culture=neutral, PublicKeyToken=null”中的导入类型“LoginRequest”冲突。请使用“D:\Develop\Projects\Astrum\AstrumServer\AstrumServer\Generated\networkcommon_C_1000.cs”中定义的类型。 [D:\Develop\Projects\Astrum\AstrumServer\AstrumServer\AstrumServer.csproj]
D:\Develop\Projects\Astrum\AstrumServer\AstrumServer\Generated\networkcommon_C_1000.cs(50,23): warning CS8625: 无法将 null 字面量转换为非 null 的引用类型。 [D:\Develop\Projects\Astrum\AstrumServer\AstrumServer\AstrumServer.csproj]
D:\Develop\Projects\Astrum\AstrumServer\AstrumServer\Generated\networkcommon_C_1000.cs(51,32): warning CS8625: 无法将 null 字面量转换为非 null 的引用类型。 [D:\Develop\Projects\Astrum\AstrumServer\AstrumServer\AstrumServer.csproj]
D:\Develop\Projects\Astrum\AstrumServer\AstrumServer\Generated\networkcommon_C_1000.cs(53,34): warning CS8625: 无法将 null 字面量转换为非 null 的引用类型。 [D:\Develop\Projects\Astrum\AstrumServer\AstrumServer\AstrumServer.csproj]
D:\Develop\Projects\Astrum\AstrumServer\AstrumServer\Generated\networkcommon_C_1000.cs(237,53): warning CS0436: “D:\Develop\Projects\Astrum\AstrumServer\AstrumServer\Generated\networkcommon_C_1000.cs”中的类型“JoinRoomRequest”与“Generated, Version=0.0.0.0, Culture=neutral, PublicKeyToken=null”中的导入类型“JoinRoomRequest”冲突。请使用“D:\Develop\Projects\Astrum\AstrumServer\AstrumServer\Generated\networkcommon_C_1000.cs”中定义的类型。 [D:\Develop\Projects\Astrum\AstrumServer\AstrumServer\AstrumServer.csproj]
D:\Develop\Projects\Astrum\AstrumServer\AstrumServer\Generated\networkcommon_C_1000.cs(237,86): warning CS0436: “D:\Develop\Projects\Astrum\AstrumServer\AstrumServer\Generated\networkcommon_C_1000.cs”中的类型“JoinRoomRequest”与“Generated, Version=0.0.0.0, Culture=neutral, PublicKeyToken=null”中的导入类型“JoinRoomRequest”冲突。请使用“D:\Develop\Projects\Astrum\AstrumServer\AstrumServer\Generated\networkcommon_C_1000.cs”中定义的类型。 [D:\Develop\Projects\Astrum\AstrumServer\AstrumServer\AstrumServer.csproj]
D:\Develop\Projects\Astrum\AstrumServer\AstrumServer\Generated\networkcommon_C_1000.cs(237,20): warning CS8603: 可能返回 null 引用。 [D:\Develop\Projects\Astrum\AstrumServer\AstrumServer\AstrumServer.csproj]
D:\Develop\Projects\Astrum\AstrumServer\AstrumServer\obj\Debug\net9.0\MemoryPack.Generator\MemoryPack.Generator.MemoryPackGenerator\Astrum.Generated.UserInfo.MemoryPackFormatter.g.cs(42,65): warning CS0436: “D:\Develop\Projects\Astrum\AstrumServer\AstrumServer\Generated\networkcommon_C_1000.cs”中的类型“UserInfo”与“Generated, Version=0.0.0.0, Culture=neutral, PublicKeyToken=null”中的导入类型“UserInfo”冲突。请使用“D:\Develop\Projects\Astrum\AstrumServer\AstrumServer\Generated\networkcommon_C_1000.cs”中定义的类型。 [D:\Develop\Projects\Astrum\AstrumServer\AstrumServer\AstrumServer.csproj]
D:\Develop\Projects\Astrum\AstrumServer\AstrumServer\Generated\networkcommon_C_1000.cs(259,27): warning CS8625: 无法将 null 字面量转换为非 null 的引用类型。 [D:\Develop\Projects\Astrum\AstrumServer\AstrumServer\AstrumServer.csproj]
D:\Develop\Projects\Astrum\AstrumServer\AstrumServer\Generated\networkcommon_C_1000.cs(273,53): warning CS0436: “D:\Develop\Projects\Astrum\AstrumServer\AstrumServer\Generated\networkcommon_C_1000.cs”中的类型“LeaveRoomRequest”与“Generated, Version=0.0.0.0, Culture=neutral, PublicKeyToken=null”中的导入类型“LeaveRoomRequest”冲突。请使用“D:\Develop\Projects\Astrum\AstrumServer\AstrumServer\Generated\networkcommon_C_1000.cs”中定义的类型。 [D:\Develop\Projects\Astrum\AstrumServer\AstrumServer\AstrumServer.csproj]
D:\Develop\Projects\Astrum\AstrumServer\AstrumServer\Generated\networkcommon_C_1000.cs(273,87): warning CS0436: “D:\Develop\Projects\Astrum\AstrumServer\AstrumServer\Generated\networkcommon_C_1000.cs”中的类型“LeaveRoomRequest”与“Generated, Version=0.0.0.0, Culture=neutral, PublicKeyToken=null”中的导入类型“LeaveRoomRequest”冲突。请使用“D:\Develop\Projects\Astrum\AstrumServer\AstrumServer\Generated\networkcommon_C_1000.cs”中定义的类型。 [D:\Develop\Projects\Astrum\AstrumServer\AstrumServer\AstrumServer.csproj]
D:\Develop\Projects\Astrum\AstrumServer\AstrumServer\Generated\networkcommon_C_1000.cs(273,20): warning CS8603: 可能返回 null 引用。 [D:\Develop\Projects\Astrum\AstrumServer\AstrumServer\AstrumServer.csproj]
D:\Develop\Projects\Astrum\AstrumServer\AstrumServer\Generated\networkcommon_C_1000.cs(194,53): warning CS0436: “D:\Develop\Projects\Astrum\AstrumServer\AstrumServer\Generated\networkcommon_C_1000.cs”中的类型“CreateRoomRequest”与“Generated, Version=0.0.0.0, Culture=neutral, PublicKeyToken=null”中的导入类型“CreateRoomRequest”冲突。请使用“D:\Develop\Projects\Astrum\AstrumServer\AstrumServer\Generated\networkcommon_C_1000.cs”中定义的类型。 [D:\Develop\Projects\Astrum\AstrumServer\AstrumServer\AstrumServer.csproj]
D:\Develop\Projects\Astrum\AstrumServer\AstrumServer\Generated\networkcommon_C_1000.cs(194,88): warning CS0436: “D:\Develop\Projects\Astrum\AstrumServer\AstrumServer\Generated\networkcommon_C_1000.cs”中的类型“CreateRoomRequest”与“Generated, Version=0.0.0.0, Culture=neutral, PublicKeyToken=null”中的导入类型“CreateRoomRequest”冲突。请使用“D:\Develop\Projects\Astrum\AstrumServer\AstrumServer\Generated\networkcommon_C_1000.cs”中定义的类型。 [D:\Develop\Projects\Astrum\AstrumServer\AstrumServer\AstrumServer.csproj]
D:\Develop\Projects\Astrum\AstrumServer\AstrumServer\Generated\networkcommon_C_1000.cs(194,20): warning CS8603: 可能返回 null 引用。 [D:\Develop\Projects\Astrum\AstrumServer\AstrumServer\AstrumServer.csproj]
D:\Develop\Projects\Astrum\AstrumServer\AstrumServer\Generated\networkcommon_C_1000.cs(222,29): warning CS8625: 无法将 null 字面量转换为非 null 的引用类型。 [D:\Develop\Projects\Astrum\AstrumServer\AstrumServer\AstrumServer.csproj]
D:\Develop\Projects\Astrum\AstrumServer\AstrumServer\obj\Debug\net9.0\MemoryPack.Generator\MemoryPack.Generator.MemoryPackGenerator\Astrum.Generated.CancelMatchResponse.MemoryPackFormatter.g.cs(48,74): warning CS0436: “D:\Develop\Projects\Astrum\AstrumServer\AstrumServer\Generated\networkcommon_C_1000.cs”中的类型“CancelMatchResponse”与“Generated, Version=0.0.0.0, Culture=neutral, PublicKeyToken=null”中的导入类型“CancelMatchResponse”冲突。请使用“D:\Develop\Projects\Astrum\AstrumServer\AstrumServer\Generated\networkcommon_C_1000.cs”中定义的类型。 [D:\Develop\Projects\Astrum\AstrumServer\AstrumServer\AstrumServer.csproj]
D:\Develop\Projects\Astrum\AstrumServer\AstrumServer\obj\Debug\net9.0\MemoryPack.Generator\MemoryPack.Generator.MemoryPackGenerator\Astrum.Generated.CancelMatchResponse.MemoryPackFormatter.g.cs(50,127): warning CS0436: “D:\Develop\Projects\Astrum\AstrumServer\AstrumServer\Generated\networkcommon_C_1000.cs”中的类型“CancelMatchResponse”与“Generated, Version=0.0.0.0, Culture=neutral, PublicKeyToken=null”中的导入类型“CancelMatchResponse”冲突。请使用“D:\Develop\Projects\Astrum\AstrumServer\AstrumServer\Generated\networkcommon_C_1000.cs”中定义的类型。 [D:\Develop\Projects\Astrum\AstrumServer\AstrumServer\AstrumServer.csproj]
D:\Develop\Projects\Astrum\AstrumServer\AstrumServer\obj\Debug\net9.0\MemoryPack.Generator\MemoryPack.Generator.MemoryPackGenerator\Astrum.Generated.CancelMatchResponse.MemoryPackFormatter.g.cs(52,74): warning CS0436: “D:\Develop\Projects\Astrum\AstrumServer\AstrumServer\Generated\networkcommon_C_1000.cs”中的类型“CancelMatchResponse”与“Generated, Version=0.0.0.0, Culture=neutral, PublicKeyToken=null”中的导入类型“CancelMatchResponse”冲突。请使用“D:\Develop\Projects\Astrum\AstrumServer\AstrumServer\Generated\networkcommon_C_1000.cs”中定义的类型。 [D:\Develop\Projects\Astrum\AstrumServer\AstrumServer\AstrumServer.csproj]
D:\Develop\Projects\Astrum\AstrumServer\AstrumServer\obj\Debug\net9.0\MemoryPack.Generator\MemoryPack.Generator.MemoryPackGenerator\Astrum.Generated.CancelMatchResponse.MemoryPackFormatter.g.cs(54,118): warning CS0436: “D:\Develop\Projects\Astrum\AstrumServer\AstrumServer\Generated\networkcommon_C_1000.cs”中的类型“CancelMatchResponse”与“Generated, Version=0.0.0.0, Culture=neutral, PublicKeyToken=null”中的导入类型“CancelMatchResponse”冲突。请使用“D:\Develop\Projects\Astrum\AstrumServer\AstrumServer\Generated\networkcommon_C_1000.cs”中定义的类型。 [D:\Develop\Projects\Astrum\AstrumServer\AstrumServer\AstrumServer.csproj]
D:\Develop\Projects\Astrum\AstrumServer\AstrumServer\obj\Debug\net9.0\MemoryPack.Generator\MemoryPack.Generator.MemoryPackGenerator\Astrum.Generated.LoginRequest.MemoryPackFormatter.g.cs(46,74): warning CS0436: “D:\Develop\Projects\Astrum\AstrumServer\AstrumServer\Generated\networkcommon_C_1000.cs”中的类型“LoginRequest”与“Generated, Version=0.0.0.0, Culture=neutral, PublicKeyToken=null”中的导入类型“LoginRequest”冲突。请使用“D:\Develop\Projects\Astrum\AstrumServer\AstrumServer\Generated\networkcommon_C_1000.cs”中定义的类型。 [D:\Develop\Projects\Astrum\AstrumServer\AstrumServer\AstrumServer.csproj]
D:\Develop\Projects\Astrum\AstrumServer\AstrumServer\obj\Debug\net9.0\MemoryPack.Generator\MemoryPack.Generator.MemoryPackGenerator\Astrum.Generated.LoginRequest.MemoryPackFormatter.g.cs(48,127): warning CS0436: “D:\Develop\Projects\Astrum\AstrumServer\AstrumServer\Generated\networkcommon_C_1000.cs”中的类型“LoginRequest”与“Generated, Version=0.0.0.0, Culture=neutral, PublicKeyToken=null”中的导入类型“LoginRequest”冲突。请使用“D:\Develop\Projects\Astrum\AstrumServer\AstrumServer\Generated\networkcommon_C_1000.cs”中定义的类型。 [D:\Develop\Projects\Astrum\AstrumServer\AstrumServer\AstrumServer.csproj]
D:\Develop\Projects\Astrum\AstrumServer\AstrumServer\obj\Debug\net9.0\MemoryPack.Generator\MemoryPack.Generator.MemoryPackGenerator\Astrum.Generated.LoginRequest.MemoryPackFormatter.g.cs(50,74): warning CS0436: “D:\Develop\Projects\Astrum\AstrumServer\AstrumServer\Generated\networkcommon_C_1000.cs”中的类型“LoginRequest”与“Generated, Version=0.0.0.0, Culture=neutral, PublicKeyToken=null”中的导入类型“LoginRequest”冲突。请使用“D:\Develop\Projects\Astrum\AstrumServer\AstrumServer\Generated\networkcommon_C_1000.cs”中定义的类型。 [D:\Develop\Projects\Astrum\AstrumServer\AstrumServer\AstrumServer.csproj]
D:\Develop\Projects\Astrum\AstrumServer\AstrumServer\obj\Debug\net9.0\MemoryPack.Generator\MemoryPack.Generator.MemoryPackGenerator\Astrum.Generated.LoginRequest.MemoryPackFormatter.g.cs(52,118): warning CS0436: “D:\Develop\Projects\Astrum\AstrumServer\AstrumServer\Generated\networkcommon_C_1000.cs”中的类型“LoginRequest”与“Generated, Version=0.0.0.0, Culture=neutral, PublicKeyToken=null”中的导入类型“LoginRequest”冲突。请使用“D:\Develop\Projects\Astrum\AstrumServer\AstrumServer\Generated\networkcommon_C_1000.cs”中定义的类型。 [D:\Develop\Projects\Astrum\AstrumServer\AstrumServer\AstrumServer.csproj]
D:\Develop\Projects\Astrum\AstrumServer\AstrumServer\Generated\networkcommon_C_1000.cs(142,23): warning CS8625: 无法将 null 字面量转换为非 null 的引用类型。 [D:\Develop\Projects\Astrum\AstrumServer\AstrumServer\AstrumServer.csproj]
D:\Develop\Projects\Astrum\AstrumServer\AstrumServer\Generated\networkcommon_C_1000.cs(143,25): warning CS8625: 无法将 null 字面量转换为非 null 的引用类型。 [D:\Develop\Projects\Astrum\AstrumServer\AstrumServer\AstrumServer.csproj]
D:\Develop\Projects\Astrum\AstrumServer\AstrumServer\Generated\networkcommon_C_1000.cs(144,32): warning CS8625: 无法将 null 字面量转换为非 null 的引用类型。 [D:\Develop\Projects\Astrum\AstrumServer\AstrumServer\AstrumServer.csproj]
D:\Develop\Projects\Astrum\AstrumServer\AstrumServer\obj\Debug\net9.0\MemoryPack.Generator\MemoryPack.Generator.MemoryPackGenerator\Astrum.Generated.JoinRoomRequest.MemoryPackFormatter.g.cs(40,65): warning CS0436: “D:\Develop\Projects\Astrum\AstrumServer\AstrumServer\Generated\networkcommon_C_1000.cs”中的类型“JoinRoomRequest”与“Generated, Version=0.0.0.0, Culture=neutral, PublicKeyToken=null”中的导入类型“JoinRoomRequest”冲突。请使用“D:\Develop\Projects\Astrum\AstrumServer\AstrumServer\Generated\networkcommon_C_1000.cs”中定义的类型。 [D:\Develop\Projects\Astrum\AstrumServer\AstrumServer\AstrumServer.csproj]
D:\Develop\Projects\Astrum\AstrumServer\AstrumServer\obj\Debug\net9.0\MemoryPack.Generator\MemoryPack.Generator.MemoryPackGenerator\Astrum.Generated.UserInfo.MemoryPackFormatter.g.cs(49,74): warning CS0436: “D:\Develop\Projects\Astrum\AstrumServer\AstrumServer\Generated\networkcommon_C_1000.cs”中的类型“UserInfo”与“Generated, Version=0.0.0.0, Culture=neutral, PublicKeyToken=null”中的导入类型“UserInfo”冲突。请使用“D:\Develop\Projects\Astrum\AstrumServer\AstrumServer\Generated\networkcommon_C_1000.cs”中定义的类型。 [D:\Develop\Projects\Astrum\AstrumServer\AstrumServer\AstrumServer.csproj]
D:\Develop\Projects\Astrum\AstrumServer\AstrumServer\obj\Debug\net9.0\MemoryPack.Generator\MemoryPack.Generator.MemoryPackGenerator\Astrum.Generated.UserInfo.MemoryPackFormatter.g.cs(51,127): warning CS0436: “D:\Develop\Projects\Astrum\AstrumServer\AstrumServer\Generated\networkcommon_C_1000.cs”中的类型“UserInfo”与“Generated, Version=0.0.0.0, Culture=neutral, PublicKeyToken=null”中的导入类型“UserInfo”冲突。请使用“D:\Develop\Projects\Astrum\AstrumServer\AstrumServer\Generated\networkcommon_C_1000.cs”中定义的类型。 [D:\Develop\Projects\Astrum\AstrumServer\AstrumServer\AstrumServer.csproj]
D:\Develop\Projects\Astrum\AstrumServer\AstrumServer\obj\Debug\net9.0\MemoryPack.Generator\MemoryPack.Generator.MemoryPackGenerator\Astrum.Generated.UserInfo.MemoryPackFormatter.g.cs(53,74): warning CS0436: “D:\Develop\Projects\Astrum\AstrumServer\AstrumServer\Generated\networkcommon_C_1000.cs”中的类型“UserInfo”与“Generated, Version=0.0.0.0, Culture=neutral, PublicKeyToken=null”中的导入类型“UserInfo”冲突。请使用“D:\Develop\Projects\Astrum\AstrumServer\AstrumServer\Generated\networkcommon_C_1000.cs”中定义的类型。 [D:\Develop\Projects\Astrum\AstrumServer\AstrumServer\AstrumServer.csproj]
D:\Develop\Projects\Astrum\AstrumServer\AstrumServer\obj\Debug\net9.0\MemoryPack.Generator\MemoryPack.Generator.MemoryPackGenerator\Astrum.Generated.UserInfo.MemoryPackFormatter.g.cs(55,118): warning CS0436: “D:\Develop\Projects\Astrum\AstrumServer\AstrumServer\Generated\networkcommon_C_1000.cs”中的类型“UserInfo”与“Generated, Version=0.0.0.0, Culture=neutral, PublicKeyToken=null”中的导入类型“UserInfo”冲突。请使用“D:\Develop\Projects\Astrum\AstrumServer\AstrumServer\Generated\networkcommon_C_1000.cs”中定义的类型。 [D:\Develop\Projects\Astrum\AstrumServer\AstrumServer\AstrumServer.csproj]
D:\Develop\Projects\Astrum\AstrumServer\AstrumServer\Managers\FrameSyncManager.cs(333,36): warning CS0436: “D:\Develop\Projects\Astrum\AstrumServer\AstrumServer\Generated\gamemessages_C_2000.cs”中的类型“FrameSyncEndNotification”与“Generated, Version=0.0.0.0, Culture=neutral, PublicKeyToken=null”中的导入类型“FrameSyncEndNotification”冲突。请使用“D:\Develop\Projects\Astrum\AstrumServer\AstrumServer\Generated\gamemessages_C_2000.cs”中定义的类型。 [D:\Develop\Projects\Astrum\AstrumServer\AstrumServer\AstrumServer.csproj]
D:\Develop\Projects\Astrum\AstrumServer\AstrumServer\Generated\networkcommon_C_1000.cs(295,27): warning CS8625: 无法将 null 字面量转换为非 null 的引用类型。 [D:\Develop\Projects\Astrum\AstrumServer\AstrumServer\AstrumServer.csproj]
D:\Develop\Projects\Astrum\AstrumServer\AstrumServer\obj\Debug\net9.0\MemoryPack.Generator\MemoryPack.Generator.MemoryPackGenerator\Astrum.Generated.LeaveRoomRequest.MemoryPackFormatter.g.cs(40,65): warning CS0436: “D:\Develop\Projects\Astrum\AstrumServer\AstrumServer\Generated\networkcommon_C_1000.cs”中的类型“LeaveRoomRequest”与“Generated, Version=0.0.0.0, Culture=neutral, PublicKeyToken=null”中的导入类型“LeaveRoomRequest”冲突。请使用“D:\Develop\Projects\Astrum\AstrumServer\AstrumServer\Generated\networkcommon_C_1000.cs”中定义的类型。 [D:\Develop\Projects\Astrum\AstrumServer\AstrumServer\AstrumServer.csproj]
D:\Develop\Projects\Astrum\AstrumServer\AstrumServer\obj\Debug\net9.0\MemoryPack.Generator\MemoryPack.Generator.MemoryPackGenerator\Astrum.Generated.CreateRoomRequest.MemoryPackFormatter.g.cs(41,65): warning CS0436: “D:\Develop\Projects\Astrum\AstrumServer\AstrumServer\Generated\networkcommon_C_1000.cs”中的类型“CreateRoomRequest”与“Generated, Version=0.0.0.0, Culture=neutral, PublicKeyToken=null”中的导入类型“CreateRoomRequest”冲突。请使用“D:\Develop\Projects\Astrum\AstrumServer\AstrumServer\Generated\networkcommon_C_1000.cs”中定义的类型。 [D:\Develop\Projects\Astrum\AstrumServer\AstrumServer\AstrumServer.csproj]
D:\Develop\Projects\Astrum\AstrumServer\AstrumServer\Managers\MatchmakingManager.cs(429,36): warning CS0436: “D:\Develop\Projects\Astrum\AstrumServer\AstrumServer\Generated\networkcommon_C_1000.cs”中的类型“MatchTimeoutNotification”与“Generated, Version=0.0.0.0, Culture=neutral, PublicKeyToken=null”中的导入类型“MatchTimeoutNotification”冲突。请使用“D:\Develop\Projects\Astrum\AstrumServer\AstrumServer\Generated\networkcommon_C_1000.cs”中定义的类型。 [D:\Develop\Projects\Astrum\AstrumServer\AstrumServer\AstrumServer.csproj]
D:\Develop\Projects\Astrum\AstrumServer\AstrumServer\obj\Debug\net9.0\MemoryPack.Generator\MemoryPack.Generator.MemoryPackGenerator\Astrum.Generated.RoomInfo.MemoryPackFormatter.g.cs(49,65): warning CS0436: “D:\Develop\Projects\Astrum\AstrumServer\AstrumServer\Generated\networkcommon_C_1000.cs”中的类型“RoomInfo”与“Generated, Version=0.0.0.0, Culture=neutral, PublicKeyToken=null”中的导入类型“RoomInfo”冲突。请使用“D:\Develop\Projects\Astrum\AstrumServer\AstrumServer\Generated\networkcommon_C_1000.cs”中定义的类型。 [D:\Develop\Projects\Astrum\AstrumServer\AstrumServer\AstrumServer.csproj]
D:\Develop\Projects\Astrum\AstrumServer\AstrumServer\obj\Debug\net9.0\MemoryPack.Generator\MemoryPack.Generator.MemoryPackGenerator\Astrum.Generated.JoinRoomRequest.MemoryPackFormatter.g.cs(47,74): warning CS0436: “D:\Develop\Projects\Astrum\AstrumServer\AstrumServer\Generated\networkcommon_C_1000.cs”中的类型“JoinRoomRequest”与“Generated, Version=0.0.0.0, Culture=neutral, PublicKeyToken=null”中的导入类型“JoinRoomRequest”冲突。请使用“D:\Develop\Projects\Astrum\AstrumServer\AstrumServer\Generated\networkcommon_C_1000.cs”中定义的类型。 [D:\Develop\Projects\Astrum\AstrumServer\AstrumServer\AstrumServer.csproj]
D:\Develop\Projects\Astrum\AstrumServer\AstrumServer\obj\Debug\net9.0\MemoryPack.Generator\MemoryPack.Generator.MemoryPackGenerator\Astrum.Generated.JoinRoomRequest.MemoryPackFormatter.g.cs(49,127): warning CS0436: “D:\Develop\Projects\Astrum\AstrumServer\AstrumServer\Generated\networkcommon_C_1000.cs”中的类型“JoinRoomRequest”与“Generated, Version=0.0.0.0, Culture=neutral, PublicKeyToken=null”中的导入类型“JoinRoomRequest”冲突。请使用“D:\Develop\Projects\Astrum\AstrumServer\AstrumServer\Generated\networkcommon_C_1000.cs”中定义的类型。 [D:\Develop\Projects\Astrum\AstrumServer\AstrumServer\AstrumServer.csproj]
D:\Develop\Projects\Astrum\AstrumServer\AstrumServer\obj\Debug\net9.0\MemoryPack.Generator\MemoryPack.Generator.MemoryPackGenerator\Astrum.Generated.JoinRoomRequest.MemoryPackFormatter.g.cs(51,74): warning CS0436: “D:\Develop\Projects\Astrum\AstrumServer\AstrumServer\Generated\networkcommon_C_1000.cs”中的类型“JoinRoomRequest”与“Generated, Version=0.0.0.0, Culture=neutral, PublicKeyToken=null”中的导入类型“JoinRoomRequest”冲突。请使用“D:\Develop\Projects\Astrum\AstrumServer\AstrumServer\Generated\networkcommon_C_1000.cs”中定义的类型。 [D:\Develop\Projects\Astrum\AstrumServer\AstrumServer\AstrumServer.csproj]
D:\Develop\Projects\Astrum\AstrumServer\AstrumServer\obj\Debug\net9.0\MemoryPack.Generator\MemoryPack.Generator.MemoryPackGenerator\Astrum.Generated.JoinRoomRequest.MemoryPackFormatter.g.cs(53,118): warning CS0436: “D:\Develop\Projects\Astrum\AstrumServer\AstrumServer\Generated\networkcommon_C_1000.cs”中的类型“JoinRoomRequest”与“Generated, Version=0.0.0.0, Culture=neutral, PublicKeyToken=null”中的导入类型“JoinRoomRequest”冲突。请使用“D:\Develop\Projects\Astrum\AstrumServer\AstrumServer\Generated\networkcommon_C_1000.cs”中定义的类型。 [D:\Develop\Projects\Astrum\AstrumServer\AstrumServer\AstrumServer.csproj]
D:\Develop\Projects\Astrum\AstrumServer\AstrumServer\obj\Debug\net9.0\MemoryPack.Generator\MemoryPack.Generator.MemoryPackGenerator\Astrum.Generated.LeaveRoomRequest.MemoryPackFormatter.g.cs(47,74): warning CS0436: “D:\Develop\Projects\Astrum\AstrumServer\AstrumServer\Generated\networkcommon_C_1000.cs”中的类型“LeaveRoomRequest”与“Generated, Version=0.0.0.0, Culture=neutral, PublicKeyToken=null”中的导入类型“LeaveRoomRequest”冲突。请使用“D:\Develop\Projects\Astrum\AstrumServer\AstrumServer\Generated\networkcommon_C_1000.cs”中定义的类型。 [D:\Develop\Projects\Astrum\AstrumServer\AstrumServer\AstrumServer.csproj]
D:\Develop\Projects\Astrum\AstrumServer\AstrumServer\obj\Debug\net9.0\MemoryPack.Generator\MemoryPack.Generator.MemoryPackGenerator\Astrum.Generated.LeaveRoomRequest.MemoryPackFormatter.g.cs(49,127): warning CS0436: “D:\Develop\Projects\Astrum\AstrumServer\AstrumServer\Generated\networkcommon_C_1000.cs”中的类型“LeaveRoomRequest”与“Generated, Version=0.0.0.0, Culture=neutral, PublicKeyToken=null”中的导入类型“LeaveRoomRequest”冲突。请使用“D:\Develop\Projects\Astrum\AstrumServer\AstrumServer\Generated\networkcommon_C_1000.cs”中定义的类型。 [D:\Develop\Projects\Astrum\AstrumServer\AstrumServer\AstrumServer.csproj]
D:\Develop\Projects\Astrum\AstrumServer\AstrumServer\obj\Debug\net9.0\MemoryPack.Generator\MemoryPack.Generator.MemoryPackGenerator\Astrum.Generated.LeaveRoomRequest.MemoryPackFormatter.g.cs(51,74): warning CS0436: “D:\Develop\Projects\Astrum\AstrumServer\AstrumServer\Generated\networkcommon_C_1000.cs”中的类型“LeaveRoomRequest”与“Generated, Version=0.0.0.0, Culture=neutral, PublicKeyToken=null”中的导入类型“LeaveRoomRequest”冲突。请使用“D:\Develop\Projects\Astrum\AstrumServer\AstrumServer\Generated\networkcommon_C_1000.cs”中定义的类型。 [D:\Develop\Projects\Astrum\AstrumServer\AstrumServer\AstrumServer.csproj]
D:\Develop\Projects\Astrum\AstrumServer\AstrumServer\obj\Debug\net9.0\MemoryPack.Generator\MemoryPack.Generator.MemoryPackGenerator\Astrum.Generated.LeaveRoomRequest.MemoryPackFormatter.g.cs(53,118): warning CS0436: “D:\Develop\Projects\Astrum\AstrumServer\AstrumServer\Generated\networkcommon_C_1000.cs”中的类型“LeaveRoomRequest”与“Generated, Version=0.0.0.0, Culture=neutral, PublicKeyToken=null”中的导入类型“LeaveRoomRequest”冲突。请使用“D:\Develop\Projects\Astrum\AstrumServer\AstrumServer\Generated\networkcommon_C_1000.cs”中定义的类型。 [D:\Develop\Projects\Astrum\AstrumServer\AstrumServer\AstrumServer.csproj]
D:\Develop\Projects\Astrum\AstrumServer\AstrumServer\obj\Debug\net9.0\MemoryPack.Generator\MemoryPack.Generator.MemoryPackGenerator\Astrum.Generated.CreateRoomRequest.MemoryPackFormatter.g.cs(48,74): warning CS0436: “D:\Develop\Projects\Astrum\AstrumServer\AstrumServer\Generated\networkcommon_C_1000.cs”中的类型“CreateRoomRequest”与“Generated, Version=0.0.0.0, Culture=neutral, PublicKeyToken=null”中的导入类型“CreateRoomRequest”冲突。请使用“D:\Develop\Projects\Astrum\AstrumServer\AstrumServer\Generated\networkcommon_C_1000.cs”中定义的类型。 [D:\Develop\Projects\Astrum\AstrumServer\AstrumServer\AstrumServer.csproj]
D:\Develop\Projects\Astrum\AstrumServer\AstrumServer\obj\Debug\net9.0\MemoryPack.Generator\MemoryPack.Generator.MemoryPackGenerator\Astrum.Generated.CreateRoomRequest.MemoryPackFormatter.g.cs(50,127): warning CS0436: “D:\Develop\Projects\Astrum\AstrumServer\AstrumServer\Generated\networkcommon_C_1000.cs”中的类型“CreateRoomRequest”与“Generated, Version=0.0.0.0, Culture=neutral, PublicKeyToken=null”中的导入类型“CreateRoomRequest”冲突。请使用“D:\Develop\Projects\Astrum\AstrumServer\AstrumServer\Generated\networkcommon_C_1000.cs”中定义的类型。 [D:\Develop\Projects\Astrum\AstrumServer\AstrumServer\AstrumServer.csproj]
D:\Develop\Projects\Astrum\AstrumServer\AstrumServer\obj\Debug\net9.0\MemoryPack.Generator\MemoryPack.Generator.MemoryPackGenerator\Astrum.Generated.CreateRoomRequest.MemoryPackFormatter.g.cs(52,74): warning CS0436: “D:\Develop\Projects\Astrum\AstrumServer\AstrumServer\Generated\networkcommon_C_1000.cs”中的类型“CreateRoomRequest”与“Generated, Version=0.0.0.0, Culture=neutral, PublicKeyToken=null”中的导入类型“CreateRoomRequest”冲突。请使用“D:\Develop\Projects\Astrum\AstrumServer\AstrumServer\Generated\networkcommon_C_1000.cs”中定义的类型。 [D:\Develop\Projects\Astrum\AstrumServer\AstrumServer\AstrumServer.csproj]
D:\Develop\Projects\Astrum\AstrumServer\AstrumServer\obj\Debug\net9.0\MemoryPack.Generator\MemoryPack.Generator.MemoryPackGenerator\Astrum.Generated.CreateRoomRequest.MemoryPackFormatter.g.cs(54,118): warning CS0436: “D:\Develop\Projects\Astrum\AstrumServer\AstrumServer\Generated\networkcommon_C_1000.cs”中的类型“CreateRoomRequest”与“Generated, Version=0.0.0.0, Culture=neutral, PublicKeyToken=null”中的导入类型“CreateRoomRequest”冲突。请使用“D:\Develop\Projects\Astrum\AstrumServer\AstrumServer\Generated\networkcommon_C_1000.cs”中定义的类型。 [D:\Develop\Projects\Astrum\AstrumServer\AstrumServer\AstrumServer.csproj]
D:\Develop\Projects\Astrum\AstrumServer\AstrumServer\obj\Debug\net9.0\MemoryPack.Generator\MemoryPack.Generator.MemoryPackGenerator\Astrum.Generated.FrameSyncData.MemoryPackFormatter.g.cs(96,34): warning CS0436: “D:\Develop\Projects\Astrum\AstrumServer\AstrumServer\Generated\gamemessages_C_2000.cs”中的类型“OneFrameInputs”与“Generated, Version=0.0.0.0, Culture=neutral, PublicKeyToken=null”中的导入类型“OneFrameInputs”冲突。请使用“D:\Develop\Projects\Astrum\AstrumServer\AstrumServer\Generated\gamemessages_C_2000.cs”中定义的类型。 [D:\Develop\Projects\Astrum\AstrumServer\AstrumServer\AstrumServer.csproj]
D:\Develop\Projects\Astrum\AstrumServer\AstrumServer\obj\Debug\net9.0\MemoryPack.Generator\MemoryPack.Generator.MemoryPackGenerator\Astrum.Generated.FrameSyncData.MemoryPackFormatter.g.cs(107,78): warning CS0436: “D:\Develop\Projects\Astrum\AstrumServer\AstrumServer\Generated\gamemessages_C_2000.cs”中的类型“OneFrameInputs”与“Generated, Version=0.0.0.0, Culture=neutral, PublicKeyToken=null”中的导入类型“OneFrameInputs”冲突。请使用“D:\Develop\Projects\Astrum\AstrumServer\AstrumServer\Generated\gamemessages_C_2000.cs”中定义的类型。 [D:\Develop\Projects\Astrum\AstrumServer\AstrumServer\AstrumServer.csproj]
D:\Develop\Projects\Astrum\AstrumServer\AstrumServer\obj\Debug\net9.0\MemoryPack.Generator\MemoryPack.Generator.MemoryPackGenerator\Astrum.Generated.FrameSyncData.MemoryPackFormatter.g.cs(133,79): warning CS0436: “D:\Develop\Projects\Astrum\AstrumServer\AstrumServer\Generated\gamemessages_C_2000.cs”中的类型“FrameSyncData”与“Generated, Version=0.0.0.0, Culture=neutral, PublicKeyToken=null”中的导入类型“FrameSyncData”冲突。请使用“D:\Develop\Projects\Astrum\AstrumServer\AstrumServer\Generated\gamemessages_C_2000.cs”中定义的类型。 [D:\Develop\Projects\Astrum\AstrumServer\AstrumServer\AstrumServer.csproj]
D:\Develop\Projects\Astrum\AstrumServer\AstrumServer\obj\Debug\net9.0\MemoryPack.Generator\MemoryPack.Generator.MemoryPackGenerator\Astrum.Generated.FrameSyncData.MemoryPackFormatter.g.cs(185,21): warning CS0436: “D:\Develop\Projects\Astrum\AstrumServer\AstrumServer\Generated\gamemessages_C_2000.cs”中的类型“FrameSyncData”与“Generated, Version=0.0.0.0, Culture=neutral, PublicKeyToken=null”中的导入类型“FrameSyncData”冲突。请使用“D:\Develop\Projects\Astrum\AstrumServer\AstrumServer\Generated\gamemessages_C_2000.cs”中定义的类型。 [D:\Develop\Projects\Astrum\AstrumServer\AstrumServer\AstrumServer.csproj]
D:\Develop\Projects\Astrum\AstrumServer\AstrumServer\Generated\gamemessages_C_2000.cs(735,23): warning CS8618: 在退出构造函数时，不可为 null 的 属性 "roomId" 必须包含非 null 值。请考虑添加 "required" 修饰符或将该 属性 声明为可为 null。 [D:\Develop\Projects\Astrum\AstrumServer\AstrumServer\AstrumServer.csproj]
D:\Develop\Projects\Astrum\AstrumServer\AstrumServer\Generated\gamemessages_C_2000.cs(747,31): warning CS8618: 在退出构造函数时，不可为 null 的 属性 "frameInputs" 必须包含非 null 值。请考虑添加 "required" 修饰符或将该 属性 声明为可为 null。 [D:\Develop\Projects\Astrum\AstrumServer\AstrumServer\AstrumServer.csproj]
D:\Develop\Projects\Astrum\AstrumServer\AstrumServer\obj\Debug\net9.0\MemoryPack.Generator\MemoryPack.Generator.MemoryPackGenerator\Astrum.Generated.RoomInfo.MemoryPackFormatter.g.cs(56,74): warning CS0436: “D:\Develop\Projects\Astrum\AstrumServer\AstrumServer\Generated\networkcommon_C_1000.cs”中的类型“RoomInfo”与“Generated, Version=0.0.0.0, Culture=neutral, PublicKeyToken=null”中的导入类型“RoomInfo”冲突。请使用“D:\Develop\Projects\Astrum\AstrumServer\AstrumServer\Generated\networkcommon_C_1000.cs”中定义的类型。 [D:\Develop\Projects\Astrum\AstrumServer\AstrumServer\AstrumServer.csproj]
D:\Develop\Projects\Astrum\AstrumServer\AstrumServer\obj\Debug\net9.0\MemoryPack.Generator\MemoryPack.Generator.MemoryPackGenerator\Astrum.Generated.RoomInfo.MemoryPackFormatter.g.cs(58,127): warning CS0436: “D:\Develop\Projects\Astrum\AstrumServer\AstrumServer\Generated\networkcommon_C_1000.cs”中的类型“RoomInfo”与“Generated, Version=0.0.0.0, Culture=neutral, PublicKeyToken=null”中的导入类型“RoomInfo”冲突。请使用“D:\Develop\Projects\Astrum\AstrumServer\AstrumServer\Generated\networkcommon_C_1000.cs”中定义的类型。 [D:\Develop\Projects\Astrum\AstrumServer\AstrumServer\AstrumServer.csproj]
D:\Develop\Projects\Astrum\AstrumServer\AstrumServer\obj\Debug\net9.0\MemoryPack.Generator\MemoryPack.Generator.MemoryPackGenerator\Astrum.Generated.RoomInfo.MemoryPackFormatter.g.cs(60,74): warning CS0436: “D:\Develop\Projects\Astrum\AstrumServer\AstrumServer\Generated\networkcommon_C_1000.cs”中的类型“RoomInfo”与“Generated, Version=0.0.0.0, Culture=neutral, PublicKeyToken=null”中的导入类型“RoomInfo”冲突。请使用“D:\Develop\Projects\Astrum\AstrumServer\AstrumServer\Generated\networkcommon_C_1000.cs”中定义的类型。 [D:\Develop\Projects\Astrum\AstrumServer\AstrumServer\AstrumServer.csproj]
D:\Develop\Projects\Astrum\AstrumServer\AstrumServer\obj\Debug\net9.0\MemoryPack.Generator\MemoryPack.Generator.MemoryPackGenerator\Astrum.Generated.RoomInfo.MemoryPackFormatter.g.cs(62,118): warning CS0436: “D:\Develop\Projects\Astrum\AstrumServer\AstrumServer\Generated\networkcommon_C_1000.cs”中的类型“RoomInfo”与“Generated, Version=0.0.0.0, Culture=neutral, PublicKeyToken=null”中的导入类型“RoomInfo”冲突。请使用“D:\Develop\Projects\Astrum\AstrumServer\AstrumServer\Generated\networkcommon_C_1000.cs”中定义的类型。 [D:\Develop\Projects\Astrum\AstrumServer\AstrumServer\AstrumServer.csproj]
D:\Develop\Projects\Astrum\AstrumServer\AstrumServer\Core\GameServer.cs(381,38): warning CS8604: “void GameServer.NotifyRoomUpdate(RoomInfo roomInfo, string updateType, string relatedUserId)”中的形参“roomInfo”可能传入 null 引用实参。 [D:\Develop\Projects\Astrum\AstrumServer\AstrumServer\AstrumServer.csproj]
D:\Develop\Projects\Astrum\AstrumServer\AstrumServer\obj\Debug\net9.0\MemoryPack.Generator\MemoryPack.Generator.MemoryPackGenerator\Astrum.Generated.FrameSyncEndNotification.MemoryPackFormatter.g.cs(131,79): warning CS0436: “D:\Develop\Projects\Astrum\AstrumServer\AstrumServer\Generated\gamemessages_C_2000.cs”中的类型“FrameSyncEndNotification”与“Generated, Version=0.0.0.0, Culture=neutral, PublicKeyToken=null”中的导入类型“FrameSyncEndNotification”冲突。请使用“D:\Develop\Projects\Astrum\AstrumServer\AstrumServer\Generated\gamemessages_C_2000.cs”中定义的类型。 [D:\Develop\Projects\Astrum\AstrumServer\AstrumServer\AstrumServer.csproj]
D:\Develop\Projects\Astrum\AstrumServer\AstrumServer\obj\Debug\net9.0\MemoryPack.Generator\MemoryPack.Generator.MemoryPackGenerator\Astrum.Generated.FrameSyncEndNotification.MemoryPackFormatter.g.cs(183,21): warning CS0436: “D:\Develop\Projects\Astrum\AstrumServer\AstrumServer\Generated\gamemessages_C_2000.cs”中的类型“FrameSyncEndNotification”与“Generated, Version=0.0.0.0, Culture=neutral, PublicKeyToken=null”中的导入类型“FrameSyncEndNotification”冲突。请使用“D:\Develop\Projects\Astrum\AstrumServer\AstrumServer\Generated\gamemessages_C_2000.cs”中定义的类型。 [D:\Develop\Projects\Astrum\AstrumServer\AstrumServer\AstrumServer.csproj]
D:\Develop\Projects\Astrum\AstrumServer\AstrumServer\Generated\gamemessages_C_2000.cs(685,23): warning CS8618: 在退出构造函数时，不可为 null 的 属性 "roomId" 必须包含非 null 值。请考虑添加 "required" 修饰符或将该 属性 声明为可为 null。 [D:\Develop\Projects\Astrum\AstrumServer\AstrumServer\AstrumServer.csproj]
D:\Develop\Projects\Astrum\AstrumServer\AstrumServer\Generated\gamemessages_C_2000.cs(703,23): warning CS8618: 在退出构造函数时，不可为 null 的 属性 "reason" 必须包含非 null 值。请考虑添加 "required" 修饰符或将该 属性 声明为可为 null。 [D:\Develop\Projects\Astrum\AstrumServer\AstrumServer\AstrumServer.csproj]
D:\Develop\Projects\Astrum\AstrumServer\AstrumServer\Generated\networkcommon_C_1000.cs(309,53): warning CS0436: “D:\Develop\Projects\Astrum\AstrumServer\AstrumServer\Generated\networkcommon_C_1000.cs”中的类型“GetRoomListRequest”与“Generated, Version=0.0.0.0, Culture=neutral, PublicKeyToken=null”中的导入类型“GetRoomListRequest”冲突。请使用“D:\Develop\Projects\Astrum\AstrumServer\AstrumServer\Generated\networkcommon_C_1000.cs”中定义的类型。 [D:\Develop\Projects\Astrum\AstrumServer\AstrumServer\AstrumServer.csproj]
D:\Develop\Projects\Astrum\AstrumServer\AstrumServer\Generated\networkcommon_C_1000.cs(309,89): warning CS0436: “D:\Develop\Projects\Astrum\AstrumServer\AstrumServer\Generated\networkcommon_C_1000.cs”中的类型“GetRoomListRequest”与“Generated, Version=0.0.0.0, Culture=neutral, PublicKeyToken=null”中的导入类型“GetRoomListRequest”冲突。请使用“D:\Develop\Projects\Astrum\AstrumServer\AstrumServer\Generated\networkcommon_C_1000.cs”中定义的类型。 [D:\Develop\Projects\Astrum\AstrumServer\AstrumServer\AstrumServer.csproj]
D:\Develop\Projects\Astrum\AstrumServer\AstrumServer\Generated\networkcommon_C_1000.cs(309,20): warning CS8603: 可能返回 null 引用。 [D:\Develop\Projects\Astrum\AstrumServer\AstrumServer\AstrumServer.csproj]
D:\Develop\Projects\Astrum\AstrumServer\AstrumServer\obj\Debug\net9.0\MemoryPack.Generator\MemoryPack.Generator.MemoryPackGenerator\Astrum.Generated.GameRequest.MemoryPackFormatter.g.cs(99,34): warning CS0436: “D:\Develop\Projects\Astrum\AstrumServer\AstrumServer\Generated\game_S_3000.cs”中的类型“PlayerInfo”与“Generated, Version=0.0.0.0, Culture=neutral, PublicKeyToken=null”中的导入类型“PlayerInfo”冲突。请使用“D:\Develop\Projects\Astrum\AstrumServer\AstrumServer\Generated\game_S_3000.cs”中定义的类型。 [D:\Develop\Projects\Astrum\AstrumServer\AstrumServer\AstrumServer.csproj]
D:\Develop\Projects\Astrum\AstrumServer\AstrumServer\obj\Debug\net9.0\MemoryPack.Generator\MemoryPack.Generator.MemoryPackGenerator\Astrum.Generated.GameRequest.MemoryPackFormatter.g.cs(109,73): warning CS0436: “D:\Develop\Projects\Astrum\AstrumServer\AstrumServer\Generated\game_S_3000.cs”中的类型“PlayerInfo”与“Generated, Version=0.0.0.0, Culture=neutral, PublicKeyToken=null”中的导入类型“PlayerInfo”冲突。请使用“D:\Develop\Projects\Astrum\AstrumServer\AstrumServer\Generated\game_S_3000.cs”中定义的类型。 [D:\Develop\Projects\Astrum\AstrumServer\AstrumServer\AstrumServer.csproj]
D:\Develop\Projects\Astrum\AstrumServer\AstrumServer\obj\Debug\net9.0\MemoryPack.Generator\MemoryPack.Generator.MemoryPackGenerator\Astrum.Generated.GameRequest.MemoryPackFormatter.g.cs(135,79): warning CS0436: “D:\Develop\Projects\Astrum\AstrumServer\AstrumServer\Generated\game_S_3000.cs”中的类型“GameRequest”与“Generated, Version=0.0.0.0, Culture=neutral, PublicKeyToken=null”中的导入类型“GameRequest”冲突。请使用“D:\Develop\Projects\Astrum\AstrumServer\AstrumServer\Generated\game_S_3000.cs”中定义的类型。 [D:\Develop\Projects\Astrum\AstrumServer\AstrumServer\AstrumServer.csproj]
D:\Develop\Projects\Astrum\AstrumServer\AstrumServer\obj\Debug\net9.0\MemoryPack.Generator\MemoryPack.Generator.MemoryPackGenerator\Astrum.Generated.GameRequest.MemoryPackFormatter.g.cs(187,21): warning CS0436: “D:\Develop\Projects\Astrum\AstrumServer\AstrumServer\Generated\game_S_3000.cs”中的类型“GameRequest”与“Generated, Version=0.0.0.0, Culture=neutral, PublicKeyToken=null”中的导入类型“GameRequest”冲突。请使用“D:\Develop\Projects\Astrum\AstrumServer\AstrumServer\Generated\game_S_3000.cs”中定义的类型。 [D:\Develop\Projects\Astrum\AstrumServer\AstrumServer\AstrumServer.csproj]
D:\Develop\Projects\Astrum\AstrumServer\AstrumServer\Generated\game_S_3000.cs(83,23): warning CS8618: 在退出构造函数时，不可为 null 的 属性 "action" 必须包含非 null 值。请考虑添加 "required" 修饰符或将该 属性 声明为可为 null。 [D:\Develop\Projects\Astrum\AstrumServer\AstrumServer\AstrumServer.csproj]
D:\Develop\Projects\Astrum\AstrumServer\AstrumServer\Generated\game_S_3000.cs(89,27): warning CS8618: 在退出构造函数时，不可为 null 的 属性 "player" 必须包含非 null 值。请考虑添加 "required" 修饰符或将该 属性 声明为可为 null。 [D:\Develop\Projects\Astrum\AstrumServer\AstrumServer\AstrumServer.csproj]
D:\Develop\Projects\Astrum\AstrumServer\AstrumServer\obj\Debug\net9.0\MemoryPack.Generator\MemoryPack.Generator.MemoryPackGenerator\Astrum.Generated.GetRoomListRequest.MemoryPackFormatter.g.cs(39,65): warning CS0436: “D:\Develop\Projects\Astrum\AstrumServer\AstrumServer\Generated\networkcommon_C_1000.cs”中的类型“GetRoomListRequest”与“Generated, Version=0.0.0.0, Culture=neutral, PublicKeyToken=null”中的导入类型“GetRoomListRequest”冲突。请使用“D:\Develop\Projects\Astrum\AstrumServer\AstrumServer\Generated\networkcommon_C_1000.cs”中定义的类型。 [D:\Develop\Projects\Astrum\AstrumServer\AstrumServer\AstrumServer.csproj]
D:\Develop\Projects\Astrum\AstrumServer\AstrumServer\Generated\networkcommon_C_1000.cs(388,53): warning CS0436: “D:\Develop\Projects\Astrum\AstrumServer\AstrumServer\Generated\networkcommon_C_1000.cs”中的类型“RoomUpdateNotification”与“Generated, Version=0.0.0.0, Culture=neutral, PublicKeyToken=null”中的导入类型“RoomUpdateNotification”冲突。请使用“D:\Develop\Projects\Astrum\AstrumServer\AstrumServer\Generated\networkcommon_C_1000.cs”中定义的类型。 [D:\Develop\Projects\Astrum\AstrumServer\AstrumServer\AstrumServer.csproj]
D:\Develop\Projects\Astrum\AstrumServer\AstrumServer\Generated\networkcommon_C_1000.cs(388,93): warning CS0436: “D:\Develop\Projects\Astrum\AstrumServer\AstrumServer\Generated\networkcommon_C_1000.cs”中的类型“RoomUpdateNotification”与“Generated, Version=0.0.0.0, Culture=neutral, PublicKeyToken=null”中的导入类型“RoomUpdateNotification”冲突。请使用“D:\Develop\Projects\Astrum\AstrumServer\AstrumServer\Generated\networkcommon_C_1000.cs”中定义的类型。 [D:\Develop\Projects\Astrum\AstrumServer\AstrumServer\AstrumServer.csproj]
D:\Develop\Projects\Astrum\AstrumServer\AstrumServer\Generated\networkcommon_C_1000.cs(388,20): warning CS8603: 可能返回 null 引用。 [D:\Develop\Projects\Astrum\AstrumServer\AstrumServer\AstrumServer.csproj]
D:\Develop\Projects\Astrum\AstrumServer\AstrumServer\obj\Debug\net9.0\MemoryPack.Generator\MemoryPack.Generator.MemoryPackGenerator\Astrum.Generated.GetRoomListRequest.MemoryPackFormatter.g.cs(49,74): warning CS0436: “D:\Develop\Projects\Astrum\AstrumServer\AstrumServer\Generated\networkcommon_C_1000.cs”中的类型“GetRoomListRequest”与“Generated, Version=0.0.0.0, Culture=neutral, PublicKeyToken=null”中的导入类型“GetRoomListRequest”冲突。请使用“D:\Develop\Projects\Astrum\AstrumServer\AstrumServer\Generated\networkcommon_C_1000.cs”中定义的类型。 [D:\Develop\Projects\Astrum\AstrumServer\AstrumServer\AstrumServer.csproj]
D:\Develop\Projects\Astrum\AstrumServer\AstrumServer\obj\Debug\net9.0\MemoryPack.Generator\MemoryPack.Generator.MemoryPackGenerator\Astrum.Generated.GetRoomListRequest.MemoryPackFormatter.g.cs(51,127): warning CS0436: “D:\Develop\Projects\Astrum\AstrumServer\AstrumServer\Generated\networkcommon_C_1000.cs”中的类型“GetRoomListRequest”与“Generated, Version=0.0.0.0, Culture=neutral, PublicKeyToken=null”中的导入类型“GetRoomListRequest”冲突。请使用“D:\Develop\Projects\Astrum\AstrumServer\AstrumServer\Generated\networkcommon_C_1000.cs”中定义的类型。 [D:\Develop\Projects\Astrum\AstrumServer\AstrumServer\AstrumServer.csproj]
D:\Develop\Projects\Astrum\AstrumServer\AstrumServer\obj\Debug\net9.0\MemoryPack.Generator\MemoryPack.Generator.MemoryPackGenerator\Astrum.Generated.GetRoomListRequest.MemoryPackFormatter.g.cs(53,74): warning CS0436: “D:\Develop\Projects\Astrum\AstrumServer\AstrumServer\Generated\networkcommon_C_1000.cs”中的类型“GetRoomListRequest”与“Generated, Version=0.0.0.0, Culture=neutral, PublicKeyToken=null”中的导入类型“GetRoomListRequest”冲突。请使用“D:\Develop\Projects\Astrum\AstrumServer\AstrumServer\Generated\networkcommon_C_1000.cs”中定义的类型。 [D:\Develop\Projects\Astrum\AstrumServer\AstrumServer\AstrumServer.csproj]
D:\Develop\Projects\Astrum\AstrumServer\AstrumServer\obj\Debug\net9.0\MemoryPack.Generator\MemoryPack.Generator.MemoryPackGenerator\Astrum.Generated.GetRoomListRequest.MemoryPackFormatter.g.cs(55,118): warning CS0436: “D:\Develop\Projects\Astrum\AstrumServer\AstrumServer\Generated\networkcommon_C_1000.cs”中的类型“GetRoomListRequest”与“Generated, Version=0.0.0.0, Culture=neutral, PublicKeyToken=null”中的导入类型“GetRoomListRequest”冲突。请使用“D:\Develop\Projects\Astrum\AstrumServer\AstrumServer\Generated\networkcommon_C_1000.cs”中定义的类型。 [D:\Develop\Projects\Astrum\AstrumServer\AstrumServer\AstrumServer.csproj]
D:\Develop\Projects\Astrum\AstrumServer\AstrumServer\Generated\networkcommon_C_1000.cs(338,53): warning CS0436: “D:\Develop\Projects\Astrum\AstrumServer\AstrumServer\Generated\networkcommon_C_1000.cs”中的类型“GetRoomListResponse”与“Generated, Version=0.0.0.0, Culture=neutral, PublicKeyToken=null”中的导入类型“GetRoomListResponse”冲突。请使用“D:\Develop\Projects\Astrum\AstrumServer\AstrumServer\Generated\networkcommon_C_1000.cs”中定义的类型。 [D:\Develop\Projects\Astrum\AstrumServer\AstrumServer\AstrumServer.csproj]
D:\Develop\Projects\Astrum\AstrumServer\AstrumServer\Generated\networkcommon_C_1000.cs(338,90): warning CS0436: “D:\Develop\Projects\Astrum\AstrumServer\AstrumServer\Generated\networkcommon_C_1000.cs”中的类型“GetRoomListResponse”与“Generated, Version=0.0.0.0, Culture=neutral, PublicKeyToken=null”中的导入类型“GetRoomListResponse”冲突。请使用“D:\Develop\Projects\Astrum\AstrumServer\AstrumServer\Generated\networkcommon_C_1000.cs”中定义的类型。 [D:\Develop\Projects\Astrum\AstrumServer\AstrumServer\AstrumServer.csproj]
D:\Develop\Projects\Astrum\AstrumServer\AstrumServer\Generated\networkcommon_C_1000.cs(338,20): warning CS8603: 可能返回 null 引用。 [D:\Develop\Projects\Astrum\AstrumServer\AstrumServer\AstrumServer.csproj]
D:\Develop\Projects\Astrum\AstrumServer\AstrumServer\Generated\networkcommon_C_1000.cs(538,53): warning CS0436: “D:\Develop\Projects\Astrum\AstrumServer\AstrumServer\Generated\networkcommon_C_1000.cs”中的类型“LeaveRoomResponse”与“Generated, Version=0.0.0.0, Culture=neutral, PublicKeyToken=null”中的导入类型“LeaveRoomResponse”冲突。请使用“D:\Develop\Projects\Astrum\AstrumServer\AstrumServer\Generated\networkcommon_C_1000.cs”中定义的类型。 [D:\Develop\Projects\Astrum\AstrumServer\AstrumServer\AstrumServer.csproj]
D:\Develop\Projects\Astrum\AstrumServer\AstrumServer\Generated\networkcommon_C_1000.cs(538,88): warning CS0436: “D:\Develop\Projects\Astrum\AstrumServer\AstrumServer\Generated\networkcommon_C_1000.cs”中的类型“LeaveRoomResponse”与“Generated, Version=0.0.0.0, Culture=neutral, PublicKeyToken=null”中的导入类型“LeaveRoomResponse”冲突。请使用“D:\Develop\Projects\Astrum\AstrumServer\AstrumServer\Generated\networkcommon_C_1000.cs”中定义的类型。 [D:\Develop\Projects\Astrum\AstrumServer\AstrumServer\AstrumServer.csproj]
D:\Develop\Projects\Astrum\AstrumServer\AstrumServer\Generated\networkcommon_C_1000.cs(538,20): warning CS8603: 可能返回 null 引用。 [D:\Develop\Projects\Astrum\AstrumServer\AstrumServer\AstrumServer.csproj]
D:\Develop\Projects\Astrum\AstrumServer\AstrumServer\Generated\networkcommon_C_1000.cs(438,53): warning CS0436: “D:\Develop\Projects\Astrum\AstrumServer\AstrumServer\Generated\networkcommon_C_1000.cs”中的类型“CreateRoomResponse”与“Generated, Version=0.0.0.0, Culture=neutral, PublicKeyToken=null”中的导入类型“CreateRoomResponse”冲突。请使用“D:\Develop\Projects\Astrum\AstrumServer\AstrumServer\Generated\networkcommon_C_1000.cs”中定义的类型。 [D:\Develop\Projects\Astrum\AstrumServer\AstrumServer\AstrumServer.csproj]
D:\Develop\Projects\Astrum\AstrumServer\AstrumServer\Generated\networkcommon_C_1000.cs(438,89): warning CS0436: “D:\Develop\Projects\Astrum\AstrumServer\AstrumServer\Generated\networkcommon_C_1000.cs”中的类型“CreateRoomResponse”与“Generated, Version=0.0.0.0, Culture=neutral, PublicKeyToken=null”中的导入类型“CreateRoomResponse”冲突。请使用“D:\Develop\Projects\Astrum\AstrumServer\AstrumServer\Generated\networkcommon_C_1000.cs”中定义的类型。 [D:\Develop\Projects\Astrum\AstrumServer\AstrumServer\AstrumServer.csproj]
D:\Develop\Projects\Astrum\AstrumServer\AstrumServer\Generated\networkcommon_C_1000.cs(438,20): warning CS8603: 可能返回 null 引用。 [D:\Develop\Projects\Astrum\AstrumServer\AstrumServer\AstrumServer.csproj]
D:\Develop\Projects\Astrum\AstrumServer\AstrumServer\Generated\networkcommon_C_1000.cs(422,25): warning CS8625: 无法将 null 字面量转换为非 null 的引用类型。 [D:\Develop\Projects\Astrum\AstrumServer\AstrumServer\AstrumServer.csproj]
D:\Develop\Projects\Astrum\AstrumServer\AstrumServer\Generated\networkcommon_C_1000.cs(423,31): warning CS8625: 无法将 null 字面量转换为非 null 的引用类型。 [D:\Develop\Projects\Astrum\AstrumServer\AstrumServer\AstrumServer.csproj]
D:\Develop\Projects\Astrum\AstrumServer\AstrumServer\Generated\networkcommon_C_1000.cs(424,34): warning CS8625: 无法将 null 字面量转换为非 null 的引用类型。 [D:\Develop\Projects\Astrum\AstrumServer\AstrumServer\AstrumServer.csproj]
D:\Develop\Projects\Astrum\AstrumServer\AstrumServer\obj\Debug\net9.0\MemoryPack.Generator\MemoryPack.Generator.MemoryPackGenerator\Astrum.Generated.RoomUpdateNotification.MemoryPackFormatter.g.cs(42,65): warning CS0436: “D:\Develop\Projects\Astrum\AstrumServer\AstrumServer\Generated\networkcommon_C_1000.cs”中的类型“RoomUpdateNotification”与“Generated, Version=0.0.0.0, Culture=neutral, PublicKeyToken=null”中的导入类型“RoomUpdateNotification”冲突。请使用“D:\Develop\Projects\Astrum\AstrumServer\AstrumServer\Generated\networkcommon_C_1000.cs”中定义的类型。 [D:\Develop\Projects\Astrum\AstrumServer\AstrumServer\AstrumServer.csproj]
D:\Develop\Projects\Astrum\AstrumServer\AstrumServer\obj\Debug\net9.0\MemoryPack.Generator\MemoryPack.Generator.MemoryPackGenerator\Astrum.Generated.FrameSyncStartNotification.MemoryPackFormatter.g.cs(139,79): warning CS0436: “D:\Develop\Projects\Astrum\AstrumServer\AstrumServer\Generated\gamemessages_C_2000.cs”中的类型“FrameSyncStartNotification”与“Generated, Version=0.0.0.0, Culture=neutral, PublicKeyToken=null”中的导入类型“FrameSyncStartNotification”冲突。请使用“D:\Develop\Projects\Astrum\AstrumServer\AstrumServer\Generated\gamemessages_C_2000.cs”中定义的类型。 [D:\Develop\Projects\Astrum\AstrumServer\AstrumServer\AstrumServer.csproj]
D:\Develop\Projects\Astrum\AstrumServer\AstrumServer\obj\Debug\net9.0\MemoryPack.Generator\MemoryPack.Generator.MemoryPackGenerator\Astrum.Generated.FrameSyncStartNotification.MemoryPackFormatter.g.cs(195,21): warning CS0436: “D:\Develop\Projects\Astrum\AstrumServer\AstrumServer\Generated\gamemessages_C_2000.cs”中的类型“FrameSyncStartNotification”与“Generated, Version=0.0.0.0, Culture=neutral, PublicKeyToken=null”中的导入类型“FrameSyncStartNotification”冲突。请使用“D:\Develop\Projects\Astrum\AstrumServer\AstrumServer\Generated\gamemessages_C_2000.cs”中定义的类型。 [D:\Develop\Projects\Astrum\AstrumServer\AstrumServer\AstrumServer.csproj]
D:\Develop\Projects\Astrum\AstrumServer\AstrumServer\Generated\gamemessages_C_2000.cs(628,23): warning CS8618: 在退出构造函数时，不可为 null 的 属性 "roomId" 必须包含非 null 值。请考虑添加 "required" 修饰符或将该 属性 声明为可为 null。 [D:\Develop\Projects\Astrum\AstrumServer\AstrumServer\AstrumServer.csproj]
D:\Develop\Projects\Astrum\AstrumServer\AstrumServer\Generated\networkcommon_C_1000.cs(373,28): warning CS8625: 无法将 null 字面量转换为非 null 的引用类型。 [D:\Develop\Projects\Astrum\AstrumServer\AstrumServer\AstrumServer.csproj]
D:\Develop\Projects\Astrum\AstrumServer\AstrumServer\obj\Debug\net9.0\MemoryPack.Generator\MemoryPack.Generator.MemoryPackGenerator\Astrum.Generated.LoginRequest.MemoryPackFormatter.g.cs(115,79): warning CS0436: “D:\Develop\Projects\Astrum\AstrumServer\AstrumServer\Generated\networkcommon_C_1000.cs”中的类型“LoginRequest”与“Generated, Version=0.0.0.0, Culture=neutral, PublicKeyToken=null”中的导入类型“LoginRequest”冲突。请使用“D:\Develop\Projects\Astrum\AstrumServer\AstrumServer\Generated\networkcommon_C_1000.cs”中定义的类型。 [D:\Develop\Projects\Astrum\AstrumServer\AstrumServer\AstrumServer.csproj]
D:\Develop\Projects\Astrum\AstrumServer\AstrumServer\obj\Debug\net9.0\MemoryPack.Generator\MemoryPack.Generator.MemoryPackGenerator\Astrum.Generated.LoginRequest.MemoryPackFormatter.g.cs(155,21): warning CS0436: “D:\Develop\Projects\Astrum\AstrumServer\AstrumServer\Generated\networkcommon_C_1000.cs”中的类型“LoginRequest”与“Generated, Version=0.0.0.0, Culture=neutral, PublicKeyToken=null”中的导入类型“LoginRequest”冲突。请使用“D:\Develop\Projects\Astrum\AstrumServer\AstrumServer\Generated\networkcommon_C_1000.cs”中定义的类型。 [D:\Develop\Projects\Astrum\AstrumServer\AstrumServer\AstrumServer.csproj]
D:\Develop\Projects\Astrum\AstrumServer\AstrumServer\Generated\networkcommon_C_1000.cs(172,23): warning CS8618: 在退出构造函数时，不可为 null 的 属性 "DisplayName" 必须包含非 null 值。请考虑添加 "required" 修饰符或将该 属性 声明为可为 null。 [D:\Develop\Projects\Astrum\AstrumServer\AstrumServer\AstrumServer.csproj]
D:\Develop\Projects\Astrum\AstrumServer\AstrumServer\Generated\networkcommon_C_1000.cs(588,53): warning CS0436: “D:\Develop\Projects\Astrum\AstrumServer\AstrumServer\Generated\networkcommon_C_1000.cs”中的类型“LoginResponse”与“Generated, Version=0.0.0.0, Culture=neutral, PublicKeyToken=null”中的导入类型“LoginResponse”冲突。请使用“D:\Develop\Projects\Astrum\AstrumServer\AstrumServer\Generated\networkcommon_C_1000.cs”中定义的类型。 [D:\Develop\Projects\Astrum\AstrumServer\AstrumServer\AstrumServer.csproj]
D:\Develop\Projects\Astrum\AstrumServer\AstrumServer\Generated\networkcommon_C_1000.cs(588,84): warning CS0436: “D:\Develop\Projects\Astrum\AstrumServer\AstrumServer\Generated\networkcommon_C_1000.cs”中的类型“LoginResponse”与“Generated, Version=0.0.0.0, Culture=neutral, PublicKeyToken=null”中的导入类型“LoginResponse”冲突。请使用“D:\Develop\Projects\Astrum\AstrumServer\AstrumServer\Generated\networkcommon_C_1000.cs”中定义的类型。 [D:\Develop\Projects\Astrum\AstrumServer\AstrumServer\AstrumServer.csproj]
D:\Develop\Projects\Astrum\AstrumServer\AstrumServer\Generated\networkcommon_C_1000.cs(588,20): warning CS8603: 可能返回 null 引用。 [D:\Develop\Projects\Astrum\AstrumServer\AstrumServer\AstrumServer.csproj]
D:\Develop\Projects\Astrum\AstrumServer\AstrumServer\Generated\networkcommon_C_1000.cs(488,53): warning CS0436: “D:\Develop\Projects\Astrum\AstrumServer\AstrumServer\Generated\networkcommon_C_1000.cs”中的类型“JoinRoomResponse”与“Generated, Version=0.0.0.0, Culture=neutral, PublicKeyToken=null”中的导入类型“JoinRoomResponse”冲突。请使用“D:\Develop\Projects\Astrum\AstrumServer\AstrumServer\Generated\networkcommon_C_1000.cs”中定义的类型。 [D:\Develop\Projects\Astrum\AstrumServer\AstrumServer\AstrumServer.csproj]
D:\Develop\Projects\Astrum\AstrumServer\AstrumServer\Generated\networkcommon_C_1000.cs(488,87): warning CS0436: “D:\Develop\Projects\Astrum\AstrumServer\AstrumServer\Generated\networkcommon_C_1000.cs”中的类型“JoinRoomResponse”与“Generated, Version=0.0.0.0, Culture=neutral, PublicKeyToken=null”中的导入类型“JoinRoomResponse”冲突。请使用“D:\Develop\Projects\Astrum\AstrumServer\AstrumServer\Generated\networkcommon_C_1000.cs”中定义的类型。 [D:\Develop\Projects\Astrum\AstrumServer\AstrumServer\AstrumServer.csproj]
D:\Develop\Projects\Astrum\AstrumServer\AstrumServer\Generated\networkcommon_C_1000.cs(488,20): warning CS8603: 可能返回 null 引用。 [D:\Develop\Projects\Astrum\AstrumServer\AstrumServer\AstrumServer.csproj]
D:\Develop\Projects\Astrum\AstrumServer\AstrumServer\Generated\networkcommon_C_1000.cs(473,28): warning CS8625: 无法将 null 字面量转换为非 null 的引用类型。 [D:\Develop\Projects\Astrum\AstrumServer\AstrumServer\AstrumServer.csproj]
D:\Develop\Projects\Astrum\AstrumServer\AstrumServer\Generated\networkcommon_C_1000.cs(474,25): warning CS8625: 无法将 null 字面量转换为非 null 的引用类型。 [D:\Develop\Projects\Astrum\AstrumServer\AstrumServer\AstrumServer.csproj]
D:\Develop\Projects\Astrum\AstrumServer\AstrumServer\obj\Debug\net9.0\MemoryPack.Generator\MemoryPack.Generator.MemoryPackGenerator\Astrum.Generated.CreateRoomResponse.MemoryPackFormatter.g.cs(42,65): warning CS0436: “D:\Develop\Projects\Astrum\AstrumServer\AstrumServer\Generated\networkcommon_C_1000.cs”中的类型“CreateRoomResponse”与“Generated, Version=0.0.0.0, Culture=neutral, PublicKeyToken=null”中的导入类型“CreateRoomResponse”冲突。请使用“D:\Develop\Projects\Astrum\AstrumServer\AstrumServer\Generated\networkcommon_C_1000.cs”中定义的类型。 [D:\Develop\Projects\Astrum\AstrumServer\AstrumServer\AstrumServer.csproj]
D:\Develop\Projects\Astrum\AstrumServer\AstrumServer\obj\Debug\net9.0\MemoryPack.Generator\MemoryPack.Generator.MemoryPackGenerator\Astrum.Generated.GetRoomListResponse.MemoryPackFormatter.g.cs(42,65): warning CS0436: “D:\Develop\Projects\Astrum\AstrumServer\AstrumServer\Generated\networkcommon_C_1000.cs”中的类型“GetRoomListResponse”与“Generated, Version=0.0.0.0, Culture=neutral, PublicKeyToken=null”中的导入类型“GetRoomListResponse”冲突。请使用“D:\Develop\Projects\Astrum\AstrumServer\AstrumServer\Generated\networkcommon_C_1000.cs”中定义的类型。 [D:\Develop\Projects\Astrum\AstrumServer\AstrumServer\AstrumServer.csproj]
D:\Develop\Projects\Astrum\AstrumServer\AstrumServer\obj\Debug\net9.0\MemoryPack.Generator\MemoryPack.Generator.MemoryPackGenerator\Astrum.Generated.PlayerInfo.MemoryPackFormatter.g.cs(145,79): warning CS0436: “D:\Develop\Projects\Astrum\AstrumServer\AstrumServer\Generated\game_S_3000.cs”中的类型“PlayerInfo”与“Generated, Version=0.0.0.0, Culture=neutral, PublicKeyToken=null”中的导入类型“PlayerInfo”冲突。请使用“D:\Develop\Projects\Astrum\AstrumServer\AstrumServer\Generated\game_S_3000.cs”中定义的类型。 [D:\Develop\Projects\Astrum\AstrumServer\AstrumServer\AstrumServer.csproj]
D:\Develop\Projects\Astrum\AstrumServer\AstrumServer\obj\Debug\net9.0\MemoryPack.Generator\MemoryPack.Generator.MemoryPackGenerator\Astrum.Generated.PlayerInfo.MemoryPackFormatter.g.cs(201,21): warning CS0436: “D:\Develop\Projects\Astrum\AstrumServer\AstrumServer\Generated\game_S_3000.cs”中的类型“PlayerInfo”与“Generated, Version=0.0.0.0, Culture=neutral, PublicKeyToken=null”中的导入类型“PlayerInfo”冲突。请使用“D:\Develop\Projects\Astrum\AstrumServer\AstrumServer\Generated\game_S_3000.cs”中定义的类型。 [D:\Develop\Projects\Astrum\AstrumServer\AstrumServer\AstrumServer.csproj]
D:\Develop\Projects\Astrum\AstrumServer\AstrumServer\Generated\networkcommon_C_1000.cs(623,28): warning CS8625: 无法将 null 字面量转换为非 null 的引用类型。 [D:\Develop\Projects\Astrum\AstrumServer\AstrumServer\AstrumServer.csproj]
D:\Develop\Projects\Astrum\AstrumServer\AstrumServer\Generated\networkcommon_C_1000.cs(624,25): warning CS8625: 无法将 null 字面量转换为非 null 的引用类型。 [D:\Develop\Projects\Astrum\AstrumServer\AstrumServer\AstrumServer.csproj]
D:\Develop\Projects\Astrum\AstrumServer\AstrumServer\Generated\networkcommon_C_1000.cs(523,28): warning CS8625: 无法将 null 字面量转换为非 null 的引用类型。 [D:\Develop\Projects\Astrum\AstrumServer\AstrumServer\AstrumServer.csproj]
D:\Develop\Projects\Astrum\AstrumServer\AstrumServer\Generated\networkcommon_C_1000.cs(524,25): warning CS8625: 无法将 null 字面量转换为非 null 的引用类型。 [D:\Develop\Projects\Astrum\AstrumServer\AstrumServer\AstrumServer.csproj]
D:\Develop\Projects\Astrum\AstrumServer\AstrumServer\obj\Debug\net9.0\MemoryPack.Generator\MemoryPack.Generator.MemoryPackGenerator\Astrum.Generated.JoinRoomRequest.MemoryPackFormatter.g.cs(121,79): warning CS0436: “D:\Develop\Projects\Astrum\AstrumServer\AstrumServer\Generated\networkcommon_C_1000.cs”中的类型“JoinRoomRequest”与“Generated, Version=0.0.0.0, Culture=neutral, PublicKeyToken=null”中的导入类型“JoinRoomRequest”冲突。请使用“D:\Develop\Projects\Astrum\AstrumServer\AstrumServer\Generated\networkcommon_C_1000.cs”中定义的类型。 [D:\Develop\Projects\Astrum\AstrumServer\AstrumServer\AstrumServer.csproj]
D:\Develop\Projects\Astrum\AstrumServer\AstrumServer\obj\Debug\net9.0\MemoryPack.Generator\MemoryPack.Generator.MemoryPackGenerator\Astrum.Generated.JoinRoomRequest.MemoryPackFormatter.g.cs(165,21): warning CS0436: “D:\Develop\Projects\Astrum\AstrumServer\AstrumServer\Generated\networkcommon_C_1000.cs”中的类型“JoinRoomRequest”与“Generated, Version=0.0.0.0, Culture=neutral, PublicKeyToken=null”中的导入类型“JoinRoomRequest”冲突。请使用“D:\Develop\Projects\Astrum\AstrumServer\AstrumServer\Generated\networkcommon_C_1000.cs”中定义的类型。 [D:\Develop\Projects\Astrum\AstrumServer\AstrumServer\AstrumServer.csproj]
D:\Develop\Projects\Astrum\AstrumServer\AstrumServer\Generated\networkcommon_C_1000.cs(244,23): warning CS8618: 在退出构造函数时，不可为 null 的 属性 "RoomId" 必须包含非 null 值。请考虑添加 "required" 修饰符或将该 属性 声明为可为 null。 [D:\Develop\Projects\Astrum\AstrumServer\AstrumServer\AstrumServer.csproj]
D:\Develop\Projects\Astrum\AstrumServer\AstrumServer\Generated\networkcommon_C_1000.cs(573,28): warning CS8625: 无法将 null 字面量转换为非 null 的引用类型。 [D:\Develop\Projects\Astrum\AstrumServer\AstrumServer\AstrumServer.csproj]
D:\Develop\Projects\Astrum\AstrumServer\AstrumServer\Generated\networkcommon_C_1000.cs(574,27): warning CS8625: 无法将 null 字面量转换为非 null 的引用类型。 [D:\Develop\Projects\Astrum\AstrumServer\AstrumServer\AstrumServer.csproj]
D:\Develop\Projects\Astrum\AstrumServer\AstrumServer\obj\Debug\net9.0\MemoryPack.Generator\MemoryPack.Generator.MemoryPackGenerator\Astrum.Generated.LeaveRoomResponse.MemoryPackFormatter.g.cs(42,65): warning CS0436: “D:\Develop\Projects\Astrum\AstrumServer\AstrumServer\Generated\networkcommon_C_1000.cs”中的类型“LeaveRoomResponse”与“Generated, Version=0.0.0.0, Culture=neutral, PublicKeyToken=null”中的导入类型“LeaveRoomResponse”冲突。请使用“D:\Develop\Projects\Astrum\AstrumServer\AstrumServer\Generated\networkcommon_C_1000.cs”中定义的类型。 [D:\Develop\Projects\Astrum\AstrumServer\AstrumServer\AstrumServer.csproj]
D:\Develop\Projects\Astrum\AstrumServer\AstrumServer\obj\Debug\net9.0\MemoryPack.Generator\MemoryPack.Generator.MemoryPackGenerator\Astrum.Generated.RoomUpdateNotification.MemoryPackFormatter.g.cs(49,74): warning CS0436: “D:\Develop\Projects\Astrum\AstrumServer\AstrumServer\Generated\networkcommon_C_1000.cs”中的类型“RoomUpdateNotification”与“Generated, Version=0.0.0.0, Culture=neutral, PublicKeyToken=null”中的导入类型“RoomUpdateNotification”冲突。请使用“D:\Develop\Projects\Astrum\AstrumServer\AstrumServer\Generated\networkcommon_C_1000.cs”中定义的类型。 [D:\Develop\Projects\Astrum\AstrumServer\AstrumServer\AstrumServer.csproj]
D:\Develop\Projects\Astrum\AstrumServer\AstrumServer\obj\Debug\net9.0\MemoryPack.Generator\MemoryPack.Generator.MemoryPackGenerator\Astrum.Generated.RoomUpdateNotification.MemoryPackFormatter.g.cs(51,127): warning CS0436: “D:\Develop\Projects\Astrum\AstrumServer\AstrumServer\Generated\networkcommon_C_1000.cs”中的类型“RoomUpdateNotification”与“Generated, Version=0.0.0.0, Culture=neutral, PublicKeyToken=null”中的导入类型“RoomUpdateNotification”冲突。请使用“D:\Develop\Projects\Astrum\AstrumServer\AstrumServer\Generated\networkcommon_C_1000.cs”中定义的类型。 [D:\Develop\Projects\Astrum\AstrumServer\AstrumServer\AstrumServer.csproj]
D:\Develop\Projects\Astrum\AstrumServer\AstrumServer\obj\Debug\net9.0\MemoryPack.Generator\MemoryPack.Generator.MemoryPackGenerator\Astrum.Generated.RoomUpdateNotification.MemoryPackFormatter.g.cs(53,74): warning CS0436: “D:\Develop\Projects\Astrum\AstrumServer\AstrumServer\Generated\networkcommon_C_1000.cs”中的类型“RoomUpdateNotification”与“Generated, Version=0.0.0.0, Culture=neutral, PublicKeyToken=null”中的导入类型“RoomUpdateNotification”冲突。请使用“D:\Develop\Projects\Astrum\AstrumServer\AstrumServer\Generated\networkcommon_C_1000.cs”中定义的类型。 [D:\Develop\Projects\Astrum\AstrumServer\AstrumServer\AstrumServer.csproj]
D:\Develop\Projects\Astrum\AstrumServer\AstrumServer\obj\Debug\net9.0\MemoryPack.Generator\MemoryPack.Generator.MemoryPackGenerator\Astrum.Generated.RoomUpdateNotification.MemoryPackFormatter.g.cs(55,118): warning CS0436: “D:\Develop\Projects\Astrum\AstrumServer\AstrumServer\Generated\networkcommon_C_1000.cs”中的类型“RoomUpdateNotification”与“Generated, Version=0.0.0.0, Culture=neutral, PublicKeyToken=null”中的导入类型“RoomUpdateNotification”冲突。请使用“D:\Develop\Projects\Astrum\AstrumServer\AstrumServer\Generated\networkcommon_C_1000.cs”中定义的类型。 [D:\Develop\Projects\Astrum\AstrumServer\AstrumServer\AstrumServer.csproj]
D:\Develop\Projects\Astrum\AstrumServer\AstrumServer\obj\Debug\net9.0\MemoryPack.Generator\MemoryPack.Generator.MemoryPackGenerator\Astrum.Generated.CreateRoomResponse.MemoryPackFormatter.g.cs(49,74): warning CS0436: “D:\Develop\Projects\Astrum\AstrumServer\AstrumServer\Generated\networkcommon_C_1000.cs”中的类型“CreateRoomResponse”与“Generated, Version=0.0.0.0, Culture=neutral, PublicKeyToken=null”中的导入类型“CreateRoomResponse”冲突。请使用“D:\Develop\Projects\Astrum\AstrumServer\AstrumServer\Generated\networkcommon_C_1000.cs”中定义的类型。 [D:\Develop\Projects\Astrum\AstrumServer\AstrumServer\AstrumServer.csproj]
D:\Develop\Projects\Astrum\AstrumServer\AstrumServer\obj\Debug\net9.0\MemoryPack.Generator\MemoryPack.Generator.MemoryPackGenerator\Astrum.Generated.CreateRoomResponse.MemoryPackFormatter.g.cs(51,127): warning CS0436: “D:\Develop\Projects\Astrum\AstrumServer\AstrumServer\Generated\networkcommon_C_1000.cs”中的类型“CreateRoomResponse”与“Generated, Version=0.0.0.0, Culture=neutral, PublicKeyToken=null”中的导入类型“CreateRoomResponse”冲突。请使用“D:\Develop\Projects\Astrum\AstrumServer\AstrumServer\Generated\networkcommon_C_1000.cs”中定义的类型。 [D:\Develop\Projects\Astrum\AstrumServer\AstrumServer\AstrumServer.csproj]
D:\Develop\Projects\Astrum\AstrumServer\AstrumServer\obj\Debug\net9.0\MemoryPack.Generator\MemoryPack.Generator.MemoryPackGenerator\Astrum.Generated.CreateRoomResponse.MemoryPackFormatter.g.cs(53,74): warning CS0436: “D:\Develop\Projects\Astrum\AstrumServer\AstrumServer\Generated\networkcommon_C_1000.cs”中的类型“CreateRoomResponse”与“Generated, Version=0.0.0.0, Culture=neutral, PublicKeyToken=null”中的导入类型“CreateRoomResponse”冲突。请使用“D:\Develop\Projects\Astrum\AstrumServer\AstrumServer\Generated\networkcommon_C_1000.cs”中定义的类型。 [D:\Develop\Projects\Astrum\AstrumServer\AstrumServer\AstrumServer.csproj]
D:\Develop\Projects\Astrum\AstrumServer\AstrumServer\obj\Debug\net9.0\MemoryPack.Generator\MemoryPack.Generator.MemoryPackGenerator\Astrum.Generated.CreateRoomResponse.MemoryPackFormatter.g.cs(55,118): warning CS0436: “D:\Develop\Projects\Astrum\AstrumServer\AstrumServer\Generated\networkcommon_C_1000.cs”中的类型“CreateRoomResponse”与“Generated, Version=0.0.0.0, Culture=neutral, PublicKeyToken=null”中的导入类型“CreateRoomResponse”冲突。请使用“D:\Develop\Projects\Astrum\AstrumServer\AstrumServer\Generated\networkcommon_C_1000.cs”中定义的类型。 [D:\Develop\Projects\Astrum\AstrumServer\AstrumServer\AstrumServer.csproj]
D:\Develop\Projects\Astrum\AstrumServer\AstrumServer\Generated\game_S_3000.cs(28,23): warning CS8618: 在退出构造函数时，不可为 null 的 属性 "playerName" 必须包含非 null 值。请考虑添加 "required" 修饰符或将该 属性 声明为可为 null。 [D:\Develop\Projects\Astrum\AstrumServer\AstrumServer\AstrumServer.csproj]
D:\Develop\Projects\Astrum\AstrumServer\AstrumServer\Generated\networkcommon_C_1000.cs(674,53): warning CS0436: “D:\Develop\Projects\Astrum\AstrumServer\AstrumServer\Generated\networkcommon_C_1000.cs”中的类型“HeartbeatResponse”与“Generated, Version=0.0.0.0, Culture=neutral, PublicKeyToken=null”中的导入类型“HeartbeatResponse”冲突。请使用“D:\Develop\Projects\Astrum\AstrumServer\AstrumServer\Generated\networkcommon_C_1000.cs”中定义的类型。 [D:\Develop\Projects\Astrum\AstrumServer\AstrumServer\AstrumServer.csproj]
D:\Develop\Projects\Astrum\AstrumServer\AstrumServer\Generated\networkcommon_C_1000.cs(674,88): warning CS0436: “D:\Develop\Projects\Astrum\AstrumServer\AstrumServer\Generated\networkcommon_C_1000.cs”中的类型“HeartbeatResponse”与“Generated, Version=0.0.0.0, Culture=neutral, PublicKeyToken=null”中的导入类型“HeartbeatResponse”冲突。请使用“D:\Develop\Projects\Astrum\AstrumServer\AstrumServer\Generated\networkcommon_C_1000.cs”中定义的类型。 [D:\Develop\Projects\Astrum\AstrumServer\AstrumServer\AstrumServer.csproj]
D:\Develop\Projects\Astrum\AstrumServer\AstrumServer\Generated\networkcommon_C_1000.cs(674,20): warning CS8603: 可能返回 null 引用。 [D:\Develop\Projects\Astrum\AstrumServer\AstrumServer\AstrumServer.csproj]
D:\Develop\Projects\Astrum\AstrumServer\AstrumServer\Managers\FrameSyncManager.cs(368,33): warning CS0436: “D:\Develop\Projects\Astrum\AstrumServer\AstrumServer\Generated\gamemessages_C_2000.cs”中的类型“FrameSyncData”与“Generated, Version=0.0.0.0, Culture=neutral, PublicKeyToken=null”中的导入类型“FrameSyncData”冲突。请使用“D:\Develop\Projects\Astrum\AstrumServer\AstrumServer\Generated\gamemessages_C_2000.cs”中定义的类型。 [D:\Develop\Projects\Astrum\AstrumServer\AstrumServer\AstrumServer.csproj]
D:\Develop\Projects\Astrum\AstrumServer\AstrumServer\obj\Debug\net9.0\MemoryPack.Generator\MemoryPack.Generator.MemoryPackGenerator\Astrum.Generated.LeaveRoomResponse.MemoryPackFormatter.g.cs(49,74): warning CS0436: “D:\Develop\Projects\Astrum\AstrumServer\AstrumServer\Generated\networkcommon_C_1000.cs”中的类型“LeaveRoomResponse”与“Generated, Version=0.0.0.0, Culture=neutral, PublicKeyToken=null”中的导入类型“LeaveRoomResponse”冲突。请使用“D:\Develop\Projects\Astrum\AstrumServer\AstrumServer\Generated\networkcommon_C_1000.cs”中定义的类型。 [D:\Develop\Projects\Astrum\AstrumServer\AstrumServer\AstrumServer.csproj]
D:\Develop\Projects\Astrum\AstrumServer\AstrumServer\obj\Debug\net9.0\MemoryPack.Generator\MemoryPack.Generator.MemoryPackGenerator\Astrum.Generated.LeaveRoomResponse.MemoryPackFormatter.g.cs(51,127): warning CS0436: “D:\Develop\Projects\Astrum\AstrumServer\AstrumServer\Generated\networkcommon_C_1000.cs”中的类型“LeaveRoomResponse”与“Generated, Version=0.0.0.0, Culture=neutral, PublicKeyToken=null”中的导入类型“LeaveRoomResponse”冲突。请使用“D:\Develop\Projects\Astrum\AstrumServer\AstrumServer\Generated\networkcommon_C_1000.cs”中定义的类型。 [D:\Develop\Projects\Astrum\AstrumServer\AstrumServer\AstrumServer.csproj]
D:\Develop\Projects\Astrum\AstrumServer\AstrumServer\obj\Debug\net9.0\MemoryPack.Generator\MemoryPack.Generator.MemoryPackGenerator\Astrum.Generated.LeaveRoomResponse.MemoryPackFormatter.g.cs(53,74): warning CS0436: “D:\Develop\Projects\Astrum\AstrumServer\AstrumServer\Generated\networkcommon_C_1000.cs”中的类型“LeaveRoomResponse”与“Generated, Version=0.0.0.0, Culture=neutral, PublicKeyToken=null”中的导入类型“LeaveRoomResponse”冲突。请使用“D:\Develop\Projects\Astrum\AstrumServer\AstrumServer\Generated\networkcommon_C_1000.cs”中定义的类型。 [D:\Develop\Projects\Astrum\AstrumServer\AstrumServer\AstrumServer.csproj]
D:\Develop\Projects\Astrum\AstrumServer\AstrumServer\obj\Debug\net9.0\MemoryPack.Generator\MemoryPack.Generator.MemoryPackGenerator\Astrum.Generated.LeaveRoomResponse.MemoryPackFormatter.g.cs(55,118): warning CS0436: “D:\Develop\Projects\Astrum\AstrumServer\AstrumServer\Generated\networkcommon_C_1000.cs”中的类型“LeaveRoomResponse”与“Generated, Version=0.0.0.0, Culture=neutral, PublicKeyToken=null”中的导入类型“LeaveRoomResponse”冲突。请使用“D:\Develop\Projects\Astrum\AstrumServer\AstrumServer\Generated\networkcommon_C_1000.cs”中定义的类型。 [D:\Develop\Projects\Astrum\AstrumServer\AstrumServer\AstrumServer.csproj]
D:\Develop\Projects\Astrum\AstrumServer\AstrumServer\obj\Debug\net9.0\MemoryPack.Generator\MemoryPack.Generator.MemoryPackGenerator\Astrum.Generated.CreateRoomRequest.MemoryPackFormatter.g.cs(125,79): warning CS0436: “D:\Develop\Projects\Astrum\AstrumServer\AstrumServer\Generated\networkcommon_C_1000.cs”中的类型“CreateRoomRequest”与“Generated, Version=0.0.0.0, Culture=neutral, PublicKeyToken=null”中的导入类型“CreateRoomRequest”冲突。请使用“D:\Develop\Projects\Astrum\AstrumServer\AstrumServer\Generated\networkcommon_C_1000.cs”中定义的类型。 [D:\Develop\Projects\Astrum\AstrumServer\AstrumServer\AstrumServer.csproj]
D:\Develop\Projects\Astrum\AstrumServer\AstrumServer\obj\Debug\net9.0\MemoryPack.Generator\MemoryPack.Generator.MemoryPackGenerator\Astrum.Generated.CreateRoomRequest.MemoryPackFormatter.g.cs(173,21): warning CS0436: “D:\Develop\Projects\Astrum\AstrumServer\AstrumServer\Generated\networkcommon_C_1000.cs”中的类型“CreateRoomRequest”与“Generated, Version=0.0.0.0, Culture=neutral, PublicKeyToken=null”中的导入类型“CreateRoomRequest”冲突。请使用“D:\Develop\Projects\Astrum\AstrumServer\AstrumServer\Generated\networkcommon_C_1000.cs”中定义的类型。 [D:\Develop\Projects\Astrum\AstrumServer\AstrumServer\AstrumServer.csproj]
D:\Develop\Projects\Astrum\AstrumServer\AstrumServer\Generated\networkcommon_C_1000.cs(201,23): warning CS8618: 在退出构造函数时，不可为 null 的 属性 "RoomName" 必须包含非 null 值。请考虑添加 "required" 修饰符或将该 属性 声明为可为 null。 [D:\Develop\Projects\Astrum\AstrumServer\AstrumServer\AstrumServer.csproj]
D:\Develop\Projects\Astrum\AstrumServer\AstrumServer\Generated\networkcommon_C_1000.cs(638,53): warning CS0436: “D:\Develop\Projects\Astrum\AstrumServer\AstrumServer\Generated\networkcommon_C_1000.cs”中的类型“HeartbeatMessage”与“Generated, Version=0.0.0.0, Culture=neutral, PublicKeyToken=null”中的导入类型“HeartbeatMessage”冲突。请使用“D:\Develop\Projects\Astrum\AstrumServer\AstrumServer\Generated\networkcommon_C_1000.cs”中定义的类型。 [D:\Develop\Projects\Astrum\AstrumServer\AstrumServer\AstrumServer.csproj]
D:\Develop\Projects\Astrum\AstrumServer\AstrumServer\Generated\networkcommon_C_1000.cs(638,87): warning CS0436: “D:\Develop\Projects\Astrum\AstrumServer\AstrumServer\Generated\networkcommon_C_1000.cs”中的类型“HeartbeatMessage”与“Generated, Version=0.0.0.0, Culture=neutral, PublicKeyToken=null”中的导入类型“HeartbeatMessage”冲突。请使用“D:\Develop\Projects\Astrum\AstrumServer\AstrumServer\Generated\networkcommon_C_1000.cs”中定义的类型。 [D:\Develop\Projects\Astrum\AstrumServer\AstrumServer\AstrumServer.csproj]
D:\Develop\Projects\Astrum\AstrumServer\AstrumServer\Generated\networkcommon_C_1000.cs(638,20): warning CS8603: 可能返回 null 引用。 [D:\Develop\Projects\Astrum\AstrumServer\AstrumServer\AstrumServer.csproj]
D:\Develop\Projects\Astrum\AstrumServer\AstrumServer\obj\Debug\net9.0\MemoryPack.Generator\MemoryPack.Generator.MemoryPackGenerator\Astrum.Generated.JoinRoomResponse.MemoryPackFormatter.g.cs(42,65): warning CS0436: “D:\Develop\Projects\Astrum\AstrumServer\AstrumServer\Generated\networkcommon_C_1000.cs”中的类型“JoinRoomResponse”与“Generated, Version=0.0.0.0, Culture=neutral, PublicKeyToken=null”中的导入类型“JoinRoomResponse”冲突。请使用“D:\Develop\Projects\Astrum\AstrumServer\AstrumServer\Generated\networkcommon_C_1000.cs”中定义的类型。 [D:\Develop\Projects\Astrum\AstrumServer\AstrumServer\AstrumServer.csproj]
D:\Develop\Projects\Astrum\AstrumServer\AstrumServer\Generated\networkcommon_C_1000.cs(710,53): warning CS0436: “D:\Develop\Projects\Astrum\AstrumServer\AstrumServer\Generated\networkcommon_C_1000.cs”中的类型“C2G_Ping”与“Generated, Version=0.0.0.0, Culture=neutral, PublicKeyToken=null”中的导入类型“C2G_Ping”冲突。请使用“D:\Develop\Projects\Astrum\AstrumServer\AstrumServer\Generated\networkcommon_C_1000.cs”中定义的类型。 [D:\Develop\Projects\Astrum\AstrumServer\AstrumServer\AstrumServer.csproj]
D:\Develop\Projects\Astrum\AstrumServer\AstrumServer\Generated\networkcommon_C_1000.cs(710,79): warning CS0436: “D:\Develop\Projects\Astrum\AstrumServer\AstrumServer\Generated\networkcommon_C_1000.cs”中的类型“C2G_Ping”与“Generated, Version=0.0.0.0, Culture=neutral, PublicKeyToken=null”中的导入类型“C2G_Ping”冲突。请使用“D:\Develop\Projects\Astrum\AstrumServer\AstrumServer\Generated\networkcommon_C_1000.cs”中定义的类型。 [D:\Develop\Projects\Astrum\AstrumServer\AstrumServer\AstrumServer.csproj]
D:\Develop\Projects\Astrum\AstrumServer\AstrumServer\Generated\networkcommon_C_1000.cs(710,20): warning CS8603: 可能返回 null 引用。 [D:\Develop\Projects\Astrum\AstrumServer\AstrumServer\AstrumServer.csproj]
D:\Develop\Projects\Astrum\AstrumServer\AstrumServer\obj\Debug\net9.0\MemoryPack.Generator\MemoryPack.Generator.MemoryPackGenerator\Astrum.Generated.CancelMatchResponse.MemoryPackFormatter.g.cs(125,79): warning CS0436: “D:\Develop\Projects\Astrum\AstrumServer\AstrumServer\Generated\networkcommon_C_1000.cs”中的类型“CancelMatchResponse”与“Generated, Version=0.0.0.0, Culture=neutral, PublicKeyToken=null”中的导入类型“CancelMatchResponse”冲突。请使用“D:\Develop\Projects\Astrum\AstrumServer\AstrumServer\Generated\networkcommon_C_1000.cs”中定义的类型。 [D:\Develop\Projects\Astrum\AstrumServer\AstrumServer\AstrumServer.csproj]
D:\Develop\Projects\Astrum\AstrumServer\AstrumServer\obj\Debug\net9.0\MemoryPack.Generator\MemoryPack.Generator.MemoryPackGenerator\Astrum.Generated.CancelMatchResponse.MemoryPackFormatter.g.cs(173,21): warning CS0436: “D:\Develop\Projects\Astrum\AstrumServer\AstrumServer\Generated\networkcommon_C_1000.cs”中的类型“CancelMatchResponse”与“Generated, Version=0.0.0.0, Culture=neutral, PublicKeyToken=null”中的导入类型“CancelMatchResponse”冲突。请使用“D:\Develop\Projects\Astrum\AstrumServer\AstrumServer\Generated\networkcommon_C_1000.cs”中定义的类型。 [D:\Develop\Projects\Astrum\AstrumServer\AstrumServer\AstrumServer.csproj]
D:\Develop\Projects\Astrum\AstrumServer\AstrumServer\Generated\networkcommon_C_1000.cs(897,23): warning CS8618: 在退出构造函数时，不可为 null 的 属性 "Message" 必须包含非 null 值。请考虑添加 "required" 修饰符或将该 属性 声明为可为 null。 [D:\Develop\Projects\Astrum\AstrumServer\AstrumServer\AstrumServer.csproj]
D:\Develop\Projects\Astrum\AstrumServer\AstrumServer\obj\Debug\net9.0\MemoryPack.Generator\MemoryPack.Generator.MemoryPackGenerator\Astrum.Generated.LoginResponse.MemoryPackFormatter.g.cs(42,65): warning CS0436: “D:\Develop\Projects\Astrum\AstrumServer\AstrumServer\Generated\networkcommon_C_1000.cs”中的类型“LoginResponse”与“Generated, Version=0.0.0.0, Culture=neutral, PublicKeyToken=null”中的导入类型“LoginResponse”冲突。请使用“D:\Develop\Projects\Astrum\AstrumServer\AstrumServer\Generated\networkcommon_C_1000.cs”中定义的类型。 [D:\Develop\Projects\Astrum\AstrumServer\AstrumServer\AstrumServer.csproj]
D:\Develop\Projects\Astrum\AstrumServer\AstrumServer\obj\Debug\net9.0\MemoryPack.Generator\MemoryPack.Generator.MemoryPackGenerator\Astrum.Generated.GetRoomListResponse.MemoryPackFormatter.g.cs(49,74): warning CS0436: “D:\Develop\Projects\Astrum\AstrumServer\AstrumServer\Generated\networkcommon_C_1000.cs”中的类型“GetRoomListResponse”与“Generated, Version=0.0.0.0, Culture=neutral, PublicKeyToken=null”中的导入类型“GetRoomListResponse”冲突。请使用“D:\Develop\Projects\Astrum\AstrumServer\AstrumServer\Generated\networkcommon_C_1000.cs”中定义的类型。 [D:\Develop\Projects\Astrum\AstrumServer\AstrumServer\AstrumServer.csproj]
D:\Develop\Projects\Astrum\AstrumServer\AstrumServer\obj\Debug\net9.0\MemoryPack.Generator\MemoryPack.Generator.MemoryPackGenerator\Astrum.Generated.GetRoomListResponse.MemoryPackFormatter.g.cs(51,127): warning CS0436: “D:\Develop\Projects\Astrum\AstrumServer\AstrumServer\Generated\networkcommon_C_1000.cs”中的类型“GetRoomListResponse”与“Generated, Version=0.0.0.0, Culture=neutral, PublicKeyToken=null”中的导入类型“GetRoomListResponse”冲突。请使用“D:\Develop\Projects\Astrum\AstrumServer\AstrumServer\Generated\networkcommon_C_1000.cs”中定义的类型。 [D:\Develop\Projects\Astrum\AstrumServer\AstrumServer\AstrumServer.csproj]
D:\Develop\Projects\Astrum\AstrumServer\AstrumServer\obj\Debug\net9.0\MemoryPack.Generator\MemoryPack.Generator.MemoryPackGenerator\Astrum.Generated.GetRoomListResponse.MemoryPackFormatter.g.cs(53,74): warning CS0436: “D:\Develop\Projects\Astrum\AstrumServer\AstrumServer\Generated\networkcommon_C_1000.cs”中的类型“GetRoomListResponse”与“Generated, Version=0.0.0.0, Culture=neutral, PublicKeyToken=null”中的导入类型“GetRoomListResponse”冲突。请使用“D:\Develop\Projects\Astrum\AstrumServer\AstrumServer\Generated\networkcommon_C_1000.cs”中定义的类型。 [D:\Develop\Projects\Astrum\AstrumServer\AstrumServer\AstrumServer.csproj]
D:\Develop\Projects\Astrum\AstrumServer\AstrumServer\obj\Debug\net9.0\MemoryPack.Generator\MemoryPack.Generator.MemoryPackGenerator\Astrum.Generated.GetRoomListResponse.MemoryPackFormatter.g.cs(55,118): warning CS0436: “D:\Develop\Projects\Astrum\AstrumServer\AstrumServer\Generated\networkcommon_C_1000.cs”中的类型“GetRoomListResponse”与“Generated, Version=0.0.0.0, Culture=neutral, PublicKeyToken=null”中的导入类型“GetRoomListResponse”冲突。请使用“D:\Develop\Projects\Astrum\AstrumServer\AstrumServer\Generated\networkcommon_C_1000.cs”中定义的类型。 [D:\Develop\Projects\Astrum\AstrumServer\AstrumServer\AstrumServer.csproj]
D:\Develop\Projects\Astrum\AstrumServer\AstrumServer\obj\Debug\net9.0\MemoryPack.Generator\MemoryPack.Generator.MemoryPackGenerator\Astrum.Generated.GetRoomListResponse.MemoryPackFormatter.g.cs(57,139): warning CS0436: “D:\Develop\Projects\Astrum\AstrumServer\AstrumServer\Generated\networkcommon_C_1000.cs”中的类型“RoomInfo”与“Generated, Version=0.0.0.0, Culture=neutral, PublicKeyToken=null”中的导入类型“RoomInfo”冲突。请使用“D:\Develop\Projects\Astrum\AstrumServer\AstrumServer\Generated\networkcommon_C_1000.cs”中定义的类型。 [D:\Develop\Projects\Astrum\AstrumServer\AstrumServer\AstrumServer.csproj]
D:\Develop\Projects\Astrum\AstrumServer\AstrumServer\obj\Debug\net9.0\MemoryPack.Generator\MemoryPack.Generator.MemoryPackGenerator\Astrum.Generated.GetRoomListResponse.MemoryPackFormatter.g.cs(59,142): warning CS0436: “D:\Develop\Projects\Astrum\AstrumServer\AstrumServer\Generated\networkcommon_C_1000.cs”中的类型“RoomInfo”与“Generated, Version=0.0.0.0, Culture=neutral, PublicKeyToken=null”中的导入类型“RoomInfo”冲突。请使用“D:\Develop\Projects\Astrum\AstrumServer\AstrumServer\Generated\networkcommon_C_1000.cs”中定义的类型。 [D:\Develop\Projects\Astrum\AstrumServer\AstrumServer\AstrumServer.csproj]
D:\Develop\Projects\Astrum\AstrumServer\AstrumServer\Generated\networkcommon_C_1000.cs(697,28): warning CS8625: 无法将 null 字面量转换为非 null 的引用类型。 [D:\Develop\Projects\Astrum\AstrumServer\AstrumServer\AstrumServer.csproj]
D:\Develop\Projects\Astrum\AstrumServer\AstrumServer\obj\Debug\net9.0\MemoryPack.Generator\MemoryPack.Generator.MemoryPackGenerator\Astrum.Generated.HeartbeatResponse.MemoryPackFormatter.g.cs(40,65): warning CS0436: “D:\Develop\Projects\Astrum\AstrumServer\AstrumServer\Generated\networkcommon_C_1000.cs”中的类型“HeartbeatResponse”与“Generated, Version=0.0.0.0, Culture=neutral, PublicKeyToken=null”中的导入类型“HeartbeatResponse”冲突。请使用“D:\Develop\Projects\Astrum\AstrumServer\AstrumServer\Generated\networkcommon_C_1000.cs”中定义的类型。 [D:\Develop\Projects\Astrum\AstrumServer\AstrumServer\AstrumServer.csproj]
D:\Develop\Projects\Astrum\AstrumServer\AstrumServer\obj\Debug\net9.0\MemoryPack.Generator\MemoryPack.Generator.MemoryPackGenerator\Astrum.Generated.GetRoomListRequest.MemoryPackFormatter.g.cs(116,79): warning CS0436: “D:\Develop\Projects\Astrum\AstrumServer\AstrumServer\Generated\networkcommon_C_1000.cs”中的类型“GetRoomListRequest”与“Generated, Version=0.0.0.0, Culture=neutral, PublicKeyToken=null”中的导入类型“GetRoomListRequest”冲突。请使用“D:\Develop\Projects\Astrum\AstrumServer\AstrumServer\Generated\networkcommon_C_1000.cs”中定义的类型。 [D:\Develop\Projects\Astrum\AstrumServer\AstrumServer\AstrumServer.csproj]
D:\Develop\Projects\Astrum\AstrumServer\AstrumServer\obj\Debug\net9.0\MemoryPack.Generator\MemoryPack.Generator.MemoryPackGenerator\Astrum.Generated.GetRoomListRequest.MemoryPackFormatter.g.cs(156,21): warning CS0436: “D:\Develop\Projects\Astrum\AstrumServer\AstrumServer\Generated\networkcommon_C_1000.cs”中的类型“GetRoomListRequest”与“Generated, Version=0.0.0.0, Culture=neutral, PublicKeyToken=null”中的导入类型“GetRoomListRequest”冲突。请使用“D:\Develop\Projects\Astrum\AstrumServer\AstrumServer\Generated\networkcommon_C_1000.cs”中定义的类型。 [D:\Develop\Projects\Astrum\AstrumServer\AstrumServer\AstrumServer.csproj]
D:\Develop\Projects\Astrum\AstrumServer\AstrumServer\obj\Debug\net9.0\MemoryPack.Generator\MemoryPack.Generator.MemoryPackGenerator\Astrum.Generated.HeartbeatResponse.MemoryPackFormatter.g.cs(47,74): warning CS0436: “D:\Develop\Projects\Astrum\AstrumServer\AstrumServer\Generated\networkcommon_C_1000.cs”中的类型“HeartbeatResponse”与“Generated, Version=0.0.0.0, Culture=neutral, PublicKeyToken=null”中的导入类型“HeartbeatResponse”冲突。请使用“D:\Develop\Projects\Astrum\AstrumServer\AstrumServer\Generated\networkcommon_C_1000.cs”中定义的类型。 [D:\Develop\Projects\Astrum\AstrumServer\AstrumServer\AstrumServer.csproj]
D:\Develop\Projects\Astrum\AstrumServer\AstrumServer\obj\Debug\net9.0\MemoryPack.Generator\MemoryPack.Generator.MemoryPackGenerator\Astrum.Generated.HeartbeatResponse.MemoryPackFormatter.g.cs(49,127): warning CS0436: “D:\Develop\Projects\Astrum\AstrumServer\AstrumServer\Generated\networkcommon_C_1000.cs”中的类型“HeartbeatResponse”与“Generated, Version=0.0.0.0, Culture=neutral, PublicKeyToken=null”中的导入类型“HeartbeatResponse”冲突。请使用“D:\Develop\Projects\Astrum\AstrumServer\AstrumServer\Generated\networkcommon_C_1000.cs”中定义的类型。 [D:\Develop\Projects\Astrum\AstrumServer\AstrumServer\AstrumServer.csproj]
D:\Develop\Projects\Astrum\AstrumServer\AstrumServer\obj\Debug\net9.0\MemoryPack.Generator\MemoryPack.Generator.MemoryPackGenerator\Astrum.Generated.HeartbeatResponse.MemoryPackFormatter.g.cs(51,74): warning CS0436: “D:\Develop\Projects\Astrum\AstrumServer\AstrumServer\Generated\networkcommon_C_1000.cs”中的类型“HeartbeatResponse”与“Generated, Version=0.0.0.0, Culture=neutral, PublicKeyToken=null”中的导入类型“HeartbeatResponse”冲突。请使用“D:\Develop\Projects\Astrum\AstrumServer\AstrumServer\Generated\networkcommon_C_1000.cs”中定义的类型。 [D:\Develop\Projects\Astrum\AstrumServer\AstrumServer\AstrumServer.csproj]
D:\Develop\Projects\Astrum\AstrumServer\AstrumServer\obj\Debug\net9.0\MemoryPack.Generator\MemoryPack.Generator.MemoryPackGenerator\Astrum.Generated.HeartbeatResponse.MemoryPackFormatter.g.cs(53,118): warning CS0436: “D:\Develop\Projects\Astrum\AstrumServer\AstrumServer\Generated\networkcommon_C_1000.cs”中的类型“HeartbeatResponse”与“Generated, Version=0.0.0.0, Culture=neutral, PublicKeyToken=null”中的导入类型“HeartbeatResponse”冲突。请使用“D:\Develop\Projects\Astrum\AstrumServer\AstrumServer\Generated\networkcommon_C_1000.cs”中定义的类型。 [D:\Develop\Projects\Astrum\AstrumServer\AstrumServer\AstrumServer.csproj]
D:\Develop\Projects\Astrum\AstrumServer\AstrumServer\obj\Debug\net9.0\MemoryPack.Generator\MemoryPack.Generator.MemoryPackGenerator\Astrum.Generated.LoginResponse.MemoryPackFormatter.g.cs(49,74): warning CS0436: “D:\Develop\Projects\Astrum\AstrumServer\AstrumServer\Generated\networkcommon_C_1000.cs”中的类型“LoginResponse”与“Generated, Version=0.0.0.0, Culture=neutral, PublicKeyToken=null”中的导入类型“LoginResponse”冲突。请使用“D:\Develop\Projects\Astrum\AstrumServer\AstrumServer\Generated\networkcommon_C_1000.cs”中定义的类型。 [D:\Develop\Projects\Astrum\AstrumServer\AstrumServer\AstrumServer.csproj]
D:\Develop\Projects\Astrum\AstrumServer\AstrumServer\obj\Debug\net9.0\MemoryPack.Generator\MemoryPack.Generator.MemoryPackGenerator\Astrum.Generated.LoginResponse.MemoryPackFormatter.g.cs(51,127): warning CS0436: “D:\Develop\Projects\Astrum\AstrumServer\AstrumServer\Generated\networkcommon_C_1000.cs”中的类型“LoginResponse”与“Generated, Version=0.0.0.0, Culture=neutral, PublicKeyToken=null”中的导入类型“LoginResponse”冲突。请使用“D:\Develop\Projects\Astrum\AstrumServer\AstrumServer\Generated\networkcommon_C_1000.cs”中定义的类型。 [D:\Develop\Projects\Astrum\AstrumServer\AstrumServer\AstrumServer.csproj]
D:\Develop\Projects\Astrum\AstrumServer\AstrumServer\obj\Debug\net9.0\MemoryPack.Generator\MemoryPack.Generator.MemoryPackGenerator\Astrum.Generated.LoginResponse.MemoryPackFormatter.g.cs(53,74): warning CS0436: “D:\Develop\Projects\Astrum\AstrumServer\AstrumServer\Generated\networkcommon_C_1000.cs”中的类型“LoginResponse”与“Generated, Version=0.0.0.0, Culture=neutral, PublicKeyToken=null”中的导入类型“LoginResponse”冲突。请使用“D:\Develop\Projects\Astrum\AstrumServer\AstrumServer\Generated\networkcommon_C_1000.cs”中定义的类型。 [D:\Develop\Projects\Astrum\AstrumServer\AstrumServer\AstrumServer.csproj]
D:\Develop\Projects\Astrum\AstrumServer\AstrumServer\obj\Debug\net9.0\MemoryPack.Generator\MemoryPack.Generator.MemoryPackGenerator\Astrum.Generated.LoginResponse.MemoryPackFormatter.g.cs(55,118): warning CS0436: “D:\Develop\Projects\Astrum\AstrumServer\AstrumServer\Generated\networkcommon_C_1000.cs”中的类型“LoginResponse”与“Generated, Version=0.0.0.0, Culture=neutral, PublicKeyToken=null”中的导入类型“LoginResponse”冲突。请使用“D:\Develop\Projects\Astrum\AstrumServer\AstrumServer\Generated\networkcommon_C_1000.cs”中定义的类型。 [D:\Develop\Projects\Astrum\AstrumServer\AstrumServer\AstrumServer.csproj]
D:\Develop\Projects\Astrum\AstrumServer\AstrumServer\obj\Debug\net9.0\MemoryPack.Generator\MemoryPack.Generator.MemoryPackGenerator\Astrum.Generated.LeaveRoomRequest.MemoryPackFormatter.g.cs(121,79): warning CS0436: “D:\Develop\Projects\Astrum\AstrumServer\AstrumServer\Generated\networkcommon_C_1000.cs”中的类型“LeaveRoomRequest”与“Generated, Version=0.0.0.0, Culture=neutral, PublicKeyToken=null”中的导入类型“LeaveRoomRequest”冲突。请使用“D:\Develop\Projects\Astrum\AstrumServer\AstrumServer\Generated\networkcommon_C_1000.cs”中定义的类型。 [D:\Develop\Projects\Astrum\AstrumServer\AstrumServer\AstrumServer.csproj]
D:\Develop\Projects\Astrum\AstrumServer\AstrumServer\obj\Debug\net9.0\MemoryPack.Generator\MemoryPack.Generator.MemoryPackGenerator\Astrum.Generated.LeaveRoomRequest.MemoryPackFormatter.g.cs(165,21): warning CS0436: “D:\Develop\Projects\Astrum\AstrumServer\AstrumServer\Generated\networkcommon_C_1000.cs”中的类型“LeaveRoomRequest”与“Generated, Version=0.0.0.0, Culture=neutral, PublicKeyToken=null”中的导入类型“LeaveRoomRequest”冲突。请使用“D:\Develop\Projects\Astrum\AstrumServer\AstrumServer\Generated\networkcommon_C_1000.cs”中定义的类型。 [D:\Develop\Projects\Astrum\AstrumServer\AstrumServer\AstrumServer.csproj]
D:\Develop\Projects\Astrum\AstrumServer\AstrumServer\obj\Debug\net9.0\MemoryPack.Generator\MemoryPack.Generator.MemoryPackGenerator\Astrum.Generated.JoinRoomResponse.MemoryPackFormatter.g.cs(49,74): warning CS0436: “D:\Develop\Projects\Astrum\AstrumServer\AstrumServer\Generated\networkcommon_C_1000.cs”中的类型“JoinRoomResponse”与“Generated, Version=0.0.0.0, Culture=neutral, PublicKeyToken=null”中的导入类型“JoinRoomResponse”冲突。请使用“D:\Develop\Projects\Astrum\AstrumServer\AstrumServer\Generated\networkcommon_C_1000.cs”中定义的类型。 [D:\Develop\Projects\Astrum\AstrumServer\AstrumServer\AstrumServer.csproj]
D:\Develop\Projects\Astrum\AstrumServer\AstrumServer\obj\Debug\net9.0\MemoryPack.Generator\MemoryPack.Generator.MemoryPackGenerator\Astrum.Generated.JoinRoomResponse.MemoryPackFormatter.g.cs(51,127): warning CS0436: “D:\Develop\Projects\Astrum\AstrumServer\AstrumServer\Generated\networkcommon_C_1000.cs”中的类型“JoinRoomResponse”与“Generated, Version=0.0.0.0, Culture=neutral, PublicKeyToken=null”中的导入类型“JoinRoomResponse”冲突。请使用“D:\Develop\Projects\Astrum\AstrumServer\AstrumServer\Generated\networkcommon_C_1000.cs”中定义的类型。 [D:\Develop\Projects\Astrum\AstrumServer\AstrumServer\AstrumServer.csproj]
D:\Develop\Projects\Astrum\AstrumServer\AstrumServer\obj\Debug\net9.0\MemoryPack.Generator\MemoryPack.Generator.MemoryPackGenerator\Astrum.Generated.JoinRoomResponse.MemoryPackFormatter.g.cs(53,74): warning CS0436: “D:\Develop\Projects\Astrum\AstrumServer\AstrumServer\Generated\networkcommon_C_1000.cs”中的类型“JoinRoomResponse”与“Generated, Version=0.0.0.0, Culture=neutral, PublicKeyToken=null”中的导入类型“JoinRoomResponse”冲突。请使用“D:\Develop\Projects\Astrum\AstrumServer\AstrumServer\Generated\networkcommon_C_1000.cs”中定义的类型。 [D:\Develop\Projects\Astrum\AstrumServer\AstrumServer\AstrumServer.csproj]
D:\Develop\Projects\Astrum\AstrumServer\AstrumServer\obj\Debug\net9.0\MemoryPack.Generator\MemoryPack.Generator.MemoryPackGenerator\Astrum.Generated.JoinRoomResponse.MemoryPackFormatter.g.cs(55,118): warning CS0436: “D:\Develop\Projects\Astrum\AstrumServer\AstrumServer\Generated\networkcommon_C_1000.cs”中的类型“JoinRoomResponse”与“Generated, Version=0.0.0.0, Culture=neutral, PublicKeyToken=null”中的导入类型“JoinRoomResponse”冲突。请使用“D:\Develop\Projects\Astrum\AstrumServer\AstrumServer\Generated\networkcommon_C_1000.cs”中定义的类型。 [D:\Develop\Projects\Astrum\AstrumServer\AstrumServer\AstrumServer.csproj]
D:\Develop\Projects\Astrum\AstrumServer\AstrumServer\Generated\networkcommon_C_1000.cs(280,23): warning CS8618: 在退出构造函数时，不可为 null 的 属性 "RoomId" 必须包含非 null 值。请考虑添加 "required" 修饰符或将该 属性 声明为可为 null。 [D:\Develop\Projects\Astrum\AstrumServer\AstrumServer\AstrumServer.csproj]
D:\Develop\Projects\Astrum\AstrumServer\AstrumServer\Generated\networkcommon_C_1000.cs(660,29): warning CS8625: 无法将 null 字面量转换为非 null 的引用类型。 [D:\Develop\Projects\Astrum\AstrumServer\AstrumServer\AstrumServer.csproj]
D:\Develop\Projects\Astrum\AstrumServer\AstrumServer\obj\Debug\net9.0\MemoryPack.Generator\MemoryPack.Generator.MemoryPackGenerator\Astrum.Generated.C2G_Ping.MemoryPackFormatter.g.cs(39,65): warning CS0436: “D:\Develop\Projects\Astrum\AstrumServer\AstrumServer\Generated\networkcommon_C_1000.cs”中的类型“C2G_Ping”与“Generated, Version=0.0.0.0, Culture=neutral, PublicKeyToken=null”中的导入类型“C2G_Ping”冲突。请使用“D:\Develop\Projects\Astrum\AstrumServer\AstrumServer\Generated\networkcommon_C_1000.cs”中定义的类型。 [D:\Develop\Projects\Astrum\AstrumServer\AstrumServer\AstrumServer.csproj]
D:\Develop\Projects\Astrum\AstrumServer\AstrumServer\obj\Debug\net9.0\MemoryPack.Generator\MemoryPack.Generator.MemoryPackGenerator\Astrum.Generated.HeartbeatMessage.MemoryPackFormatter.g.cs(40,65): warning CS0436: “D:\Develop\Projects\Astrum\AstrumServer\AstrumServer\Generated\networkcommon_C_1000.cs”中的类型“HeartbeatMessage”与“Generated, Version=0.0.0.0, Culture=neutral, PublicKeyToken=null”中的导入类型“HeartbeatMessage”冲突。请使用“D:\Develop\Projects\Astrum\AstrumServer\AstrumServer\Generated\networkcommon_C_1000.cs”中定义的类型。 [D:\Develop\Projects\Astrum\AstrumServer\AstrumServer\AstrumServer.csproj]
D:\Develop\Projects\Astrum\AstrumServer\AstrumServer\Core\GameServer.cs(457,88): warning CS0436: “D:\Develop\Projects\Astrum\AstrumServer\AstrumServer\Generated\networkcommon_C_1000.cs”中的类型“RoomInfo”与“Generated, Version=0.0.0.0, Culture=neutral, PublicKeyToken=null”中的导入类型“RoomInfo”冲突。请使用“D:\Develop\Projects\Astrum\AstrumServer\AstrumServer\Generated\networkcommon_C_1000.cs”中定义的类型。 [D:\Develop\Projects\Astrum\AstrumServer\AstrumServer\AstrumServer.csproj]
D:\Develop\Projects\Astrum\AstrumServer\AstrumServer\Core\GameServer.cs(475,103): warning CS0436: “D:\Develop\Projects\Astrum\AstrumServer\AstrumServer\Generated\networkcommon_C_1000.cs”中的类型“RoomInfo”与“Generated, Version=0.0.0.0, Culture=neutral, PublicKeyToken=null”中的导入类型“RoomInfo”冲突。请使用“D:\Develop\Projects\Astrum\AstrumServer\AstrumServer\Generated\networkcommon_C_1000.cs”中定义的类型。 [D:\Develop\Projects\Astrum\AstrumServer\AstrumServer\AstrumServer.csproj]
D:\Develop\Projects\Astrum\AstrumServer\AstrumServer\obj\Debug\net9.0\MemoryPack.Generator\MemoryPack.Generator.MemoryPackGenerator\Astrum.Generated.GameResponse.MemoryPackFormatter.g.cs(96,34): warning CS0436: “D:\Develop\Projects\Astrum\AstrumServer\AstrumServer\Generated\game_S_3000.cs”中的类型“PlayerInfo”与“Generated, Version=0.0.0.0, Culture=neutral, PublicKeyToken=null”中的导入类型“PlayerInfo”冲突。请使用“D:\Develop\Projects\Astrum\AstrumServer\AstrumServer\Generated\game_S_3000.cs”中定义的类型。 [D:\Develop\Projects\Astrum\AstrumServer\AstrumServer\AstrumServer.csproj]
D:\Develop\Projects\Astrum\AstrumServer\AstrumServer\obj\Debug\net9.0\MemoryPack.Generator\MemoryPack.Generator.MemoryPackGenerator\Astrum.Generated.GameResponse.MemoryPackFormatter.g.cs(106,80): warning CS0436: “D:\Develop\Projects\Astrum\AstrumServer\AstrumServer\Generated\game_S_3000.cs”中的类型“PlayerInfo”与“Generated, Version=0.0.0.0, Culture=neutral, PublicKeyToken=null”中的导入类型“PlayerInfo”冲突。请使用“D:\Develop\Projects\Astrum\AstrumServer\AstrumServer\Generated\game_S_3000.cs”中定义的类型。 [D:\Develop\Projects\Astrum\AstrumServer\AstrumServer\AstrumServer.csproj]
D:\Develop\Projects\Astrum\AstrumServer\AstrumServer\obj\Debug\net9.0\MemoryPack.Generator\MemoryPack.Generator.MemoryPackGenerator\Astrum.Generated.GameResponse.MemoryPackFormatter.g.cs(131,79): warning CS0436: “D:\Develop\Projects\Astrum\AstrumServer\AstrumServer\Generated\game_S_3000.cs”中的类型“GameResponse”与“Generated, Version=0.0.0.0, Culture=neutral, PublicKeyToken=null”中的导入类型“GameResponse”冲突。请使用“D:\Develop\Projects\Astrum\AstrumServer\AstrumServer\Generated\game_S_3000.cs”中定义的类型。 [D:\Develop\Projects\Astrum\AstrumServer\AstrumServer\AstrumServer.csproj]
D:\Develop\Projects\Astrum\AstrumServer\AstrumServer\obj\Debug\net9.0\MemoryPack.Generator\MemoryPack.Generator.MemoryPackGenerator\Astrum.Generated.GameResponse.MemoryPackFormatter.g.cs(183,21): warning CS0436: “D:\Develop\Projects\Astrum\AstrumServer\AstrumServer\Generated\game_S_3000.cs”中的类型“GameResponse”与“Generated, Version=0.0.0.0, Culture=neutral, PublicKeyToken=null”中的导入类型“GameResponse”冲突。请使用“D:\Develop\Projects\Astrum\AstrumServer\AstrumServer\Generated\game_S_3000.cs”中定义的类型。 [D:\Develop\Projects\Astrum\AstrumServer\AstrumServer\AstrumServer.csproj]
D:\Develop\Projects\Astrum\AstrumServer\AstrumServer\Generated\game_S_3000.cs(132,23): warning CS8618: 在退出构造函数时，不可为 null 的 属性 "message" 必须包含非 null 值。请考虑添加 "required" 修饰符或将该 属性 声明为可为 null。 [D:\Develop\Projects\Astrum\AstrumServer\AstrumServer\AstrumServer.csproj]
D:\Develop\Projects\Astrum\AstrumServer\AstrumServer\Generated\game_S_3000.cs(144,27): warning CS8618: 在退出构造函数时，不可为 null 的 属性 "updatedPlayer" 必须包含非 null 值。请考虑添加 "required" 修饰符或将该 属性 声明为可为 null。 [D:\Develop\Projects\Astrum\AstrumServer\AstrumServer\AstrumServer.csproj]
D:\Develop\Projects\Astrum\AstrumServer\AstrumServer\Generated\networkcommon_C_1000.cs(769,53): warning CS0436: “D:\Develop\Projects\Astrum\AstrumServer\AstrumServer\Generated\networkcommon_C_1000.cs”中的类型“QuickMatchRequest”与“Generated, Version=0.0.0.0, Culture=neutral, PublicKeyToken=null”中的导入类型“QuickMatchRequest”冲突。请使用“D:\Develop\Projects\Astrum\AstrumServer\AstrumServer\Generated\networkcommon_C_1000.cs”中定义的类型。 [D:\Develop\Projects\Astrum\AstrumServer\AstrumServer\AstrumServer.csproj]
D:\Develop\Projects\Astrum\AstrumServer\AstrumServer\Generated\networkcommon_C_1000.cs(769,88): warning CS0436: “D:\Develop\Projects\Astrum\AstrumServer\AstrumServer\Generated\networkcommon_C_1000.cs”中的类型“QuickMatchRequest”与“Generated, Version=0.0.0.0, Culture=neutral, PublicKeyToken=null”中的导入类型“QuickMatchRequest”冲突。请使用“D:\Develop\Projects\Astrum\AstrumServer\AstrumServer\Generated\networkcommon_C_1000.cs”中定义的类型。 [D:\Develop\Projects\Astrum\AstrumServer\AstrumServer\AstrumServer.csproj]
D:\Develop\Projects\Astrum\AstrumServer\AstrumServer\Generated\networkcommon_C_1000.cs(769,20): warning CS8603: 可能返回 null 引用。 [D:\Develop\Projects\Astrum\AstrumServer\AstrumServer\AstrumServer.csproj]
D:\Develop\Projects\Astrum\AstrumServer\AstrumServer\obj\Debug\net9.0\MemoryPack.Generator\MemoryPack.Generator.MemoryPackGenerator\Astrum.Generated.HeartbeatMessage.MemoryPackFormatter.g.cs(47,74): warning CS0436: “D:\Develop\Projects\Astrum\AstrumServer\AstrumServer\Generated\networkcommon_C_1000.cs”中的类型“HeartbeatMessage”与“Generated, Version=0.0.0.0, Culture=neutral, PublicKeyToken=null”中的导入类型“HeartbeatMessage”冲突。请使用“D:\Develop\Projects\Astrum\AstrumServer\AstrumServer\Generated\networkcommon_C_1000.cs”中定义的类型。 [D:\Develop\Projects\Astrum\AstrumServer\AstrumServer\AstrumServer.csproj]
D:\Develop\Projects\Astrum\AstrumServer\AstrumServer\obj\Debug\net9.0\MemoryPack.Generator\MemoryPack.Generator.MemoryPackGenerator\Astrum.Generated.HeartbeatMessage.MemoryPackFormatter.g.cs(49,127): warning CS0436: “D:\Develop\Projects\Astrum\AstrumServer\AstrumServer\Generated\networkcommon_C_1000.cs”中的类型“HeartbeatMessage”与“Generated, Version=0.0.0.0, Culture=neutral, PublicKeyToken=null”中的导入类型“HeartbeatMessage”冲突。请使用“D:\Develop\Projects\Astrum\AstrumServer\AstrumServer\Generated\networkcommon_C_1000.cs”中定义的类型。 [D:\Develop\Projects\Astrum\AstrumServer\AstrumServer\AstrumServer.csproj]
D:\Develop\Projects\Astrum\AstrumServer\AstrumServer\obj\Debug\net9.0\MemoryPack.Generator\MemoryPack.Generator.MemoryPackGenerator\Astrum.Generated.HeartbeatMessage.MemoryPackFormatter.g.cs(51,74): warning CS0436: “D:\Develop\Projects\Astrum\AstrumServer\AstrumServer\Generated\networkcommon_C_1000.cs”中的类型“HeartbeatMessage”与“Generated, Version=0.0.0.0, Culture=neutral, PublicKeyToken=null”中的导入类型“HeartbeatMessage”冲突。请使用“D:\Develop\Projects\Astrum\AstrumServer\AstrumServer\Generated\networkcommon_C_1000.cs”中定义的类型。 [D:\Develop\Projects\Astrum\AstrumServer\AstrumServer\AstrumServer.csproj]
D:\Develop\Projects\Astrum\AstrumServer\AstrumServer\obj\Debug\net9.0\MemoryPack.Generator\MemoryPack.Generator.MemoryPackGenerator\Astrum.Generated.HeartbeatMessage.MemoryPackFormatter.g.cs(53,118): warning CS0436: “D:\Develop\Projects\Astrum\AstrumServer\AstrumServer\Generated\networkcommon_C_1000.cs”中的类型“HeartbeatMessage”与“Generated, Version=0.0.0.0, Culture=neutral, PublicKeyToken=null”中的导入类型“HeartbeatMessage”冲突。请使用“D:\Develop\Projects\Astrum\AstrumServer\AstrumServer\Generated\networkcommon_C_1000.cs”中定义的类型。 [D:\Develop\Projects\Astrum\AstrumServer\AstrumServer\AstrumServer.csproj]
D:\Develop\Projects\Astrum\AstrumServer\AstrumServer\Generated\networkcommon_C_1000.cs(739,53): warning CS0436: “D:\Develop\Projects\Astrum\AstrumServer\AstrumServer\Generated\networkcommon_C_1000.cs”中的类型“G2C_Ping”与“Generated, Version=0.0.0.0, Culture=neutral, PublicKeyToken=null”中的导入类型“G2C_Ping”冲突。请使用“D:\Develop\Projects\Astrum\AstrumServer\AstrumServer\Generated\networkcommon_C_1000.cs”中定义的类型。 [D:\Develop\Projects\Astrum\AstrumServer\AstrumServer\AstrumServer.csproj]
D:\Develop\Projects\Astrum\AstrumServer\AstrumServer\Generated\networkcommon_C_1000.cs(739,79): warning CS0436: “D:\Develop\Projects\Astrum\AstrumServer\AstrumServer\Generated\networkcommon_C_1000.cs”中的类型“G2C_Ping”与“Generated, Version=0.0.0.0, Culture=neutral, PublicKeyToken=null”中的导入类型“G2C_Ping”冲突。请使用“D:\Develop\Projects\Astrum\AstrumServer\AstrumServer\Generated\networkcommon_C_1000.cs”中定义的类型。 [D:\Develop\Projects\Astrum\AstrumServer\AstrumServer\AstrumServer.csproj]
D:\Develop\Projects\Astrum\AstrumServer\AstrumServer\Generated\networkcommon_C_1000.cs(739,20): warning CS8603: 可能返回 null 引用。 [D:\Develop\Projects\Astrum\AstrumServer\AstrumServer\AstrumServer.csproj]
D:\Develop\Projects\Astrum\AstrumServer\AstrumServer\obj\Debug\net9.0\MemoryPack.Generator\MemoryPack.Generator.MemoryPackGenerator\Astrum.Generated.UserInfo.MemoryPackFormatter.g.cs(133,79): warning CS0436: “D:\Develop\Projects\Astrum\AstrumServer\AstrumServer\Generated\networkcommon_C_1000.cs”中的类型“UserInfo”与“Generated, Version=0.0.0.0, Culture=neutral, PublicKeyToken=null”中的导入类型“UserInfo”冲突。请使用“D:\Develop\Projects\Astrum\AstrumServer\AstrumServer\Generated\networkcommon_C_1000.cs”中定义的类型。 [D:\Develop\Projects\Astrum\AstrumServer\AstrumServer\AstrumServer.csproj]
D:\Develop\Projects\Astrum\AstrumServer\AstrumServer\obj\Debug\net9.0\MemoryPack.Generator\MemoryPack.Generator.MemoryPackGenerator\Astrum.Generated.UserInfo.MemoryPackFormatter.g.cs(185,21): warning CS0436: “D:\Develop\Projects\Astrum\AstrumServer\AstrumServer\Generated\networkcommon_C_1000.cs”中的类型“UserInfo”与“Generated, Version=0.0.0.0, Culture=neutral, PublicKeyToken=null”中的导入类型“UserInfo”冲突。请使用“D:\Develop\Projects\Astrum\AstrumServer\AstrumServer\Generated\networkcommon_C_1000.cs”中定义的类型。 [D:\Develop\Projects\Astrum\AstrumServer\AstrumServer\AstrumServer.csproj]
D:\Develop\Projects\Astrum\AstrumServer\AstrumServer\Generated\networkcommon_C_1000.cs(23,23): warning CS8618: 在退出构造函数时，不可为 null 的 属性 "Id" 必须包含非 null 值。请考虑添加 "required" 修饰符或将该 属性 声明为可为 null。 [D:\Develop\Projects\Astrum\AstrumServer\AstrumServer\AstrumServer.csproj]
D:\Develop\Projects\Astrum\AstrumServer\AstrumServer\Generated\networkcommon_C_1000.cs(29,23): warning CS8618: 在退出构造函数时，不可为 null 的 属性 "DisplayName" 必须包含非 null 值。请考虑添加 "required" 修饰符或将该 属性 声明为可为 null。 [D:\Develop\Projects\Astrum\AstrumServer\AstrumServer\AstrumServer.csproj]
D:\Develop\Projects\Astrum\AstrumServer\AstrumServer\Generated\networkcommon_C_1000.cs(41,23): warning CS8618: 在退出构造函数时，不可为 null 的 属性 "CurrentRoomId" 必须包含非 null 值。请考虑添加 "required" 修饰符或将该 属性 声明为可为 null。 [D:\Develop\Projects\Astrum\AstrumServer\AstrumServer\AstrumServer.csproj]
D:\Develop\Projects\Astrum\AstrumServer\AstrumServer\Generated\networkcommon_C_1000.cs(798,53): warning CS0436: “D:\Develop\Projects\Astrum\AstrumServer\AstrumServer\Generated\networkcommon_C_1000.cs”中的类型“QuickMatchResponse”与“Generated, Version=0.0.0.0, Culture=neutral, PublicKeyToken=null”中的导入类型“QuickMatchResponse”冲突。请使用“D:\Develop\Projects\Astrum\AstrumServer\AstrumServer\Generated\networkcommon_C_1000.cs”中定义的类型。 [D:\Develop\Projects\Astrum\AstrumServer\AstrumServer\AstrumServer.csproj]
D:\Develop\Projects\Astrum\AstrumServer\AstrumServer\Generated\networkcommon_C_1000.cs(798,89): warning CS0436: “D:\Develop\Projects\Astrum\AstrumServer\AstrumServer\Generated\networkcommon_C_1000.cs”中的类型“QuickMatchResponse”与“Generated, Version=0.0.0.0, Culture=neutral, PublicKeyToken=null”中的导入类型“QuickMatchResponse”冲突。请使用“D:\Develop\Projects\Astrum\AstrumServer\AstrumServer\Generated\networkcommon_C_1000.cs”中定义的类型。 [D:\Develop\Projects\Astrum\AstrumServer\AstrumServer\AstrumServer.csproj]
D:\Develop\Projects\Astrum\AstrumServer\AstrumServer\Generated\networkcommon_C_1000.cs(798,20): warning CS8603: 可能返回 null 引用。 [D:\Develop\Projects\Astrum\AstrumServer\AstrumServer\AstrumServer.csproj]
D:\Develop\Projects\Astrum\AstrumServer\AstrumServer\obj\Debug\net9.0\MemoryPack.Generator\MemoryPack.Generator.MemoryPackGenerator\Astrum.Generated.QuickMatchRequest.MemoryPackFormatter.g.cs(39,65): warning CS0436: “D:\Develop\Projects\Astrum\AstrumServer\AstrumServer\Generated\networkcommon_C_1000.cs”中的类型“QuickMatchRequest”与“Generated, Version=0.0.0.0, Culture=neutral, PublicKeyToken=null”中的导入类型“QuickMatchRequest”冲突。请使用“D:\Develop\Projects\Astrum\AstrumServer\AstrumServer\Generated\networkcommon_C_1000.cs”中定义的类型。 [D:\Develop\Projects\Astrum\AstrumServer\AstrumServer\AstrumServer.csproj]
D:\Develop\Projects\Astrum\AstrumServer\AstrumServer\obj\Debug\net9.0\MemoryPack.Generator\MemoryPack.Generator.MemoryPackGenerator\Astrum.Generated.C2G_Ping.MemoryPackFormatter.g.cs(49,74): warning CS0436: “D:\Develop\Projects\Astrum\AstrumServer\AstrumServer\Generated\networkcommon_C_1000.cs”中的类型“C2G_Ping”与“Generated, Version=0.0.0.0, Culture=neutral, PublicKeyToken=null”中的导入类型“C2G_Ping”冲突。请使用“D:\Develop\Projects\Astrum\AstrumServer\AstrumServer\Generated\networkcommon_C_1000.cs”中定义的类型。 [D:\Develop\Projects\Astrum\AstrumServer\AstrumServer\AstrumServer.csproj]
D:\Develop\Projects\Astrum\AstrumServer\AstrumServer\obj\Debug\net9.0\MemoryPack.Generator\MemoryPack.Generator.MemoryPackGenerator\Astrum.Generated.C2G_Ping.MemoryPackFormatter.g.cs(51,127): warning CS0436: “D:\Develop\Projects\Astrum\AstrumServer\AstrumServer\Generated\networkcommon_C_1000.cs”中的类型“C2G_Ping”与“Generated, Version=0.0.0.0, Culture=neutral, PublicKeyToken=null”中的导入类型“C2G_Ping”冲突。请使用“D:\Develop\Projects\Astrum\AstrumServer\AstrumServer\Generated\networkcommon_C_1000.cs”中定义的类型。 [D:\Develop\Projects\Astrum\AstrumServer\AstrumServer\AstrumServer.csproj]
D:\Develop\Projects\Astrum\AstrumServer\AstrumServer\obj\Debug\net9.0\MemoryPack.Generator\MemoryPack.Generator.MemoryPackGenerator\Astrum.Generated.C2G_Ping.MemoryPackFormatter.g.cs(53,74): warning CS0436: “D:\Develop\Projects\Astrum\AstrumServer\AstrumServer\Generated\networkcommon_C_1000.cs”中的类型“C2G_Ping”与“Generated, Version=0.0.0.0, Culture=neutral, PublicKeyToken=null”中的导入类型“C2G_Ping”冲突。请使用“D:\Develop\Projects\Astrum\AstrumServer\AstrumServer\Generated\networkcommon_C_1000.cs”中定义的类型。 [D:\Develop\Projects\Astrum\AstrumServer\AstrumServer\AstrumServer.csproj]
D:\Develop\Projects\Astrum\AstrumServer\AstrumServer\obj\Debug\net9.0\MemoryPack.Generator\MemoryPack.Generator.MemoryPackGenerator\Astrum.Generated.C2G_Ping.MemoryPackFormatter.g.cs(55,118): warning CS0436: “D:\Develop\Projects\Astrum\AstrumServer\AstrumServer\Generated\networkcommon_C_1000.cs”中的类型“C2G_Ping”与“Generated, Version=0.0.0.0, Culture=neutral, PublicKeyToken=null”中的导入类型“C2G_Ping”冲突。请使用“D:\Develop\Projects\Astrum\AstrumServer\AstrumServer\Generated\networkcommon_C_1000.cs”中定义的类型。 [D:\Develop\Projects\Astrum\AstrumServer\AstrumServer\AstrumServer.csproj]
D:\Develop\Projects\Astrum\AstrumServer\AstrumServer\Core\GameServer.cs(482,28): warning CS0436: “D:\Develop\Projects\Astrum\AstrumServer\AstrumServer\Generated\networkcommon_C_1000.cs”中的类型“HeartbeatResponse”与“Generated, Version=0.0.0.0, Culture=neutral, PublicKeyToken=null”中的导入类型“HeartbeatResponse”冲突。请使用“D:\Develop\Projects\Astrum\AstrumServer\AstrumServer\Generated\networkcommon_C_1000.cs”中定义的类型。 [D:\Develop\Projects\Astrum\AstrumServer\AstrumServer\AstrumServer.csproj]
D:\Develop\Projects\Astrum\AstrumServer\AstrumServer\obj\Debug\net9.0\MemoryPack.Generator\MemoryPack.Generator.MemoryPackGenerator\Astrum.Generated.G2C_Ping.MemoryPackFormatter.g.cs(39,65): warning CS0436: “D:\Develop\Projects\Astrum\AstrumServer\AstrumServer\Generated\networkcommon_C_1000.cs”中的类型“G2C_Ping”与“Generated, Version=0.0.0.0, Culture=neutral, PublicKeyToken=null”中的导入类型“G2C_Ping”冲突。请使用“D:\Develop\Projects\Astrum\AstrumServer\AstrumServer\Generated\networkcommon_C_1000.cs”中定义的类型。 [D:\Develop\Projects\Astrum\AstrumServer\AstrumServer\AstrumServer.csproj]
D:\Develop\Projects\Astrum\AstrumServer\AstrumServer\obj\Debug\net9.0\MemoryPack.Generator\MemoryPack.Generator.MemoryPackGenerator\Astrum.Generated.QuickMatchRequest.MemoryPackFormatter.g.cs(49,74): warning CS0436: “D:\Develop\Projects\Astrum\AstrumServer\AstrumServer\Generated\networkcommon_C_1000.cs”中的类型“QuickMatchRequest”与“Generated, Version=0.0.0.0, Culture=neutral, PublicKeyToken=null”中的导入类型“QuickMatchRequest”冲突。请使用“D:\Develop\Projects\Astrum\AstrumServer\AstrumServer\Generated\networkcommon_C_1000.cs”中定义的类型。 [D:\Develop\Projects\Astrum\AstrumServer\AstrumServer\AstrumServer.csproj]
D:\Develop\Projects\Astrum\AstrumServer\AstrumServer\obj\Debug\net9.0\MemoryPack.Generator\MemoryPack.Generator.MemoryPackGenerator\Astrum.Generated.QuickMatchRequest.MemoryPackFormatter.g.cs(51,127): warning CS0436: “D:\Develop\Projects\Astrum\AstrumServer\AstrumServer\Generated\networkcommon_C_1000.cs”中的类型“QuickMatchRequest”与“Generated, Version=0.0.0.0, Culture=neutral, PublicKeyToken=null”中的导入类型“QuickMatchRequest”冲突。请使用“D:\Develop\Projects\Astrum\AstrumServer\AstrumServer\Generated\networkcommon_C_1000.cs”中定义的类型。 [D:\Develop\Projects\Astrum\AstrumServer\AstrumServer\AstrumServer.csproj]
D:\Develop\Projects\Astrum\AstrumServer\AstrumServer\obj\Debug\net9.0\MemoryPack.Generator\MemoryPack.Generator.MemoryPackGenerator\Astrum.Generated.QuickMatchRequest.MemoryPackFormatter.g.cs(53,74): warning CS0436: “D:\Develop\Projects\Astrum\AstrumServer\AstrumServer\Generated\networkcommon_C_1000.cs”中的类型“QuickMatchRequest”与“Generated, Version=0.0.0.0, Culture=neutral, PublicKeyToken=null”中的导入类型“QuickMatchRequest”冲突。请使用“D:\Develop\Projects\Astrum\AstrumServer\AstrumServer\Generated\networkcommon_C_1000.cs”中定义的类型。 [D:\Develop\Projects\Astrum\AstrumServer\AstrumServer\AstrumServer.csproj]
D:\Develop\Projects\Astrum\AstrumServer\AstrumServer\obj\Debug\net9.0\MemoryPack.Generator\MemoryPack.Generator.MemoryPackGenerator\Astrum.Generated.QuickMatchRequest.MemoryPackFormatter.g.cs(55,118): warning CS0436: “D:\Develop\Projects\Astrum\AstrumServer\AstrumServer\Generated\networkcommon_C_1000.cs”中的类型“QuickMatchRequest”与“Generated, Version=0.0.0.0, Culture=neutral, PublicKeyToken=null”中的导入类型“QuickMatchRequest”冲突。请使用“D:\Develop\Projects\Astrum\AstrumServer\AstrumServer\Generated\networkcommon_C_1000.cs”中定义的类型。 [D:\Develop\Projects\Astrum\AstrumServer\AstrumServer\AstrumServer.csproj]
D:\Develop\Projects\Astrum\AstrumServer\AstrumServer\Generated\networkcommon_C_1000.cs(839,28): warning CS8625: 无法将 null 字面量转换为非 null 的引用类型。 [D:\Develop\Projects\Astrum\AstrumServer\AstrumServer\AstrumServer.csproj]
D:\Develop\Projects\Astrum\AstrumServer\AstrumServer\obj\Debug\net9.0\MemoryPack.Generator\MemoryPack.Generator.MemoryPackGenerator\Astrum.Generated.QuickMatchResponse.MemoryPackFormatter.g.cs(43,65): warning CS0436: “D:\Develop\Projects\Astrum\AstrumServer\AstrumServer\Generated\networkcommon_C_1000.cs”中的类型“QuickMatchResponse”与“Generated, Version=0.0.0.0, Culture=neutral, PublicKeyToken=null”中的导入类型“QuickMatchResponse”冲突。请使用“D:\Develop\Projects\Astrum\AstrumServer\AstrumServer\Generated\networkcommon_C_1000.cs”中定义的类型。 [D:\Develop\Projects\Astrum\AstrumServer\AstrumServer\AstrumServer.csproj]
D:\Develop\Projects\Astrum\AstrumServer\AstrumServer\obj\Debug\net9.0\MemoryPack.Generator\MemoryPack.Generator.MemoryPackGenerator\Astrum.Generated.G2C_Ping.MemoryPackFormatter.g.cs(49,74): warning CS0436: “D:\Develop\Projects\Astrum\AstrumServer\AstrumServer\Generated\networkcommon_C_1000.cs”中的类型“G2C_Ping”与“Generated, Version=0.0.0.0, Culture=neutral, PublicKeyToken=null”中的导入类型“G2C_Ping”冲突。请使用“D:\Develop\Projects\Astrum\AstrumServer\AstrumServer\Generated\networkcommon_C_1000.cs”中定义的类型。 [D:\Develop\Projects\Astrum\AstrumServer\AstrumServer\AstrumServer.csproj]
D:\Develop\Projects\Astrum\AstrumServer\AstrumServer\obj\Debug\net9.0\MemoryPack.Generator\MemoryPack.Generator.MemoryPackGenerator\Astrum.Generated.G2C_Ping.MemoryPackFormatter.g.cs(51,127): warning CS0436: “D:\Develop\Projects\Astrum\AstrumServer\AstrumServer\Generated\networkcommon_C_1000.cs”中的类型“G2C_Ping”与“Generated, Version=0.0.0.0, Culture=neutral, PublicKeyToken=null”中的导入类型“G2C_Ping”冲突。请使用“D:\Develop\Projects\Astrum\AstrumServer\AstrumServer\Generated\networkcommon_C_1000.cs”中定义的类型。 [D:\Develop\Projects\Astrum\AstrumServer\AstrumServer\AstrumServer.csproj]
D:\Develop\Projects\Astrum\AstrumServer\AstrumServer\obj\Debug\net9.0\MemoryPack.Generator\MemoryPack.Generator.MemoryPackGenerator\Astrum.Generated.G2C_Ping.MemoryPackFormatter.g.cs(53,74): warning CS0436: “D:\Develop\Projects\Astrum\AstrumServer\AstrumServer\Generated\networkcommon_C_1000.cs”中的类型“G2C_Ping”与“Generated, Version=0.0.0.0, Culture=neutral, PublicKeyToken=null”中的导入类型“G2C_Ping”冲突。请使用“D:\Develop\Projects\Astrum\AstrumServer\AstrumServer\Generated\networkcommon_C_1000.cs”中定义的类型。 [D:\Develop\Projects\Astrum\AstrumServer\AstrumServer\AstrumServer.csproj]
D:\Develop\Projects\Astrum\AstrumServer\AstrumServer\obj\Debug\net9.0\MemoryPack.Generator\MemoryPack.Generator.MemoryPackGenerator\Astrum.Generated.G2C_Ping.MemoryPackFormatter.g.cs(55,118): warning CS0436: “D:\Develop\Projects\Astrum\AstrumServer\AstrumServer\Generated\networkcommon_C_1000.cs”中的类型“G2C_Ping”与“Generated, Version=0.0.0.0, Culture=neutral, PublicKeyToken=null”中的导入类型“G2C_Ping”冲突。请使用“D:\Develop\Projects\Astrum\AstrumServer\AstrumServer\Generated\networkcommon_C_1000.cs”中定义的类型。 [D:\Develop\Projects\Astrum\AstrumServer\AstrumServer\AstrumServer.csproj]
D:\Develop\Projects\Astrum\AstrumServer\AstrumServer\obj\Debug\net9.0\MemoryPack.Generator\MemoryPack.Generator.MemoryPackGenerator\Astrum.Generated.QuickMatchResponse.MemoryPackFormatter.g.cs(50,74): warning CS0436: “D:\Develop\Projects\Astrum\AstrumServer\AstrumServer\Generated\networkcommon_C_1000.cs”中的类型“QuickMatchResponse”与“Generated, Version=0.0.0.0, Culture=neutral, PublicKeyToken=null”中的导入类型“QuickMatchResponse”冲突。请使用“D:\Develop\Projects\Astrum\AstrumServer\AstrumServer\Generated\networkcommon_C_1000.cs”中定义的类型。 [D:\Develop\Projects\Astrum\AstrumServer\AstrumServer\AstrumServer.csproj]
D:\Develop\Projects\Astrum\AstrumServer\AstrumServer\obj\Debug\net9.0\MemoryPack.Generator\MemoryPack.Generator.MemoryPackGenerator\Astrum.Generated.QuickMatchResponse.MemoryPackFormatter.g.cs(52,127): warning CS0436: “D:\Develop\Projects\Astrum\AstrumServer\AstrumServer\Generated\networkcommon_C_1000.cs”中的类型“QuickMatchResponse”与“Generated, Version=0.0.0.0, Culture=neutral, PublicKeyToken=null”中的导入类型“QuickMatchResponse”冲突。请使用“D:\Develop\Projects\Astrum\AstrumServer\AstrumServer\Generated\networkcommon_C_1000.cs”中定义的类型。 [D:\Develop\Projects\Astrum\AstrumServer\AstrumServer\AstrumServer.csproj]
D:\Develop\Projects\Astrum\AstrumServer\AstrumServer\obj\Debug\net9.0\MemoryPack.Generator\MemoryPack.Generator.MemoryPackGenerator\Astrum.Generated.QuickMatchResponse.MemoryPackFormatter.g.cs(54,74): warning CS0436: “D:\Develop\Projects\Astrum\AstrumServer\AstrumServer\Generated\networkcommon_C_1000.cs”中的类型“QuickMatchResponse”与“Generated, Version=0.0.0.0, Culture=neutral, PublicKeyToken=null”中的导入类型“QuickMatchResponse”冲突。请使用“D:\Develop\Projects\Astrum\AstrumServer\AstrumServer\Generated\networkcommon_C_1000.cs”中定义的类型。 [D:\Develop\Projects\Astrum\AstrumServer\AstrumServer\AstrumServer.csproj]
D:\Develop\Projects\Astrum\AstrumServer\AstrumServer\obj\Debug\net9.0\MemoryPack.Generator\MemoryPack.Generator.MemoryPackGenerator\Astrum.Generated.QuickMatchResponse.MemoryPackFormatter.g.cs(56,118): warning CS0436: “D:\Develop\Projects\Astrum\AstrumServer\AstrumServer\Generated\networkcommon_C_1000.cs”中的类型“QuickMatchResponse”与“Generated, Version=0.0.0.0, Culture=neutral, PublicKeyToken=null”中的导入类型“QuickMatchResponse”冲突。请使用“D:\Develop\Projects\Astrum\AstrumServer\AstrumServer\Generated\networkcommon_C_1000.cs”中定义的类型。 [D:\Develop\Projects\Astrum\AstrumServer\AstrumServer\AstrumServer.csproj]
D:\Develop\Projects\Astrum\AstrumServer\AstrumServer\Generated\networkcommon_C_1000.cs(855,53): warning CS0436: “D:\Develop\Projects\Astrum\AstrumServer\AstrumServer\Generated\networkcommon_C_1000.cs”中的类型“CancelMatchRequest”与“Generated, Version=0.0.0.0, Culture=neutral, PublicKeyToken=null”中的导入类型“CancelMatchRequest”冲突。请使用“D:\Develop\Projects\Astrum\AstrumServer\AstrumServer\Generated\networkcommon_C_1000.cs”中定义的类型。 [D:\Develop\Projects\Astrum\AstrumServer\AstrumServer\AstrumServer.csproj]
D:\Develop\Projects\Astrum\AstrumServer\AstrumServer\Generated\networkcommon_C_1000.cs(855,89): warning CS0436: “D:\Develop\Projects\Astrum\AstrumServer\AstrumServer\Generated\networkcommon_C_1000.cs”中的类型“CancelMatchRequest”与“Generated, Version=0.0.0.0, Culture=neutral, PublicKeyToken=null”中的导入类型“CancelMatchRequest”冲突。请使用“D:\Develop\Projects\Astrum\AstrumServer\AstrumServer\Generated\networkcommon_C_1000.cs”中定义的类型。 [D:\Develop\Projects\Astrum\AstrumServer\AstrumServer\AstrumServer.csproj]
D:\Develop\Projects\Astrum\AstrumServer\AstrumServer\Generated\networkcommon_C_1000.cs(855,20): warning CS8603: 可能返回 null 引用。 [D:\Develop\Projects\Astrum\AstrumServer\AstrumServer\AstrumServer.csproj]
D:\Develop\Projects\Astrum\AstrumServer\AstrumServer\obj\Debug\net9.0\MemoryPack.Generator\MemoryPack.Generator.MemoryPackGenerator\Astrum.Generated.C2G_Ping.MemoryPackFormatter.g.cs(116,79): warning CS0436: “D:\Develop\Projects\Astrum\AstrumServer\AstrumServer\Generated\networkcommon_C_1000.cs”中的类型“C2G_Ping”与“Generated, Version=0.0.0.0, Culture=neutral, PublicKeyToken=null”中的导入类型“C2G_Ping”冲突。请使用“D:\Develop\Projects\Astrum\AstrumServer\AstrumServer\Generated\networkcommon_C_1000.cs”中定义的类型。 [D:\Develop\Projects\Astrum\AstrumServer\AstrumServer\AstrumServer.csproj]
D:\Develop\Projects\Astrum\AstrumServer\AstrumServer\obj\Debug\net9.0\MemoryPack.Generator\MemoryPack.Generator.MemoryPackGenerator\Astrum.Generated.C2G_Ping.MemoryPackFormatter.g.cs(156,21): warning CS0436: “D:\Develop\Projects\Astrum\AstrumServer\AstrumServer\Generated\networkcommon_C_1000.cs”中的类型“C2G_Ping”与“Generated, Version=0.0.0.0, Culture=neutral, PublicKeyToken=null”中的导入类型“C2G_Ping”冲突。请使用“D:\Develop\Projects\Astrum\AstrumServer\AstrumServer\Generated\networkcommon_C_1000.cs”中定义的类型。 [D:\Develop\Projects\Astrum\AstrumServer\AstrumServer\AstrumServer.csproj]
D:\Develop\Projects\Astrum\AstrumServer\AstrumServer\obj\Debug\net9.0\MemoryPack.Generator\MemoryPack.Generator.MemoryPackGenerator\Astrum.Generated.HeartbeatResponse.MemoryPackFormatter.g.cs(119,79): warning CS0436: “D:\Develop\Projects\Astrum\AstrumServer\AstrumServer\Generated\networkcommon_C_1000.cs”中的类型“HeartbeatResponse”与“Generated, Version=0.0.0.0, Culture=neutral, PublicKeyToken=null”中的导入类型“HeartbeatResponse”冲突。请使用“D:\Develop\Projects\Astrum\AstrumServer\AstrumServer\Generated\networkcommon_C_1000.cs”中定义的类型。 [D:\Develop\Projects\Astrum\AstrumServer\AstrumServer\AstrumServer.csproj]
D:\Develop\Projects\Astrum\AstrumServer\AstrumServer\obj\Debug\net9.0\MemoryPack.Generator\MemoryPack.Generator.MemoryPackGenerator\Astrum.Generated.HeartbeatResponse.MemoryPackFormatter.g.cs(163,21): warning CS0436: “D:\Develop\Projects\Astrum\AstrumServer\AstrumServer\Generated\networkcommon_C_1000.cs”中的类型“HeartbeatResponse”与“Generated, Version=0.0.0.0, Culture=neutral, PublicKeyToken=null”中的导入类型“HeartbeatResponse”冲突。请使用“D:\Develop\Projects\Astrum\AstrumServer\AstrumServer\Generated\networkcommon_C_1000.cs”中定义的类型。 [D:\Develop\Projects\Astrum\AstrumServer\AstrumServer\AstrumServer.csproj]
D:\Develop\Projects\Astrum\AstrumServer\AstrumServer\Generated\networkcommon_C_1000.cs(687,23): warning CS8618: 在退出构造函数时，不可为 null 的 属性 "Message" 必须包含非 null 值。请考虑添加 "required" 修饰符或将该 属性 声明为可为 null。 [D:\Develop\Projects\Astrum\AstrumServer\AstrumServer\AstrumServer.csproj]
D:\Develop\Projects\Astrum\AstrumServer\AstrumServer\obj\Debug\net9.0\MemoryPack.Generator\MemoryPack.Generator.MemoryPackGenerator\Astrum.Generated.CancelMatchRequest.MemoryPackFormatter.g.cs(39,65): warning CS0436: “D:\Develop\Projects\Astrum\AstrumServer\AstrumServer\Generated\networkcommon_C_1000.cs”中的类型“CancelMatchRequest”与“Generated, Version=0.0.0.0, Culture=neutral, PublicKeyToken=null”中的导入类型“CancelMatchRequest”冲突。请使用“D:\Develop\Projects\Astrum\AstrumServer\AstrumServer\Generated\networkcommon_C_1000.cs”中定义的类型。 [D:\Develop\Projects\Astrum\AstrumServer\AstrumServer\AstrumServer.csproj]
D:\Develop\Projects\Astrum\AstrumServer\AstrumServer\obj\Debug\net9.0\MemoryPack.Generator\MemoryPack.Generator.MemoryPackGenerator\Astrum.Generated.LeaveRoomResponse.MemoryPackFormatter.g.cs(131,79): warning CS0436: “D:\Develop\Projects\Astrum\AstrumServer\AstrumServer\Generated\networkcommon_C_1000.cs”中的类型“LeaveRoomResponse”与“Generated, Version=0.0.0.0, Culture=neutral, PublicKeyToken=null”中的导入类型“LeaveRoomResponse”冲突。请使用“D:\Develop\Projects\Astrum\AstrumServer\AstrumServer\Generated\networkcommon_C_1000.cs”中定义的类型。 [D:\Develop\Projects\Astrum\AstrumServer\AstrumServer\AstrumServer.csproj]
D:\Develop\Projects\Astrum\AstrumServer\AstrumServer\obj\Debug\net9.0\MemoryPack.Generator\MemoryPack.Generator.MemoryPackGenerator\Astrum.Generated.LeaveRoomResponse.MemoryPackFormatter.g.cs(183,21): warning CS0436: “D:\Develop\Projects\Astrum\AstrumServer\AstrumServer\Generated\networkcommon_C_1000.cs”中的类型“LeaveRoomResponse”与“Generated, Version=0.0.0.0, Culture=neutral, PublicKeyToken=null”中的导入类型“LeaveRoomResponse”冲突。请使用“D:\Develop\Projects\Astrum\AstrumServer\AstrumServer\Generated\networkcommon_C_1000.cs”中定义的类型。 [D:\Develop\Projects\Astrum\AstrumServer\AstrumServer\AstrumServer.csproj]
D:\Develop\Projects\Astrum\AstrumServer\AstrumServer\Generated\networkcommon_C_1000.cs(551,23): warning CS8618: 在退出构造函数时，不可为 null 的 属性 "Message" 必须包含非 null 值。请考虑添加 "required" 修饰符或将该 属性 声明为可为 null。 [D:\Develop\Projects\Astrum\AstrumServer\AstrumServer\AstrumServer.csproj]
D:\Develop\Projects\Astrum\AstrumServer\AstrumServer\Generated\networkcommon_C_1000.cs(557,23): warning CS8618: 在退出构造函数时，不可为 null 的 属性 "RoomId" 必须包含非 null 值。请考虑添加 "required" 修饰符或将该 属性 声明为可为 null。 [D:\Develop\Projects\Astrum\AstrumServer\AstrumServer\AstrumServer.csproj]
D:\Develop\Projects\Astrum\AstrumServer\AstrumServer\obj\Debug\net9.0\MemoryPack.Generator\MemoryPack.Generator.MemoryPackGenerator\Astrum.Generated.RoomUpdateNotification.MemoryPackFormatter.g.cs(94,34): warning CS0436: “D:\Develop\Projects\Astrum\AstrumServer\AstrumServer\Generated\networkcommon_C_1000.cs”中的类型“RoomInfo”与“Generated, Version=0.0.0.0, Culture=neutral, PublicKeyToken=null”中的导入类型“RoomInfo”冲突。请使用“D:\Develop\Projects\Astrum\AstrumServer\AstrumServer\Generated\networkcommon_C_1000.cs”中定义的类型。 [D:\Develop\Projects\Astrum\AstrumServer\AstrumServer\AstrumServer.csproj]
D:\Develop\Projects\Astrum\AstrumServer\AstrumServer\obj\Debug\net9.0\MemoryPack.Generator\MemoryPack.Generator.MemoryPackGenerator\Astrum.Generated.RoomUpdateNotification.MemoryPackFormatter.g.cs(105,71): warning CS0436: “D:\Develop\Projects\Astrum\AstrumServer\AstrumServer\Generated\networkcommon_C_1000.cs”中的类型“RoomInfo”与“Generated, Version=0.0.0.0, Culture=neutral, PublicKeyToken=null”中的导入类型“RoomInfo”冲突。请使用“D:\Develop\Projects\Astrum\AstrumServer\AstrumServer\Generated\networkcommon_C_1000.cs”中定义的类型。 [D:\Develop\Projects\Astrum\AstrumServer\AstrumServer\AstrumServer.csproj]
D:\Develop\Projects\Astrum\AstrumServer\AstrumServer\obj\Debug\net9.0\MemoryPack.Generator\MemoryPack.Generator.MemoryPackGenerator\Astrum.Generated.RoomUpdateNotification.MemoryPackFormatter.g.cs(133,79): warning CS0436: “D:\Develop\Projects\Astrum\AstrumServer\AstrumServer\Generated\networkcommon_C_1000.cs”中的类型“RoomUpdateNotification”与“Generated, Version=0.0.0.0, Culture=neutral, PublicKeyToken=null”中的导入类型“RoomUpdateNotification”冲突。请使用“D:\Develop\Projects\Astrum\AstrumServer\AstrumServer\Generated\networkcommon_C_1000.cs”中定义的类型。 [D:\Develop\Projects\Astrum\AstrumServer\AstrumServer\AstrumServer.csproj]
D:\Develop\Projects\Astrum\AstrumServer\AstrumServer\obj\Debug\net9.0\MemoryPack.Generator\MemoryPack.Generator.MemoryPackGenerator\Astrum.Generated.RoomUpdateNotification.MemoryPackFormatter.g.cs(185,21): warning CS0436: “D:\Develop\Projects\Astrum\AstrumServer\AstrumServer\Generated\networkcommon_C_1000.cs”中的类型“RoomUpdateNotification”与“Generated, Version=0.0.0.0, Culture=neutral, PublicKeyToken=null”中的导入类型“RoomUpdateNotification”冲突。请使用“D:\Develop\Projects\Astrum\AstrumServer\AstrumServer\Generated\networkcommon_C_1000.cs”中定义的类型。 [D:\Develop\Projects\Astrum\AstrumServer\AstrumServer\AstrumServer.csproj]
D:\Develop\Projects\Astrum\AstrumServer\AstrumServer\Generated\networkcommon_C_1000.cs(395,25): warning CS8618: 在退出构造函数时，不可为 null 的 属性 "Room" 必须包含非 null 值。请考虑添加 "required" 修饰符或将该 属性 声明为可为 null。 [D:\Develop\Projects\Astrum\AstrumServer\AstrumServer\AstrumServer.csproj]
D:\Develop\Projects\Astrum\AstrumServer\AstrumServer\Generated\networkcommon_C_1000.cs(401,23): warning CS8618: 在退出构造函数时，不可为 null 的 属性 "UpdateType" 必须包含非 null 值。请考虑添加 "required" 修饰符或将该 属性 声明为可为 null。 [D:\Develop\Projects\Astrum\AstrumServer\AstrumServer\AstrumServer.csproj]
D:\Develop\Projects\Astrum\AstrumServer\AstrumServer\Generated\networkcommon_C_1000.cs(407,23): warning CS8618: 在退出构造函数时，不可为 null 的 属性 "RelatedUserId" 必须包含非 null 值。请考虑添加 "required" 修饰符或将该 属性 声明为可为 null。 [D:\Develop\Projects\Astrum\AstrumServer\AstrumServer\AstrumServer.csproj]
D:\Develop\Projects\Astrum\AstrumServer\AstrumServer\obj\Debug\net9.0\MemoryPack.Generator\MemoryPack.Generator.MemoryPackGenerator\Astrum.Generated.CreateRoomResponse.MemoryPackFormatter.g.cs(95,34): warning CS0436: “D:\Develop\Projects\Astrum\AstrumServer\AstrumServer\Generated\networkcommon_C_1000.cs”中的类型“RoomInfo”与“Generated, Version=0.0.0.0, Culture=neutral, PublicKeyToken=null”中的导入类型“RoomInfo”冲突。请使用“D:\Develop\Projects\Astrum\AstrumServer\AstrumServer\Generated\networkcommon_C_1000.cs”中定义的类型。 [D:\Develop\Projects\Astrum\AstrumServer\AstrumServer\AstrumServer.csproj]
D:\Develop\Projects\Astrum\AstrumServer\AstrumServer\obj\Debug\net9.0\MemoryPack.Generator\MemoryPack.Generator.MemoryPackGenerator\Astrum.Generated.CreateRoomResponse.MemoryPackFormatter.g.cs(105,71): warning CS0436: “D:\Develop\Projects\Astrum\AstrumServer\AstrumServer\Generated\networkcommon_C_1000.cs”中的类型“RoomInfo”与“Generated, Version=0.0.0.0, Culture=neutral, PublicKeyToken=null”中的导入类型“RoomInfo”冲突。请使用“D:\Develop\Projects\Astrum\AstrumServer\AstrumServer\Generated\networkcommon_C_1000.cs”中定义的类型。 [D:\Develop\Projects\Astrum\AstrumServer\AstrumServer\AstrumServer.csproj]
D:\Develop\Projects\Astrum\AstrumServer\AstrumServer\obj\Debug\net9.0\MemoryPack.Generator\MemoryPack.Generator.MemoryPackGenerator\Astrum.Generated.CreateRoomResponse.MemoryPackFormatter.g.cs(131,79): warning CS0436: “D:\Develop\Projects\Astrum\AstrumServer\AstrumServer\Generated\networkcommon_C_1000.cs”中的类型“CreateRoomResponse”与“Generated, Version=0.0.0.0, Culture=neutral, PublicKeyToken=null”中的导入类型“CreateRoomResponse”冲突。请使用“D:\Develop\Projects\Astrum\AstrumServer\AstrumServer\Generated\networkcommon_C_1000.cs”中定义的类型。 [D:\Develop\Projects\Astrum\AstrumServer\AstrumServer\AstrumServer.csproj]
D:\Develop\Projects\Astrum\AstrumServer\AstrumServer\obj\Debug\net9.0\MemoryPack.Generator\MemoryPack.Generator.MemoryPackGenerator\Astrum.Generated.CreateRoomResponse.MemoryPackFormatter.g.cs(183,21): warning CS0436: “D:\Develop\Projects\Astrum\AstrumServer\AstrumServer\Generated\networkcommon_C_1000.cs”中的类型“CreateRoomResponse”与“Generated, Version=0.0.0.0, Culture=neutral, PublicKeyToken=null”中的导入类型“CreateRoomResponse”冲突。请使用“D:\Develop\Projects\Astrum\AstrumServer\AstrumServer\Generated\networkcommon_C_1000.cs”中定义的类型。 [D:\Develop\Projects\Astrum\AstrumServer\AstrumServer\AstrumServer.csproj]
D:\Develop\Projects\Astrum\AstrumServer\AstrumServer\Generated\networkcommon_C_1000.cs(451,23): warning CS8618: 在退出构造函数时，不可为 null 的 属性 "Message" 必须包含非 null 值。请考虑添加 "required" 修饰符或将该 属性 声明为可为 null。 [D:\Develop\Projects\Astrum\AstrumServer\AstrumServer\AstrumServer.csproj]
D:\Develop\Projects\Astrum\AstrumServer\AstrumServer\Generated\networkcommon_C_1000.cs(457,25): warning CS8618: 在退出构造函数时，不可为 null 的 属性 "Room" 必须包含非 null 值。请考虑添加 "required" 修饰符或将该 属性 声明为可为 null。 [D:\Develop\Projects\Astrum\AstrumServer\AstrumServer\AstrumServer.csproj]
D:\Develop\Projects\Astrum\AstrumServer\AstrumServer\obj\Debug\net9.0\MemoryPack.Generator\MemoryPack.Generator.MemoryPackGenerator\Astrum.Generated.CancelMatchRequest.MemoryPackFormatter.g.cs(49,74): warning CS0436: “D:\Develop\Projects\Astrum\AstrumServer\AstrumServer\Generated\networkcommon_C_1000.cs”中的类型“CancelMatchRequest”与“Generated, Version=0.0.0.0, Culture=neutral, PublicKeyToken=null”中的导入类型“CancelMatchRequest”冲突。请使用“D:\Develop\Projects\Astrum\AstrumServer\AstrumServer\Generated\networkcommon_C_1000.cs”中定义的类型。 [D:\Develop\Projects\Astrum\AstrumServer\AstrumServer\AstrumServer.csproj]
D:\Develop\Projects\Astrum\AstrumServer\AstrumServer\obj\Debug\net9.0\MemoryPack.Generator\MemoryPack.Generator.MemoryPackGenerator\Astrum.Generated.CancelMatchRequest.MemoryPackFormatter.g.cs(51,127): warning CS0436: “D:\Develop\Projects\Astrum\AstrumServer\AstrumServer\Generated\networkcommon_C_1000.cs”中的类型“CancelMatchRequest”与“Generated, Version=0.0.0.0, Culture=neutral, PublicKeyToken=null”中的导入类型“CancelMatchRequest”冲突。请使用“D:\Develop\Projects\Astrum\AstrumServer\AstrumServer\Generated\networkcommon_C_1000.cs”中定义的类型。 [D:\Develop\Projects\Astrum\AstrumServer\AstrumServer\AstrumServer.csproj]
D:\Develop\Projects\Astrum\AstrumServer\AstrumServer\obj\Debug\net9.0\MemoryPack.Generator\MemoryPack.Generator.MemoryPackGenerator\Astrum.Generated.CancelMatchRequest.MemoryPackFormatter.g.cs(53,74): warning CS0436: “D:\Develop\Projects\Astrum\AstrumServer\AstrumServer\Generated\networkcommon_C_1000.cs”中的类型“CancelMatchRequest”与“Generated, Version=0.0.0.0, Culture=neutral, PublicKeyToken=null”中的导入类型“CancelMatchRequest”冲突。请使用“D:\Develop\Projects\Astrum\AstrumServer\AstrumServer\Generated\networkcommon_C_1000.cs”中定义的类型。 [D:\Develop\Projects\Astrum\AstrumServer\AstrumServer\AstrumServer.csproj]
D:\Develop\Projects\Astrum\AstrumServer\AstrumServer\obj\Debug\net9.0\MemoryPack.Generator\MemoryPack.Generator.MemoryPackGenerator\Astrum.Generated.CancelMatchRequest.MemoryPackFormatter.g.cs(55,118): warning CS0436: “D:\Develop\Projects\Astrum\AstrumServer\AstrumServer\Generated\networkcommon_C_1000.cs”中的类型“CancelMatchRequest”与“Generated, Version=0.0.0.0, Culture=neutral, PublicKeyToken=null”中的导入类型“CancelMatchRequest”冲突。请使用“D:\Develop\Projects\Astrum\AstrumServer\AstrumServer\Generated\networkcommon_C_1000.cs”中定义的类型。 [D:\Develop\Projects\Astrum\AstrumServer\AstrumServer\AstrumServer.csproj]
D:\Develop\Projects\Astrum\AstrumServer\AstrumServer\obj\Debug\net9.0\MemoryPack.Generator\MemoryPack.Generator.MemoryPackGenerator\Astrum.Generated.QuickMatchRequest.MemoryPackFormatter.g.cs(116,79): warning CS0436: “D:\Develop\Projects\Astrum\AstrumServer\AstrumServer\Generated\networkcommon_C_1000.cs”中的类型“QuickMatchRequest”与“Generated, Version=0.0.0.0, Culture=neutral, PublicKeyToken=null”中的导入类型“QuickMatchRequest”冲突。请使用“D:\Develop\Projects\Astrum\AstrumServer\AstrumServer\Generated\networkcommon_C_1000.cs”中定义的类型。 [D:\Develop\Projects\Astrum\AstrumServer\AstrumServer\AstrumServer.csproj]
D:\Develop\Projects\Astrum\AstrumServer\AstrumServer\obj\Debug\net9.0\MemoryPack.Generator\MemoryPack.Generator.MemoryPackGenerator\Astrum.Generated.QuickMatchRequest.MemoryPackFormatter.g.cs(156,21): warning CS0436: “D:\Develop\Projects\Astrum\AstrumServer\AstrumServer\Generated\networkcommon_C_1000.cs”中的类型“QuickMatchRequest”与“Generated, Version=0.0.0.0, Culture=neutral, PublicKeyToken=null”中的导入类型“QuickMatchRequest”冲突。请使用“D:\Develop\Projects\Astrum\AstrumServer\AstrumServer\Generated\networkcommon_C_1000.cs”中定义的类型。 [D:\Develop\Projects\Astrum\AstrumServer\AstrumServer\AstrumServer.csproj]
D:\Develop\Projects\Astrum\AstrumServer\AstrumServer\Core\GameServer.cs(537,36): warning CS0436: “D:\Develop\Projects\Astrum\AstrumServer\AstrumServer\Generated\networkcommon_C_1000.cs”中的类型“RoomUpdateNotification”与“Generated, Version=0.0.0.0, Culture=neutral, PublicKeyToken=null”中的导入类型“RoomUpdateNotification”冲突。请使用“D:\Develop\Projects\Astrum\AstrumServer\AstrumServer\Generated\networkcommon_C_1000.cs”中定义的类型。 [D:\Develop\Projects\Astrum\AstrumServer\AstrumServer\AstrumServer.csproj]
D:\Develop\Projects\Astrum\AstrumServer\AstrumServer\obj\Debug\net9.0\MemoryPack.Generator\MemoryPack.Generator.MemoryPackGenerator\Astrum.Generated.LoginResponse.MemoryPackFormatter.g.cs(95,34): warning CS0436: “D:\Develop\Projects\Astrum\AstrumServer\AstrumServer\Generated\networkcommon_C_1000.cs”中的类型“UserInfo”与“Generated, Version=0.0.0.0, Culture=neutral, PublicKeyToken=null”中的导入类型“UserInfo”冲突。请使用“D:\Develop\Projects\Astrum\AstrumServer\AstrumServer\Generated\networkcommon_C_1000.cs”中定义的类型。 [D:\Develop\Projects\Astrum\AstrumServer\AstrumServer\AstrumServer.csproj]
D:\Develop\Projects\Astrum\AstrumServer\AstrumServer\obj\Debug\net9.0\MemoryPack.Generator\MemoryPack.Generator.MemoryPackGenerator\Astrum.Generated.LoginResponse.MemoryPackFormatter.g.cs(105,71): warning CS0436: “D:\Develop\Projects\Astrum\AstrumServer\AstrumServer\Generated\networkcommon_C_1000.cs”中的类型“UserInfo”与“Generated, Version=0.0.0.0, Culture=neutral, PublicKeyToken=null”中的导入类型“UserInfo”冲突。请使用“D:\Develop\Projects\Astrum\AstrumServer\AstrumServer\Generated\networkcommon_C_1000.cs”中定义的类型。 [D:\Develop\Projects\Astrum\AstrumServer\AstrumServer\AstrumServer.csproj]
D:\Develop\Projects\Astrum\AstrumServer\AstrumServer\obj\Debug\net9.0\MemoryPack.Generator\MemoryPack.Generator.MemoryPackGenerator\Astrum.Generated.LoginResponse.MemoryPackFormatter.g.cs(131,79): warning CS0436: “D:\Develop\Projects\Astrum\AstrumServer\AstrumServer\Generated\networkcommon_C_1000.cs”中的类型“LoginResponse”与“Generated, Version=0.0.0.0, Culture=neutral, PublicKeyToken=null”中的导入类型“LoginResponse”冲突。请使用“D:\Develop\Projects\Astrum\AstrumServer\AstrumServer\Generated\networkcommon_C_1000.cs”中定义的类型。 [D:\Develop\Projects\Astrum\AstrumServer\AstrumServer\AstrumServer.csproj]
D:\Develop\Projects\Astrum\AstrumServer\AstrumServer\obj\Debug\net9.0\MemoryPack.Generator\MemoryPack.Generator.MemoryPackGenerator\Astrum.Generated.LoginResponse.MemoryPackFormatter.g.cs(183,21): warning CS0436: “D:\Develop\Projects\Astrum\AstrumServer\AstrumServer\Generated\networkcommon_C_1000.cs”中的类型“LoginResponse”与“Generated, Version=0.0.0.0, Culture=neutral, PublicKeyToken=null”中的导入类型“LoginResponse”冲突。请使用“D:\Develop\Projects\Astrum\AstrumServer\AstrumServer\Generated\networkcommon_C_1000.cs”中定义的类型。 [D:\Develop\Projects\Astrum\AstrumServer\AstrumServer\AstrumServer.csproj]
D:\Develop\Projects\Astrum\AstrumServer\AstrumServer\Generated\networkcommon_C_1000.cs(601,23): warning CS8618: 在退出构造函数时，不可为 null 的 属性 "Message" 必须包含非 null 值。请考虑添加 "required" 修饰符或将该 属性 声明为可为 null。 [D:\Develop\Projects\Astrum\AstrumServer\AstrumServer\AstrumServer.csproj]
D:\Develop\Projects\Astrum\AstrumServer\AstrumServer\Generated\networkcommon_C_1000.cs(607,25): warning CS8618: 在退出构造函数时，不可为 null 的 属性 "User" 必须包含非 null 值。请考虑添加 "required" 修饰符或将该 属性 声明为可为 null。 [D:\Develop\Projects\Astrum\AstrumServer\AstrumServer\AstrumServer.csproj]
D:\Develop\Projects\Astrum\AstrumServer\AstrumServer\obj\Debug\net9.0\MemoryPack.Generator\MemoryPack.Generator.MemoryPackGenerator\Astrum.Generated.GetRoomListResponse.MemoryPackFormatter.g.cs(99,74): warning CS0436: “D:\Develop\Projects\Astrum\AstrumServer\AstrumServer\Generated\networkcommon_C_1000.cs”中的类型“RoomInfo”与“Generated, Version=0.0.0.0, Culture=neutral, PublicKeyToken=null”中的导入类型“RoomInfo”冲突。请使用“D:\Develop\Projects\Astrum\AstrumServer\AstrumServer\Generated\networkcommon_C_1000.cs”中定义的类型。 [D:\Develop\Projects\Astrum\AstrumServer\AstrumServer\AstrumServer.csproj]
D:\Develop\Projects\Astrum\AstrumServer\AstrumServer\obj\Debug\net9.0\MemoryPack.Generator\MemoryPack.Generator.MemoryPackGenerator\Astrum.Generated.GetRoomListResponse.MemoryPackFormatter.g.cs(109,116): warning CS0436: “D:\Develop\Projects\Astrum\AstrumServer\AstrumServer\Generated\networkcommon_C_1000.cs”中的类型“RoomInfo”与“Generated, Version=0.0.0.0, Culture=neutral, PublicKeyToken=null”中的导入类型“RoomInfo”冲突。请使用“D:\Develop\Projects\Astrum\AstrumServer\AstrumServer\Generated\networkcommon_C_1000.cs”中定义的类型。 [D:\Develop\Projects\Astrum\AstrumServer\AstrumServer\AstrumServer.csproj]
D:\Develop\Projects\Astrum\AstrumServer\AstrumServer\obj\Debug\net9.0\MemoryPack.Generator\MemoryPack.Generator.MemoryPackGenerator\Astrum.Generated.GetRoomListResponse.MemoryPackFormatter.g.cs(135,79): warning CS0436: “D:\Develop\Projects\Astrum\AstrumServer\AstrumServer\Generated\networkcommon_C_1000.cs”中的类型“GetRoomListResponse”与“Generated, Version=0.0.0.0, Culture=neutral, PublicKeyToken=null”中的导入类型“GetRoomListResponse”冲突。请使用“D:\Develop\Projects\Astrum\AstrumServer\AstrumServer\Generated\networkcommon_C_1000.cs”中定义的类型。 [D:\Develop\Projects\Astrum\AstrumServer\AstrumServer\AstrumServer.csproj]
D:\Develop\Projects\Astrum\AstrumServer\AstrumServer\obj\Debug\net9.0\MemoryPack.Generator\MemoryPack.Generator.MemoryPackGenerator\Astrum.Generated.GetRoomListResponse.MemoryPackFormatter.g.cs(187,21): warning CS0436: “D:\Develop\Projects\Astrum\AstrumServer\AstrumServer\Generated\networkcommon_C_1000.cs”中的类型“GetRoomListResponse”与“Generated, Version=0.0.0.0, Culture=neutral, PublicKeyToken=null”中的导入类型“GetRoomListResponse”冲突。请使用“D:\Develop\Projects\Astrum\AstrumServer\AstrumServer\Generated\networkcommon_C_1000.cs”中定义的类型。 [D:\Develop\Projects\Astrum\AstrumServer\AstrumServer\AstrumServer.csproj]
D:\Develop\Projects\Astrum\AstrumServer\AstrumServer\Generated\networkcommon_C_1000.cs(351,23): warning CS8618: 在退出构造函数时，不可为 null 的 属性 "Message" 必须包含非 null 值。请考虑添加 "required" 修饰符或将该 属性 声明为可为 null。 [D:\Develop\Projects\Astrum\AstrumServer\AstrumServer\AstrumServer.csproj]
D:\Develop\Projects\Astrum\AstrumServer\AstrumServer\obj\Debug\net9.0\MemoryPack.Generator\MemoryPack.Generator.MemoryPackGenerator\Astrum.Generated.JoinRoomResponse.MemoryPackFormatter.g.cs(95,34): warning CS0436: “D:\Develop\Projects\Astrum\AstrumServer\AstrumServer\Generated\networkcommon_C_1000.cs”中的类型“RoomInfo”与“Generated, Version=0.0.0.0, Culture=neutral, PublicKeyToken=null”中的导入类型“RoomInfo”冲突。请使用“D:\Develop\Projects\Astrum\AstrumServer\AstrumServer\Generated\networkcommon_C_1000.cs”中定义的类型。 [D:\Develop\Projects\Astrum\AstrumServer\AstrumServer\AstrumServer.csproj]
D:\Develop\Projects\Astrum\AstrumServer\AstrumServer\obj\Debug\net9.0\MemoryPack.Generator\MemoryPack.Generator.MemoryPackGenerator\Astrum.Generated.JoinRoomResponse.MemoryPackFormatter.g.cs(105,71): warning CS0436: “D:\Develop\Projects\Astrum\AstrumServer\AstrumServer\Generated\networkcommon_C_1000.cs”中的类型“RoomInfo”与“Generated, Version=0.0.0.0, Culture=neutral, PublicKeyToken=null”中的导入类型“RoomInfo”冲突。请使用“D:\Develop\Projects\Astrum\AstrumServer\AstrumServer\Generated\networkcommon_C_1000.cs”中定义的类型。 [D:\Develop\Projects\Astrum\AstrumServer\AstrumServer\AstrumServer.csproj]
D:\Develop\Projects\Astrum\AstrumServer\AstrumServer\obj\Debug\net9.0\MemoryPack.Generator\MemoryPack.Generator.MemoryPackGenerator\Astrum.Generated.JoinRoomResponse.MemoryPackFormatter.g.cs(131,79): warning CS0436: “D:\Develop\Projects\Astrum\AstrumServer\AstrumServer\Generated\networkcommon_C_1000.cs”中的类型“JoinRoomResponse”与“Generated, Version=0.0.0.0, Culture=neutral, PublicKeyToken=null”中的导入类型“JoinRoomResponse”冲突。请使用“D:\Develop\Projects\Astrum\AstrumServer\AstrumServer\Generated\networkcommon_C_1000.cs”中定义的类型。 [D:\Develop\Projects\Astrum\AstrumServer\AstrumServer\AstrumServer.csproj]
D:\Develop\Projects\Astrum\AstrumServer\AstrumServer\obj\Debug\net9.0\MemoryPack.Generator\MemoryPack.Generator.MemoryPackGenerator\Astrum.Generated.JoinRoomResponse.MemoryPackFormatter.g.cs(183,21): warning CS0436: “D:\Develop\Projects\Astrum\AstrumServer\AstrumServer\Generated\networkcommon_C_1000.cs”中的类型“JoinRoomResponse”与“Generated, Version=0.0.0.0, Culture=neutral, PublicKeyToken=null”中的导入类型“JoinRoomResponse”冲突。请使用“D:\Develop\Projects\Astrum\AstrumServer\AstrumServer\Generated\networkcommon_C_1000.cs”中定义的类型。 [D:\Develop\Projects\Astrum\AstrumServer\AstrumServer\AstrumServer.csproj]
D:\Develop\Projects\Astrum\AstrumServer\AstrumServer\Generated\networkcommon_C_1000.cs(501,23): warning CS8618: 在退出构造函数时，不可为 null 的 属性 "Message" 必须包含非 null 值。请考虑添加 "required" 修饰符或将该 属性 声明为可为 null。 [D:\Develop\Projects\Astrum\AstrumServer\AstrumServer\AstrumServer.csproj]
D:\Develop\Projects\Astrum\AstrumServer\AstrumServer\Generated\networkcommon_C_1000.cs(507,25): warning CS8618: 在退出构造函数时，不可为 null 的 属性 "Room" 必须包含非 null 值。请考虑添加 "required" 修饰符或将该 属性 声明为可为 null。 [D:\Develop\Projects\Astrum\AstrumServer\AstrumServer\AstrumServer.csproj]
D:\Develop\Projects\Astrum\AstrumServer\AstrumServer\obj\Debug\net9.0\MemoryPack.Generator\MemoryPack.Generator.MemoryPackGenerator\Astrum.Generated.HeartbeatMessage.MemoryPackFormatter.g.cs(121,79): warning CS0436: “D:\Develop\Projects\Astrum\AstrumServer\AstrumServer\Generated\networkcommon_C_1000.cs”中的类型“HeartbeatMessage”与“Generated, Version=0.0.0.0, Culture=neutral, PublicKeyToken=null”中的导入类型“HeartbeatMessage”冲突。请使用“D:\Develop\Projects\Astrum\AstrumServer\AstrumServer\Generated\networkcommon_C_1000.cs”中定义的类型。 [D:\Develop\Projects\Astrum\AstrumServer\AstrumServer\AstrumServer.csproj]
D:\Develop\Projects\Astrum\AstrumServer\AstrumServer\obj\Debug\net9.0\MemoryPack.Generator\MemoryPack.Generator.MemoryPackGenerator\Astrum.Generated.HeartbeatMessage.MemoryPackFormatter.g.cs(165,21): warning CS0436: “D:\Develop\Projects\Astrum\AstrumServer\AstrumServer\Generated\networkcommon_C_1000.cs”中的类型“HeartbeatMessage”与“Generated, Version=0.0.0.0, Culture=neutral, PublicKeyToken=null”中的导入类型“HeartbeatMessage”冲突。请使用“D:\Develop\Projects\Astrum\AstrumServer\AstrumServer\Generated\networkcommon_C_1000.cs”中定义的类型。 [D:\Develop\Projects\Astrum\AstrumServer\AstrumServer\AstrumServer.csproj]
D:\Develop\Projects\Astrum\AstrumServer\AstrumServer\Generated\networkcommon_C_1000.cs(645,23): warning CS8618: 在退出构造函数时，不可为 null 的 属性 "ClientId" 必须包含非 null 值。请考虑添加 "required" 修饰符或将该 属性 声明为可为 null。 [D:\Develop\Projects\Astrum\AstrumServer\AstrumServer\AstrumServer.csproj]
D:\Develop\Projects\Astrum\AstrumServer\AstrumServer\obj\Debug\net9.0\MemoryPack.Generator\MemoryPack.Generator.MemoryPackGenerator\Astrum.Generated.G2C_Ping.MemoryPackFormatter.g.cs(116,79): warning CS0436: “D:\Develop\Projects\Astrum\AstrumServer\AstrumServer\Generated\networkcommon_C_1000.cs”中的类型“G2C_Ping”与“Generated, Version=0.0.0.0, Culture=neutral, PublicKeyToken=null”中的导入类型“G2C_Ping”冲突。请使用“D:\Develop\Projects\Astrum\AstrumServer\AstrumServer\Generated\networkcommon_C_1000.cs”中定义的类型。 [D:\Develop\Projects\Astrum\AstrumServer\AstrumServer\AstrumServer.csproj]
D:\Develop\Projects\Astrum\AstrumServer\AstrumServer\obj\Debug\net9.0\MemoryPack.Generator\MemoryPack.Generator.MemoryPackGenerator\Astrum.Generated.G2C_Ping.MemoryPackFormatter.g.cs(156,21): warning CS0436: “D:\Develop\Projects\Astrum\AstrumServer\AstrumServer\Generated\networkcommon_C_1000.cs”中的类型“G2C_Ping”与“Generated, Version=0.0.0.0, Culture=neutral, PublicKeyToken=null”中的导入类型“G2C_Ping”冲突。请使用“D:\Develop\Projects\Astrum\AstrumServer\AstrumServer\Generated\networkcommon_C_1000.cs”中定义的类型。 [D:\Develop\Projects\Astrum\AstrumServer\AstrumServer\AstrumServer.csproj]
D:\Develop\Projects\Astrum\AstrumServer\AstrumServer\Core\GameServer.cs(564,28): warning CS0436: “D:\Develop\Projects\Astrum\AstrumServer\AstrumServer\Generated\networkcommon_C_1000.cs”中的类型“CreateRoomResponse”与“Generated, Version=0.0.0.0, Culture=neutral, PublicKeyToken=null”中的导入类型“CreateRoomResponse”冲突。请使用“D:\Develop\Projects\Astrum\AstrumServer\AstrumServer\Generated\networkcommon_C_1000.cs”中定义的类型。 [D:\Develop\Projects\Astrum\AstrumServer\AstrumServer\AstrumServer.csproj]
D:\Develop\Projects\Astrum\AstrumServer\AstrumServer\Core\GameServer.cs(567,29): warning CS8601: 可能的 null 引用赋值。 [D:\Develop\Projects\Astrum\AstrumServer\AstrumServer\AstrumServer.csproj]
D:\Develop\Projects\Astrum\AstrumServer\AstrumServer\Core\GameServer.cs(575,28): warning CS0436: “D:\Develop\Projects\Astrum\AstrumServer\AstrumServer\Generated\networkcommon_C_1000.cs”中的类型“JoinRoomResponse”与“Generated, Version=0.0.0.0, Culture=neutral, PublicKeyToken=null”中的导入类型“JoinRoomResponse”冲突。请使用“D:\Develop\Projects\Astrum\AstrumServer\AstrumServer\Generated\networkcommon_C_1000.cs”中定义的类型。 [D:\Develop\Projects\Astrum\AstrumServer\AstrumServer\AstrumServer.csproj]
D:\Develop\Projects\Astrum\AstrumServer\AstrumServer\Core\GameServer.cs(578,29): warning CS8601: 可能的 null 引用赋值。 [D:\Develop\Projects\Astrum\AstrumServer\AstrumServer\AstrumServer.csproj]
D:\Develop\Projects\Astrum\AstrumServer\AstrumServer\Core\GameServer.cs(586,28): warning CS0436: “D:\Develop\Projects\Astrum\AstrumServer\AstrumServer\Generated\networkcommon_C_1000.cs”中的类型“LeaveRoomResponse”与“Generated, Version=0.0.0.0, Culture=neutral, PublicKeyToken=null”中的导入类型“LeaveRoomResponse”冲突。请使用“D:\Develop\Projects\Astrum\AstrumServer\AstrumServer\Generated\networkcommon_C_1000.cs”中定义的类型。 [D:\Develop\Projects\Astrum\AstrumServer\AstrumServer\AstrumServer.csproj]
D:\Develop\Projects\Astrum\AstrumServer\AstrumServer\obj\Debug\net9.0\MemoryPack.Generator\MemoryPack.Generator.MemoryPackGenerator\Astrum.Generated.RoomInfo.MemoryPackFormatter.g.cs(169,79): warning CS0436: “D:\Develop\Projects\Astrum\AstrumServer\AstrumServer\Generated\networkcommon_C_1000.cs”中的类型“RoomInfo”与“Generated, Version=0.0.0.0, Culture=neutral, PublicKeyToken=null”中的导入类型“RoomInfo”冲突。请使用“D:\Develop\Projects\Astrum\AstrumServer\AstrumServer\Generated\networkcommon_C_1000.cs”中定义的类型。 [D:\Develop\Projects\Astrum\AstrumServer\AstrumServer\AstrumServer.csproj]
D:\Develop\Projects\Astrum\AstrumServer\AstrumServer\obj\Debug\net9.0\MemoryPack.Generator\MemoryPack.Generator.MemoryPackGenerator\Astrum.Generated.RoomInfo.MemoryPackFormatter.g.cs(249,21): warning CS0436: “D:\Develop\Projects\Astrum\AstrumServer\AstrumServer\Generated\networkcommon_C_1000.cs”中的类型“RoomInfo”与“Generated, Version=0.0.0.0, Culture=neutral, PublicKeyToken=null”中的导入类型“RoomInfo”冲突。请使用“D:\Develop\Projects\Astrum\AstrumServer\AstrumServer\Generated\networkcommon_C_1000.cs”中定义的类型。 [D:\Develop\Projects\Astrum\AstrumServer\AstrumServer\AstrumServer.csproj]
D:\Develop\Projects\Astrum\AstrumServer\AstrumServer\Generated\networkcommon_C_1000.cs(73,23): warning CS8618: 在退出构造函数时，不可为 null 的 属性 "Id" 必须包含非 null 值。请考虑添加 "required" 修饰符或将该 属性 声明为可为 null。 [D:\Develop\Projects\Astrum\AstrumServer\AstrumServer\AstrumServer.csproj]
D:\Develop\Projects\Astrum\AstrumServer\AstrumServer\Generated\networkcommon_C_1000.cs(79,23): warning CS8618: 在退出构造函数时，不可为 null 的 属性 "Name" 必须包含非 null 值。请考虑添加 "required" 修饰符或将该 属性 声明为可为 null。 [D:\Develop\Projects\Astrum\AstrumServer\AstrumServer\AstrumServer.csproj]
D:\Develop\Projects\Astrum\AstrumServer\AstrumServer\Generated\networkcommon_C_1000.cs(85,23): warning CS8618: 在退出构造函数时，不可为 null 的 属性 "CreatorName" 必须包含非 null 值。请考虑添加 "required" 修饰符或将该 属性 声明为可为 null。 [D:\Develop\Projects\Astrum\AstrumServer\AstrumServer\AstrumServer.csproj]
D:\Develop\Projects\Astrum\AstrumServer\AstrumServer\Core\GameServer.cs(597,28): warning CS0436: “D:\Develop\Projects\Astrum\AstrumServer\AstrumServer\Generated\networkcommon_C_1000.cs”中的类型“GetRoomListResponse”与“Generated, Version=0.0.0.0, Culture=neutral, PublicKeyToken=null”中的导入类型“GetRoomListResponse”冲突。请使用“D:\Develop\Projects\Astrum\AstrumServer\AstrumServer\Generated\networkcommon_C_1000.cs”中定义的类型。 [D:\Develop\Projects\Astrum\AstrumServer\AstrumServer\AstrumServer.csproj]
D:\Develop\Projects\Astrum\AstrumServer\AstrumServer\obj\Debug\net9.0\MemoryPack.Generator\MemoryPack.Generator.MemoryPackGenerator\Astrum.Generated.CancelMatchRequest.MemoryPackFormatter.g.cs(116,79): warning CS0436: “D:\Develop\Projects\Astrum\AstrumServer\AstrumServer\Generated\networkcommon_C_1000.cs”中的类型“CancelMatchRequest”与“Generated, Version=0.0.0.0, Culture=neutral, PublicKeyToken=null”中的导入类型“CancelMatchRequest”冲突。请使用“D:\Develop\Projects\Astrum\AstrumServer\AstrumServer\Generated\networkcommon_C_1000.cs”中定义的类型。 [D:\Develop\Projects\Astrum\AstrumServer\AstrumServer\AstrumServer.csproj]
D:\Develop\Projects\Astrum\AstrumServer\AstrumServer\obj\Debug\net9.0\MemoryPack.Generator\MemoryPack.Generator.MemoryPackGenerator\Astrum.Generated.CancelMatchRequest.MemoryPackFormatter.g.cs(156,21): warning CS0436: “D:\Develop\Projects\Astrum\AstrumServer\AstrumServer\Generated\networkcommon_C_1000.cs”中的类型“CancelMatchRequest”与“Generated, Version=0.0.0.0, Culture=neutral, PublicKeyToken=null”中的导入类型“CancelMatchRequest”冲突。请使用“D:\Develop\Projects\Astrum\AstrumServer\AstrumServer\Generated\networkcommon_C_1000.cs”中定义的类型。 [D:\Develop\Projects\Astrum\AstrumServer\AstrumServer\AstrumServer.csproj]
D:\Develop\Projects\Astrum\AstrumServer\AstrumServer\obj\Debug\net9.0\MemoryPack.Generator\MemoryPack.Generator.MemoryPackGenerator\Astrum.Generated.QuickMatchResponse.MemoryPackFormatter.g.cs(133,79): warning CS0436: “D:\Develop\Projects\Astrum\AstrumServer\AstrumServer\Generated\networkcommon_C_1000.cs”中的类型“QuickMatchResponse”与“Generated, Version=0.0.0.0, Culture=neutral, PublicKeyToken=null”中的导入类型“QuickMatchResponse”冲突。请使用“D:\Develop\Projects\Astrum\AstrumServer\AstrumServer\Generated\networkcommon_C_1000.cs”中定义的类型。 [D:\Develop\Projects\Astrum\AstrumServer\AstrumServer\AstrumServer.csproj]
D:\Develop\Projects\Astrum\AstrumServer\AstrumServer\obj\Debug\net9.0\MemoryPack.Generator\MemoryPack.Generator.MemoryPackGenerator\Astrum.Generated.QuickMatchResponse.MemoryPackFormatter.g.cs(189,21): warning CS0436: “D:\Develop\Projects\Astrum\AstrumServer\AstrumServer\Generated\networkcommon_C_1000.cs”中的类型“QuickMatchResponse”与“Generated, Version=0.0.0.0, Culture=neutral, PublicKeyToken=null”中的导入类型“QuickMatchResponse”冲突。请使用“D:\Develop\Projects\Astrum\AstrumServer\AstrumServer\Generated\networkcommon_C_1000.cs”中定义的类型。 [D:\Develop\Projects\Astrum\AstrumServer\AstrumServer\AstrumServer.csproj]
D:\Develop\Projects\Astrum\AstrumServer\AstrumServer\Generated\networkcommon_C_1000.cs(811,23): warning CS8618: 在退出构造函数时，不可为 null 的 属性 "Message" 必须包含非 null 值。请考虑添加 "required" 修饰符或将该 属性 声明为可为 null。 [D:\Develop\Projects\Astrum\AstrumServer\AstrumServer\AstrumServer.csproj]
D:\Develop\Projects\Astrum\AstrumServer\AstrumServer\Core\GameServer.cs(608,28): warning CS0436: “D:\Develop\Projects\Astrum\AstrumServer\AstrumServer\Generated\game_S_3000.cs”中的类型“GameResponse”与“Generated, Version=0.0.0.0, Culture=neutral, PublicKeyToken=null”中的导入类型“GameResponse”冲突。请使用“D:\Develop\Projects\Astrum\AstrumServer\AstrumServer\Generated\game_S_3000.cs”中定义的类型。 [D:\Develop\Projects\Astrum\AstrumServer\AstrumServer\AstrumServer.csproj]
D:\Develop\Projects\Astrum\AstrumServer\AstrumServer\Managers\FrameSyncManager.cs(509,17): warning CS0436: “D:\Develop\Projects\Astrum\AstrumServer\AstrumServer\Generated\gamemessages_C_2000.cs”中的类型“LSInput”与“Generated, Version=0.0.0.0, Culture=neutral, PublicKeyToken=null”中的导入类型“LSInput”冲突。请使用“D:\Develop\Projects\Astrum\AstrumServer\AstrumServer\Generated\gamemessages_C_2000.cs”中定义的类型。 [D:\Develop\Projects\Astrum\AstrumServer\AstrumServer\AstrumServer.csproj]
D:\Develop\Projects\Astrum\AstrumServer\AstrumServer\Core\GameServer.cs(621,34): warning CS0436: “D:\Develop\Projects\Astrum\AstrumServer\AstrumServer\Generated\gamemessages_C_2000.cs”中的类型“GameConfig”与“Generated, Version=0.0.0.0, Culture=neutral, PublicKeyToken=null”中的导入类型“GameConfig”冲突。请使用“D:\Develop\Projects\Astrum\AstrumServer\AstrumServer\Generated\gamemessages_C_2000.cs”中定义的类型。 [D:\Develop\Projects\Astrum\AstrumServer\AstrumServer\AstrumServer.csproj]
D:\Develop\Projects\Astrum\AstrumServer\AstrumServer\Core\GameServer.cs(629,33): warning CS0436: “D:\Develop\Projects\Astrum\AstrumServer\AstrumServer\Generated\gamemessages_C_2000.cs”中的类型“GameRoomState”与“Generated, Version=0.0.0.0, Culture=neutral, PublicKeyToken=null”中的导入类型“GameRoomState”冲突。请使用“D:\Develop\Projects\Astrum\AstrumServer\AstrumServer\Generated\gamemessages_C_2000.cs”中定义的类型。 [D:\Develop\Projects\Astrum\AstrumServer\AstrumServer\AstrumServer.csproj]
D:\Develop\Projects\Astrum\AstrumServer\AstrumServer\Core\GameServer.cs(637,36): warning CS0436: “D:\Develop\Projects\Astrum\AstrumServer\AstrumServer\Generated\gamemessages_C_2000.cs”中的类型“GameStartNotification”与“Generated, Version=0.0.0.0, Culture=neutral, PublicKeyToken=null”中的导入类型“GameStartNotification”冲突。请使用“D:\Develop\Projects\Astrum\AstrumServer\AstrumServer\Generated\gamemessages_C_2000.cs”中定义的类型。 [D:\Develop\Projects\Astrum\AstrumServer\AstrumServer\AstrumServer.csproj]
D:\Develop\Projects\Astrum\AstrumServer\AstrumServer\Core\GameServer.cs(798,34): warning CS0436: “D:\Develop\Projects\Astrum\AstrumServer\AstrumServer\Generated\gamemessages_C_2000.cs”中的类型“GameResult”与“Generated, Version=0.0.0.0, Culture=neutral, PublicKeyToken=null”中的导入类型“GameResult”冲突。请使用“D:\Develop\Projects\Astrum\AstrumServer\AstrumServer\Generated\gamemessages_C_2000.cs”中定义的类型。 [D:\Develop\Projects\Astrum\AstrumServer\AstrumServer\AstrumServer.csproj]
D:\Develop\Projects\Astrum\AstrumServer\AstrumServer\Core\GameServer.cs(805,40): warning CS0436: “D:\Develop\Projects\Astrum\AstrumServer\AstrumServer\Generated\gamemessages_C_2000.cs”中的类型“PlayerResult”与“Generated, Version=0.0.0.0, Culture=neutral, PublicKeyToken=null”中的导入类型“PlayerResult”冲突。请使用“D:\Develop\Projects\Astrum\AstrumServer\AstrumServer\Generated\gamemessages_C_2000.cs”中定义的类型。 [D:\Develop\Projects\Astrum\AstrumServer\AstrumServer\AstrumServer.csproj]
D:\Develop\Projects\Astrum\AstrumServer\AstrumServer\Core\GameServer.cs(814,36): warning CS0436: “D:\Develop\Projects\Astrum\AstrumServer\AstrumServer\Generated\gamemessages_C_2000.cs”中的类型“GameEndNotification”与“Generated, Version=0.0.0.0, Culture=neutral, PublicKeyToken=null”中的导入类型“GameEndNotification”冲突。请使用“D:\Develop\Projects\Astrum\AstrumServer\AstrumServer\Generated\gamemessages_C_2000.cs”中定义的类型。 [D:\Develop\Projects\Astrum\AstrumServer\AstrumServer\AstrumServer.csproj]
D:\Develop\Projects\Astrum\AstrumServer\AstrumServer\Core\GameServer.cs(956,32): warning CS0436: “D:\Develop\Projects\Astrum\AstrumServer\AstrumServer\Generated\networkcommon_C_1000.cs”中的类型“QuickMatchResponse”与“Generated, Version=0.0.0.0, Culture=neutral, PublicKeyToken=null”中的导入类型“QuickMatchResponse”冲突。请使用“D:\Develop\Projects\Astrum\AstrumServer\AstrumServer\Generated\networkcommon_C_1000.cs”中定义的类型。 [D:\Develop\Projects\Astrum\AstrumServer\AstrumServer\AstrumServer.csproj]
D:\Develop\Projects\Astrum\AstrumServer\AstrumServer\Core\GameServer.cs(1017,32): warning CS0436: “D:\Develop\Projects\Astrum\AstrumServer\AstrumServer\Generated\networkcommon_C_1000.cs”中的类型“CancelMatchResponse”与“Generated, Version=0.0.0.0, Culture=neutral, PublicKeyToken=null”中的导入类型“CancelMatchResponse”冲突。请使用“D:\Develop\Projects\Astrum\AstrumServer\AstrumServer\Generated\networkcommon_C_1000.cs”中定义的类型。 [D:\Develop\Projects\Astrum\AstrumServer\AstrumServer\AstrumServer.csproj]
D:\Develop\Projects\Astrum\AstrumServer\AstrumServer\Core\GameServer.cs(1038,28): warning CS0436: “D:\Develop\Projects\Astrum\AstrumServer\AstrumServer\Generated\networkcommon_C_1000.cs”中的类型“G2C_Ping”与“Generated, Version=0.0.0.0, Culture=neutral, PublicKeyToken=null”中的导入类型“G2C_Ping”冲突。请使用“D:\Develop\Projects\Astrum\AstrumServer\AstrumServer\Generated\networkcommon_C_1000.cs”中定义的类型。 [D:\Develop\Projects\Astrum\AstrumServer\AstrumServer\AstrumServer.csproj]

生成失败。

D:\Develop\Projects\Astrum\AstrumServer\AstrumServer\obj\Debug\net9.0\MemoryPack.Generator\MemoryPack.Generator.MemoryPackGenerator\Astrum.Generated.ConnectionStatusResponse.MemoryPackFormatter.g.cs(33,58): warning CS0436: “D:\Develop\Projects\Astrum\AstrumServer\AstrumServer\Generated\connectionstatus_C_4000.cs”中的类型“ConnectionStatusResponse”与“Generated, Version=0.0.0.0, Culture=neutral, PublicKeyToken=null”中的导入类型“ConnectionStatusResponse”冲突。请使用“D:\Develop\Projects\Astrum\AstrumServer\AstrumServer\Generated\connectionstatus_C_4000.cs”中定义的类型。 [D:\Develop\Projects\Astrum\AstrumServer\AstrumServer\AstrumServer.csproj]
D:\Develop\Projects\Astrum\AstrumServer\AstrumServer\obj\Debug\net9.0\MemoryPack.Generator\MemoryPack.Generator.MemoryPackGenerator\Astrum.Generated.ConnectionStatusResponse.MemoryPackFormatter.g.cs(59,33): warning CS0436: “D:\Develop\Projects\Astrum\AstrumServer\AstrumServer\Generated\connectionstatus_C_4000.cs”中的类型“ConnectionStatusResponse”与“Generated, Version=0.0.0.0, Culture=neutral, PublicKeyToken=null”中的导入类型“ConnectionStatusResponse”冲突。请使用“D:\Develop\Projects\Astrum\AstrumServer\AstrumServer\Generated\connectionstatus_C_4000.cs”中定义的类型。 [D:\Develop\Projects\Astrum\AstrumServer\AstrumServer\AstrumServer.csproj]
D:\Develop\Projects\Astrum\AstrumServer\AstrumServer\obj\Debug\net9.0\MemoryPack.Generator\MemoryPack.Generator.MemoryPackGenerator\Astrum.Generated.ConnectionStatusResponse.MemoryPackFormatter.g.cs(78,33): warning CS0436: “D:\Develop\Projects\Astrum\AstrumServer\AstrumServer\Generated\connectionstatus_C_4000.cs”中的类型“ConnectionStatusResponse”与“Generated, Version=0.0.0.0, Culture=neutral, PublicKeyToken=null”中的导入类型“ConnectionStatusResponse”冲突。请使用“D:\Develop\Projects\Astrum\AstrumServer\AstrumServer\Generated\connectionstatus_C_4000.cs”中定义的类型。 [D:\Develop\Projects\Astrum\AstrumServer\AstrumServer\AstrumServer.csproj]
D:\Develop\Projects\Astrum\AstrumServer\AstrumServer\Generated\connectionstatus_C_4000.cs(12,26): warning CS0436: “D:\Develop\Projects\Astrum\AstrumServer\AstrumServer\Generated\connectionstatus_C_4000.cs”中的类型“ConnectionStatusResponse”与“Generated, Version=0.0.0.0, Culture=neutral, PublicKeyToken=null”中的导入类型“ConnectionStatusResponse”冲突。请使用“D:\Develop\Projects\Astrum\AstrumServer\AstrumServer\Generated\connectionstatus_C_4000.cs”中定义的类型。 [D:\Develop\Projects\Astrum\AstrumServer\AstrumServer\AstrumServer.csproj]
D:\Develop\Projects\Astrum\AstrumServer\AstrumServer\Managers\FrameSyncManager.cs(36,42): warning CS0436: “D:\Develop\Projects\Astrum\AstrumServer\AstrumServer\Generated\gamemessages_C_2000.cs”中的类型“OneFrameInputs”与“Generated, Version=0.0.0.0, Culture=neutral, PublicKeyToken=null”中的导入类型“OneFrameInputs”冲突。请使用“D:\Develop\Projects\Astrum\AstrumServer\AstrumServer\Generated\gamemessages_C_2000.cs”中定义的类型。 [D:\Develop\Projects\Astrum\AstrumServer\AstrumServer\AstrumServer.csproj]
D:\Develop\Projects\Astrum\AstrumServer\AstrumServer\Generated\connectionstatus_C_4000.cs(15,23): warning CS0436: “D:\Develop\Projects\Astrum\AstrumServer\AstrumServer\Generated\connectionstatus_C_4000.cs”中的类型“ConnectionStatusResponse”与“Generated, Version=0.0.0.0, Culture=neutral, PublicKeyToken=null”中的导入类型“ConnectionStatusResponse”冲突。请使用“D:\Develop\Projects\Astrum\AstrumServer\AstrumServer\Generated\connectionstatus_C_4000.cs”中定义的类型。 [D:\Develop\Projects\Astrum\AstrumServer\AstrumServer\AstrumServer.csproj]
D:\Develop\Projects\Astrum\AstrumServer\AstrumServer\Managers\FrameSyncManager.cs(187,54): warning CS0436: “D:\Develop\Projects\Astrum\AstrumServer\AstrumServer\Generated\gamemessages_C_2000.cs”中的类型“SingleInput”与“Generated, Version=0.0.0.0, Culture=neutral, PublicKeyToken=null”中的导入类型“SingleInput”冲突。请使用“D:\Develop\Projects\Astrum\AstrumServer\AstrumServer\Generated\gamemessages_C_2000.cs”中定义的类型。 [D:\Develop\Projects\Astrum\AstrumServer\AstrumServer\AstrumServer.csproj]
D:\Develop\Projects\Astrum\AstrumServer\AstrumServer\Managers\FrameSyncManager.cs(361,75): warning CS0436: “D:\Develop\Projects\Astrum\AstrumServer\AstrumServer\Generated\gamemessages_C_2000.cs”中的类型“OneFrameInputs”与“Generated, Version=0.0.0.0, Culture=neutral, PublicKeyToken=null”中的导入类型“OneFrameInputs”冲突。请使用“D:\Develop\Projects\Astrum\AstrumServer\AstrumServer\Generated\gamemessages_C_2000.cs”中定义的类型。 [D:\Develop\Projects\Astrum\AstrumServer\AstrumServer\AstrumServer.csproj]
D:\Develop\Projects\Astrum\AstrumServer\AstrumServer\Managers\FrameSyncManager.cs(438,78): warning CS0436: “D:\Develop\Projects\Astrum\AstrumServer\AstrumServer\Generated\gamemessages_C_2000.cs”中的类型“LSInput”与“Generated, Version=0.0.0.0, Culture=neutral, PublicKeyToken=null”中的导入类型“LSInput”冲突。请使用“D:\Develop\Projects\Astrum\AstrumServer\AstrumServer\Generated\gamemessages_C_2000.cs”中定义的类型。 [D:\Develop\Projects\Astrum\AstrumServer\AstrumServer\AstrumServer.csproj]
D:\Develop\Projects\Astrum\AstrumServer\AstrumServer\Core\GameServer.cs(140,59): warning CS0436: “D:\Develop\Projects\Astrum\AstrumServer\AstrumServer\Generated\connectionstatus_C_4000.cs”中的类型“ConnectRequest”与“Generated, Version=0.0.0.0, Culture=neutral, PublicKeyToken=null”中的导入类型“ConnectRequest”冲突。请使用“D:\Develop\Projects\Astrum\AstrumServer\AstrumServer\Generated\connectionstatus_C_4000.cs”中定义的类型。 [D:\Develop\Projects\Astrum\AstrumServer\AstrumServer\AstrumServer.csproj]
D:\Develop\Projects\Astrum\AstrumServer\AstrumServer\Core\GameServer.cs(272,57): warning CS0436: “D:\Develop\Projects\Astrum\AstrumServer\AstrumServer\Generated\networkcommon_C_1000.cs”中的类型“LoginRequest”与“Generated, Version=0.0.0.0, Culture=neutral, PublicKeyToken=null”中的导入类型“LoginRequest”冲突。请使用“D:\Develop\Projects\Astrum\AstrumServer\AstrumServer\Generated\networkcommon_C_1000.cs”中定义的类型。 [D:\Develop\Projects\Astrum\AstrumServer\AstrumServer\AstrumServer.csproj]
D:\Develop\Projects\Astrum\AstrumServer\AstrumServer\Core\GameServer.cs(306,62): warning CS0436: “D:\Develop\Projects\Astrum\AstrumServer\AstrumServer\Generated\networkcommon_C_1000.cs”中的类型“CreateRoomRequest”与“Generated, Version=0.0.0.0, Culture=neutral, PublicKeyToken=null”中的导入类型“CreateRoomRequest”冲突。请使用“D:\Develop\Projects\Astrum\AstrumServer\AstrumServer\Generated\networkcommon_C_1000.cs”中定义的类型。 [D:\Develop\Projects\Astrum\AstrumServer\AstrumServer\AstrumServer.csproj]
D:\Develop\Projects\Astrum\AstrumServer\AstrumServer\Core\GameServer.cs(349,60): warning CS0436: “D:\Develop\Projects\Astrum\AstrumServer\AstrumServer\Generated\networkcommon_C_1000.cs”中的类型“JoinRoomRequest”与“Generated, Version=0.0.0.0, Culture=neutral, PublicKeyToken=null”中的导入类型“JoinRoomRequest”冲突。请使用“D:\Develop\Projects\Astrum\AstrumServer\AstrumServer\Generated\networkcommon_C_1000.cs”中定义的类型。 [D:\Develop\Projects\Astrum\AstrumServer\AstrumServer\AstrumServer.csproj]
D:\Develop\Projects\Astrum\AstrumServer\AstrumServer\Core\GameServer.cs(398,61): warning CS0436: “D:\Develop\Projects\Astrum\AstrumServer\AstrumServer\Generated\networkcommon_C_1000.cs”中的类型“LeaveRoomRequest”与“Generated, Version=0.0.0.0, Culture=neutral, PublicKeyToken=null”中的导入类型“LeaveRoomRequest”冲突。请使用“D:\Develop\Projects\Astrum\AstrumServer\AstrumServer\Generated\networkcommon_C_1000.cs”中定义的类型。 [D:\Develop\Projects\Astrum\AstrumServer\AstrumServer\AstrumServer.csproj]
D:\Develop\Projects\Astrum\AstrumServer\AstrumServer\Core\GameServer.cs(449,63): warning CS0436: “D:\Develop\Projects\Astrum\AstrumServer\AstrumServer\Generated\networkcommon_C_1000.cs”中的类型“GetRoomListRequest”与“Generated, Version=0.0.0.0, Culture=neutral, PublicKeyToken=null”中的导入类型“GetRoomListRequest”冲突。请使用“D:\Develop\Projects\Astrum\AstrumServer\AstrumServer\Generated\networkcommon_C_1000.cs”中定义的类型。 [D:\Develop\Projects\Astrum\AstrumServer\AstrumServer\AstrumServer.csproj]
D:\Develop\Projects\Astrum\AstrumServer\AstrumServer\Core\GameServer.cs(479,61): warning CS0436: “D:\Develop\Projects\Astrum\AstrumServer\AstrumServer\Generated\networkcommon_C_1000.cs”中的类型“HeartbeatMessage”与“Generated, Version=0.0.0.0, Culture=neutral, PublicKeyToken=null”中的导入类型“HeartbeatMessage”冲突。请使用“D:\Develop\Projects\Astrum\AstrumServer\AstrumServer\Generated\networkcommon_C_1000.cs”中定义的类型。 [D:\Develop\Projects\Astrum\AstrumServer\AstrumServer\AstrumServer.csproj]
D:\Develop\Projects\Astrum\AstrumServer\AstrumServer\Managers\FrameSyncManager.cs(498,97): warning CS0436: “D:\Develop\Projects\Astrum\AstrumServer\AstrumServer\Generated\gamemessages_C_2000.cs”中的类型“OneFrameInputs”与“Generated, Version=0.0.0.0, Culture=neutral, PublicKeyToken=null”中的导入类型“OneFrameInputs”冲突。请使用“D:\Develop\Projects\Astrum\AstrumServer\AstrumServer\Generated\gamemessages_C_2000.cs”中定义的类型。 [D:\Develop\Projects\Astrum\AstrumServer\AstrumServer\AstrumServer.csproj]
D:\Develop\Projects\Astrum\AstrumServer\AstrumServer\Managers\FrameSyncManager.cs(568,81): warning CS0436: “D:\Develop\Projects\Astrum\AstrumServer\AstrumServer\Generated\gamemessages_C_2000.cs”中的类型“OneFrameInputs”与“Generated, Version=0.0.0.0, Culture=neutral, PublicKeyToken=null”中的导入类型“OneFrameInputs”冲突。请使用“D:\Develop\Projects\Astrum\AstrumServer\AstrumServer\Generated\gamemessages_C_2000.cs”中定义的类型。 [D:\Develop\Projects\Astrum\AstrumServer\AstrumServer\AstrumServer.csproj]
D:\Develop\Projects\Astrum\AstrumServer\AstrumServer\Managers\FrameSyncManager.cs(790,37): warning CS0436: “D:\Develop\Projects\Astrum\AstrumServer\AstrumServer\Generated\gamemessages_C_2000.cs”中的类型“LSInput”与“Generated, Version=0.0.0.0, Culture=neutral, PublicKeyToken=null”中的导入类型“LSInput”冲突。请使用“D:\Develop\Projects\Astrum\AstrumServer\AstrumServer\Generated\gamemessages_C_2000.cs”中定义的类型。 [D:\Develop\Projects\Astrum\AstrumServer\AstrumServer\AstrumServer.csproj]
D:\Develop\Projects\Astrum\AstrumServer\AstrumServer\Managers\FrameSyncManager.cs(830,16): warning CS0436: “D:\Develop\Projects\Astrum\AstrumServer\AstrumServer\Generated\gamemessages_C_2000.cs”中的类型“OneFrameInputs”与“Generated, Version=0.0.0.0, Culture=neutral, PublicKeyToken=null”中的导入类型“OneFrameInputs”冲突。请使用“D:\Develop\Projects\Astrum\AstrumServer\AstrumServer\Generated\gamemessages_C_2000.cs”中定义的类型。 [D:\Develop\Projects\Astrum\AstrumServer\AstrumServer\AstrumServer.csproj]
D:\Develop\Projects\Astrum\AstrumServer\AstrumServer\Managers\FrameSyncManager.cs(881,17): warning CS0436: “D:\Develop\Projects\Astrum\AstrumServer\AstrumServer\Generated\gamemessages_C_2000.cs”中的类型“LSInput”与“Generated, Version=0.0.0.0, Culture=neutral, PublicKeyToken=null”中的导入类型“LSInput”冲突。请使用“D:\Develop\Projects\Astrum\AstrumServer\AstrumServer\Generated\gamemessages_C_2000.cs”中定义的类型。 [D:\Develop\Projects\Astrum\AstrumServer\AstrumServer\AstrumServer.csproj]
D:\Develop\Projects\Astrum\AstrumServer\AstrumServer\obj\Debug\net9.0\MemoryPack.Generator\MemoryPack.Generator.MemoryPackGenerator\Astrum.Generated.ConnectionStatusResponse.MemoryPackFormatter.g.cs(59,139): warning CS0436: “D:\Develop\Projects\Astrum\AstrumServer\AstrumServer\Generated\connectionstatus_C_4000.cs”中的类型“ConnectionStatusResponse”与“Generated, Version=0.0.0.0, Culture=neutral, PublicKeyToken=null”中的导入类型“ConnectionStatusResponse”冲突。请使用“D:\Develop\Projects\Astrum\AstrumServer\AstrumServer\Generated\connectionstatus_C_4000.cs”中定义的类型。 [D:\Develop\Projects\Astrum\AstrumServer\AstrumServer\AstrumServer.csproj]
D:\Develop\Projects\Astrum\AstrumServer\AstrumServer\Managers\FrameSyncManager.cs(902,17): warning CS0436: “D:\Develop\Projects\Astrum\AstrumServer\AstrumServer\Generated\gamemessages_C_2000.cs”中的类型“LSInput”与“Generated, Version=0.0.0.0, Culture=neutral, PublicKeyToken=null”中的导入类型“LSInput”冲突。请使用“D:\Develop\Projects\Astrum\AstrumServer\AstrumServer\Generated\gamemessages_C_2000.cs”中定义的类型。 [D:\Develop\Projects\Astrum\AstrumServer\AstrumServer\AstrumServer.csproj]
D:\Develop\Projects\Astrum\AstrumServer\AstrumServer\Managers\FrameSyncManager.cs(733,53): warning CS0436: “D:\Develop\Projects\Astrum\AstrumServer\AstrumServer\Generated\networkcommon_C_1000.cs”中的类型“RoomInfo”与“Generated, Version=0.0.0.0, Culture=neutral, PublicKeyToken=null”中的导入类型“RoomInfo”冲突。请使用“D:\Develop\Projects\Astrum\AstrumServer\AstrumServer\Generated\networkcommon_C_1000.cs”中定义的类型。 [D:\Develop\Projects\Astrum\AstrumServer\AstrumServer\AstrumServer.csproj]
D:\Develop\Projects\Astrum\AstrumServer\AstrumServer\obj\Debug\net9.0\MemoryPack.Generator\MemoryPack.Generator.MemoryPackGenerator\Astrum.Generated.ConnectionStatusResponse.MemoryPackFormatter.g.cs(78,111): warning CS0436: “D:\Develop\Projects\Astrum\AstrumServer\AstrumServer\Generated\connectionstatus_C_4000.cs”中的类型“ConnectionStatusResponse”与“Generated, Version=0.0.0.0, Culture=neutral, PublicKeyToken=null”中的导入类型“ConnectionStatusResponse”冲突。请使用“D:\Develop\Projects\Astrum\AstrumServer\AstrumServer\Generated\connectionstatus_C_4000.cs”中定义的类型。 [D:\Develop\Projects\Astrum\AstrumServer\AstrumServer\AstrumServer.csproj]
D:\Develop\Projects\Astrum\AstrumServer\AstrumServer\Managers\FrameSyncManager.cs(777,59): warning CS0436: “D:\Develop\Projects\Astrum\AstrumServer\AstrumServer\Generated\gamemessages_C_2000.cs”中的类型“LSInput”与“Generated, Version=0.0.0.0, Culture=neutral, PublicKeyToken=null”中的导入类型“LSInput”冲突。请使用“D:\Develop\Projects\Astrum\AstrumServer\AstrumServer\Generated\gamemessages_C_2000.cs”中定义的类型。 [D:\Develop\Projects\Astrum\AstrumServer\AstrumServer\AstrumServer.csproj]
D:\Develop\Projects\Astrum\AstrumServer\AstrumServer\Core\GameServer.cs(533,39): warning CS0436: “D:\Develop\Projects\Astrum\AstrumServer\AstrumServer\Generated\networkcommon_C_1000.cs”中的类型“RoomInfo”与“Generated, Version=0.0.0.0, Culture=neutral, PublicKeyToken=null”中的导入类型“RoomInfo”冲突。请使用“D:\Develop\Projects\Astrum\AstrumServer\AstrumServer\Generated\networkcommon_C_1000.cs”中定义的类型。 [D:\Develop\Projects\Astrum\AstrumServer\AstrumServer\AstrumServer.csproj]
D:\Develop\Projects\Astrum\AstrumServer\AstrumServer\Core\GameServer.cs(562,93): warning CS0436: “D:\Develop\Projects\Astrum\AstrumServer\AstrumServer\Generated\networkcommon_C_1000.cs”中的类型“RoomInfo”与“Generated, Version=0.0.0.0, Culture=neutral, PublicKeyToken=null”中的导入类型“RoomInfo”冲突。请使用“D:\Develop\Projects\Astrum\AstrumServer\AstrumServer\Generated\networkcommon_C_1000.cs”中定义的类型。 [D:\Develop\Projects\Astrum\AstrumServer\AstrumServer\AstrumServer.csproj]
D:\Develop\Projects\Astrum\AstrumServer\AstrumServer\Core\GameServer.cs(573,91): warning CS0436: “D:\Develop\Projects\Astrum\AstrumServer\AstrumServer\Generated\networkcommon_C_1000.cs”中的类型“RoomInfo”与“Generated, Version=0.0.0.0, Culture=neutral, PublicKeyToken=null”中的导入类型“RoomInfo”冲突。请使用“D:\Develop\Projects\Astrum\AstrumServer\AstrumServer\Generated\networkcommon_C_1000.cs”中定义的类型。 [D:\Develop\Projects\Astrum\AstrumServer\AstrumServer\AstrumServer.csproj]
D:\Develop\Projects\Astrum\AstrumServer\AstrumServer\Core\GameServer.cs(595,96): warning CS0436: “D:\Develop\Projects\Astrum\AstrumServer\AstrumServer\Generated\networkcommon_C_1000.cs”中的类型“RoomInfo”与“Generated, Version=0.0.0.0, Culture=neutral, PublicKeyToken=null”中的导入类型“RoomInfo”冲突。请使用“D:\Develop\Projects\Astrum\AstrumServer\AstrumServer\Generated\networkcommon_C_1000.cs”中定义的类型。 [D:\Develop\Projects\Astrum\AstrumServer\AstrumServer\AstrumServer.csproj]
D:\Develop\Projects\Astrum\AstrumServer\AstrumServer\Core\GameServer.cs(616,38): warning CS0436: “D:\Develop\Projects\Astrum\AstrumServer\AstrumServer\Generated\networkcommon_C_1000.cs”中的类型“RoomInfo”与“Generated, Version=0.0.0.0, Culture=neutral, PublicKeyToken=null”中的导入类型“RoomInfo”冲突。请使用“D:\Develop\Projects\Astrum\AstrumServer\AstrumServer\Generated\networkcommon_C_1000.cs”中定义的类型。 [D:\Develop\Projects\Astrum\AstrumServer\AstrumServer\AstrumServer.csproj]
D:\Develop\Projects\Astrum\AstrumServer\AstrumServer\Core\GameServer.cs(663,56): warning CS0436: “D:\Develop\Projects\Astrum\AstrumServer\AstrumServer\Generated\game_S_3000.cs”中的类型“GameRequest”与“Generated, Version=0.0.0.0, Culture=neutral, PublicKeyToken=null”中的导入类型“GameRequest”冲突。请使用“D:\Develop\Projects\Astrum\AstrumServer\AstrumServer\Generated\game_S_3000.cs”中定义的类型。 [D:\Develop\Projects\Astrum\AstrumServer\AstrumServer\AstrumServer.csproj]
D:\Develop\Projects\Astrum\AstrumServer\AstrumServer\Core\GameServer.cs(728,59): warning CS0436: “D:\Develop\Projects\Astrum\AstrumServer\AstrumServer\Generated\game_S_3000.cs”中的类型“GameRequest”与“Generated, Version=0.0.0.0, Culture=neutral, PublicKeyToken=null”中的导入类型“GameRequest”冲突。请使用“D:\Develop\Projects\Astrum\AstrumServer\AstrumServer\Generated\game_S_3000.cs”中定义的类型。 [D:\Develop\Projects\Astrum\AstrumServer\AstrumServer\AstrumServer.csproj]
D:\Develop\Projects\Astrum\AstrumServer\AstrumServer\Core\GameServer.cs(793,36): warning CS0436: “D:\Develop\Projects\Astrum\AstrumServer\AstrumServer\Generated\networkcommon_C_1000.cs”中的类型“RoomInfo”与“Generated, Version=0.0.0.0, Culture=neutral, PublicKeyToken=null”中的导入类型“RoomInfo”冲突。请使用“D:\Develop\Projects\Astrum\AstrumServer\AstrumServer\Generated\networkcommon_C_1000.cs”中定义的类型。 [D:\Develop\Projects\Astrum\AstrumServer\AstrumServer\AstrumServer.csproj]
D:\Develop\Projects\Astrum\AstrumServer\AstrumServer\Core\GameServer.cs(871,56): warning CS0436: “D:\Develop\Projects\Astrum\AstrumServer\AstrumServer\Generated\gamemessages_C_2000.cs”中的类型“SingleInput”与“Generated, Version=0.0.0.0, Culture=neutral, PublicKeyToken=null”中的导入类型“SingleInput”冲突。请使用“D:\Develop\Projects\Astrum\AstrumServer\AstrumServer\Generated\gamemessages_C_2000.cs”中定义的类型。 [D:\Develop\Projects\Astrum\AstrumServer\AstrumServer\AstrumServer.csproj]
D:\Develop\Projects\Astrum\AstrumServer\AstrumServer\Core\GameServer.cs(903,62): warning CS0436: “D:\Develop\Projects\Astrum\AstrumServer\AstrumServer\Generated\networkcommon_C_1000.cs”中的类型“QuickMatchRequest”与“Generated, Version=0.0.0.0, Culture=neutral, PublicKeyToken=null”中的导入类型“QuickMatchRequest”冲突。请使用“D:\Develop\Projects\Astrum\AstrumServer\AstrumServer\Generated\networkcommon_C_1000.cs”中定义的类型。 [D:\Develop\Projects\Astrum\AstrumServer\AstrumServer\AstrumServer.csproj]
D:\Develop\Projects\Astrum\AstrumServer\AstrumServer\Managers\MatchmakingManager.cs(284,71): warning CS0436: “D:\Develop\Projects\Astrum\AstrumServer\AstrumServer\Generated\networkcommon_C_1000.cs”中的类型“RoomInfo”与“Generated, Version=0.0.0.0, Culture=neutral, PublicKeyToken=null”中的导入类型“RoomInfo”冲突。请使用“D:\Develop\Projects\Astrum\AstrumServer\AstrumServer\Generated\networkcommon_C_1000.cs”中定义的类型。 [D:\Develop\Projects\Astrum\AstrumServer\AstrumServer\AstrumServer.csproj]
D:\Develop\Projects\Astrum\AstrumServer\AstrumServer\Managers\MatchmakingManager.cs(321,46): warning CS0436: “D:\Develop\Projects\Astrum\AstrumServer\AstrumServer\Generated\networkcommon_C_1000.cs”中的类型“RoomInfo”与“Generated, Version=0.0.0.0, Culture=neutral, PublicKeyToken=null”中的导入类型“RoomInfo”冲突。请使用“D:\Develop\Projects\Astrum\AstrumServer\AstrumServer\Generated\networkcommon_C_1000.cs”中定义的类型。 [D:\Develop\Projects\Astrum\AstrumServer\AstrumServer\AstrumServer.csproj]
D:\Develop\Projects\Astrum\AstrumServer\AstrumServer\Core\GameServer.cs(975,63): warning CS0436: “D:\Develop\Projects\Astrum\AstrumServer\AstrumServer\Generated\networkcommon_C_1000.cs”中的类型“CancelMatchRequest”与“Generated, Version=0.0.0.0, Culture=neutral, PublicKeyToken=null”中的导入类型“CancelMatchRequest”冲突。请使用“D:\Develop\Projects\Astrum\AstrumServer\AstrumServer\Generated\networkcommon_C_1000.cs”中定义的类型。 [D:\Develop\Projects\Astrum\AstrumServer\AstrumServer\AstrumServer.csproj]
D:\Develop\Projects\Astrum\AstrumServer\AstrumServer\Core\GameServer.cs(1034,49): warning CS0436: “D:\Develop\Projects\Astrum\AstrumServer\AstrumServer\Generated\networkcommon_C_1000.cs”中的类型“C2G_Ping”与“Generated, Version=0.0.0.0, Culture=neutral, PublicKeyToken=null”中的导入类型“C2G_Ping”冲突。请使用“D:\Develop\Projects\Astrum\AstrumServer\AstrumServer\Generated\networkcommon_C_1000.cs”中定义的类型。 [D:\Develop\Projects\Astrum\AstrumServer\AstrumServer\AstrumServer.csproj]
D:\Develop\Projects\Astrum\AstrumServer\AstrumServer\Managers\RoomManager.cs(25,16): warning CS0436: “D:\Develop\Projects\Astrum\AstrumServer\AstrumServer\Generated\networkcommon_C_1000.cs”中的类型“RoomInfo”与“Generated, Version=0.0.0.0, Culture=neutral, PublicKeyToken=null”中的导入类型“RoomInfo”冲突。请使用“D:\Develop\Projects\Astrum\AstrumServer\AstrumServer\Generated\networkcommon_C_1000.cs”中定义的类型。 [D:\Develop\Projects\Astrum\AstrumServer\AstrumServer\AstrumServer.csproj]
D:\Develop\Projects\Astrum\AstrumServer\AstrumServer\Managers\RoomManager.cs(187,16): warning CS0436: “D:\Develop\Projects\Astrum\AstrumServer\AstrumServer\Generated\networkcommon_C_1000.cs”中的类型“RoomInfo”与“Generated, Version=0.0.0.0, Culture=neutral, PublicKeyToken=null”中的导入类型“RoomInfo”冲突。请使用“D:\Develop\Projects\Astrum\AstrumServer\AstrumServer\Generated\networkcommon_C_1000.cs”中定义的类型。 [D:\Develop\Projects\Astrum\AstrumServer\AstrumServer\AstrumServer.csproj]
D:\Develop\Projects\Astrum\AstrumServer\AstrumServer\Managers\RoomManager.cs(196,21): warning CS0436: “D:\Develop\Projects\Astrum\AstrumServer\AstrumServer\Generated\networkcommon_C_1000.cs”中的类型“RoomInfo”与“Generated, Version=0.0.0.0, Culture=neutral, PublicKeyToken=null”中的导入类型“RoomInfo”冲突。请使用“D:\Develop\Projects\Astrum\AstrumServer\AstrumServer\Generated\networkcommon_C_1000.cs”中定义的类型。 [D:\Develop\Projects\Astrum\AstrumServer\AstrumServer\AstrumServer.csproj]
D:\Develop\Projects\Astrum\AstrumServer\AstrumServer\obj\Debug\net9.0\MemoryPack.Generator\MemoryPack.Generator.MemoryPackGenerator\Astrum.Generated.ConnectionStatusChanged.MemoryPackFormatter.g.cs(33,57): warning CS0436: “D:\Develop\Projects\Astrum\AstrumServer\AstrumServer\Generated\connectionstatus_C_4000.cs”中的类型“ConnectionStatusChanged”与“Generated, Version=0.0.0.0, Culture=neutral, PublicKeyToken=null”中的导入类型“ConnectionStatusChanged”冲突。请使用“D:\Develop\Projects\Astrum\AstrumServer\AstrumServer\Generated\connectionstatus_C_4000.cs”中定义的类型。 [D:\Develop\Projects\Astrum\AstrumServer\AstrumServer\AstrumServer.csproj]
D:\Develop\Projects\Astrum\AstrumServer\AstrumServer\obj\Debug\net9.0\MemoryPack.Generator\MemoryPack.Generator.MemoryPackGenerator\Astrum.Generated.ConnectionStatusChanged.MemoryPackFormatter.g.cs(59,33): warning CS0436: “D:\Develop\Projects\Astrum\AstrumServer\AstrumServer\Generated\connectionstatus_C_4000.cs”中的类型“ConnectionStatusChanged”与“Generated, Version=0.0.0.0, Culture=neutral, PublicKeyToken=null”中的导入类型“ConnectionStatusChanged”冲突。请使用“D:\Develop\Projects\Astrum\AstrumServer\AstrumServer\Generated\connectionstatus_C_4000.cs”中定义的类型。 [D:\Develop\Projects\Astrum\AstrumServer\AstrumServer\AstrumServer.csproj]
D:\Develop\Projects\Astrum\AstrumServer\AstrumServer\obj\Debug\net9.0\MemoryPack.Generator\MemoryPack.Generator.MemoryPackGenerator\Astrum.Generated.ConnectionStatusChanged.MemoryPackFormatter.g.cs(78,33): warning CS0436: “D:\Develop\Projects\Astrum\AstrumServer\AstrumServer\Generated\connectionstatus_C_4000.cs”中的类型“ConnectionStatusChanged”与“Generated, Version=0.0.0.0, Culture=neutral, PublicKeyToken=null”中的导入类型“ConnectionStatusChanged”冲突。请使用“D:\Develop\Projects\Astrum\AstrumServer\AstrumServer\Generated\connectionstatus_C_4000.cs”中定义的类型。 [D:\Develop\Projects\Astrum\AstrumServer\AstrumServer\AstrumServer.csproj]
D:\Develop\Projects\Astrum\AstrumServer\AstrumServer\Managers\UserManager.cs(26,16): warning CS0436: “D:\Develop\Projects\Astrum\AstrumServer\AstrumServer\Generated\networkcommon_C_1000.cs”中的类型“UserInfo”与“Generated, Version=0.0.0.0, Culture=neutral, PublicKeyToken=null”中的导入类型“UserInfo”冲突。请使用“D:\Develop\Projects\Astrum\AstrumServer\AstrumServer\Generated\networkcommon_C_1000.cs”中定义的类型。 [D:\Develop\Projects\Astrum\AstrumServer\AstrumServer\AstrumServer.csproj]
D:\Develop\Projects\Astrum\AstrumServer\AstrumServer\Generated\connectionstatus_C_4000.cs(51,23): warning CS0436: “D:\Develop\Projects\Astrum\AstrumServer\AstrumServer\Generated\connectionstatus_C_4000.cs”中的类型“ConnectionStatusChanged”与“Generated, Version=0.0.0.0, Culture=neutral, PublicKeyToken=null”中的导入类型“ConnectionStatusChanged”冲突。请使用“D:\Develop\Projects\Astrum\AstrumServer\AstrumServer\Generated\connectionstatus_C_4000.cs”中定义的类型。 [D:\Develop\Projects\Astrum\AstrumServer\AstrumServer\AstrumServer.csproj]
D:\Develop\Projects\Astrum\AstrumServer\AstrumServer\Managers\UserManager.cs(89,16): warning CS0436: “D:\Develop\Projects\Astrum\AstrumServer\AstrumServer\Generated\networkcommon_C_1000.cs”中的类型“UserInfo”与“Generated, Version=0.0.0.0, Culture=neutral, PublicKeyToken=null”中的导入类型“UserInfo”冲突。请使用“D:\Develop\Projects\Astrum\AstrumServer\AstrumServer\Generated\networkcommon_C_1000.cs”中定义的类型。 [D:\Develop\Projects\Astrum\AstrumServer\AstrumServer\AstrumServer.csproj]
D:\Develop\Projects\Astrum\AstrumServer\AstrumServer\Managers\UserManager.cs(102,16): warning CS0436: “D:\Develop\Projects\Astrum\AstrumServer\AstrumServer\Generated\networkcommon_C_1000.cs”中的类型“UserInfo”与“Generated, Version=0.0.0.0, Culture=neutral, PublicKeyToken=null”中的导入类型“UserInfo”冲突。请使用“D:\Develop\Projects\Astrum\AstrumServer\AstrumServer\Generated\networkcommon_C_1000.cs”中定义的类型。 [D:\Develop\Projects\Astrum\AstrumServer\AstrumServer\AstrumServer.csproj]
D:\Develop\Projects\Astrum\AstrumServer\AstrumServer\Managers\UserManager.cs(111,21): warning CS0436: “D:\Develop\Projects\Astrum\AstrumServer\AstrumServer\Generated\networkcommon_C_1000.cs”中的类型“UserInfo”与“Generated, Version=0.0.0.0, Culture=neutral, PublicKeyToken=null”中的导入类型“UserInfo”冲突。请使用“D:\Develop\Projects\Astrum\AstrumServer\AstrumServer\Generated\networkcommon_C_1000.cs”中定义的类型。 [D:\Develop\Projects\Astrum\AstrumServer\AstrumServer\AstrumServer.csproj]
D:\Develop\Projects\Astrum\AstrumServer\AstrumServer\Managers\UserManager.cs(15,55): warning CS0436: “D:\Develop\Projects\Astrum\AstrumServer\AstrumServer\Generated\networkcommon_C_1000.cs”中的类型“UserInfo”与“Generated, Version=0.0.0.0, Culture=neutral, PublicKeyToken=null”中的导入类型“UserInfo”冲突。请使用“D:\Develop\Projects\Astrum\AstrumServer\AstrumServer\Generated\networkcommon_C_1000.cs”中定义的类型。 [D:\Develop\Projects\Astrum\AstrumServer\AstrumServer\AstrumServer.csproj]
D:\Develop\Projects\Astrum\AstrumServer\AstrumServer\obj\Debug\net9.0\MemoryPack.Generator\MemoryPack.Generator.MemoryPackGenerator\Astrum.Generated.ConnectionStatusChanged.MemoryPackFormatter.g.cs(59,138): warning CS0436: “D:\Develop\Projects\Astrum\AstrumServer\AstrumServer\Generated\connectionstatus_C_4000.cs”中的类型“ConnectionStatusChanged”与“Generated, Version=0.0.0.0, Culture=neutral, PublicKeyToken=null”中的导入类型“ConnectionStatusChanged”冲突。请使用“D:\Develop\Projects\Astrum\AstrumServer\AstrumServer\Generated\connectionstatus_C_4000.cs”中定义的类型。 [D:\Develop\Projects\Astrum\AstrumServer\AstrumServer\AstrumServer.csproj]
D:\Develop\Projects\Astrum\AstrumServer\AstrumServer\Managers\RoomManager.cs(15,55): warning CS0436: “D:\Develop\Projects\Astrum\AstrumServer\AstrumServer\Generated\networkcommon_C_1000.cs”中的类型“RoomInfo”与“Generated, Version=0.0.0.0, Culture=neutral, PublicKeyToken=null”中的导入类型“RoomInfo”冲突。请使用“D:\Develop\Projects\Astrum\AstrumServer\AstrumServer\Generated\networkcommon_C_1000.cs”中定义的类型。 [D:\Develop\Projects\Astrum\AstrumServer\AstrumServer\AstrumServer.csproj]
D:\Develop\Projects\Astrum\AstrumServer\AstrumServer\obj\Debug\net9.0\MemoryPack.Generator\MemoryPack.Generator.MemoryPackGenerator\Astrum.Generated.ConnectionStatusChanged.MemoryPackFormatter.g.cs(78,110): warning CS0436: “D:\Develop\Projects\Astrum\AstrumServer\AstrumServer\Generated\connectionstatus_C_4000.cs”中的类型“ConnectionStatusChanged”与“Generated, Version=0.0.0.0, Culture=neutral, PublicKeyToken=null”中的导入类型“ConnectionStatusChanged”冲突。请使用“D:\Develop\Projects\Astrum\AstrumServer\AstrumServer\Generated\connectionstatus_C_4000.cs”中定义的类型。 [D:\Develop\Projects\Astrum\AstrumServer\AstrumServer\AstrumServer.csproj]
D:\Develop\Projects\Astrum\AstrumServer\AstrumServer\obj\Debug\net9.0\MemoryPack.Generator\MemoryPack.Generator.MemoryPackGenerator\Astrum.Generated.ConnectRequest.MemoryPackFormatter.g.cs(34,48): warning CS0436: “D:\Develop\Projects\Astrum\AstrumServer\AstrumServer\Generated\connectionstatus_C_4000.cs”中的类型“ConnectRequest”与“Generated, Version=0.0.0.0, Culture=neutral, PublicKeyToken=null”中的导入类型“ConnectRequest”冲突。请使用“D:\Develop\Projects\Astrum\AstrumServer\AstrumServer\Generated\connectionstatus_C_4000.cs”中定义的类型。 [D:\Develop\Projects\Astrum\AstrumServer\AstrumServer\AstrumServer.csproj]
D:\Develop\Projects\Astrum\AstrumServer\AstrumServer\obj\Debug\net9.0\MemoryPack.Generator\MemoryPack.Generator.MemoryPackGenerator\Astrum.Generated.ConnectResponse.MemoryPackFormatter.g.cs(34,49): warning CS0436: “D:\Develop\Projects\Astrum\AstrumServer\AstrumServer\Generated\connectionstatus_C_4000.cs”中的类型“ConnectResponse”与“Generated, Version=0.0.0.0, Culture=neutral, PublicKeyToken=null”中的导入类型“ConnectResponse”冲突。请使用“D:\Develop\Projects\Astrum\AstrumServer\AstrumServer\Generated\connectionstatus_C_4000.cs”中定义的类型。 [D:\Develop\Projects\Astrum\AstrumServer\AstrumServer\AstrumServer.csproj]
D:\Develop\Projects\Astrum\AstrumServer\AstrumServer\obj\Debug\net9.0\MemoryPack.Generator\MemoryPack.Generator.MemoryPackGenerator\Astrum.Generated.ConnectRequest.MemoryPackFormatter.g.cs(60,33): warning CS0436: “D:\Develop\Projects\Astrum\AstrumServer\AstrumServer\Generated\connectionstatus_C_4000.cs”中的类型“ConnectRequest”与“Generated, Version=0.0.0.0, Culture=neutral, PublicKeyToken=null”中的导入类型“ConnectRequest”冲突。请使用“D:\Develop\Projects\Astrum\AstrumServer\AstrumServer\Generated\connectionstatus_C_4000.cs”中定义的类型。 [D:\Develop\Projects\Astrum\AstrumServer\AstrumServer\AstrumServer.csproj]
D:\Develop\Projects\Astrum\AstrumServer\AstrumServer\obj\Debug\net9.0\MemoryPack.Generator\MemoryPack.Generator.MemoryPackGenerator\Astrum.Generated.ConnectRequest.MemoryPackFormatter.g.cs(79,33): warning CS0436: “D:\Develop\Projects\Astrum\AstrumServer\AstrumServer\Generated\connectionstatus_C_4000.cs”中的类型“ConnectRequest”与“Generated, Version=0.0.0.0, Culture=neutral, PublicKeyToken=null”中的导入类型“ConnectRequest”冲突。请使用“D:\Develop\Projects\Astrum\AstrumServer\AstrumServer\Generated\connectionstatus_C_4000.cs”中定义的类型。 [D:\Develop\Projects\Astrum\AstrumServer\AstrumServer\AstrumServer.csproj]
D:\Develop\Projects\Astrum\AstrumServer\AstrumServer\Generated\connectionstatus_C_4000.cs(87,23): warning CS0436: “D:\Develop\Projects\Astrum\AstrumServer\AstrumServer\Generated\connectionstatus_C_4000.cs”中的类型“ConnectRequest”与“Generated, Version=0.0.0.0, Culture=neutral, PublicKeyToken=null”中的导入类型“ConnectRequest”冲突。请使用“D:\Develop\Projects\Astrum\AstrumServer\AstrumServer\Generated\connectionstatus_C_4000.cs”中定义的类型。 [D:\Develop\Projects\Astrum\AstrumServer\AstrumServer\AstrumServer.csproj]
D:\Develop\Projects\Astrum\AstrumServer\AstrumServer\obj\Debug\net9.0\MemoryPack.Generator\MemoryPack.Generator.MemoryPackGenerator\Astrum.Generated.ConnectResponse.MemoryPackFormatter.g.cs(60,33): warning CS0436: “D:\Develop\Projects\Astrum\AstrumServer\AstrumServer\Generated\connectionstatus_C_4000.cs”中的类型“ConnectResponse”与“Generated, Version=0.0.0.0, Culture=neutral, PublicKeyToken=null”中的导入类型“ConnectResponse”冲突。请使用“D:\Develop\Projects\Astrum\AstrumServer\AstrumServer\Generated\connectionstatus_C_4000.cs”中定义的类型。 [D:\Develop\Projects\Astrum\AstrumServer\AstrumServer\AstrumServer.csproj]
D:\Develop\Projects\Astrum\AstrumServer\AstrumServer\obj\Debug\net9.0\MemoryPack.Generator\MemoryPack.Generator.MemoryPackGenerator\Astrum.Generated.ConnectResponse.MemoryPackFormatter.g.cs(79,33): warning CS0436: “D:\Develop\Projects\Astrum\AstrumServer\AstrumServer\Generated\connectionstatus_C_4000.cs”中的类型“ConnectResponse”与“Generated, Version=0.0.0.0, Culture=neutral, PublicKeyToken=null”中的导入类型“ConnectResponse”冲突。请使用“D:\Develop\Projects\Astrum\AstrumServer\AstrumServer\Generated\connectionstatus_C_4000.cs”中定义的类型。 [D:\Develop\Projects\Astrum\AstrumServer\AstrumServer\AstrumServer.csproj]
D:\Develop\Projects\Astrum\AstrumServer\AstrumServer\Generated\connectionstatus_C_4000.cs(130,23): warning CS0436: “D:\Develop\Projects\Astrum\AstrumServer\AstrumServer\Generated\connectionstatus_C_4000.cs”中的类型“ConnectResponse”与“Generated, Version=0.0.0.0, Culture=neutral, PublicKeyToken=null”中的导入类型“ConnectResponse”冲突。请使用“D:\Develop\Projects\Astrum\AstrumServer\AstrumServer\Generated\connectionstatus_C_4000.cs”中定义的类型。 [D:\Develop\Projects\Astrum\AstrumServer\AstrumServer\AstrumServer.csproj]
D:\Develop\Projects\Astrum\AstrumServer\AstrumServer\obj\Debug\net9.0\MemoryPack.Generator\MemoryPack.Generator.MemoryPackGenerator\Astrum.Generated.ConnectRequest.MemoryPackFormatter.g.cs(60,129): warning CS0436: “D:\Develop\Projects\Astrum\AstrumServer\AstrumServer\Generated\connectionstatus_C_4000.cs”中的类型“ConnectRequest”与“Generated, Version=0.0.0.0, Culture=neutral, PublicKeyToken=null”中的导入类型“ConnectRequest”冲突。请使用“D:\Develop\Projects\Astrum\AstrumServer\AstrumServer\Generated\connectionstatus_C_4000.cs”中定义的类型。 [D:\Develop\Projects\Astrum\AstrumServer\AstrumServer\AstrumServer.csproj]
D:\Develop\Projects\Astrum\AstrumServer\AstrumServer\obj\Debug\net9.0\MemoryPack.Generator\MemoryPack.Generator.MemoryPackGenerator\Astrum.Generated.ConnectRequest.MemoryPackFormatter.g.cs(79,101): warning CS0436: “D:\Develop\Projects\Astrum\AstrumServer\AstrumServer\Generated\connectionstatus_C_4000.cs”中的类型“ConnectRequest”与“Generated, Version=0.0.0.0, Culture=neutral, PublicKeyToken=null”中的导入类型“ConnectRequest”冲突。请使用“D:\Develop\Projects\Astrum\AstrumServer\AstrumServer\Generated\connectionstatus_C_4000.cs”中定义的类型。 [D:\Develop\Projects\Astrum\AstrumServer\AstrumServer\AstrumServer.csproj]
D:\Develop\Projects\Astrum\AstrumServer\AstrumServer\obj\Debug\net9.0\MemoryPack.Generator\MemoryPack.Generator.MemoryPackGenerator\Astrum.Generated.ConnectResponse.MemoryPackFormatter.g.cs(60,130): warning CS0436: “D:\Develop\Projects\Astrum\AstrumServer\AstrumServer\Generated\connectionstatus_C_4000.cs”中的类型“ConnectResponse”与“Generated, Version=0.0.0.0, Culture=neutral, PublicKeyToken=null”中的导入类型“ConnectResponse”冲突。请使用“D:\Develop\Projects\Astrum\AstrumServer\AstrumServer\Generated\connectionstatus_C_4000.cs”中定义的类型。 [D:\Develop\Projects\Astrum\AstrumServer\AstrumServer\AstrumServer.csproj]
D:\Develop\Projects\Astrum\AstrumServer\AstrumServer\obj\Debug\net9.0\MemoryPack.Generator\MemoryPack.Generator.MemoryPackGenerator\Astrum.Generated.ConnectResponse.MemoryPackFormatter.g.cs(79,102): warning CS0436: “D:\Develop\Projects\Astrum\AstrumServer\AstrumServer\Generated\connectionstatus_C_4000.cs”中的类型“ConnectResponse”与“Generated, Version=0.0.0.0, Culture=neutral, PublicKeyToken=null”中的导入类型“ConnectResponse”冲突。请使用“D:\Develop\Projects\Astrum\AstrumServer\AstrumServer\Generated\connectionstatus_C_4000.cs”中定义的类型。 [D:\Develop\Projects\Astrum\AstrumServer\AstrumServer\AstrumServer.csproj]
D:\Develop\Projects\Astrum\AstrumServer\AstrumServer\obj\Debug\net9.0\MemoryPack.Generator\MemoryPack.Generator.MemoryPackGenerator\Astrum.Generated.DisconnectRequest.MemoryPackFormatter.g.cs(33,51): warning CS0436: “D:\Develop\Projects\Astrum\AstrumServer\AstrumServer\Generated\connectionstatus_C_4000.cs”中的类型“DisconnectRequest”与“Generated, Version=0.0.0.0, Culture=neutral, PublicKeyToken=null”中的导入类型“DisconnectRequest”冲突。请使用“D:\Develop\Projects\Astrum\AstrumServer\AstrumServer\Generated\connectionstatus_C_4000.cs”中定义的类型。 [D:\Develop\Projects\Astrum\AstrumServer\AstrumServer\AstrumServer.csproj]
D:\Develop\Projects\Astrum\AstrumServer\AstrumServer\obj\Debug\net9.0\MemoryPack.Generator\MemoryPack.Generator.MemoryPackGenerator\Astrum.Generated.DisconnectRequest.MemoryPackFormatter.g.cs(59,33): warning CS0436: “D:\Develop\Projects\Astrum\AstrumServer\AstrumServer\Generated\connectionstatus_C_4000.cs”中的类型“DisconnectRequest”与“Generated, Version=0.0.0.0, Culture=neutral, PublicKeyToken=null”中的导入类型“DisconnectRequest”冲突。请使用“D:\Develop\Projects\Astrum\AstrumServer\AstrumServer\Generated\connectionstatus_C_4000.cs”中定义的类型。 [D:\Develop\Projects\Astrum\AstrumServer\AstrumServer\AstrumServer.csproj]
D:\Develop\Projects\Astrum\AstrumServer\AstrumServer\obj\Debug\net9.0\MemoryPack.Generator\MemoryPack.Generator.MemoryPackGenerator\Astrum.Generated.DisconnectRequest.MemoryPackFormatter.g.cs(78,33): warning CS0436: “D:\Develop\Projects\Astrum\AstrumServer\AstrumServer\Generated\connectionstatus_C_4000.cs”中的类型“DisconnectRequest”与“Generated, Version=0.0.0.0, Culture=neutral, PublicKeyToken=null”中的导入类型“DisconnectRequest”冲突。请使用“D:\Develop\Projects\Astrum\AstrumServer\AstrumServer\Generated\connectionstatus_C_4000.cs”中定义的类型。 [D:\Develop\Projects\Astrum\AstrumServer\AstrumServer\AstrumServer.csproj]
D:\Develop\Projects\Astrum\AstrumServer\AstrumServer\obj\Debug\net9.0\MemoryPack.Generator\MemoryPack.Generator.MemoryPackGenerator\Astrum.Generated.GameMessageResponse.MemoryPackFormatter.g.cs(34,53): warning CS0436: “D:\Develop\Projects\Astrum\AstrumServer\AstrumServer\Generated\gamemessages_C_2000.cs”中的类型“GameMessageResponse”与“Generated, Version=0.0.0.0, Culture=neutral, PublicKeyToken=null”中的导入类型“GameMessageResponse”冲突。请使用“D:\Develop\Projects\Astrum\AstrumServer\AstrumServer\Generated\gamemessages_C_2000.cs”中定义的类型。 [D:\Develop\Projects\Astrum\AstrumServer\AstrumServer\AstrumServer.csproj]
D:\Develop\Projects\Astrum\AstrumServer\AstrumServer\Generated\connectionstatus_C_4000.cs(173,23): warning CS0436: “D:\Develop\Projects\Astrum\AstrumServer\AstrumServer\Generated\connectionstatus_C_4000.cs”中的类型“DisconnectRequest”与“Generated, Version=0.0.0.0, Culture=neutral, PublicKeyToken=null”中的导入类型“DisconnectRequest”冲突。请使用“D:\Develop\Projects\Astrum\AstrumServer\AstrumServer\Generated\connectionstatus_C_4000.cs”中定义的类型。 [D:\Develop\Projects\Astrum\AstrumServer\AstrumServer\AstrumServer.csproj]
D:\Develop\Projects\Astrum\AstrumServer\AstrumServer\obj\Debug\net9.0\MemoryPack.Generator\MemoryPack.Generator.MemoryPackGenerator\Astrum.Generated.GameRoomState.MemoryPackFormatter.g.cs(36,47): warning CS0436: “D:\Develop\Projects\Astrum\AstrumServer\AstrumServer\Generated\gamemessages_C_2000.cs”中的类型“GameRoomState”与“Generated, Version=0.0.0.0, Culture=neutral, PublicKeyToken=null”中的导入类型“GameRoomState”冲突。请使用“D:\Develop\Projects\Astrum\AstrumServer\AstrumServer\Generated\gamemessages_C_2000.cs”中定义的类型。 [D:\Develop\Projects\Astrum\AstrumServer\AstrumServer\AstrumServer.csproj]
D:\Develop\Projects\Astrum\AstrumServer\AstrumServer\obj\Debug\net9.0\MemoryPack.Generator\MemoryPack.Generator.MemoryPackGenerator\Astrum.Generated.GameMessageResponse.MemoryPackFormatter.g.cs(60,33): warning CS0436: “D:\Develop\Projects\Astrum\AstrumServer\AstrumServer\Generated\gamemessages_C_2000.cs”中的类型“GameMessageResponse”与“Generated, Version=0.0.0.0, Culture=neutral, PublicKeyToken=null”中的导入类型“GameMessageResponse”冲突。请使用“D:\Develop\Projects\Astrum\AstrumServer\AstrumServer\Generated\gamemessages_C_2000.cs”中定义的类型。 [D:\Develop\Projects\Astrum\AstrumServer\AstrumServer\AstrumServer.csproj]
D:\Develop\Projects\Astrum\AstrumServer\AstrumServer\obj\Debug\net9.0\MemoryPack.Generator\MemoryPack.Generator.MemoryPackGenerator\Astrum.Generated.GameMessageResponse.MemoryPackFormatter.g.cs(79,33): warning CS0436: “D:\Develop\Projects\Astrum\AstrumServer\AstrumServer\Generated\gamemessages_C_2000.cs”中的类型“GameMessageResponse”与“Generated, Version=0.0.0.0, Culture=neutral, PublicKeyToken=null”中的导入类型“GameMessageResponse”冲突。请使用“D:\Develop\Projects\Astrum\AstrumServer\AstrumServer\Generated\gamemessages_C_2000.cs”中定义的类型。 [D:\Develop\Projects\Astrum\AstrumServer\AstrumServer\AstrumServer.csproj]
D:\Develop\Projects\Astrum\AstrumServer\AstrumServer\Generated\gamemessages_C_2000.cs(72,23): warning CS0436: “D:\Develop\Projects\Astrum\AstrumServer\AstrumServer\Generated\gamemessages_C_2000.cs”中的类型“GameMessageResponse”与“Generated, Version=0.0.0.0, Culture=neutral, PublicKeyToken=null”中的导入类型“GameMessageResponse”冲突。请使用“D:\Develop\Projects\Astrum\AstrumServer\AstrumServer\Generated\gamemessages_C_2000.cs”中定义的类型。 [D:\Develop\Projects\Astrum\AstrumServer\AstrumServer\AstrumServer.csproj]
D:\Develop\Projects\Astrum\AstrumServer\AstrumServer\obj\Debug\net9.0\MemoryPack.Generator\MemoryPack.Generator.MemoryPackGenerator\Astrum.Generated.LSInput.MemoryPackFormatter.g.cs(44,41): warning CS0436: “D:\Develop\Projects\Astrum\AstrumServer\AstrumServer\Generated\gamemessages_C_2000.cs”中的类型“LSInput”与“Generated, Version=0.0.0.0, Culture=neutral, PublicKeyToken=null”中的导入类型“LSInput”冲突。请使用“D:\Develop\Projects\Astrum\AstrumServer\AstrumServer\Generated\gamemessages_C_2000.cs”中定义的类型。 [D:\Develop\Projects\Astrum\AstrumServer\AstrumServer\AstrumServer.csproj]
D:\Develop\Projects\Astrum\AstrumServer\AstrumServer\Generated\connectionstatus_C_4000.cs(247,25): warning CS8981: 类型名称 "connectionstatus" 仅包含小写 ascii 字符。此类名称可能会成为该语言的保留值。 [D:\Develop\Projects\Astrum\AstrumServer\AstrumServer\AstrumServer.csproj]
D:\Develop\Projects\Astrum\AstrumServer\AstrumServer\obj\Debug\net9.0\MemoryPack.Generator\MemoryPack.Generator.MemoryPackGenerator\Astrum.Generated.GameMessageResponse.MemoryPackFormatter.g.cs(60,134): warning CS0436: “D:\Develop\Projects\Astrum\AstrumServer\AstrumServer\Generated\gamemessages_C_2000.cs”中的类型“GameMessageResponse”与“Generated, Version=0.0.0.0, Culture=neutral, PublicKeyToken=null”中的导入类型“GameMessageResponse”冲突。请使用“D:\Develop\Projects\Astrum\AstrumServer\AstrumServer\Generated\gamemessages_C_2000.cs”中定义的类型。 [D:\Develop\Projects\Astrum\AstrumServer\AstrumServer\AstrumServer.csproj]
D:\Develop\Projects\Astrum\AstrumServer\AstrumServer\obj\Debug\net9.0\MemoryPack.Generator\MemoryPack.Generator.MemoryPackGenerator\Astrum.Generated.GameMessageResponse.MemoryPackFormatter.g.cs(79,106): warning CS0436: “D:\Develop\Projects\Astrum\AstrumServer\AstrumServer\Generated\gamemessages_C_2000.cs”中的类型“GameMessageResponse”与“Generated, Version=0.0.0.0, Culture=neutral, PublicKeyToken=null”中的导入类型“GameMessageResponse”冲突。请使用“D:\Develop\Projects\Astrum\AstrumServer\AstrumServer\Generated\gamemessages_C_2000.cs”中定义的类型。 [D:\Develop\Projects\Astrum\AstrumServer\AstrumServer\AstrumServer.csproj]
D:\Develop\Projects\Astrum\AstrumServer\AstrumServer\obj\Debug\net9.0\MemoryPack.Generator\MemoryPack.Generator.MemoryPackGenerator\Astrum.Generated.GameNetworkMessage.MemoryPackFormatter.g.cs(36,52): warning CS0436: “D:\Develop\Projects\Astrum\AstrumServer\AstrumServer\Generated\gamemessages_C_2000.cs”中的类型“GameNetworkMessage”与“Generated, Version=0.0.0.0, Culture=neutral, PublicKeyToken=null”中的导入类型“GameNetworkMessage”冲突。请使用“D:\Develop\Projects\Astrum\AstrumServer\AstrumServer\Generated\gamemessages_C_2000.cs”中定义的类型。 [D:\Develop\Projects\Astrum\AstrumServer\AstrumServer\AstrumServer.csproj]
D:\Develop\Projects\Astrum\AstrumServer\AstrumServer\obj\Debug\net9.0\MemoryPack.Generator\MemoryPack.Generator.MemoryPackGenerator\Astrum.Generated.LSInput.MemoryPackFormatter.g.cs(73,33): warning CS0436: “D:\Develop\Projects\Astrum\AstrumServer\AstrumServer\Generated\gamemessages_C_2000.cs”中的类型“LSInput”与“Generated, Version=0.0.0.0, Culture=neutral, PublicKeyToken=null”中的导入类型“LSInput”冲突。请使用“D:\Develop\Projects\Astrum\AstrumServer\AstrumServer\Generated\gamemessages_C_2000.cs”中定义的类型。 [D:\Develop\Projects\Astrum\AstrumServer\AstrumServer\AstrumServer.csproj]
D:\Develop\Projects\Astrum\AstrumServer\AstrumServer\obj\Debug\net9.0\MemoryPack.Generator\MemoryPack.Generator.MemoryPackGenerator\Astrum.Generated.LSInput.MemoryPackFormatter.g.cs(90,33): warning CS0436: “D:\Develop\Projects\Astrum\AstrumServer\AstrumServer\Generated\gamemessages_C_2000.cs”中的类型“LSInput”与“Generated, Version=0.0.0.0, Culture=neutral, PublicKeyToken=null”中的导入类型“LSInput”冲突。请使用“D:\Develop\Projects\Astrum\AstrumServer\AstrumServer\Generated\gamemessages_C_2000.cs”中定义的类型。 [D:\Develop\Projects\Astrum\AstrumServer\AstrumServer\AstrumServer.csproj]
D:\Develop\Projects\Astrum\AstrumServer\AstrumServer\Generated\gamemessages_C_2000.cs(172,23): warning CS0436: “D:\Develop\Projects\Astrum\AstrumServer\AstrumServer\Generated\gamemessages_C_2000.cs”中的类型“LSInput”与“Generated, Version=0.0.0.0, Culture=neutral, PublicKeyToken=null”中的导入类型“LSInput”冲突。请使用“D:\Develop\Projects\Astrum\AstrumServer\AstrumServer\Generated\gamemessages_C_2000.cs”中定义的类型。 [D:\Develop\Projects\Astrum\AstrumServer\AstrumServer\AstrumServer.csproj]
D:\Develop\Projects\Astrum\AstrumServer\AstrumServer\obj\Debug\net9.0\MemoryPack.Generator\MemoryPack.Generator.MemoryPackGenerator\Astrum.Generated.GameNetworkMessage.MemoryPackFormatter.g.cs(66,33): warning CS0436: “D:\Develop\Projects\Astrum\AstrumServer\AstrumServer\Generated\gamemessages_C_2000.cs”中的类型“GameNetworkMessage”与“Generated, Version=0.0.0.0, Culture=neutral, PublicKeyToken=null”中的导入类型“GameNetworkMessage”冲突。请使用“D:\Develop\Projects\Astrum\AstrumServer\AstrumServer\Generated\gamemessages_C_2000.cs”中定义的类型。 [D:\Develop\Projects\Astrum\AstrumServer\AstrumServer\AstrumServer.csproj]
D:\Develop\Projects\Astrum\AstrumServer\AstrumServer\obj\Debug\net9.0\MemoryPack.Generator\MemoryPack.Generator.MemoryPackGenerator\Astrum.Generated.GameNetworkMessage.MemoryPackFormatter.g.cs(87,33): warning CS0436: “D:\Develop\Projects\Astrum\AstrumServer\AstrumServer\Generated\gamemessages_C_2000.cs”中的类型“GameNetworkMessage”与“Generated, Version=0.0.0.0, Culture=neutral, PublicKeyToken=null”中的导入类型“GameNetworkMessage”冲突。请使用“D:\Develop\Projects\Astrum\AstrumServer\AstrumServer\Generated\gamemessages_C_2000.cs”中定义的类型。 [D:\Develop\Projects\Astrum\AstrumServer\AstrumServer\AstrumServer.csproj]
D:\Develop\Projects\Astrum\AstrumServer\AstrumServer\Generated\gamemessages_C_2000.cs(12,26): warning CS0436: “D:\Develop\Projects\Astrum\AstrumServer\AstrumServer\Generated\gamemessages_C_2000.cs”中的类型“GameMessageResponse”与“Generated, Version=0.0.0.0, Culture=neutral, PublicKeyToken=null”中的导入类型“GameMessageResponse”冲突。请使用“D:\Develop\Projects\Astrum\AstrumServer\AstrumServer\Generated\gamemessages_C_2000.cs”中定义的类型。 [D:\Develop\Projects\Astrum\AstrumServer\AstrumServer\AstrumServer.csproj]
D:\Develop\Projects\Astrum\AstrumServer\AstrumServer\Generated\gamemessages_C_2000.cs(15,23): warning CS0436: “D:\Develop\Projects\Astrum\AstrumServer\AstrumServer\Generated\gamemessages_C_2000.cs”中的类型“GameNetworkMessage”与“Generated, Version=0.0.0.0, Culture=neutral, PublicKeyToken=null”中的导入类型“GameNetworkMessage”冲突。请使用“D:\Develop\Projects\Astrum\AstrumServer\AstrumServer\Generated\gamemessages_C_2000.cs”中定义的类型。 [D:\Develop\Projects\Astrum\AstrumServer\AstrumServer\AstrumServer.csproj]
D:\Develop\Projects\Astrum\AstrumServer\AstrumServer\obj\Debug\net9.0\MemoryPack.Generator\MemoryPack.Generator.MemoryPackGenerator\Astrum.Generated.OneFrameInputs.MemoryPackFormatter.g.cs(32,48): warning CS0436: “D:\Develop\Projects\Astrum\AstrumServer\AstrumServer\Generated\gamemessages_C_2000.cs”中的类型“OneFrameInputs”与“Generated, Version=0.0.0.0, Culture=neutral, PublicKeyToken=null”中的导入类型“OneFrameInputs”冲突。请使用“D:\Develop\Projects\Astrum\AstrumServer\AstrumServer\Generated\gamemessages_C_2000.cs”中定义的类型。 [D:\Develop\Projects\Astrum\AstrumServer\AstrumServer\AstrumServer.csproj]
D:\Develop\Projects\Astrum\AstrumServer\AstrumServer\obj\Debug\net9.0\MemoryPack.Generator\MemoryPack.Generator.MemoryPackGenerator\Astrum.Generated.LSInput.MemoryPackFormatter.g.cs(73,122): warning CS0436: “D:\Develop\Projects\Astrum\AstrumServer\AstrumServer\Generated\gamemessages_C_2000.cs”中的类型“LSInput”与“Generated, Version=0.0.0.0, Culture=neutral, PublicKeyToken=null”中的导入类型“LSInput”冲突。请使用“D:\Develop\Projects\Astrum\AstrumServer\AstrumServer\Generated\gamemessages_C_2000.cs”中定义的类型。 [D:\Develop\Projects\Astrum\AstrumServer\AstrumServer\AstrumServer.csproj]
D:\Develop\Projects\Astrum\AstrumServer\AstrumServer\obj\Debug\net9.0\MemoryPack.Generator\MemoryPack.Generator.MemoryPackGenerator\Astrum.Generated.DisconnectRequest.MemoryPackFormatter.g.cs(59,132): warning CS0436: “D:\Develop\Projects\Astrum\AstrumServer\AstrumServer\Generated\connectionstatus_C_4000.cs”中的类型“DisconnectRequest”与“Generated, Version=0.0.0.0, Culture=neutral, PublicKeyToken=null”中的导入类型“DisconnectRequest”冲突。请使用“D:\Develop\Projects\Astrum\AstrumServer\AstrumServer\Generated\connectionstatus_C_4000.cs”中定义的类型。 [D:\Develop\Projects\Astrum\AstrumServer\AstrumServer\AstrumServer.csproj]
D:\Develop\Projects\Astrum\AstrumServer\AstrumServer\obj\Debug\net9.0\MemoryPack.Generator\MemoryPack.Generator.MemoryPackGenerator\Astrum.Generated.OneFrameInputs.MemoryPackFormatter.g.cs(62,33): warning CS0436: “D:\Develop\Projects\Astrum\AstrumServer\AstrumServer\Generated\gamemessages_C_2000.cs”中的类型“OneFrameInputs”与“Generated, Version=0.0.0.0, Culture=neutral, PublicKeyToken=null”中的导入类型“OneFrameInputs”冲突。请使用“D:\Develop\Projects\Astrum\AstrumServer\AstrumServer\Generated\gamemessages_C_2000.cs”中定义的类型。 [D:\Develop\Projects\Astrum\AstrumServer\AstrumServer\AstrumServer.csproj]
D:\Develop\Projects\Astrum\AstrumServer\AstrumServer\obj\Debug\net9.0\MemoryPack.Generator\MemoryPack.Generator.MemoryPackGenerator\Astrum.Generated.OneFrameInputs.MemoryPackFormatter.g.cs(80,33): warning CS0436: “D:\Develop\Projects\Astrum\AstrumServer\AstrumServer\Generated\gamemessages_C_2000.cs”中的类型“OneFrameInputs”与“Generated, Version=0.0.0.0, Culture=neutral, PublicKeyToken=null”中的导入类型“OneFrameInputs”冲突。请使用“D:\Develop\Projects\Astrum\AstrumServer\AstrumServer\Generated\gamemessages_C_2000.cs”中定义的类型。 [D:\Develop\Projects\Astrum\AstrumServer\AstrumServer\AstrumServer.csproj]
D:\Develop\Projects\Astrum\AstrumServer\AstrumServer\Generated\gamemessages_C_2000.cs(284,23): warning CS0436: “D:\Develop\Projects\Astrum\AstrumServer\AstrumServer\Generated\gamemessages_C_2000.cs”中的类型“OneFrameInputs”与“Generated, Version=0.0.0.0, Culture=neutral, PublicKeyToken=null”中的导入类型“OneFrameInputs”冲突。请使用“D:\Develop\Projects\Astrum\AstrumServer\AstrumServer\Generated\gamemessages_C_2000.cs”中定义的类型。 [D:\Develop\Projects\Astrum\AstrumServer\AstrumServer\AstrumServer.csproj]
D:\Develop\Projects\Astrum\AstrumServer\AstrumServer\Generated\gamemessages_C_2000.cs(293,33): warning CS0436: “D:\Develop\Projects\Astrum\AstrumServer\AstrumServer\Generated\gamemessages_C_2000.cs”中的类型“LSInput”与“Generated, Version=0.0.0.0, Culture=neutral, PublicKeyToken=null”中的导入类型“LSInput”冲突。请使用“D:\Develop\Projects\Astrum\AstrumServer\AstrumServer\Generated\gamemessages_C_2000.cs”中定义的类型。 [D:\Develop\Projects\Astrum\AstrumServer\AstrumServer\AstrumServer.csproj]
D:\Develop\Projects\Astrum\AstrumServer\AstrumServer\obj\Debug\net9.0\MemoryPack.Generator\MemoryPack.Generator.MemoryPackGenerator\Astrum.Generated.DisconnectRequest.MemoryPackFormatter.g.cs(78,104): warning CS0436: “D:\Develop\Projects\Astrum\AstrumServer\AstrumServer\Generated\connectionstatus_C_4000.cs”中的类型“DisconnectRequest”与“Generated, Version=0.0.0.0, Culture=neutral, PublicKeyToken=null”中的导入类型“DisconnectRequest”冲突。请使用“D:\Develop\Projects\Astrum\AstrumServer\AstrumServer\Generated\connectionstatus_C_4000.cs”中定义的类型。 [D:\Develop\Projects\Astrum\AstrumServer\AstrumServer\AstrumServer.csproj]
D:\Develop\Projects\Astrum\AstrumServer\AstrumServer\obj\Debug\net9.0\MemoryPack.Generator\MemoryPack.Generator.MemoryPackGenerator\Astrum.Generated.GameResult.MemoryPackFormatter.g.cs(34,44): warning CS0436: “D:\Develop\Projects\Astrum\AstrumServer\AstrumServer\Generated\gamemessages_C_2000.cs”中的类型“GameResult”与“Generated, Version=0.0.0.0, Culture=neutral, PublicKeyToken=null”中的导入类型“GameResult”冲突。请使用“D:\Develop\Projects\Astrum\AstrumServer\AstrumServer\Generated\gamemessages_C_2000.cs”中定义的类型。 [D:\Develop\Projects\Astrum\AstrumServer\AstrumServer\AstrumServer.csproj]
D:\Develop\Projects\Astrum\AstrumServer\AstrumServer\obj\Debug\net9.0\MemoryPack.Generator\MemoryPack.Generator.MemoryPackGenerator\Astrum.Generated.GameRoomState.MemoryPackFormatter.g.cs(66,33): warning CS0436: “D:\Develop\Projects\Astrum\AstrumServer\AstrumServer\Generated\gamemessages_C_2000.cs”中的类型“GameRoomState”与“Generated, Version=0.0.0.0, Culture=neutral, PublicKeyToken=null”中的导入类型“GameRoomState”冲突。请使用“D:\Develop\Projects\Astrum\AstrumServer\AstrumServer\Generated\gamemessages_C_2000.cs”中定义的类型。 [D:\Develop\Projects\Astrum\AstrumServer\AstrumServer\AstrumServer.csproj]
D:\Develop\Projects\Astrum\AstrumServer\AstrumServer\obj\Debug\net9.0\MemoryPack.Generator\MemoryPack.Generator.MemoryPackGenerator\Astrum.Generated.GameRoomState.MemoryPackFormatter.g.cs(86,33): warning CS0436: “D:\Develop\Projects\Astrum\AstrumServer\AstrumServer\Generated\gamemessages_C_2000.cs”中的类型“GameRoomState”与“Generated, Version=0.0.0.0, Culture=neutral, PublicKeyToken=null”中的导入类型“GameRoomState”冲突。请使用“D:\Develop\Projects\Astrum\AstrumServer\AstrumServer\Generated\gamemessages_C_2000.cs”中定义的类型。 [D:\Develop\Projects\Astrum\AstrumServer\AstrumServer\AstrumServer.csproj]
D:\Develop\Projects\Astrum\AstrumServer\AstrumServer\Generated\gamemessages_C_2000.cs(115,23): warning CS0436: “D:\Develop\Projects\Astrum\AstrumServer\AstrumServer\Generated\gamemessages_C_2000.cs”中的类型“GameRoomState”与“Generated, Version=0.0.0.0, Culture=neutral, PublicKeyToken=null”中的导入类型“GameRoomState”冲突。请使用“D:\Develop\Projects\Astrum\AstrumServer\AstrumServer\Generated\gamemessages_C_2000.cs”中定义的类型。 [D:\Develop\Projects\Astrum\AstrumServer\AstrumServer\AstrumServer.csproj]
D:\Develop\Projects\Astrum\AstrumServer\AstrumServer\obj\Debug\net9.0\MemoryPack.Generator\MemoryPack.Generator.MemoryPackGenerator\Astrum.Generated.PlayerResult.MemoryPackFormatter.g.cs(35,46): warning CS0436: “D:\Develop\Projects\Astrum\AstrumServer\AstrumServer\Generated\gamemessages_C_2000.cs”中的类型“PlayerResult”与“Generated, Version=0.0.0.0, Culture=neutral, PublicKeyToken=null”中的导入类型“PlayerResult”冲突。请使用“D:\Develop\Projects\Astrum\AstrumServer\AstrumServer\Generated\gamemessages_C_2000.cs”中定义的类型。 [D:\Develop\Projects\Astrum\AstrumServer\AstrumServer\AstrumServer.csproj]
D:\Develop\Projects\Astrum\AstrumServer\AstrumServer\obj\Debug\net9.0\MemoryPack.Generator\MemoryPack.Generator.MemoryPackGenerator\Astrum.Generated.GameResult.MemoryPackFormatter.g.cs(64,33): warning CS0436: “D:\Develop\Projects\Astrum\AstrumServer\AstrumServer\Generated\gamemessages_C_2000.cs”中的类型“GameResult”与“Generated, Version=0.0.0.0, Culture=neutral, PublicKeyToken=null”中的导入类型“GameResult”冲突。请使用“D:\Develop\Projects\Astrum\AstrumServer\AstrumServer\Generated\gamemessages_C_2000.cs”中定义的类型。 [D:\Develop\Projects\Astrum\AstrumServer\AstrumServer\AstrumServer.csproj]
D:\Develop\Projects\Astrum\AstrumServer\AstrumServer\obj\Debug\net9.0\MemoryPack.Generator\MemoryPack.Generator.MemoryPackGenerator\Astrum.Generated.GameResult.MemoryPackFormatter.g.cs(84,33): warning CS0436: “D:\Develop\Projects\Astrum\AstrumServer\AstrumServer\Generated\gamemessages_C_2000.cs”中的类型“GameResult”与“Generated, Version=0.0.0.0, Culture=neutral, PublicKeyToken=null”中的导入类型“GameResult”冲突。请使用“D:\Develop\Projects\Astrum\AstrumServer\AstrumServer\Generated\gamemessages_C_2000.cs”中定义的类型。 [D:\Develop\Projects\Astrum\AstrumServer\AstrumServer\AstrumServer.csproj]
D:\Develop\Projects\Astrum\AstrumServer\AstrumServer\Generated\gamemessages_C_2000.cs(312,23): warning CS0436: “D:\Develop\Projects\Astrum\AstrumServer\AstrumServer\Generated\gamemessages_C_2000.cs”中的类型“GameResult”与“Generated, Version=0.0.0.0, Culture=neutral, PublicKeyToken=null”中的导入类型“GameResult”冲突。请使用“D:\Develop\Projects\Astrum\AstrumServer\AstrumServer\Generated\gamemessages_C_2000.cs”中定义的类型。 [D:\Develop\Projects\Astrum\AstrumServer\AstrumServer\AstrumServer.csproj]
D:\Develop\Projects\Astrum\AstrumServer\AstrumServer\obj\Debug\net9.0\MemoryPack.Generator\MemoryPack.Generator.MemoryPackGenerator\Astrum.Generated.DisconnectResponse.MemoryPackFormatter.g.cs(34,52): warning CS0436: “D:\Develop\Projects\Astrum\AstrumServer\AstrumServer\Generated\connectionstatus_C_4000.cs”中的类型“DisconnectResponse”与“Generated, Version=0.0.0.0, Culture=neutral, PublicKeyToken=null”中的导入类型“DisconnectResponse”冲突。请使用“D:\Develop\Projects\Astrum\AstrumServer\AstrumServer\Generated\connectionstatus_C_4000.cs”中定义的类型。 [D:\Develop\Projects\Astrum\AstrumServer\AstrumServer\AstrumServer.csproj]
D:\Develop\Projects\Astrum\AstrumServer\AstrumServer\Generated\gamemessages_C_2000.cs(327,21): warning CS0436: “D:\Develop\Projects\Astrum\AstrumServer\AstrumServer\Generated\gamemessages_C_2000.cs”中的类型“PlayerResult”与“Generated, Version=0.0.0.0, Culture=neutral, PublicKeyToken=null”中的导入类型“PlayerResult”冲突。请使用“D:\Develop\Projects\Astrum\AstrumServer\AstrumServer\Generated\gamemessages_C_2000.cs”中定义的类型。 [D:\Develop\Projects\Astrum\AstrumServer\AstrumServer\AstrumServer.csproj]
D:\Develop\Projects\Astrum\AstrumServer\AstrumServer\obj\Debug\net9.0\MemoryPack.Generator\MemoryPack.Generator.MemoryPackGenerator\Astrum.Generated.GameRoomState.MemoryPackFormatter.g.cs(66,128): warning CS0436: “D:\Develop\Projects\Astrum\AstrumServer\AstrumServer\Generated\gamemessages_C_2000.cs”中的类型“GameRoomState”与“Generated, Version=0.0.0.0, Culture=neutral, PublicKeyToken=null”中的导入类型“GameRoomState”冲突。请使用“D:\Develop\Projects\Astrum\AstrumServer\AstrumServer\Generated\gamemessages_C_2000.cs”中定义的类型。 [D:\Develop\Projects\Astrum\AstrumServer\AstrumServer\AstrumServer.csproj]
D:\Develop\Projects\Astrum\AstrumServer\AstrumServer\obj\Debug\net9.0\MemoryPack.Generator\MemoryPack.Generator.MemoryPackGenerator\Astrum.Generated.PlayerResult.MemoryPackFormatter.g.cs(61,33): warning CS0436: “D:\Develop\Projects\Astrum\AstrumServer\AstrumServer\Generated\gamemessages_C_2000.cs”中的类型“PlayerResult”与“Generated, Version=0.0.0.0, Culture=neutral, PublicKeyToken=null”中的导入类型“PlayerResult”冲突。请使用“D:\Develop\Projects\Astrum\AstrumServer\AstrumServer\Generated\gamemessages_C_2000.cs”中定义的类型。 [D:\Develop\Projects\Astrum\AstrumServer\AstrumServer\AstrumServer.csproj]
D:\Develop\Projects\Astrum\AstrumServer\AstrumServer\obj\Debug\net9.0\MemoryPack.Generator\MemoryPack.Generator.MemoryPackGenerator\Astrum.Generated.PlayerResult.MemoryPackFormatter.g.cs(80,33): warning CS0436: “D:\Develop\Projects\Astrum\AstrumServer\AstrumServer\Generated\gamemessages_C_2000.cs”中的类型“PlayerResult”与“Generated, Version=0.0.0.0, Culture=neutral, PublicKeyToken=null”中的导入类型“PlayerResult”冲突。请使用“D:\Develop\Projects\Astrum\AstrumServer\AstrumServer\Generated\gamemessages_C_2000.cs”中定义的类型。 [D:\Develop\Projects\Astrum\AstrumServer\AstrumServer\AstrumServer.csproj]
D:\Develop\Projects\Astrum\AstrumServer\AstrumServer\Generated\gamemessages_C_2000.cs(355,23): warning CS0436: “D:\Develop\Projects\Astrum\AstrumServer\AstrumServer\Generated\gamemessages_C_2000.cs”中的类型“PlayerResult”与“Generated, Version=0.0.0.0, Culture=neutral, PublicKeyToken=null”中的导入类型“PlayerResult”冲突。请使用“D:\Develop\Projects\Astrum\AstrumServer\AstrumServer\Generated\gamemessages_C_2000.cs”中定义的类型。 [D:\Develop\Projects\Astrum\AstrumServer\AstrumServer\AstrumServer.csproj]
D:\Develop\Projects\Astrum\AstrumServer\AstrumServer\obj\Debug\net9.0\MemoryPack.Generator\MemoryPack.Generator.MemoryPackGenerator\Astrum.Generated.GameRoomState.MemoryPackFormatter.g.cs(86,100): warning CS0436: “D:\Develop\Projects\Astrum\AstrumServer\AstrumServer\Generated\gamemessages_C_2000.cs”中的类型“GameRoomState”与“Generated, Version=0.0.0.0, Culture=neutral, PublicKeyToken=null”中的导入类型“GameRoomState”冲突。请使用“D:\Develop\Projects\Astrum\AstrumServer\AstrumServer\Generated\gamemessages_C_2000.cs”中定义的类型。 [D:\Develop\Projects\Astrum\AstrumServer\AstrumServer\AstrumServer.csproj]
D:\Develop\Projects\Astrum\AstrumServer\AstrumServer\obj\Debug\net9.0\MemoryPack.Generator\MemoryPack.Generator.MemoryPackGenerator\Astrum.Generated.GameResult.MemoryPackFormatter.g.cs(64,125): warning CS0436: “D:\Develop\Projects\Astrum\AstrumServer\AstrumServer\Generated\gamemessages_C_2000.cs”中的类型“GameResult”与“Generated, Version=0.0.0.0, Culture=neutral, PublicKeyToken=null”中的导入类型“GameResult”冲突。请使用“D:\Develop\Projects\Astrum\AstrumServer\AstrumServer\Generated\gamemessages_C_2000.cs”中定义的类型。 [D:\Develop\Projects\Astrum\AstrumServer\AstrumServer\AstrumServer.csproj]
D:\Develop\Projects\Astrum\AstrumServer\AstrumServer\obj\Debug\net9.0\MemoryPack.Generator\MemoryPack.Generator.MemoryPackGenerator\Astrum.Generated.GameNetworkMessage.MemoryPackFormatter.g.cs(66,133): warning CS0436: “D:\Develop\Projects\Astrum\AstrumServer\AstrumServer\Generated\gamemessages_C_2000.cs”中的类型“GameNetworkMessage”与“Generated, Version=0.0.0.0, Culture=neutral, PublicKeyToken=null”中的导入类型“GameNetworkMessage”冲突。请使用“D:\Develop\Projects\Astrum\AstrumServer\AstrumServer\Generated\gamemessages_C_2000.cs”中定义的类型。 [D:\Develop\Projects\Astrum\AstrumServer\AstrumServer\AstrumServer.csproj]
D:\Develop\Projects\Astrum\AstrumServer\AstrumServer\obj\Debug\net9.0\MemoryPack.Generator\MemoryPack.Generator.MemoryPackGenerator\Astrum.Generated.GameConfig.MemoryPackFormatter.g.cs(37,44): warning CS0436: “D:\Develop\Projects\Astrum\AstrumServer\AstrumServer\Generated\gamemessages_C_2000.cs”中的类型“GameConfig”与“Generated, Version=0.0.0.0, Culture=neutral, PublicKeyToken=null”中的导入类型“GameConfig”冲突。请使用“D:\Develop\Projects\Astrum\AstrumServer\AstrumServer\Generated\gamemessages_C_2000.cs”中定义的类型。 [D:\Develop\Projects\Astrum\AstrumServer\AstrumServer\AstrumServer.csproj]
D:\Develop\Projects\Astrum\AstrumServer\AstrumServer\obj\Debug\net9.0\MemoryPack.Generator\MemoryPack.Generator.MemoryPackGenerator\Astrum.Generated.GameNetworkMessage.MemoryPackFormatter.g.cs(87,105): warning CS0436: “D:\Develop\Projects\Astrum\AstrumServer\AstrumServer\Generated\gamemessages_C_2000.cs”中的类型“GameNetworkMessage”与“Generated, Version=0.0.0.0, Culture=neutral, PublicKeyToken=null”中的导入类型“GameNetworkMessage”冲突。请使用“D:\Develop\Projects\Astrum\AstrumServer\AstrumServer\Generated\gamemessages_C_2000.cs”中定义的类型。 [D:\Develop\Projects\Astrum\AstrumServer\AstrumServer\AstrumServer.csproj]
D:\Develop\Projects\Astrum\AstrumServer\AstrumServer\obj\Debug\net9.0\MemoryPack.Generator\MemoryPack.Generator.MemoryPackGenerator\Astrum.Generated.PlayerResult.MemoryPackFormatter.g.cs(61,127): warning CS0436: “D:\Develop\Projects\Astrum\AstrumServer\AstrumServer\Generated\gamemessages_C_2000.cs”中的类型“PlayerResult”与“Generated, Version=0.0.0.0, Culture=neutral, PublicKeyToken=null”中的导入类型“PlayerResult”冲突。请使用“D:\Develop\Projects\Astrum\AstrumServer\AstrumServer\Generated\gamemessages_C_2000.cs”中定义的类型。 [D:\Develop\Projects\Astrum\AstrumServer\AstrumServer\AstrumServer.csproj]
D:\Develop\Projects\Astrum\AstrumServer\AstrumServer\obj\Debug\net9.0\MemoryPack.Generator\MemoryPack.Generator.MemoryPackGenerator\Astrum.Generated.PlayerResult.MemoryPackFormatter.g.cs(80,99): warning CS0436: “D:\Develop\Projects\Astrum\AstrumServer\AstrumServer\Generated\gamemessages_C_2000.cs”中的类型“PlayerResult”与“Generated, Version=0.0.0.0, Culture=neutral, PublicKeyToken=null”中的导入类型“PlayerResult”冲突。请使用“D:\Develop\Projects\Astrum\AstrumServer\AstrumServer\Generated\gamemessages_C_2000.cs”中定义的类型。 [D:\Develop\Projects\Astrum\AstrumServer\AstrumServer\AstrumServer.csproj]
D:\Develop\Projects\Astrum\AstrumServer\AstrumServer\obj\Debug\net9.0\MemoryPack.Generator\MemoryPack.Generator.MemoryPackGenerator\Astrum.Generated.GameConfig.MemoryPackFormatter.g.cs(67,33): warning CS0436: “D:\Develop\Projects\Astrum\AstrumServer\AstrumServer\Generated\gamemessages_C_2000.cs”中的类型“GameConfig”与“Generated, Version=0.0.0.0, Culture=neutral, PublicKeyToken=null”中的导入类型“GameConfig”冲突。请使用“D:\Develop\Projects\Astrum\AstrumServer\AstrumServer\Generated\gamemessages_C_2000.cs”中定义的类型。 [D:\Develop\Projects\Astrum\AstrumServer\AstrumServer\AstrumServer.csproj]
D:\Develop\Projects\Astrum\AstrumServer\AstrumServer\obj\Debug\net9.0\MemoryPack.Generator\MemoryPack.Generator.MemoryPackGenerator\Astrum.Generated.GameConfig.MemoryPackFormatter.g.cs(85,33): warning CS0436: “D:\Develop\Projects\Astrum\AstrumServer\AstrumServer\Generated\gamemessages_C_2000.cs”中的类型“GameConfig”与“Generated, Version=0.0.0.0, Culture=neutral, PublicKeyToken=null”中的导入类型“GameConfig”冲突。请使用“D:\Develop\Projects\Astrum\AstrumServer\AstrumServer\Generated\gamemessages_C_2000.cs”中定义的类型。 [D:\Develop\Projects\Astrum\AstrumServer\AstrumServer\AstrumServer.csproj]
D:\Develop\Projects\Astrum\AstrumServer\AstrumServer\Generated\gamemessages_C_2000.cs(405,23): warning CS0436: “D:\Develop\Projects\Astrum\AstrumServer\AstrumServer\Generated\gamemessages_C_2000.cs”中的类型“GameConfig”与“Generated, Version=0.0.0.0, Culture=neutral, PublicKeyToken=null”中的导入类型“GameConfig”冲突。请使用“D:\Develop\Projects\Astrum\AstrumServer\AstrumServer\Generated\gamemessages_C_2000.cs”中定义的类型。 [D:\Develop\Projects\Astrum\AstrumServer\AstrumServer\AstrumServer.csproj]
D:\Develop\Projects\Astrum\AstrumServer\AstrumServer\obj\Debug\net9.0\MemoryPack.Generator\MemoryPack.Generator.MemoryPackGenerator\Astrum.Generated.LSInput.MemoryPackFormatter.g.cs(90,94): warning CS0436: “D:\Develop\Projects\Astrum\AstrumServer\AstrumServer\Generated\gamemessages_C_2000.cs”中的类型“LSInput”与“Generated, Version=0.0.0.0, Culture=neutral, PublicKeyToken=null”中的导入类型“LSInput”冲突。请使用“D:\Develop\Projects\Astrum\AstrumServer\AstrumServer\Generated\gamemessages_C_2000.cs”中定义的类型。 [D:\Develop\Projects\Astrum\AstrumServer\AstrumServer\AstrumServer.csproj]
D:\Develop\Projects\Astrum\AstrumServer\AstrumServer\obj\Debug\net9.0\MemoryPack.Generator\MemoryPack.Generator.MemoryPackGenerator\Astrum.Generated.GameResult.MemoryPackFormatter.g.cs(84,97): warning CS0436: “D:\Develop\Projects\Astrum\AstrumServer\AstrumServer\Generated\gamemessages_C_2000.cs”中的类型“GameResult”与“Generated, Version=0.0.0.0, Culture=neutral, PublicKeyToken=null”中的导入类型“GameResult”冲突。请使用“D:\Develop\Projects\Astrum\AstrumServer\AstrumServer\Generated\gamemessages_C_2000.cs”中定义的类型。 [D:\Develop\Projects\Astrum\AstrumServer\AstrumServer\AstrumServer.csproj]
D:\Develop\Projects\Astrum\AstrumServer\AstrumServer\obj\Debug\net9.0\MemoryPack.Generator\MemoryPack.Generator.MemoryPackGenerator\Astrum.Generated.OneFrameInputs.MemoryPackFormatter.g.cs(62,129): warning CS0436: “D:\Develop\Projects\Astrum\AstrumServer\AstrumServer\Generated\gamemessages_C_2000.cs”中的类型“OneFrameInputs”与“Generated, Version=0.0.0.0, Culture=neutral, PublicKeyToken=null”中的导入类型“OneFrameInputs”冲突。请使用“D:\Develop\Projects\Astrum\AstrumServer\AstrumServer\Generated\gamemessages_C_2000.cs”中定义的类型。 [D:\Develop\Projects\Astrum\AstrumServer\AstrumServer\AstrumServer.csproj]
D:\Develop\Projects\Astrum\AstrumServer\AstrumServer\obj\Debug\net9.0\MemoryPack.Generator\MemoryPack.Generator.MemoryPackGenerator\Astrum.Generated.DisconnectResponse.MemoryPackFormatter.g.cs(60,33): warning CS0436: “D:\Develop\Projects\Astrum\AstrumServer\AstrumServer\Generated\connectionstatus_C_4000.cs”中的类型“DisconnectResponse”与“Generated, Version=0.0.0.0, Culture=neutral, PublicKeyToken=null”中的导入类型“DisconnectResponse”冲突。请使用“D:\Develop\Projects\Astrum\AstrumServer\AstrumServer\Generated\connectionstatus_C_4000.cs”中定义的类型。 [D:\Develop\Projects\Astrum\AstrumServer\AstrumServer\AstrumServer.csproj]
D:\Develop\Projects\Astrum\AstrumServer\AstrumServer\obj\Debug\net9.0\MemoryPack.Generator\MemoryPack.Generator.MemoryPackGenerator\Astrum.Generated.DisconnectResponse.MemoryPackFormatter.g.cs(79,33): warning CS0436: “D:\Develop\Projects\Astrum\AstrumServer\AstrumServer\Generated\connectionstatus_C_4000.cs”中的类型“DisconnectResponse”与“Generated, Version=0.0.0.0, Culture=neutral, PublicKeyToken=null”中的导入类型“DisconnectResponse”冲突。请使用“D:\Develop\Projects\Astrum\AstrumServer\AstrumServer\Generated\connectionstatus_C_4000.cs”中定义的类型。 [D:\Develop\Projects\Astrum\AstrumServer\AstrumServer\AstrumServer.csproj]
D:\Develop\Projects\Astrum\AstrumServer\AstrumServer\obj\Debug\net9.0\MemoryPack.Generator\MemoryPack.Generator.MemoryPackGenerator\Astrum.Generated.OneFrameInputs.MemoryPackFormatter.g.cs(80,101): warning CS0436: “D:\Develop\Projects\Astrum\AstrumServer\AstrumServer\Generated\gamemessages_C_2000.cs”中的类型“OneFrameInputs”与“Generated, Version=0.0.0.0, Culture=neutral, PublicKeyToken=null”中的导入类型“OneFrameInputs”冲突。请使用“D:\Develop\Projects\Astrum\AstrumServer\AstrumServer\Generated\gamemessages_C_2000.cs”中定义的类型。 [D:\Develop\Projects\Astrum\AstrumServer\AstrumServer\AstrumServer.csproj]
D:\Develop\Projects\Astrum\AstrumServer\AstrumServer\Generated\connectionstatus_C_4000.cs(209,23): warning CS0436: “D:\Develop\Projects\Astrum\AstrumServer\AstrumServer\Generated\connectionstatus_C_4000.cs”中的类型“DisconnectResponse”与“Generated, Version=0.0.0.0, Culture=neutral, PublicKeyToken=null”中的导入类型“DisconnectResponse”冲突。请使用“D:\Develop\Projects\Astrum\AstrumServer\AstrumServer\Generated\connectionstatus_C_4000.cs”中定义的类型。 [D:\Develop\Projects\Astrum\AstrumServer\AstrumServer\AstrumServer.csproj]
D:\Develop\Projects\Astrum\AstrumServer\AstrumServer\obj\Debug\net9.0\MemoryPack.Generator\MemoryPack.Generator.MemoryPackGenerator\Astrum.Generated.DisconnectResponse.MemoryPackFormatter.g.cs(60,133): warning CS0436: “D:\Develop\Projects\Astrum\AstrumServer\AstrumServer\Generated\connectionstatus_C_4000.cs”中的类型“DisconnectResponse”与“Generated, Version=0.0.0.0, Culture=neutral, PublicKeyToken=null”中的导入类型“DisconnectResponse”冲突。请使用“D:\Develop\Projects\Astrum\AstrumServer\AstrumServer\Generated\connectionstatus_C_4000.cs”中定义的类型。 [D:\Develop\Projects\Astrum\AstrumServer\AstrumServer\AstrumServer.csproj]
D:\Develop\Projects\Astrum\AstrumServer\AstrumServer\obj\Debug\net9.0\MemoryPack.Generator\MemoryPack.Generator.MemoryPackGenerator\Astrum.Generated.GameStartNotification.MemoryPackFormatter.g.cs(36,55): warning CS0436: “D:\Develop\Projects\Astrum\AstrumServer\AstrumServer\Generated\gamemessages_C_2000.cs”中的类型“GameStartNotification”与“Generated, Version=0.0.0.0, Culture=neutral, PublicKeyToken=null”中的导入类型“GameStartNotification”冲突。请使用“D:\Develop\Projects\Astrum\AstrumServer\AstrumServer\Generated\gamemessages_C_2000.cs”中定义的类型。 [D:\Develop\Projects\Astrum\AstrumServer\AstrumServer\AstrumServer.csproj]
D:\Develop\Projects\Astrum\AstrumServer\AstrumServer\obj\Debug\net9.0\MemoryPack.Generator\MemoryPack.Generator.MemoryPackGenerator\Astrum.Generated.GameEndNotification.MemoryPackFormatter.g.cs(35,53): warning CS0436: “D:\Develop\Projects\Astrum\AstrumServer\AstrumServer\Generated\gamemessages_C_2000.cs”中的类型“GameEndNotification”与“Generated, Version=0.0.0.0, Culture=neutral, PublicKeyToken=null”中的导入类型“GameEndNotification”冲突。请使用“D:\Develop\Projects\Astrum\AstrumServer\AstrumServer\Generated\gamemessages_C_2000.cs”中定义的类型。 [D:\Develop\Projects\Astrum\AstrumServer\AstrumServer\AstrumServer.csproj]
D:\Develop\Projects\Astrum\AstrumServer\AstrumServer\obj\Debug\net9.0\MemoryPack.Generator\MemoryPack.Generator.MemoryPackGenerator\Astrum.Generated.DisconnectResponse.MemoryPackFormatter.g.cs(79,105): warning CS0436: “D:\Develop\Projects\Astrum\AstrumServer\AstrumServer\Generated\connectionstatus_C_4000.cs”中的类型“DisconnectResponse”与“Generated, Version=0.0.0.0, Culture=neutral, PublicKeyToken=null”中的导入类型“DisconnectResponse”冲突。请使用“D:\Develop\Projects\Astrum\AstrumServer\AstrumServer\Generated\connectionstatus_C_4000.cs”中定义的类型。 [D:\Develop\Projects\Astrum\AstrumServer\AstrumServer\AstrumServer.csproj]
D:\Develop\Projects\Astrum\AstrumServer\AstrumServer\obj\Debug\net9.0\MemoryPack.Generator\MemoryPack.Generator.MemoryPackGenerator\Astrum.Generated.FrameSyncStartNotification.MemoryPackFormatter.g.cs(36,60): warning CS0436: “D:\Develop\Projects\Astrum\AstrumServer\AstrumServer\Generated\gamemessages_C_2000.cs”中的类型“FrameSyncStartNotification”与“Generated, Version=0.0.0.0, Culture=neutral, PublicKeyToken=null”中的导入类型“FrameSyncStartNotification”冲突。请使用“D:\Develop\Projects\Astrum\AstrumServer\AstrumServer\Generated\gamemessages_C_2000.cs”中定义的类型。 [D:\Develop\Projects\Astrum\AstrumServer\AstrumServer\AstrumServer.csproj]
D:\Develop\Projects\Astrum\AstrumServer\AstrumServer\obj\Debug\net9.0\MemoryPack.Generator\MemoryPack.Generator.MemoryPackGenerator\Astrum.Generated.FrameSyncData.MemoryPackFormatter.g.cs(35,47): warning CS0436: “D:\Develop\Projects\Astrum\AstrumServer\AstrumServer\Generated\gamemessages_C_2000.cs”中的类型“FrameSyncData”与“Generated, Version=0.0.0.0, Culture=neutral, PublicKeyToken=null”中的导入类型“FrameSyncData”冲突。请使用“D:\Develop\Projects\Astrum\AstrumServer\AstrumServer\Generated\gamemessages_C_2000.cs”中定义的类型。 [D:\Develop\Projects\Astrum\AstrumServer\AstrumServer\AstrumServer.csproj]
D:\Develop\Projects\Astrum\AstrumServer\AstrumServer\Generated\gamemessages_C_2000.cs(814,25): warning CS8981: 类型名称 "gamemessages" 仅包含小写 ascii 字符。此类名称可能会成为该语言的保留值。 [D:\Develop\Projects\Astrum\AstrumServer\AstrumServer\AstrumServer.csproj]
D:\Develop\Projects\Astrum\AstrumServer\AstrumServer\obj\Debug\net9.0\MemoryPack.Generator\MemoryPack.Generator.MemoryPackGenerator\Astrum.Generated.GameConfig.MemoryPackFormatter.g.cs(67,125): warning CS0436: “D:\Develop\Projects\Astrum\AstrumServer\AstrumServer\Generated\gamemessages_C_2000.cs”中的类型“GameConfig”与“Generated, Version=0.0.0.0, Culture=neutral, PublicKeyToken=null”中的导入类型“GameConfig”冲突。请使用“D:\Develop\Projects\Astrum\AstrumServer\AstrumServer\Generated\gamemessages_C_2000.cs”中定义的类型。 [D:\Develop\Projects\Astrum\AstrumServer\AstrumServer\AstrumServer.csproj]
D:\Develop\Projects\Astrum\AstrumServer\AstrumServer\obj\Debug\net9.0\MemoryPack.Generator\MemoryPack.Generator.MemoryPackGenerator\Astrum.Generated.GameConfig.MemoryPackFormatter.g.cs(85,97): warning CS0436: “D:\Develop\Projects\Astrum\AstrumServer\AstrumServer\Generated\gamemessages_C_2000.cs”中的类型“GameConfig”与“Generated, Version=0.0.0.0, Culture=neutral, PublicKeyToken=null”中的导入类型“GameConfig”冲突。请使用“D:\Develop\Projects\Astrum\AstrumServer\AstrumServer\Generated\gamemessages_C_2000.cs”中定义的类型。 [D:\Develop\Projects\Astrum\AstrumServer\AstrumServer\AstrumServer.csproj]
D:\Develop\Projects\Astrum\AstrumServer\AstrumServer\obj\Debug\net9.0\MemoryPack.Generator\MemoryPack.Generator.MemoryPackGenerator\Astrum.Generated.FrameSyncStartNotification.MemoryPackFormatter.g.cs(66,33): warning CS0436: “D:\Develop\Projects\Astrum\AstrumServer\AstrumServer\Generated\gamemessages_C_2000.cs”中的类型“FrameSyncStartNotification”与“Generated, Version=0.0.0.0, Culture=neutral, PublicKeyToken=null”中的导入类型“FrameSyncStartNotification”冲突。请使用“D:\Develop\Projects\Astrum\AstrumServer\AstrumServer\Generated\gamemessages_C_2000.cs”中定义的类型。 [D:\Develop\Projects\Astrum\AstrumServer\AstrumServer\AstrumServer.csproj]
D:\Develop\Projects\Astrum\AstrumServer\AstrumServer\obj\Debug\net9.0\MemoryPack.Generator\MemoryPack.Generator.MemoryPackGenerator\Astrum.Generated.FrameSyncStartNotification.MemoryPackFormatter.g.cs(86,33): warning CS0436: “D:\Develop\Projects\Astrum\AstrumServer\AstrumServer\Generated\gamemessages_C_2000.cs”中的类型“FrameSyncStartNotification”与“Generated, Version=0.0.0.0, Culture=neutral, PublicKeyToken=null”中的导入类型“FrameSyncStartNotification”冲突。请使用“D:\Develop\Projects\Astrum\AstrumServer\AstrumServer\Generated\gamemessages_C_2000.cs”中定义的类型。 [D:\Develop\Projects\Astrum\AstrumServer\AstrumServer\AstrumServer.csproj]
D:\Develop\Projects\Astrum\AstrumServer\AstrumServer\Generated\gamemessages_C_2000.cs(619,23): warning CS0436: “D:\Develop\Projects\Astrum\AstrumServer\AstrumServer\Generated\gamemessages_C_2000.cs”中的类型“FrameSyncStartNotification”与“Generated, Version=0.0.0.0, Culture=neutral, PublicKeyToken=null”中的导入类型“FrameSyncStartNotification”冲突。请使用“D:\Develop\Projects\Astrum\AstrumServer\AstrumServer\Generated\gamemessages_C_2000.cs”中定义的类型。 [D:\Develop\Projects\Astrum\AstrumServer\AstrumServer\AstrumServer.csproj]
D:\Develop\Projects\Astrum\AstrumServer\AstrumServer\obj\Debug\net9.0\MemoryPack.Generator\MemoryPack.Generator.MemoryPackGenerator\Astrum.Generated.GameStartNotification.MemoryPackFormatter.g.cs(66,33): warning CS0436: “D:\Develop\Projects\Astrum\AstrumServer\AstrumServer\Generated\gamemessages_C_2000.cs”中的类型“GameStartNotification”与“Generated, Version=0.0.0.0, Culture=neutral, PublicKeyToken=null”中的导入类型“GameStartNotification”冲突。请使用“D:\Develop\Projects\Astrum\AstrumServer\AstrumServer\Generated\gamemessages_C_2000.cs”中定义的类型。 [D:\Develop\Projects\Astrum\AstrumServer\AstrumServer\AstrumServer.csproj]
D:\Develop\Projects\Astrum\AstrumServer\AstrumServer\obj\Debug\net9.0\MemoryPack.Generator\MemoryPack.Generator.MemoryPackGenerator\Astrum.Generated.GameStartNotification.MemoryPackFormatter.g.cs(88,33): warning CS0436: “D:\Develop\Projects\Astrum\AstrumServer\AstrumServer\Generated\gamemessages_C_2000.cs”中的类型“GameStartNotification”与“Generated, Version=0.0.0.0, Culture=neutral, PublicKeyToken=null”中的导入类型“GameStartNotification”冲突。请使用“D:\Develop\Projects\Astrum\AstrumServer\AstrumServer\Generated\gamemessages_C_2000.cs”中定义的类型。 [D:\Develop\Projects\Astrum\AstrumServer\AstrumServer\AstrumServer.csproj]
D:\Develop\Projects\Astrum\AstrumServer\AstrumServer\Generated\gamemessages_C_2000.cs(469,23): warning CS0436: “D:\Develop\Projects\Astrum\AstrumServer\AstrumServer\Generated\gamemessages_C_2000.cs”中的类型“GameStartNotification”与“Generated, Version=0.0.0.0, Culture=neutral, PublicKeyToken=null”中的导入类型“GameStartNotification”冲突。请使用“D:\Develop\Projects\Astrum\AstrumServer\AstrumServer\Generated\gamemessages_C_2000.cs”中定义的类型。 [D:\Develop\Projects\Astrum\AstrumServer\AstrumServer\AstrumServer.csproj]
D:\Develop\Projects\Astrum\AstrumServer\AstrumServer\obj\Debug\net9.0\MemoryPack.Generator\MemoryPack.Generator.MemoryPackGenerator\Astrum.Generated.FrameSyncStartNotification.MemoryPackFormatter.g.cs(66,141): warning CS0436: “D:\Develop\Projects\Astrum\AstrumServer\AstrumServer\Generated\gamemessages_C_2000.cs”中的类型“FrameSyncStartNotification”与“Generated, Version=0.0.0.0, Culture=neutral, PublicKeyToken=null”中的导入类型“FrameSyncStartNotification”冲突。请使用“D:\Develop\Projects\Astrum\AstrumServer\AstrumServer\Generated\gamemessages_C_2000.cs”中定义的类型。 [D:\Develop\Projects\Astrum\AstrumServer\AstrumServer\AstrumServer.csproj]
D:\Develop\Projects\Astrum\AstrumServer\AstrumServer\Generated\gamemessages_C_2000.cs(484,16): warning CS0436: “D:\Develop\Projects\Astrum\AstrumServer\AstrumServer\Generated\gamemessages_C_2000.cs”中的类型“GameConfig”与“Generated, Version=0.0.0.0, Culture=neutral, PublicKeyToken=null”中的导入类型“GameConfig”冲突。请使用“D:\Develop\Projects\Astrum\AstrumServer\AstrumServer\Generated\gamemessages_C_2000.cs”中定义的类型。 [D:\Develop\Projects\Astrum\AstrumServer\AstrumServer\AstrumServer.csproj]
D:\Develop\Projects\Astrum\AstrumServer\AstrumServer\Generated\gamemessages_C_2000.cs(490,16): warning CS0436: “D:\Develop\Projects\Astrum\AstrumServer\AstrumServer\Generated\gamemessages_C_2000.cs”中的类型“GameRoomState”与“Generated, Version=0.0.0.0, Culture=neutral, PublicKeyToken=null”中的导入类型“GameRoomState”冲突。请使用“D:\Develop\Projects\Astrum\AstrumServer\AstrumServer\Generated\gamemessages_C_2000.cs”中定义的类型。 [D:\Develop\Projects\Astrum\AstrumServer\AstrumServer\AstrumServer.csproj]
D:\Develop\Projects\Astrum\AstrumServer\AstrumServer\obj\Debug\net9.0\MemoryPack.Generator\MemoryPack.Generator.MemoryPackGenerator\Astrum.Generated.GameRequest.MemoryPackFormatter.g.cs(35,45): warning CS0436: “D:\Develop\Projects\Astrum\AstrumServer\AstrumServer\Generated\game_S_3000.cs”中的类型“GameRequest”与“Generated, Version=0.0.0.0, Culture=neutral, PublicKeyToken=null”中的导入类型“GameRequest”冲突。请使用“D:\Develop\Projects\Astrum\AstrumServer\AstrumServer\Generated\game_S_3000.cs”中定义的类型。 [D:\Develop\Projects\Astrum\AstrumServer\AstrumServer\AstrumServer.csproj]
D:\Develop\Projects\Astrum\AstrumServer\AstrumServer\obj\Debug\net9.0\MemoryPack.Generator\MemoryPack.Generator.MemoryPackGenerator\Astrum.Generated.FrameSyncStartNotification.MemoryPackFormatter.g.cs(86,113): warning CS0436: “D:\Develop\Projects\Astrum\AstrumServer\AstrumServer\Generated\gamemessages_C_2000.cs”中的类型“FrameSyncStartNotification”与“Generated, Version=0.0.0.0, Culture=neutral, PublicKeyToken=null”中的导入类型“FrameSyncStartNotification”冲突。请使用“D:\Develop\Projects\Astrum\AstrumServer\AstrumServer\Generated\gamemessages_C_2000.cs”中定义的类型。 [D:\Develop\Projects\Astrum\AstrumServer\AstrumServer\AstrumServer.csproj]
D:\Develop\Projects\Astrum\AstrumServer\AstrumServer\obj\Debug\net9.0\MemoryPack.Generator\MemoryPack.Generator.MemoryPackGenerator\Astrum.Generated.GameRequest.MemoryPackFormatter.g.cs(65,33): warning CS0436: “D:\Develop\Projects\Astrum\AstrumServer\AstrumServer\Generated\game_S_3000.cs”中的类型“GameRequest”与“Generated, Version=0.0.0.0, Culture=neutral, PublicKeyToken=null”中的导入类型“GameRequest”冲突。请使用“D:\Develop\Projects\Astrum\AstrumServer\AstrumServer\Generated\game_S_3000.cs”中定义的类型。 [D:\Develop\Projects\Astrum\AstrumServer\AstrumServer\AstrumServer.csproj]
D:\Develop\Projects\Astrum\AstrumServer\AstrumServer\obj\Debug\net9.0\MemoryPack.Generator\MemoryPack.Generator.MemoryPackGenerator\Astrum.Generated.GameRequest.MemoryPackFormatter.g.cs(85,33): warning CS0436: “D:\Develop\Projects\Astrum\AstrumServer\AstrumServer\Generated\game_S_3000.cs”中的类型“GameRequest”与“Generated, Version=0.0.0.0, Culture=neutral, PublicKeyToken=null”中的导入类型“GameRequest”冲突。请使用“D:\Develop\Projects\Astrum\AstrumServer\AstrumServer\Generated\game_S_3000.cs”中定义的类型。 [D:\Develop\Projects\Astrum\AstrumServer\AstrumServer\AstrumServer.csproj]
D:\Develop\Projects\Astrum\AstrumServer\AstrumServer\Generated\game_S_3000.cs(68,23): warning CS0436: “D:\Develop\Projects\Astrum\AstrumServer\AstrumServer\Generated\game_S_3000.cs”中的类型“GameRequest”与“Generated, Version=0.0.0.0, Culture=neutral, PublicKeyToken=null”中的导入类型“GameRequest”冲突。请使用“D:\Develop\Projects\Astrum\AstrumServer\AstrumServer\Generated\game_S_3000.cs”中定义的类型。 [D:\Develop\Projects\Astrum\AstrumServer\AstrumServer\AstrumServer.csproj]
D:\Develop\Projects\Astrum\AstrumServer\AstrumServer\Generated\game_S_3000.cs(89,16): warning CS0436: “D:\Develop\Projects\Astrum\AstrumServer\AstrumServer\Generated\game_S_3000.cs”中的类型“PlayerInfo”与“Generated, Version=0.0.0.0, Culture=neutral, PublicKeyToken=null”中的导入类型“PlayerInfo”冲突。请使用“D:\Develop\Projects\Astrum\AstrumServer\AstrumServer\Generated\game_S_3000.cs”中定义的类型。 [D:\Develop\Projects\Astrum\AstrumServer\AstrumServer\AstrumServer.csproj]
D:\Develop\Projects\Astrum\AstrumServer\AstrumServer\obj\Debug\net9.0\MemoryPack.Generator\MemoryPack.Generator.MemoryPackGenerator\Astrum.Generated.GameEndNotification.MemoryPackFormatter.g.cs(61,33): warning CS0436: “D:\Develop\Projects\Astrum\AstrumServer\AstrumServer\Generated\gamemessages_C_2000.cs”中的类型“GameEndNotification”与“Generated, Version=0.0.0.0, Culture=neutral, PublicKeyToken=null”中的导入类型“GameEndNotification”冲突。请使用“D:\Develop\Projects\Astrum\AstrumServer\AstrumServer\Generated\gamemessages_C_2000.cs”中定义的类型。 [D:\Develop\Projects\Astrum\AstrumServer\AstrumServer\AstrumServer.csproj]
D:\Develop\Projects\Astrum\AstrumServer\AstrumServer\obj\Debug\net9.0\MemoryPack.Generator\MemoryPack.Generator.MemoryPackGenerator\Astrum.Generated.GameEndNotification.MemoryPackFormatter.g.cs(82,33): warning CS0436: “D:\Develop\Projects\Astrum\AstrumServer\AstrumServer\Generated\gamemessages_C_2000.cs”中的类型“GameEndNotification”与“Generated, Version=0.0.0.0, Culture=neutral, PublicKeyToken=null”中的导入类型“GameEndNotification”冲突。请使用“D:\Develop\Projects\Astrum\AstrumServer\AstrumServer\Generated\gamemessages_C_2000.cs”中定义的类型。 [D:\Develop\Projects\Astrum\AstrumServer\AstrumServer\AstrumServer.csproj]
D:\Develop\Projects\Astrum\AstrumServer\AstrumServer\Generated\gamemessages_C_2000.cs(526,23): warning CS0436: “D:\Develop\Projects\Astrum\AstrumServer\AstrumServer\Generated\gamemessages_C_2000.cs”中的类型“GameEndNotification”与“Generated, Version=0.0.0.0, Culture=neutral, PublicKeyToken=null”中的导入类型“GameEndNotification”冲突。请使用“D:\Develop\Projects\Astrum\AstrumServer\AstrumServer\Generated\gamemessages_C_2000.cs”中定义的类型。 [D:\Develop\Projects\Astrum\AstrumServer\AstrumServer\AstrumServer.csproj]
D:\Develop\Projects\Astrum\AstrumServer\AstrumServer\Generated\game_S_3000.cs(162,25): warning CS8981: 类型名称 "game" 仅包含小写 ascii 字符。此类名称可能会成为该语言的保留值。 [D:\Develop\Projects\Astrum\AstrumServer\AstrumServer\AstrumServer.csproj]
D:\Develop\Projects\Astrum\AstrumServer\AstrumServer\obj\Debug\net9.0\MemoryPack.Generator\MemoryPack.Generator.MemoryPackGenerator\Astrum.Generated.FrameSyncData.MemoryPackFormatter.g.cs(61,33): warning CS0436: “D:\Develop\Projects\Astrum\AstrumServer\AstrumServer\Generated\gamemessages_C_2000.cs”中的类型“FrameSyncData”与“Generated, Version=0.0.0.0, Culture=neutral, PublicKeyToken=null”中的导入类型“FrameSyncData”冲突。请使用“D:\Develop\Projects\Astrum\AstrumServer\AstrumServer\Generated\gamemessages_C_2000.cs”中定义的类型。 [D:\Develop\Projects\Astrum\AstrumServer\AstrumServer\AstrumServer.csproj]
D:\Develop\Projects\Astrum\AstrumServer\AstrumServer\obj\Debug\net9.0\MemoryPack.Generator\MemoryPack.Generator.MemoryPackGenerator\Astrum.Generated.FrameSyncData.MemoryPackFormatter.g.cs(82,33): warning CS0436: “D:\Develop\Projects\Astrum\AstrumServer\AstrumServer\Generated\gamemessages_C_2000.cs”中的类型“FrameSyncData”与“Generated, Version=0.0.0.0, Culture=neutral, PublicKeyToken=null”中的导入类型“FrameSyncData”冲突。请使用“D:\Develop\Projects\Astrum\AstrumServer\AstrumServer\Generated\gamemessages_C_2000.cs”中定义的类型。 [D:\Develop\Projects\Astrum\AstrumServer\AstrumServer\AstrumServer.csproj]
D:\Develop\Projects\Astrum\AstrumServer\AstrumServer\Generated\gamemessages_C_2000.cs(541,16): warning CS0436: “D:\Develop\Projects\Astrum\AstrumServer\AstrumServer\Generated\gamemessages_C_2000.cs”中的类型“GameResult”与“Generated, Version=0.0.0.0, Culture=neutral, PublicKeyToken=null”中的导入类型“GameResult”冲突。请使用“D:\Develop\Projects\Astrum\AstrumServer\AstrumServer\Generated\gamemessages_C_2000.cs”中定义的类型。 [D:\Develop\Projects\Astrum\AstrumServer\AstrumServer\AstrumServer.csproj]
D:\Develop\Projects\Astrum\AstrumServer\AstrumServer\Generated\gamemessages_C_2000.cs(726,23): warning CS0436: “D:\Develop\Projects\Astrum\AstrumServer\AstrumServer\Generated\gamemessages_C_2000.cs”中的类型“FrameSyncData”与“Generated, Version=0.0.0.0, Culture=neutral, PublicKeyToken=null”中的导入类型“FrameSyncData”冲突。请使用“D:\Develop\Projects\Astrum\AstrumServer\AstrumServer\Generated\gamemessages_C_2000.cs”中定义的类型。 [D:\Develop\Projects\Astrum\AstrumServer\AstrumServer\AstrumServer.csproj]
D:\Develop\Projects\Astrum\AstrumServer\AstrumServer\obj\Debug\net9.0\MemoryPack.Generator\MemoryPack.Generator.MemoryPackGenerator\Astrum.Generated.GameRequest.MemoryPackFormatter.g.cs(65,126): warning CS0436: “D:\Develop\Projects\Astrum\AstrumServer\AstrumServer\Generated\game_S_3000.cs”中的类型“GameRequest”与“Generated, Version=0.0.0.0, Culture=neutral, PublicKeyToken=null”中的导入类型“GameRequest”冲突。请使用“D:\Develop\Projects\Astrum\AstrumServer\AstrumServer\Generated\game_S_3000.cs”中定义的类型。 [D:\Develop\Projects\Astrum\AstrumServer\AstrumServer\AstrumServer.csproj]
D:\Develop\Projects\Astrum\AstrumServer\AstrumServer\Generated\gamemessages_C_2000.cs(747,16): warning CS0436: “D:\Develop\Projects\Astrum\AstrumServer\AstrumServer\Generated\gamemessages_C_2000.cs”中的类型“OneFrameInputs”与“Generated, Version=0.0.0.0, Culture=neutral, PublicKeyToken=null”中的导入类型“OneFrameInputs”冲突。请使用“D:\Develop\Projects\Astrum\AstrumServer\AstrumServer\Generated\gamemessages_C_2000.cs”中定义的类型。 [D:\Develop\Projects\Astrum\AstrumServer\AstrumServer\AstrumServer.csproj]
D:\Develop\Projects\Astrum\AstrumServer\AstrumServer\obj\Debug\net9.0\MemoryPack.Generator\MemoryPack.Generator.MemoryPackGenerator\Astrum.Generated.UserInfo.MemoryPackFormatter.g.cs(35,42): warning CS0436: “D:\Develop\Projects\Astrum\AstrumServer\AstrumServer\Generated\networkcommon_C_1000.cs”中的类型“UserInfo”与“Generated, Version=0.0.0.0, Culture=neutral, PublicKeyToken=null”中的导入类型“UserInfo”冲突。请使用“D:\Develop\Projects\Astrum\AstrumServer\AstrumServer\Generated\networkcommon_C_1000.cs”中定义的类型。 [D:\Develop\Projects\Astrum\AstrumServer\AstrumServer\AstrumServer.csproj]
D:\Develop\Projects\Astrum\AstrumServer\AstrumServer\obj\Debug\net9.0\MemoryPack.Generator\MemoryPack.Generator.MemoryPackGenerator\Astrum.Generated.GameRequest.MemoryPackFormatter.g.cs(85,98): warning CS0436: “D:\Develop\Projects\Astrum\AstrumServer\AstrumServer\Generated\game_S_3000.cs”中的类型“GameRequest”与“Generated, Version=0.0.0.0, Culture=neutral, PublicKeyToken=null”中的导入类型“GameRequest”冲突。请使用“D:\Develop\Projects\Astrum\AstrumServer\AstrumServer\Generated\game_S_3000.cs”中定义的类型。 [D:\Develop\Projects\Astrum\AstrumServer\AstrumServer\AstrumServer.csproj]
D:\Develop\Projects\Astrum\AstrumServer\AstrumServer\obj\Debug\net9.0\MemoryPack.Generator\MemoryPack.Generator.MemoryPackGenerator\Astrum.Generated.PlayerInfo.MemoryPackFormatter.g.cs(36,44): warning CS0436: “D:\Develop\Projects\Astrum\AstrumServer\AstrumServer\Generated\game_S_3000.cs”中的类型“PlayerInfo”与“Generated, Version=0.0.0.0, Culture=neutral, PublicKeyToken=null”中的导入类型“PlayerInfo”冲突。请使用“D:\Develop\Projects\Astrum\AstrumServer\AstrumServer\Generated\game_S_3000.cs”中定义的类型。 [D:\Develop\Projects\Astrum\AstrumServer\AstrumServer\AstrumServer.csproj]
D:\Develop\Projects\Astrum\AstrumServer\AstrumServer\obj\Debug\net9.0\MemoryPack.Generator\MemoryPack.Generator.MemoryPackGenerator\Astrum.Generated.GameEndNotification.MemoryPackFormatter.g.cs(61,134): warning CS0436: “D:\Develop\Projects\Astrum\AstrumServer\AstrumServer\Generated\gamemessages_C_2000.cs”中的类型“GameEndNotification”与“Generated, Version=0.0.0.0, Culture=neutral, PublicKeyToken=null”中的导入类型“GameEndNotification”冲突。请使用“D:\Develop\Projects\Astrum\AstrumServer\AstrumServer\Generated\gamemessages_C_2000.cs”中定义的类型。 [D:\Develop\Projects\Astrum\AstrumServer\AstrumServer\AstrumServer.csproj]
D:\Develop\Projects\Astrum\AstrumServer\AstrumServer\obj\Debug\net9.0\MemoryPack.Generator\MemoryPack.Generator.MemoryPackGenerator\Astrum.Generated.FrameSyncData.MemoryPackFormatter.g.cs(61,128): warning CS0436: “D:\Develop\Projects\Astrum\AstrumServer\AstrumServer\Generated\gamemessages_C_2000.cs”中的类型“FrameSyncData”与“Generated, Version=0.0.0.0, Culture=neutral, PublicKeyToken=null”中的导入类型“FrameSyncData”冲突。请使用“D:\Develop\Projects\Astrum\AstrumServer\AstrumServer\Generated\gamemessages_C_2000.cs”中定义的类型。 [D:\Develop\Projects\Astrum\AstrumServer\AstrumServer\AstrumServer.csproj]
D:\Develop\Projects\Astrum\AstrumServer\AstrumServer\obj\Debug\net9.0\MemoryPack.Generator\MemoryPack.Generator.MemoryPackGenerator\Astrum.Generated.GameEndNotification.MemoryPackFormatter.g.cs(82,106): warning CS0436: “D:\Develop\Projects\Astrum\AstrumServer\AstrumServer\Generated\gamemessages_C_2000.cs”中的类型“GameEndNotification”与“Generated, Version=0.0.0.0, Culture=neutral, PublicKeyToken=null”中的导入类型“GameEndNotification”冲突。请使用“D:\Develop\Projects\Astrum\AstrumServer\AstrumServer\Generated\gamemessages_C_2000.cs”中定义的类型。 [D:\Develop\Projects\Astrum\AstrumServer\AstrumServer\AstrumServer.csproj]
D:\Develop\Projects\Astrum\AstrumServer\AstrumServer\obj\Debug\net9.0\MemoryPack.Generator\MemoryPack.Generator.MemoryPackGenerator\Astrum.Generated.FrameSyncData.MemoryPackFormatter.g.cs(82,100): warning CS0436: “D:\Develop\Projects\Astrum\AstrumServer\AstrumServer\Generated\gamemessages_C_2000.cs”中的类型“FrameSyncData”与“Generated, Version=0.0.0.0, Culture=neutral, PublicKeyToken=null”中的导入类型“FrameSyncData”冲突。请使用“D:\Develop\Projects\Astrum\AstrumServer\AstrumServer\Generated\gamemessages_C_2000.cs”中定义的类型。 [D:\Develop\Projects\Astrum\AstrumServer\AstrumServer\AstrumServer.csproj]
D:\Develop\Projects\Astrum\AstrumServer\AstrumServer\obj\Debug\net9.0\MemoryPack.Generator\MemoryPack.Generator.MemoryPackGenerator\Astrum.Generated.PlayerInfo.MemoryPackFormatter.g.cs(70,33): warning CS0436: “D:\Develop\Projects\Astrum\AstrumServer\AstrumServer\Generated\game_S_3000.cs”中的类型“PlayerInfo”与“Generated, Version=0.0.0.0, Culture=neutral, PublicKeyToken=null”中的导入类型“PlayerInfo”冲突。请使用“D:\Develop\Projects\Astrum\AstrumServer\AstrumServer\Generated\game_S_3000.cs”中定义的类型。 [D:\Develop\Projects\Astrum\AstrumServer\AstrumServer\AstrumServer.csproj]
D:\Develop\Projects\Astrum\AstrumServer\AstrumServer\obj\Debug\net9.0\MemoryPack.Generator\MemoryPack.Generator.MemoryPackGenerator\Astrum.Generated.PlayerInfo.MemoryPackFormatter.g.cs(91,33): warning CS0436: “D:\Develop\Projects\Astrum\AstrumServer\AstrumServer\Generated\game_S_3000.cs”中的类型“PlayerInfo”与“Generated, Version=0.0.0.0, Culture=neutral, PublicKeyToken=null”中的导入类型“PlayerInfo”冲突。请使用“D:\Develop\Projects\Astrum\AstrumServer\AstrumServer\Generated\game_S_3000.cs”中定义的类型。 [D:\Develop\Projects\Astrum\AstrumServer\AstrumServer\AstrumServer.csproj]
D:\Develop\Projects\Astrum\AstrumServer\AstrumServer\Generated\game_S_3000.cs(10,26): warning CS0436: “D:\Develop\Projects\Astrum\AstrumServer\AstrumServer\Generated\game_S_3000.cs”中的类型“GameResponse”与“Generated, Version=0.0.0.0, Culture=neutral, PublicKeyToken=null”中的导入类型“GameResponse”冲突。请使用“D:\Develop\Projects\Astrum\AstrumServer\AstrumServer\Generated\game_S_3000.cs”中定义的类型。 [D:\Develop\Projects\Astrum\AstrumServer\AstrumServer\AstrumServer.csproj]
D:\Develop\Projects\Astrum\AstrumServer\AstrumServer\obj\Debug\net9.0\MemoryPack.Generator\MemoryPack.Generator.MemoryPackGenerator\Astrum.Generated.GameResponse.MemoryPackFormatter.g.cs(35,46): warning CS0436: “D:\Develop\Projects\Astrum\AstrumServer\AstrumServer\Generated\game_S_3000.cs”中的类型“GameResponse”与“Generated, Version=0.0.0.0, Culture=neutral, PublicKeyToken=null”中的导入类型“GameResponse”冲突。请使用“D:\Develop\Projects\Astrum\AstrumServer\AstrumServer\Generated\game_S_3000.cs”中定义的类型。 [D:\Develop\Projects\Astrum\AstrumServer\AstrumServer\AstrumServer.csproj]
D:\Develop\Projects\Astrum\AstrumServer\AstrumServer\Generated\game_S_3000.cs(13,23): warning CS0436: “D:\Develop\Projects\Astrum\AstrumServer\AstrumServer\Generated\game_S_3000.cs”中的类型“PlayerInfo”与“Generated, Version=0.0.0.0, Culture=neutral, PublicKeyToken=null”中的导入类型“PlayerInfo”冲突。请使用“D:\Develop\Projects\Astrum\AstrumServer\AstrumServer\Generated\game_S_3000.cs”中定义的类型。 [D:\Develop\Projects\Astrum\AstrumServer\AstrumServer\AstrumServer.csproj]
D:\Develop\Projects\Astrum\AstrumServer\AstrumServer\obj\Debug\net9.0\MemoryPack.Generator\MemoryPack.Generator.MemoryPackGenerator\Astrum.Generated.RoomInfo.MemoryPackFormatter.g.cs(42,42): warning CS0436: “D:\Develop\Projects\Astrum\AstrumServer\AstrumServer\Generated\networkcommon_C_1000.cs”中的类型“RoomInfo”与“Generated, Version=0.0.0.0, Culture=neutral, PublicKeyToken=null”中的导入类型“RoomInfo”冲突。请使用“D:\Develop\Projects\Astrum\AstrumServer\AstrumServer\Generated\networkcommon_C_1000.cs”中定义的类型。 [D:\Develop\Projects\Astrum\AstrumServer\AstrumServer\AstrumServer.csproj]
D:\Develop\Projects\Astrum\AstrumServer\AstrumServer\obj\Debug\net9.0\MemoryPack.Generator\MemoryPack.Generator.MemoryPackGenerator\Astrum.Generated.GameStartNotification.MemoryPackFormatter.g.cs(66,136): warning CS0436: “D:\Develop\Projects\Astrum\AstrumServer\AstrumServer\Generated\gamemessages_C_2000.cs”中的类型“GameStartNotification”与“Generated, Version=0.0.0.0, Culture=neutral, PublicKeyToken=null”中的导入类型“GameStartNotification”冲突。请使用“D:\Develop\Projects\Astrum\AstrumServer\AstrumServer\Generated\gamemessages_C_2000.cs”中定义的类型。 [D:\Develop\Projects\Astrum\AstrumServer\AstrumServer\AstrumServer.csproj]
D:\Develop\Projects\Astrum\AstrumServer\AstrumServer\obj\Debug\net9.0\MemoryPack.Generator\MemoryPack.Generator.MemoryPackGenerator\Astrum.Generated.GameResponse.MemoryPackFormatter.g.cs(61,33): warning CS0436: “D:\Develop\Projects\Astrum\AstrumServer\AstrumServer\Generated\game_S_3000.cs”中的类型“GameResponse”与“Generated, Version=0.0.0.0, Culture=neutral, PublicKeyToken=null”中的导入类型“GameResponse”冲突。请使用“D:\Develop\Projects\Astrum\AstrumServer\AstrumServer\Generated\game_S_3000.cs”中定义的类型。 [D:\Develop\Projects\Astrum\AstrumServer\AstrumServer\AstrumServer.csproj]
D:\Develop\Projects\Astrum\AstrumServer\AstrumServer\obj\Debug\net9.0\MemoryPack.Generator\MemoryPack.Generator.MemoryPackGenerator\Astrum.Generated.GameResponse.MemoryPackFormatter.g.cs(81,33): warning CS0436: “D:\Develop\Projects\Astrum\AstrumServer\AstrumServer\Generated\game_S_3000.cs”中的类型“GameResponse”与“Generated, Version=0.0.0.0, Culture=neutral, PublicKeyToken=null”中的导入类型“GameResponse”冲突。请使用“D:\Develop\Projects\Astrum\AstrumServer\AstrumServer\Generated\game_S_3000.cs”中定义的类型。 [D:\Develop\Projects\Astrum\AstrumServer\AstrumServer\AstrumServer.csproj]
D:\Develop\Projects\Astrum\AstrumServer\AstrumServer\Generated\game_S_3000.cs(117,23): warning CS0436: “D:\Develop\Projects\Astrum\AstrumServer\AstrumServer\Generated\game_S_3000.cs”中的类型“GameResponse”与“Generated, Version=0.0.0.0, Culture=neutral, PublicKeyToken=null”中的导入类型“GameResponse”冲突。请使用“D:\Develop\Projects\Astrum\AstrumServer\AstrumServer\Generated\game_S_3000.cs”中定义的类型。 [D:\Develop\Projects\Astrum\AstrumServer\AstrumServer\AstrumServer.csproj]
D:\Develop\Projects\Astrum\AstrumServer\AstrumServer\obj\Debug\net9.0\MemoryPack.Generator\MemoryPack.Generator.MemoryPackGenerator\Astrum.Generated.GameStartNotification.MemoryPackFormatter.g.cs(88,108): warning CS0436: “D:\Develop\Projects\Astrum\AstrumServer\AstrumServer\Generated\gamemessages_C_2000.cs”中的类型“GameStartNotification”与“Generated, Version=0.0.0.0, Culture=neutral, PublicKeyToken=null”中的导入类型“GameStartNotification”冲突。请使用“D:\Develop\Projects\Astrum\AstrumServer\AstrumServer\Generated\gamemessages_C_2000.cs”中定义的类型。 [D:\Develop\Projects\Astrum\AstrumServer\AstrumServer\AstrumServer.csproj]
D:\Develop\Projects\Astrum\AstrumServer\AstrumServer\Generated\game_S_3000.cs(144,16): warning CS0436: “D:\Develop\Projects\Astrum\AstrumServer\AstrumServer\Generated\game_S_3000.cs”中的类型“PlayerInfo”与“Generated, Version=0.0.0.0, Culture=neutral, PublicKeyToken=null”中的导入类型“PlayerInfo”冲突。请使用“D:\Develop\Projects\Astrum\AstrumServer\AstrumServer\Generated\game_S_3000.cs”中定义的类型。 [D:\Develop\Projects\Astrum\AstrumServer\AstrumServer\AstrumServer.csproj]
D:\Develop\Projects\Astrum\AstrumServer\AstrumServer\obj\Debug\net9.0\MemoryPack.Generator\MemoryPack.Generator.MemoryPackGenerator\Astrum.Generated.RoomInfo.MemoryPackFormatter.g.cs(72,33): warning CS0436: “D:\Develop\Projects\Astrum\AstrumServer\AstrumServer\Generated\networkcommon_C_1000.cs”中的类型“RoomInfo”与“Generated, Version=0.0.0.0, Culture=neutral, PublicKeyToken=null”中的导入类型“RoomInfo”冲突。请使用“D:\Develop\Projects\Astrum\AstrumServer\AstrumServer\Generated\networkcommon_C_1000.cs”中定义的类型。 [D:\Develop\Projects\Astrum\AstrumServer\AstrumServer\AstrumServer.csproj]
D:\Develop\Projects\Astrum\AstrumServer\AstrumServer\obj\Debug\net9.0\MemoryPack.Generator\MemoryPack.Generator.MemoryPackGenerator\Astrum.Generated.RoomInfo.MemoryPackFormatter.g.cs(95,33): warning CS0436: “D:\Develop\Projects\Astrum\AstrumServer\AstrumServer\Generated\networkcommon_C_1000.cs”中的类型“RoomInfo”与“Generated, Version=0.0.0.0, Culture=neutral, PublicKeyToken=null”中的导入类型“RoomInfo”冲突。请使用“D:\Develop\Projects\Astrum\AstrumServer\AstrumServer\Generated\networkcommon_C_1000.cs”中定义的类型。 [D:\Develop\Projects\Astrum\AstrumServer\AstrumServer\AstrumServer.csproj]
D:\Develop\Projects\Astrum\AstrumServer\AstrumServer\obj\Debug\net9.0\MemoryPack.Generator\MemoryPack.Generator.MemoryPackGenerator\Astrum.Generated.FrameSyncEndNotification.MemoryPackFormatter.g.cs(35,58): warning CS0436: “D:\Develop\Projects\Astrum\AstrumServer\AstrumServer\Generated\gamemessages_C_2000.cs”中的类型“FrameSyncEndNotification”与“Generated, Version=0.0.0.0, Culture=neutral, PublicKeyToken=null”中的导入类型“FrameSyncEndNotification”冲突。请使用“D:\Develop\Projects\Astrum\AstrumServer\AstrumServer\Generated\gamemessages_C_2000.cs”中定义的类型。 [D:\Develop\Projects\Astrum\AstrumServer\AstrumServer\AstrumServer.csproj]
D:\Develop\Projects\Astrum\AstrumServer\AstrumServer\obj\Debug\net9.0\MemoryPack.Generator\MemoryPack.Generator.MemoryPackGenerator\Astrum.Generated.UserInfo.MemoryPackFormatter.g.cs(61,33): warning CS0436: “D:\Develop\Projects\Astrum\AstrumServer\AstrumServer\Generated\networkcommon_C_1000.cs”中的类型“UserInfo”与“Generated, Version=0.0.0.0, Culture=neutral, PublicKeyToken=null”中的导入类型“UserInfo”冲突。请使用“D:\Develop\Projects\Astrum\AstrumServer\AstrumServer\Generated\networkcommon_C_1000.cs”中定义的类型。 [D:\Develop\Projects\Astrum\AstrumServer\AstrumServer\AstrumServer.csproj]
D:\Develop\Projects\Astrum\AstrumServer\AstrumServer\obj\Debug\net9.0\MemoryPack.Generator\MemoryPack.Generator.MemoryPackGenerator\Astrum.Generated.UserInfo.MemoryPackFormatter.g.cs(82,33): warning CS0436: “D:\Develop\Projects\Astrum\AstrumServer\AstrumServer\Generated\networkcommon_C_1000.cs”中的类型“UserInfo”与“Generated, Version=0.0.0.0, Culture=neutral, PublicKeyToken=null”中的导入类型“UserInfo”冲突。请使用“D:\Develop\Projects\Astrum\AstrumServer\AstrumServer\Generated\networkcommon_C_1000.cs”中定义的类型。 [D:\Develop\Projects\Astrum\AstrumServer\AstrumServer\AstrumServer.csproj]
D:\Develop\Projects\Astrum\AstrumServer\AstrumServer\Generated\networkcommon_C_1000.cs(14,23): warning CS0436: “D:\Develop\Projects\Astrum\AstrumServer\AstrumServer\Generated\networkcommon_C_1000.cs”中的类型“UserInfo”与“Generated, Version=0.0.0.0, Culture=neutral, PublicKeyToken=null”中的导入类型“UserInfo”冲突。请使用“D:\Develop\Projects\Astrum\AstrumServer\AstrumServer\Generated\networkcommon_C_1000.cs”中定义的类型。 [D:\Develop\Projects\Astrum\AstrumServer\AstrumServer\AstrumServer.csproj]
D:\Develop\Projects\Astrum\AstrumServer\AstrumServer\obj\Debug\net9.0\MemoryPack.Generator\MemoryPack.Generator.MemoryPackGenerator\Astrum.Generated.SingleInput.MemoryPackFormatter.g.cs(34,45): warning CS0436: “D:\Develop\Projects\Astrum\AstrumServer\AstrumServer\Generated\gamemessages_C_2000.cs”中的类型“SingleInput”与“Generated, Version=0.0.0.0, Culture=neutral, PublicKeyToken=null”中的导入类型“SingleInput”冲突。请使用“D:\Develop\Projects\Astrum\AstrumServer\AstrumServer\Generated\gamemessages_C_2000.cs”中定义的类型。 [D:\Develop\Projects\Astrum\AstrumServer\AstrumServer\AstrumServer.csproj]
D:\Develop\Projects\Astrum\AstrumServer\AstrumServer\obj\Debug\net9.0\MemoryPack.Generator\MemoryPack.Generator.MemoryPackGenerator\Astrum.Generated.UserInfo.MemoryPackFormatter.g.cs(61,123): warning CS0436: “D:\Develop\Projects\Astrum\AstrumServer\AstrumServer\Generated\networkcommon_C_1000.cs”中的类型“UserInfo”与“Generated, Version=0.0.0.0, Culture=neutral, PublicKeyToken=null”中的导入类型“UserInfo”冲突。请使用“D:\Develop\Projects\Astrum\AstrumServer\AstrumServer\Generated\networkcommon_C_1000.cs”中定义的类型。 [D:\Develop\Projects\Astrum\AstrumServer\AstrumServer\AstrumServer.csproj]
D:\Develop\Projects\Astrum\AstrumServer\AstrumServer\obj\Debug\net9.0\MemoryPack.Generator\MemoryPack.Generator.MemoryPackGenerator\Astrum.Generated.CreateRoomRequest.MemoryPackFormatter.g.cs(34,51): warning CS0436: “D:\Develop\Projects\Astrum\AstrumServer\AstrumServer\Generated\networkcommon_C_1000.cs”中的类型“CreateRoomRequest”与“Generated, Version=0.0.0.0, Culture=neutral, PublicKeyToken=null”中的导入类型“CreateRoomRequest”冲突。请使用“D:\Develop\Projects\Astrum\AstrumServer\AstrumServer\Generated\networkcommon_C_1000.cs”中定义的类型。 [D:\Develop\Projects\Astrum\AstrumServer\AstrumServer\AstrumServer.csproj]
D:\Develop\Projects\Astrum\AstrumServer\AstrumServer\obj\Debug\net9.0\MemoryPack.Generator\MemoryPack.Generator.MemoryPackGenerator\Astrum.Generated.GameStateUpdate.MemoryPackFormatter.g.cs(34,49): warning CS0436: “D:\Develop\Projects\Astrum\AstrumServer\AstrumServer\Generated\gamemessages_C_2000.cs”中的类型“GameStateUpdate”与“Generated, Version=0.0.0.0, Culture=neutral, PublicKeyToken=null”中的导入类型“GameStateUpdate”冲突。请使用“D:\Develop\Projects\Astrum\AstrumServer\AstrumServer\Generated\gamemessages_C_2000.cs”中定义的类型。 [D:\Develop\Projects\Astrum\AstrumServer\AstrumServer\AstrumServer.csproj]
D:\Develop\Projects\Astrum\AstrumServer\AstrumServer\obj\Debug\net9.0\MemoryPack.Generator\MemoryPack.Generator.MemoryPackGenerator\Astrum.Generated.PlayerInfo.MemoryPackFormatter.g.cs(70,125): warning CS0436: “D:\Develop\Projects\Astrum\AstrumServer\AstrumServer\Generated\game_S_3000.cs”中的类型“PlayerInfo”与“Generated, Version=0.0.0.0, Culture=neutral, PublicKeyToken=null”中的导入类型“PlayerInfo”冲突。请使用“D:\Develop\Projects\Astrum\AstrumServer\AstrumServer\Generated\game_S_3000.cs”中定义的类型。 [D:\Develop\Projects\Astrum\AstrumServer\AstrumServer\AstrumServer.csproj]
D:\Develop\Projects\Astrum\AstrumServer\AstrumServer\obj\Debug\net9.0\MemoryPack.Generator\MemoryPack.Generator.MemoryPackGenerator\Astrum.Generated.CreateRoomRequest.MemoryPackFormatter.g.cs(60,33): warning CS0436: “D:\Develop\Projects\Astrum\AstrumServer\AstrumServer\Generated\networkcommon_C_1000.cs”中的类型“CreateRoomRequest”与“Generated, Version=0.0.0.0, Culture=neutral, PublicKeyToken=null”中的导入类型“CreateRoomRequest”冲突。请使用“D:\Develop\Projects\Astrum\AstrumServer\AstrumServer\Generated\networkcommon_C_1000.cs”中定义的类型。 [D:\Develop\Projects\Astrum\AstrumServer\AstrumServer\AstrumServer.csproj]
D:\Develop\Projects\Astrum\AstrumServer\AstrumServer\obj\Debug\net9.0\MemoryPack.Generator\MemoryPack.Generator.MemoryPackGenerator\Astrum.Generated.CreateRoomRequest.MemoryPackFormatter.g.cs(79,33): warning CS0436: “D:\Develop\Projects\Astrum\AstrumServer\AstrumServer\Generated\networkcommon_C_1000.cs”中的类型“CreateRoomRequest”与“Generated, Version=0.0.0.0, Culture=neutral, PublicKeyToken=null”中的导入类型“CreateRoomRequest”冲突。请使用“D:\Develop\Projects\Astrum\AstrumServer\AstrumServer\Generated\networkcommon_C_1000.cs”中定义的类型。 [D:\Develop\Projects\Astrum\AstrumServer\AstrumServer\AstrumServer.csproj]
D:\Develop\Projects\Astrum\AstrumServer\AstrumServer\obj\Debug\net9.0\MemoryPack.Generator\MemoryPack.Generator.MemoryPackGenerator\Astrum.Generated.PlayerInfo.MemoryPackFormatter.g.cs(91,97): warning CS0436: “D:\Develop\Projects\Astrum\AstrumServer\AstrumServer\Generated\game_S_3000.cs”中的类型“PlayerInfo”与“Generated, Version=0.0.0.0, Culture=neutral, PublicKeyToken=null”中的导入类型“PlayerInfo”冲突。请使用“D:\Develop\Projects\Astrum\AstrumServer\AstrumServer\Generated\game_S_3000.cs”中定义的类型。 [D:\Develop\Projects\Astrum\AstrumServer\AstrumServer\AstrumServer.csproj]
D:\Develop\Projects\Astrum\AstrumServer\AstrumServer\Generated\networkcommon_C_1000.cs(192,23): warning CS0436: “D:\Develop\Projects\Astrum\AstrumServer\AstrumServer\Generated\networkcommon_C_1000.cs”中的类型“CreateRoomRequest”与“Generated, Version=0.0.0.0, Culture=neutral, PublicKeyToken=null”中的导入类型“CreateRoomRequest”冲突。请使用“D:\Develop\Projects\Astrum\AstrumServer\AstrumServer\Generated\networkcommon_C_1000.cs”中定义的类型。 [D:\Develop\Projects\Astrum\AstrumServer\AstrumServer\AstrumServer.csproj]
D:\Develop\Projects\Astrum\AstrumServer\AstrumServer\obj\Debug\net9.0\MemoryPack.Generator\MemoryPack.Generator.MemoryPackGenerator\Astrum.Generated.GameStateUpdate.MemoryPackFormatter.g.cs(60,33): warning CS0436: “D:\Develop\Projects\Astrum\AstrumServer\AstrumServer\Generated\gamemessages_C_2000.cs”中的类型“GameStateUpdate”与“Generated, Version=0.0.0.0, Culture=neutral, PublicKeyToken=null”中的导入类型“GameStateUpdate”冲突。请使用“D:\Develop\Projects\Astrum\AstrumServer\AstrumServer\Generated\gamemessages_C_2000.cs”中定义的类型。 [D:\Develop\Projects\Astrum\AstrumServer\AstrumServer\AstrumServer.csproj]
D:\Develop\Projects\Astrum\AstrumServer\AstrumServer\obj\Debug\net9.0\MemoryPack.Generator\MemoryPack.Generator.MemoryPackGenerator\Astrum.Generated.GameStateUpdate.MemoryPackFormatter.g.cs(80,33): warning CS0436: “D:\Develop\Projects\Astrum\AstrumServer\AstrumServer\Generated\gamemessages_C_2000.cs”中的类型“GameStateUpdate”与“Generated, Version=0.0.0.0, Culture=neutral, PublicKeyToken=null”中的导入类型“GameStateUpdate”冲突。请使用“D:\Develop\Projects\Astrum\AstrumServer\AstrumServer\Generated\gamemessages_C_2000.cs”中定义的类型。 [D:\Develop\Projects\Astrum\AstrumServer\AstrumServer\AstrumServer.csproj]
D:\Develop\Projects\Astrum\AstrumServer\AstrumServer\Generated\gamemessages_C_2000.cs(576,23): warning CS0436: “D:\Develop\Projects\Astrum\AstrumServer\AstrumServer\Generated\gamemessages_C_2000.cs”中的类型“GameStateUpdate”与“Generated, Version=0.0.0.0, Culture=neutral, PublicKeyToken=null”中的导入类型“GameStateUpdate”冲突。请使用“D:\Develop\Projects\Astrum\AstrumServer\AstrumServer\Generated\gamemessages_C_2000.cs”中定义的类型。 [D:\Develop\Projects\Astrum\AstrumServer\AstrumServer\AstrumServer.csproj]
D:\Develop\Projects\Astrum\AstrumServer\AstrumServer\Generated\gamemessages_C_2000.cs(591,16): warning CS0436: “D:\Develop\Projects\Astrum\AstrumServer\AstrumServer\Generated\gamemessages_C_2000.cs”中的类型“GameRoomState”与“Generated, Version=0.0.0.0, Culture=neutral, PublicKeyToken=null”中的导入类型“GameRoomState”冲突。请使用“D:\Develop\Projects\Astrum\AstrumServer\AstrumServer\Generated\gamemessages_C_2000.cs”中定义的类型。 [D:\Develop\Projects\Astrum\AstrumServer\AstrumServer\AstrumServer.csproj]
D:\Develop\Projects\Astrum\AstrumServer\AstrumServer\Generated\networkcommon_C_1000.cs(64,23): warning CS0436: “D:\Develop\Projects\Astrum\AstrumServer\AstrumServer\Generated\networkcommon_C_1000.cs”中的类型“RoomInfo”与“Generated, Version=0.0.0.0, Culture=neutral, PublicKeyToken=null”中的导入类型“RoomInfo”冲突。请使用“D:\Develop\Projects\Astrum\AstrumServer\AstrumServer\Generated\networkcommon_C_1000.cs”中定义的类型。 [D:\Develop\Projects\Astrum\AstrumServer\AstrumServer\AstrumServer.csproj]
D:\Develop\Projects\Astrum\AstrumServer\AstrumServer\obj\Debug\net9.0\MemoryPack.Generator\MemoryPack.Generator.MemoryPackGenerator\Astrum.Generated.GameResponse.MemoryPackFormatter.g.cs(61,127): warning CS0436: “D:\Develop\Projects\Astrum\AstrumServer\AstrumServer\Generated\game_S_3000.cs”中的类型“GameResponse”与“Generated, Version=0.0.0.0, Culture=neutral, PublicKeyToken=null”中的导入类型“GameResponse”冲突。请使用“D:\Develop\Projects\Astrum\AstrumServer\AstrumServer\Generated\game_S_3000.cs”中定义的类型。 [D:\Develop\Projects\Astrum\AstrumServer\AstrumServer\AstrumServer.csproj]
D:\Develop\Projects\Astrum\AstrumServer\AstrumServer\obj\Debug\net9.0\MemoryPack.Generator\MemoryPack.Generator.MemoryPackGenerator\Astrum.Generated.GameResponse.MemoryPackFormatter.g.cs(81,99): warning CS0436: “D:\Develop\Projects\Astrum\AstrumServer\AstrumServer\Generated\game_S_3000.cs”中的类型“GameResponse”与“Generated, Version=0.0.0.0, Culture=neutral, PublicKeyToken=null”中的导入类型“GameResponse”冲突。请使用“D:\Develop\Projects\Astrum\AstrumServer\AstrumServer\Generated\game_S_3000.cs”中定义的类型。 [D:\Develop\Projects\Astrum\AstrumServer\AstrumServer\AstrumServer.csproj]
D:\Develop\Projects\Astrum\AstrumServer\AstrumServer\obj\Debug\net9.0\MemoryPack.Generator\MemoryPack.Generator.MemoryPackGenerator\Astrum.Generated.LeaveRoomRequest.MemoryPackFormatter.g.cs(33,50): warning CS0436: “D:\Develop\Projects\Astrum\AstrumServer\AstrumServer\Generated\networkcommon_C_1000.cs”中的类型“LeaveRoomRequest”与“Generated, Version=0.0.0.0, Culture=neutral, PublicKeyToken=null”中的导入类型“LeaveRoomRequest”冲突。请使用“D:\Develop\Projects\Astrum\AstrumServer\AstrumServer\Generated\networkcommon_C_1000.cs”中定义的类型。 [D:\Develop\Projects\Astrum\AstrumServer\AstrumServer\AstrumServer.csproj]
D:\Develop\Projects\Astrum\AstrumServer\AstrumServer\obj\Debug\net9.0\MemoryPack.Generator\MemoryPack.Generator.MemoryPackGenerator\Astrum.Generated.RoomInfo.MemoryPackFormatter.g.cs(72,123): warning CS0436: “D:\Develop\Projects\Astrum\AstrumServer\AstrumServer\Generated\networkcommon_C_1000.cs”中的类型“RoomInfo”与“Generated, Version=0.0.0.0, Culture=neutral, PublicKeyToken=null”中的导入类型“RoomInfo”冲突。请使用“D:\Develop\Projects\Astrum\AstrumServer\AstrumServer\Generated\networkcommon_C_1000.cs”中定义的类型。 [D:\Develop\Projects\Astrum\AstrumServer\AstrumServer\AstrumServer.csproj]
D:\Develop\Projects\Astrum\AstrumServer\AstrumServer\obj\Debug\net9.0\MemoryPack.Generator\MemoryPack.Generator.MemoryPackGenerator\Astrum.Generated.FrameSyncEndNotification.MemoryPackFormatter.g.cs(61,33): warning CS0436: “D:\Develop\Projects\Astrum\AstrumServer\AstrumServer\Generated\gamemessages_C_2000.cs”中的类型“FrameSyncEndNotification”与“Generated, Version=0.0.0.0, Culture=neutral, PublicKeyToken=null”中的导入类型“FrameSyncEndNotification”冲突。请使用“D:\Develop\Projects\Astrum\AstrumServer\AstrumServer\Generated\gamemessages_C_2000.cs”中定义的类型。 [D:\Develop\Projects\Astrum\AstrumServer\AstrumServer\AstrumServer.csproj]
D:\Develop\Projects\Astrum\AstrumServer\AstrumServer\obj\Debug\net9.0\MemoryPack.Generator\MemoryPack.Generator.MemoryPackGenerator\Astrum.Generated.FrameSyncEndNotification.MemoryPackFormatter.g.cs(81,33): warning CS0436: “D:\Develop\Projects\Astrum\AstrumServer\AstrumServer\Generated\gamemessages_C_2000.cs”中的类型“FrameSyncEndNotification”与“Generated, Version=0.0.0.0, Culture=neutral, PublicKeyToken=null”中的导入类型“FrameSyncEndNotification”冲突。请使用“D:\Develop\Projects\Astrum\AstrumServer\AstrumServer\Generated\gamemessages_C_2000.cs”中定义的类型。 [D:\Develop\Projects\Astrum\AstrumServer\AstrumServer\AstrumServer.csproj]
D:\Develop\Projects\Astrum\AstrumServer\AstrumServer\Generated\gamemessages_C_2000.cs(676,23): warning CS0436: “D:\Develop\Projects\Astrum\AstrumServer\AstrumServer\Generated\gamemessages_C_2000.cs”中的类型“FrameSyncEndNotification”与“Generated, Version=0.0.0.0, Culture=neutral, PublicKeyToken=null”中的导入类型“FrameSyncEndNotification”冲突。请使用“D:\Develop\Projects\Astrum\AstrumServer\AstrumServer\Generated\gamemessages_C_2000.cs”中定义的类型。 [D:\Develop\Projects\Astrum\AstrumServer\AstrumServer\AstrumServer.csproj]
D:\Develop\Projects\Astrum\AstrumServer\AstrumServer\obj\Debug\net9.0\MemoryPack.Generator\MemoryPack.Generator.MemoryPackGenerator\Astrum.Generated.RoomInfo.MemoryPackFormatter.g.cs(95,95): warning CS0436: “D:\Develop\Projects\Astrum\AstrumServer\AstrumServer\Generated\networkcommon_C_1000.cs”中的类型“RoomInfo”与“Generated, Version=0.0.0.0, Culture=neutral, PublicKeyToken=null”中的导入类型“RoomInfo”冲突。请使用“D:\Develop\Projects\Astrum\AstrumServer\AstrumServer\Generated\networkcommon_C_1000.cs”中定义的类型。 [D:\Develop\Projects\Astrum\AstrumServer\AstrumServer\AstrumServer.csproj]
D:\Develop\Projects\Astrum\AstrumServer\AstrumServer\obj\Debug\net9.0\MemoryPack.Generator\MemoryPack.Generator.MemoryPackGenerator\Astrum.Generated.LeaveRoomRequest.MemoryPackFormatter.g.cs(59,33): warning CS0436: “D:\Develop\Projects\Astrum\AstrumServer\AstrumServer\Generated\networkcommon_C_1000.cs”中的类型“LeaveRoomRequest”与“Generated, Version=0.0.0.0, Culture=neutral, PublicKeyToken=null”中的导入类型“LeaveRoomRequest”冲突。请使用“D:\Develop\Projects\Astrum\AstrumServer\AstrumServer\Generated\networkcommon_C_1000.cs”中定义的类型。 [D:\Develop\Projects\Astrum\AstrumServer\AstrumServer\AstrumServer.csproj]
D:\Develop\Projects\Astrum\AstrumServer\AstrumServer\obj\Debug\net9.0\MemoryPack.Generator\MemoryPack.Generator.MemoryPackGenerator\Astrum.Generated.LeaveRoomRequest.MemoryPackFormatter.g.cs(78,33): warning CS0436: “D:\Develop\Projects\Astrum\AstrumServer\AstrumServer\Generated\networkcommon_C_1000.cs”中的类型“LeaveRoomRequest”与“Generated, Version=0.0.0.0, Culture=neutral, PublicKeyToken=null”中的导入类型“LeaveRoomRequest”冲突。请使用“D:\Develop\Projects\Astrum\AstrumServer\AstrumServer\Generated\networkcommon_C_1000.cs”中定义的类型。 [D:\Develop\Projects\Astrum\AstrumServer\AstrumServer\AstrumServer.csproj]
D:\Develop\Projects\Astrum\AstrumServer\AstrumServer\Generated\networkcommon_C_1000.cs(271,23): warning CS0436: “D:\Develop\Projects\Astrum\AstrumServer\AstrumServer\Generated\networkcommon_C_1000.cs”中的类型“LeaveRoomRequest”与“Generated, Version=0.0.0.0, Culture=neutral, PublicKeyToken=null”中的导入类型“LeaveRoomRequest”冲突。请使用“D:\Develop\Projects\Astrum\AstrumServer\AstrumServer\Generated\networkcommon_C_1000.cs”中定义的类型。 [D:\Develop\Projects\Astrum\AstrumServer\AstrumServer\AstrumServer.csproj]
D:\Develop\Projects\Astrum\AstrumServer\AstrumServer\obj\Debug\net9.0\MemoryPack.Generator\MemoryPack.Generator.MemoryPackGenerator\Astrum.Generated.GetRoomListResponse.MemoryPackFormatter.g.cs(35,53): warning CS0436: “D:\Develop\Projects\Astrum\AstrumServer\AstrumServer\Generated\networkcommon_C_1000.cs”中的类型“GetRoomListResponse”与“Generated, Version=0.0.0.0, Culture=neutral, PublicKeyToken=null”中的导入类型“GetRoomListResponse”冲突。请使用“D:\Develop\Projects\Astrum\AstrumServer\AstrumServer\Generated\networkcommon_C_1000.cs”中定义的类型。 [D:\Develop\Projects\Astrum\AstrumServer\AstrumServer\AstrumServer.csproj]
D:\Develop\Projects\Astrum\AstrumServer\AstrumServer\obj\Debug\net9.0\MemoryPack.Generator\MemoryPack.Generator.MemoryPackGenerator\Astrum.Generated.CreateRoomResponse.MemoryPackFormatter.g.cs(35,52): warning CS0436: “D:\Develop\Projects\Astrum\AstrumServer\AstrumServer\Generated\networkcommon_C_1000.cs”中的类型“CreateRoomResponse”与“Generated, Version=0.0.0.0, Culture=neutral, PublicKeyToken=null”中的导入类型“CreateRoomResponse”冲突。请使用“D:\Develop\Projects\Astrum\AstrumServer\AstrumServer\Generated\networkcommon_C_1000.cs”中定义的类型。 [D:\Develop\Projects\Astrum\AstrumServer\AstrumServer\AstrumServer.csproj]
D:\Develop\Projects\Astrum\AstrumServer\AstrumServer\obj\Debug\net9.0\MemoryPack.Generator\MemoryPack.Generator.MemoryPackGenerator\Astrum.Generated.FrameSyncEndNotification.MemoryPackFormatter.g.cs(61,139): warning CS0436: “D:\Develop\Projects\Astrum\AstrumServer\AstrumServer\Generated\gamemessages_C_2000.cs”中的类型“FrameSyncEndNotification”与“Generated, Version=0.0.0.0, Culture=neutral, PublicKeyToken=null”中的导入类型“FrameSyncEndNotification”冲突。请使用“D:\Develop\Projects\Astrum\AstrumServer\AstrumServer\Generated\gamemessages_C_2000.cs”中定义的类型。 [D:\Develop\Projects\Astrum\AstrumServer\AstrumServer\AstrumServer.csproj]
D:\Develop\Projects\Astrum\AstrumServer\AstrumServer\obj\Debug\net9.0\MemoryPack.Generator\MemoryPack.Generator.MemoryPackGenerator\Astrum.Generated.FrameSyncEndNotification.MemoryPackFormatter.g.cs(81,111): warning CS0436: “D:\Develop\Projects\Astrum\AstrumServer\AstrumServer\Generated\gamemessages_C_2000.cs”中的类型“FrameSyncEndNotification”与“Generated, Version=0.0.0.0, Culture=neutral, PublicKeyToken=null”中的导入类型“FrameSyncEndNotification”冲突。请使用“D:\Develop\Projects\Astrum\AstrumServer\AstrumServer\Generated\gamemessages_C_2000.cs”中定义的类型。 [D:\Develop\Projects\Astrum\AstrumServer\AstrumServer\AstrumServer.csproj]
D:\Develop\Projects\Astrum\AstrumServer\AstrumServer\obj\Debug\net9.0\MemoryPack.Generator\MemoryPack.Generator.MemoryPackGenerator\Astrum.Generated.UserInfo.MemoryPackFormatter.g.cs(82,95): warning CS0436: “D:\Develop\Projects\Astrum\AstrumServer\AstrumServer\Generated\networkcommon_C_1000.cs”中的类型“UserInfo”与“Generated, Version=0.0.0.0, Culture=neutral, PublicKeyToken=null”中的导入类型“UserInfo”冲突。请使用“D:\Develop\Projects\Astrum\AstrumServer\AstrumServer\Generated\networkcommon_C_1000.cs”中定义的类型。 [D:\Develop\Projects\Astrum\AstrumServer\AstrumServer\AstrumServer.csproj]
D:\Develop\Projects\Astrum\AstrumServer\AstrumServer\obj\Debug\net9.0\MemoryPack.Generator\MemoryPack.Generator.MemoryPackGenerator\Astrum.Generated.SingleInput.MemoryPackFormatter.g.cs(60,33): warning CS0436: “D:\Develop\Projects\Astrum\AstrumServer\AstrumServer\Generated\gamemessages_C_2000.cs”中的类型“SingleInput”与“Generated, Version=0.0.0.0, Culture=neutral, PublicKeyToken=null”中的导入类型“SingleInput”冲突。请使用“D:\Develop\Projects\Astrum\AstrumServer\AstrumServer\Generated\gamemessages_C_2000.cs”中定义的类型。 [D:\Develop\Projects\Astrum\AstrumServer\AstrumServer\AstrumServer.csproj]
D:\Develop\Projects\Astrum\AstrumServer\AstrumServer\obj\Debug\net9.0\MemoryPack.Generator\MemoryPack.Generator.MemoryPackGenerator\Astrum.Generated.SingleInput.MemoryPackFormatter.g.cs(78,33): warning CS0436: “D:\Develop\Projects\Astrum\AstrumServer\AstrumServer\Generated\gamemessages_C_2000.cs”中的类型“SingleInput”与“Generated, Version=0.0.0.0, Culture=neutral, PublicKeyToken=null”中的导入类型“SingleInput”冲突。请使用“D:\Develop\Projects\Astrum\AstrumServer\AstrumServer\Generated\gamemessages_C_2000.cs”中定义的类型。 [D:\Develop\Projects\Astrum\AstrumServer\AstrumServer\AstrumServer.csproj]
D:\Develop\Projects\Astrum\AstrumServer\AstrumServer\obj\Debug\net9.0\MemoryPack.Generator\MemoryPack.Generator.MemoryPackGenerator\Astrum.Generated.CreateRoomResponse.MemoryPackFormatter.g.cs(61,33): warning CS0436: “D:\Develop\Projects\Astrum\AstrumServer\AstrumServer\Generated\networkcommon_C_1000.cs”中的类型“CreateRoomResponse”与“Generated, Version=0.0.0.0, Culture=neutral, PublicKeyToken=null”中的导入类型“CreateRoomResponse”冲突。请使用“D:\Develop\Projects\Astrum\AstrumServer\AstrumServer\Generated\networkcommon_C_1000.cs”中定义的类型。 [D:\Develop\Projects\Astrum\AstrumServer\AstrumServer\AstrumServer.csproj]
D:\Develop\Projects\Astrum\AstrumServer\AstrumServer\obj\Debug\net9.0\MemoryPack.Generator\MemoryPack.Generator.MemoryPackGenerator\Astrum.Generated.CreateRoomResponse.MemoryPackFormatter.g.cs(81,33): warning CS0436: “D:\Develop\Projects\Astrum\AstrumServer\AstrumServer\Generated\networkcommon_C_1000.cs”中的类型“CreateRoomResponse”与“Generated, Version=0.0.0.0, Culture=neutral, PublicKeyToken=null”中的导入类型“CreateRoomResponse”冲突。请使用“D:\Develop\Projects\Astrum\AstrumServer\AstrumServer\Generated\networkcommon_C_1000.cs”中定义的类型。 [D:\Develop\Projects\Astrum\AstrumServer\AstrumServer\AstrumServer.csproj]
D:\Develop\Projects\Astrum\AstrumServer\AstrumServer\obj\Debug\net9.0\MemoryPack.Generator\MemoryPack.Generator.MemoryPackGenerator\Astrum.Generated.CreateRoomRequest.MemoryPackFormatter.g.cs(60,132): warning CS0436: “D:\Develop\Projects\Astrum\AstrumServer\AstrumServer\Generated\networkcommon_C_1000.cs”中的类型“CreateRoomRequest”与“Generated, Version=0.0.0.0, Culture=neutral, PublicKeyToken=null”中的导入类型“CreateRoomRequest”冲突。请使用“D:\Develop\Projects\Astrum\AstrumServer\AstrumServer\Generated\networkcommon_C_1000.cs”中定义的类型。 [D:\Develop\Projects\Astrum\AstrumServer\AstrumServer\AstrumServer.csproj]
D:\Develop\Projects\Astrum\AstrumServer\AstrumServer\Generated\gamemessages_C_2000.cs(776,23): warning CS0436: “D:\Develop\Projects\Astrum\AstrumServer\AstrumServer\Generated\gamemessages_C_2000.cs”中的类型“SingleInput”与“Generated, Version=0.0.0.0, Culture=neutral, PublicKeyToken=null”中的导入类型“SingleInput”冲突。请使用“D:\Develop\Projects\Astrum\AstrumServer\AstrumServer\Generated\gamemessages_C_2000.cs”中定义的类型。 [D:\Develop\Projects\Astrum\AstrumServer\AstrumServer\AstrumServer.csproj]
D:\Develop\Projects\Astrum\AstrumServer\AstrumServer\Generated\networkcommon_C_1000.cs(436,23): warning CS0436: “D:\Develop\Projects\Astrum\AstrumServer\AstrumServer\Generated\networkcommon_C_1000.cs”中的类型“CreateRoomResponse”与“Generated, Version=0.0.0.0, Culture=neutral, PublicKeyToken=null”中的导入类型“CreateRoomResponse”冲突。请使用“D:\Develop\Projects\Astrum\AstrumServer\AstrumServer\Generated\networkcommon_C_1000.cs”中定义的类型。 [D:\Develop\Projects\Astrum\AstrumServer\AstrumServer\AstrumServer.csproj]
D:\Develop\Projects\Astrum\AstrumServer\AstrumServer\Generated\gamemessages_C_2000.cs(797,16): warning CS0436: “D:\Develop\Projects\Astrum\AstrumServer\AstrumServer\Generated\gamemessages_C_2000.cs”中的类型“LSInput”与“Generated, Version=0.0.0.0, Culture=neutral, PublicKeyToken=null”中的导入类型“LSInput”冲突。请使用“D:\Develop\Projects\Astrum\AstrumServer\AstrumServer\Generated\gamemessages_C_2000.cs”中定义的类型。 [D:\Develop\Projects\Astrum\AstrumServer\AstrumServer\AstrumServer.csproj]
D:\Develop\Projects\Astrum\AstrumServer\AstrumServer\Generated\networkcommon_C_1000.cs(457,16): warning CS0436: “D:\Develop\Projects\Astrum\AstrumServer\AstrumServer\Generated\networkcommon_C_1000.cs”中的类型“RoomInfo”与“Generated, Version=0.0.0.0, Culture=neutral, PublicKeyToken=null”中的导入类型“RoomInfo”冲突。请使用“D:\Develop\Projects\Astrum\AstrumServer\AstrumServer\Generated\networkcommon_C_1000.cs”中定义的类型。 [D:\Develop\Projects\Astrum\AstrumServer\AstrumServer\AstrumServer.csproj]
D:\Develop\Projects\Astrum\AstrumServer\AstrumServer\obj\Debug\net9.0\MemoryPack.Generator\MemoryPack.Generator.MemoryPackGenerator\Astrum.Generated.CreateRoomRequest.MemoryPackFormatter.g.cs(79,104): warning CS0436: “D:\Develop\Projects\Astrum\AstrumServer\AstrumServer\Generated\networkcommon_C_1000.cs”中的类型“CreateRoomRequest”与“Generated, Version=0.0.0.0, Culture=neutral, PublicKeyToken=null”中的导入类型“CreateRoomRequest”冲突。请使用“D:\Develop\Projects\Astrum\AstrumServer\AstrumServer\Generated\networkcommon_C_1000.cs”中定义的类型。 [D:\Develop\Projects\Astrum\AstrumServer\AstrumServer\AstrumServer.csproj]
D:\Develop\Projects\Astrum\AstrumServer\AstrumServer\obj\Debug\net9.0\MemoryPack.Generator\MemoryPack.Generator.MemoryPackGenerator\Astrum.Generated.JoinRoomResponse.MemoryPackFormatter.g.cs(35,50): warning CS0436: “D:\Develop\Projects\Astrum\AstrumServer\AstrumServer\Generated\networkcommon_C_1000.cs”中的类型“JoinRoomResponse”与“Generated, Version=0.0.0.0, Culture=neutral, PublicKeyToken=null”中的导入类型“JoinRoomResponse”冲突。请使用“D:\Develop\Projects\Astrum\AstrumServer\AstrumServer\Generated\networkcommon_C_1000.cs”中定义的类型。 [D:\Develop\Projects\Astrum\AstrumServer\AstrumServer\AstrumServer.csproj]
D:\Develop\Projects\Astrum\AstrumServer\AstrumServer\obj\Debug\net9.0\MemoryPack.Generator\MemoryPack.Generator.MemoryPackGenerator\Astrum.Generated.SingleInput.MemoryPackFormatter.g.cs(60,126): warning CS0436: “D:\Develop\Projects\Astrum\AstrumServer\AstrumServer\Generated\gamemessages_C_2000.cs”中的类型“SingleInput”与“Generated, Version=0.0.0.0, Culture=neutral, PublicKeyToken=null”中的导入类型“SingleInput”冲突。请使用“D:\Develop\Projects\Astrum\AstrumServer\AstrumServer\Generated\gamemessages_C_2000.cs”中定义的类型。 [D:\Develop\Projects\Astrum\AstrumServer\AstrumServer\AstrumServer.csproj]
D:\Develop\Projects\Astrum\AstrumServer\AstrumServer\obj\Debug\net9.0\MemoryPack.Generator\MemoryPack.Generator.MemoryPackGenerator\Astrum.Generated.GameStateUpdate.MemoryPackFormatter.g.cs(60,130): warning CS0436: “D:\Develop\Projects\Astrum\AstrumServer\AstrumServer\Generated\gamemessages_C_2000.cs”中的类型“GameStateUpdate”与“Generated, Version=0.0.0.0, Culture=neutral, PublicKeyToken=null”中的导入类型“GameStateUpdate”冲突。请使用“D:\Develop\Projects\Astrum\AstrumServer\AstrumServer\Generated\gamemessages_C_2000.cs”中定义的类型。 [D:\Develop\Projects\Astrum\AstrumServer\AstrumServer\AstrumServer.csproj]
D:\Develop\Projects\Astrum\AstrumServer\AstrumServer\obj\Debug\net9.0\MemoryPack.Generator\MemoryPack.Generator.MemoryPackGenerator\Astrum.Generated.GameStateUpdate.MemoryPackFormatter.g.cs(80,102): warning CS0436: “D:\Develop\Projects\Astrum\AstrumServer\AstrumServer\Generated\gamemessages_C_2000.cs”中的类型“GameStateUpdate”与“Generated, Version=0.0.0.0, Culture=neutral, PublicKeyToken=null”中的导入类型“GameStateUpdate”冲突。请使用“D:\Develop\Projects\Astrum\AstrumServer\AstrumServer\Generated\gamemessages_C_2000.cs”中定义的类型。 [D:\Develop\Projects\Astrum\AstrumServer\AstrumServer\AstrumServer.csproj]
D:\Develop\Projects\Astrum\AstrumServer\AstrumServer\obj\Debug\net9.0\MemoryPack.Generator\MemoryPack.Generator.MemoryPackGenerator\Astrum.Generated.LeaveRoomResponse.MemoryPackFormatter.g.cs(35,51): warning CS0436: “D:\Develop\Projects\Astrum\AstrumServer\AstrumServer\Generated\networkcommon_C_1000.cs”中的类型“LeaveRoomResponse”与“Generated, Version=0.0.0.0, Culture=neutral, PublicKeyToken=null”中的导入类型“LeaveRoomResponse”冲突。请使用“D:\Develop\Projects\Astrum\AstrumServer\AstrumServer\Generated\networkcommon_C_1000.cs”中定义的类型。 [D:\Develop\Projects\Astrum\AstrumServer\AstrumServer\AstrumServer.csproj]
D:\Develop\Projects\Astrum\AstrumServer\AstrumServer\obj\Debug\net9.0\MemoryPack.Generator\MemoryPack.Generator.MemoryPackGenerator\Astrum.Generated.LeaveRoomResponse.MemoryPackFormatter.g.cs(61,33): warning CS0436: “D:\Develop\Projects\Astrum\AstrumServer\AstrumServer\Generated\networkcommon_C_1000.cs”中的类型“LeaveRoomResponse”与“Generated, Version=0.0.0.0, Culture=neutral, PublicKeyToken=null”中的导入类型“LeaveRoomResponse”冲突。请使用“D:\Develop\Projects\Astrum\AstrumServer\AstrumServer\Generated\networkcommon_C_1000.cs”中定义的类型。 [D:\Develop\Projects\Astrum\AstrumServer\AstrumServer\AstrumServer.csproj]
D:\Develop\Projects\Astrum\AstrumServer\AstrumServer\obj\Debug\net9.0\MemoryPack.Generator\MemoryPack.Generator.MemoryPackGenerator\Astrum.Generated.LeaveRoomResponse.MemoryPackFormatter.g.cs(81,33): warning CS0436: “D:\Develop\Projects\Astrum\AstrumServer\AstrumServer\Generated\networkcommon_C_1000.cs”中的类型“LeaveRoomResponse”与“Generated, Version=0.0.0.0, Culture=neutral, PublicKeyToken=null”中的导入类型“LeaveRoomResponse”冲突。请使用“D:\Develop\Projects\Astrum\AstrumServer\AstrumServer\Generated\networkcommon_C_1000.cs”中定义的类型。 [D:\Develop\Projects\Astrum\AstrumServer\AstrumServer\AstrumServer.csproj]
D:\Develop\Projects\Astrum\AstrumServer\AstrumServer\Generated\networkcommon_C_1000.cs(536,23): warning CS0436: “D:\Develop\Projects\Astrum\AstrumServer\AstrumServer\Generated\networkcommon_C_1000.cs”中的类型“LeaveRoomResponse”与“Generated, Version=0.0.0.0, Culture=neutral, PublicKeyToken=null”中的导入类型“LeaveRoomResponse”冲突。请使用“D:\Develop\Projects\Astrum\AstrumServer\AstrumServer\Generated\networkcommon_C_1000.cs”中定义的类型。 [D:\Develop\Projects\Astrum\AstrumServer\AstrumServer\AstrumServer.csproj]
D:\Develop\Projects\Astrum\AstrumServer\AstrumServer\obj\Debug\net9.0\MemoryPack.Generator\MemoryPack.Generator.MemoryPackGenerator\Astrum.Generated.LeaveRoomRequest.MemoryPackFormatter.g.cs(59,131): warning CS0436: “D:\Develop\Projects\Astrum\AstrumServer\AstrumServer\Generated\networkcommon_C_1000.cs”中的类型“LeaveRoomRequest”与“Generated, Version=0.0.0.0, Culture=neutral, PublicKeyToken=null”中的导入类型“LeaveRoomRequest”冲突。请使用“D:\Develop\Projects\Astrum\AstrumServer\AstrumServer\Generated\networkcommon_C_1000.cs”中定义的类型。 [D:\Develop\Projects\Astrum\AstrumServer\AstrumServer\AstrumServer.csproj]
D:\Develop\Projects\Astrum\AstrumServer\AstrumServer\obj\Debug\net9.0\MemoryPack.Generator\MemoryPack.Generator.MemoryPackGenerator\Astrum.Generated.GetRoomListResponse.MemoryPackFormatter.g.cs(65,33): warning CS0436: “D:\Develop\Projects\Astrum\AstrumServer\AstrumServer\Generated\networkcommon_C_1000.cs”中的类型“GetRoomListResponse”与“Generated, Version=0.0.0.0, Culture=neutral, PublicKeyToken=null”中的导入类型“GetRoomListResponse”冲突。请使用“D:\Develop\Projects\Astrum\AstrumServer\AstrumServer\Generated\networkcommon_C_1000.cs”中定义的类型。 [D:\Develop\Projects\Astrum\AstrumServer\AstrumServer\AstrumServer.csproj]
D:\Develop\Projects\Astrum\AstrumServer\AstrumServer\obj\Debug\net9.0\MemoryPack.Generator\MemoryPack.Generator.MemoryPackGenerator\Astrum.Generated.GetRoomListResponse.MemoryPackFormatter.g.cs(85,33): warning CS0436: “D:\Develop\Projects\Astrum\AstrumServer\AstrumServer\Generated\networkcommon_C_1000.cs”中的类型“GetRoomListResponse”与“Generated, Version=0.0.0.0, Culture=neutral, PublicKeyToken=null”中的导入类型“GetRoomListResponse”冲突。请使用“D:\Develop\Projects\Astrum\AstrumServer\AstrumServer\Generated\networkcommon_C_1000.cs”中定义的类型。 [D:\Develop\Projects\Astrum\AstrumServer\AstrumServer\AstrumServer.csproj]
D:\Develop\Projects\Astrum\AstrumServer\AstrumServer\Generated\networkcommon_C_1000.cs(336,23): warning CS0436: “D:\Develop\Projects\Astrum\AstrumServer\AstrumServer\Generated\networkcommon_C_1000.cs”中的类型“GetRoomListResponse”与“Generated, Version=0.0.0.0, Culture=neutral, PublicKeyToken=null”中的导入类型“GetRoomListResponse”冲突。请使用“D:\Develop\Projects\Astrum\AstrumServer\AstrumServer\Generated\networkcommon_C_1000.cs”中定义的类型。 [D:\Develop\Projects\Astrum\AstrumServer\AstrumServer\AstrumServer.csproj]
D:\Develop\Projects\Astrum\AstrumServer\AstrumServer\obj\Debug\net9.0\MemoryPack.Generator\MemoryPack.Generator.MemoryPackGenerator\Astrum.Generated.CreateRoomResponse.MemoryPackFormatter.g.cs(61,133): warning CS0436: “D:\Develop\Projects\Astrum\AstrumServer\AstrumServer\Generated\networkcommon_C_1000.cs”中的类型“CreateRoomResponse”与“Generated, Version=0.0.0.0, Culture=neutral, PublicKeyToken=null”中的导入类型“CreateRoomResponse”冲突。请使用“D:\Develop\Projects\Astrum\AstrumServer\AstrumServer\Generated\networkcommon_C_1000.cs”中定义的类型。 [D:\Develop\Projects\Astrum\AstrumServer\AstrumServer\AstrumServer.csproj]
D:\Develop\Projects\Astrum\AstrumServer\AstrumServer\obj\Debug\net9.0\MemoryPack.Generator\MemoryPack.Generator.MemoryPackGenerator\Astrum.Generated.LeaveRoomRequest.MemoryPackFormatter.g.cs(78,103): warning CS0436: “D:\Develop\Projects\Astrum\AstrumServer\AstrumServer\Generated\networkcommon_C_1000.cs”中的类型“LeaveRoomRequest”与“Generated, Version=0.0.0.0, Culture=neutral, PublicKeyToken=null”中的导入类型“LeaveRoomRequest”冲突。请使用“D:\Develop\Projects\Astrum\AstrumServer\AstrumServer\Generated\networkcommon_C_1000.cs”中定义的类型。 [D:\Develop\Projects\Astrum\AstrumServer\AstrumServer\AstrumServer.csproj]
D:\Develop\Projects\Astrum\AstrumServer\AstrumServer\Generated\networkcommon_C_1000.cs(357,21): warning CS0436: “D:\Develop\Projects\Astrum\AstrumServer\AstrumServer\Generated\networkcommon_C_1000.cs”中的类型“RoomInfo”与“Generated, Version=0.0.0.0, Culture=neutral, PublicKeyToken=null”中的导入类型“RoomInfo”冲突。请使用“D:\Develop\Projects\Astrum\AstrumServer\AstrumServer\Generated\networkcommon_C_1000.cs”中定义的类型。 [D:\Develop\Projects\Astrum\AstrumServer\AstrumServer\AstrumServer.csproj]
D:\Develop\Projects\Astrum\AstrumServer\AstrumServer\obj\Debug\net9.0\MemoryPack.Generator\MemoryPack.Generator.MemoryPackGenerator\Astrum.Generated.CreateRoomResponse.MemoryPackFormatter.g.cs(81,105): warning CS0436: “D:\Develop\Projects\Astrum\AstrumServer\AstrumServer\Generated\networkcommon_C_1000.cs”中的类型“CreateRoomResponse”与“Generated, Version=0.0.0.0, Culture=neutral, PublicKeyToken=null”中的导入类型“CreateRoomResponse”冲突。请使用“D:\Develop\Projects\Astrum\AstrumServer\AstrumServer\Generated\networkcommon_C_1000.cs”中定义的类型。 [D:\Develop\Projects\Astrum\AstrumServer\AstrumServer\AstrumServer.csproj]
D:\Develop\Projects\Astrum\AstrumServer\AstrumServer\obj\Debug\net9.0\MemoryPack.Generator\MemoryPack.Generator.MemoryPackGenerator\Astrum.Generated.GetRoomListResponse.MemoryPackFormatter.g.cs(65,134): warning CS0436: “D:\Develop\Projects\Astrum\AstrumServer\AstrumServer\Generated\networkcommon_C_1000.cs”中的类型“GetRoomListResponse”与“Generated, Version=0.0.0.0, Culture=neutral, PublicKeyToken=null”中的导入类型“GetRoomListResponse”冲突。请使用“D:\Develop\Projects\Astrum\AstrumServer\AstrumServer\Generated\networkcommon_C_1000.cs”中定义的类型。 [D:\Develop\Projects\Astrum\AstrumServer\AstrumServer\AstrumServer.csproj]
D:\Develop\Projects\Astrum\AstrumServer\AstrumServer\obj\Debug\net9.0\MemoryPack.Generator\MemoryPack.Generator.MemoryPackGenerator\Astrum.Generated.C2G_Ping.MemoryPackFormatter.g.cs(32,42): warning CS0436: “D:\Develop\Projects\Astrum\AstrumServer\AstrumServer\Generated\networkcommon_C_1000.cs”中的类型“C2G_Ping”与“Generated, Version=0.0.0.0, Culture=neutral, PublicKeyToken=null”中的导入类型“C2G_Ping”冲突。请使用“D:\Develop\Projects\Astrum\AstrumServer\AstrumServer\Generated\networkcommon_C_1000.cs”中定义的类型。 [D:\Develop\Projects\Astrum\AstrumServer\AstrumServer\AstrumServer.csproj]
D:\Develop\Projects\Astrum\AstrumServer\AstrumServer\obj\Debug\net9.0\MemoryPack.Generator\MemoryPack.Generator.MemoryPackGenerator\Astrum.Generated.SingleInput.MemoryPackFormatter.g.cs(78,98): warning CS0436: “D:\Develop\Projects\Astrum\AstrumServer\AstrumServer\Generated\gamemessages_C_2000.cs”中的类型“SingleInput”与“Generated, Version=0.0.0.0, Culture=neutral, PublicKeyToken=null”中的导入类型“SingleInput”冲突。请使用“D:\Develop\Projects\Astrum\AstrumServer\AstrumServer\Generated\gamemessages_C_2000.cs”中定义的类型。 [D:\Develop\Projects\Astrum\AstrumServer\AstrumServer\AstrumServer.csproj]
D:\Develop\Projects\Astrum\AstrumServer\AstrumServer\obj\Debug\net9.0\MemoryPack.Generator\MemoryPack.Generator.MemoryPackGenerator\Astrum.Generated.JoinRoomRequest.MemoryPackFormatter.g.cs(33,49): warning CS0436: “D:\Develop\Projects\Astrum\AstrumServer\AstrumServer\Generated\networkcommon_C_1000.cs”中的类型“JoinRoomRequest”与“Generated, Version=0.0.0.0, Culture=neutral, PublicKeyToken=null”中的导入类型“JoinRoomRequest”冲突。请使用“D:\Develop\Projects\Astrum\AstrumServer\AstrumServer\Generated\networkcommon_C_1000.cs”中定义的类型。 [D:\Develop\Projects\Astrum\AstrumServer\AstrumServer\AstrumServer.csproj]
D:\Develop\Projects\Astrum\AstrumServer\AstrumServer\obj\Debug\net9.0\MemoryPack.Generator\MemoryPack.Generator.MemoryPackGenerator\Astrum.Generated.QuickMatchRequest.MemoryPackFormatter.g.cs(32,51): warning CS0436: “D:\Develop\Projects\Astrum\AstrumServer\AstrumServer\Generated\networkcommon_C_1000.cs”中的类型“QuickMatchRequest”与“Generated, Version=0.0.0.0, Culture=neutral, PublicKeyToken=null”中的导入类型“QuickMatchRequest”冲突。请使用“D:\Develop\Projects\Astrum\AstrumServer\AstrumServer\Generated\networkcommon_C_1000.cs”中定义的类型。 [D:\Develop\Projects\Astrum\AstrumServer\AstrumServer\AstrumServer.csproj]
D:\Develop\Projects\Astrum\AstrumServer\AstrumServer\obj\Debug\net9.0\MemoryPack.Generator\MemoryPack.Generator.MemoryPackGenerator\Astrum.Generated.C2G_Ping.MemoryPackFormatter.g.cs(61,33): warning CS0436: “D:\Develop\Projects\Astrum\AstrumServer\AstrumServer\Generated\networkcommon_C_1000.cs”中的类型“C2G_Ping”与“Generated, Version=0.0.0.0, Culture=neutral, PublicKeyToken=null”中的导入类型“C2G_Ping”冲突。请使用“D:\Develop\Projects\Astrum\AstrumServer\AstrumServer\Generated\networkcommon_C_1000.cs”中定义的类型。 [D:\Develop\Projects\Astrum\AstrumServer\AstrumServer\AstrumServer.csproj]
D:\Develop\Projects\Astrum\AstrumServer\AstrumServer\obj\Debug\net9.0\MemoryPack.Generator\MemoryPack.Generator.MemoryPackGenerator\Astrum.Generated.C2G_Ping.MemoryPackFormatter.g.cs(78,33): warning CS0436: “D:\Develop\Projects\Astrum\AstrumServer\AstrumServer\Generated\networkcommon_C_1000.cs”中的类型“C2G_Ping”与“Generated, Version=0.0.0.0, Culture=neutral, PublicKeyToken=null”中的导入类型“C2G_Ping”冲突。请使用“D:\Develop\Projects\Astrum\AstrumServer\AstrumServer\Generated\networkcommon_C_1000.cs”中定义的类型。 [D:\Develop\Projects\Astrum\AstrumServer\AstrumServer\AstrumServer.csproj]
D:\Develop\Projects\Astrum\AstrumServer\AstrumServer\Generated\networkcommon_C_1000.cs(708,23): warning CS0436: “D:\Develop\Projects\Astrum\AstrumServer\AstrumServer\Generated\networkcommon_C_1000.cs”中的类型“C2G_Ping”与“Generated, Version=0.0.0.0, Culture=neutral, PublicKeyToken=null”中的导入类型“C2G_Ping”冲突。请使用“D:\Develop\Projects\Astrum\AstrumServer\AstrumServer\Generated\networkcommon_C_1000.cs”中定义的类型。 [D:\Develop\Projects\Astrum\AstrumServer\AstrumServer\AstrumServer.csproj]
D:\Develop\Projects\Astrum\AstrumServer\AstrumServer\obj\Debug\net9.0\MemoryPack.Generator\MemoryPack.Generator.MemoryPackGenerator\Astrum.Generated.JoinRoomRequest.MemoryPackFormatter.g.cs(59,33): warning CS0436: “D:\Develop\Projects\Astrum\AstrumServer\AstrumServer\Generated\networkcommon_C_1000.cs”中的类型“JoinRoomRequest”与“Generated, Version=0.0.0.0, Culture=neutral, PublicKeyToken=null”中的导入类型“JoinRoomRequest”冲突。请使用“D:\Develop\Projects\Astrum\AstrumServer\AstrumServer\Generated\networkcommon_C_1000.cs”中定义的类型。 [D:\Develop\Projects\Astrum\AstrumServer\AstrumServer\AstrumServer.csproj]
D:\Develop\Projects\Astrum\AstrumServer\AstrumServer\obj\Debug\net9.0\MemoryPack.Generator\MemoryPack.Generator.MemoryPackGenerator\Astrum.Generated.JoinRoomRequest.MemoryPackFormatter.g.cs(78,33): warning CS0436: “D:\Develop\Projects\Astrum\AstrumServer\AstrumServer\Generated\networkcommon_C_1000.cs”中的类型“JoinRoomRequest”与“Generated, Version=0.0.0.0, Culture=neutral, PublicKeyToken=null”中的导入类型“JoinRoomRequest”冲突。请使用“D:\Develop\Projects\Astrum\AstrumServer\AstrumServer\Generated\networkcommon_C_1000.cs”中定义的类型。 [D:\Develop\Projects\Astrum\AstrumServer\AstrumServer\AstrumServer.csproj]
D:\Develop\Projects\Astrum\AstrumServer\AstrumServer\Generated\networkcommon_C_1000.cs(235,23): warning CS0436: “D:\Develop\Projects\Astrum\AstrumServer\AstrumServer\Generated\networkcommon_C_1000.cs”中的类型“JoinRoomRequest”与“Generated, Version=0.0.0.0, Culture=neutral, PublicKeyToken=null”中的导入类型“JoinRoomRequest”冲突。请使用“D:\Develop\Projects\Astrum\AstrumServer\AstrumServer\Generated\networkcommon_C_1000.cs”中定义的类型。 [D:\Develop\Projects\Astrum\AstrumServer\AstrumServer\AstrumServer.csproj]
D:\Develop\Projects\Astrum\AstrumServer\AstrumServer\obj\Debug\net9.0\MemoryPack.Generator\MemoryPack.Generator.MemoryPackGenerator\Astrum.Generated.CancelMatchRequest.MemoryPackFormatter.g.cs(32,52): warning CS0436: “D:\Develop\Projects\Astrum\AstrumServer\AstrumServer\Generated\networkcommon_C_1000.cs”中的类型“CancelMatchRequest”与“Generated, Version=0.0.0.0, Culture=neutral, PublicKeyToken=null”中的导入类型“CancelMatchRequest”冲突。请使用“D:\Develop\Projects\Astrum\AstrumServer\AstrumServer\Generated\networkcommon_C_1000.cs”中定义的类型。 [D:\Develop\Projects\Astrum\AstrumServer\AstrumServer\AstrumServer.csproj]
D:\Develop\Projects\Astrum\AstrumServer\AstrumServer\obj\Debug\net9.0\MemoryPack.Generator\MemoryPack.Generator.MemoryPackGenerator\Astrum.Generated.QuickMatchRequest.MemoryPackFormatter.g.cs(61,33): warning CS0436: “D:\Develop\Projects\Astrum\AstrumServer\AstrumServer\Generated\networkcommon_C_1000.cs”中的类型“QuickMatchRequest”与“Generated, Version=0.0.0.0, Culture=neutral, PublicKeyToken=null”中的导入类型“QuickMatchRequest”冲突。请使用“D:\Develop\Projects\Astrum\AstrumServer\AstrumServer\Generated\networkcommon_C_1000.cs”中定义的类型。 [D:\Develop\Projects\Astrum\AstrumServer\AstrumServer\AstrumServer.csproj]
D:\Develop\Projects\Astrum\AstrumServer\AstrumServer\obj\Debug\net9.0\MemoryPack.Generator\MemoryPack.Generator.MemoryPackGenerator\Astrum.Generated.QuickMatchRequest.MemoryPackFormatter.g.cs(78,33): warning CS0436: “D:\Develop\Projects\Astrum\AstrumServer\AstrumServer\Generated\networkcommon_C_1000.cs”中的类型“QuickMatchRequest”与“Generated, Version=0.0.0.0, Culture=neutral, PublicKeyToken=null”中的导入类型“QuickMatchRequest”冲突。请使用“D:\Develop\Projects\Astrum\AstrumServer\AstrumServer\Generated\networkcommon_C_1000.cs”中定义的类型。 [D:\Develop\Projects\Astrum\AstrumServer\AstrumServer\AstrumServer.csproj]
D:\Develop\Projects\Astrum\AstrumServer\AstrumServer\obj\Debug\net9.0\MemoryPack.Generator\MemoryPack.Generator.MemoryPackGenerator\Astrum.Generated.JoinRoomResponse.MemoryPackFormatter.g.cs(61,33): warning CS0436: “D:\Develop\Projects\Astrum\AstrumServer\AstrumServer\Generated\networkcommon_C_1000.cs”中的类型“JoinRoomResponse”与“Generated, Version=0.0.0.0, Culture=neutral, PublicKeyToken=null”中的导入类型“JoinRoomResponse”冲突。请使用“D:\Develop\Projects\Astrum\AstrumServer\AstrumServer\Generated\networkcommon_C_1000.cs”中定义的类型。 [D:\Develop\Projects\Astrum\AstrumServer\AstrumServer\AstrumServer.csproj]
D:\Develop\Projects\Astrum\AstrumServer\AstrumServer\obj\Debug\net9.0\MemoryPack.Generator\MemoryPack.Generator.MemoryPackGenerator\Astrum.Generated.JoinRoomResponse.MemoryPackFormatter.g.cs(81,33): warning CS0436: “D:\Develop\Projects\Astrum\AstrumServer\AstrumServer\Generated\networkcommon_C_1000.cs”中的类型“JoinRoomResponse”与“Generated, Version=0.0.0.0, Culture=neutral, PublicKeyToken=null”中的导入类型“JoinRoomResponse”冲突。请使用“D:\Develop\Projects\Astrum\AstrumServer\AstrumServer\Generated\networkcommon_C_1000.cs”中定义的类型。 [D:\Develop\Projects\Astrum\AstrumServer\AstrumServer\AstrumServer.csproj]
D:\Develop\Projects\Astrum\AstrumServer\AstrumServer\Generated\networkcommon_C_1000.cs(767,23): warning CS0436: “D:\Develop\Projects\Astrum\AstrumServer\AstrumServer\Generated\networkcommon_C_1000.cs”中的类型“QuickMatchRequest”与“Generated, Version=0.0.0.0, Culture=neutral, PublicKeyToken=null”中的导入类型“QuickMatchRequest”冲突。请使用“D:\Develop\Projects\Astrum\AstrumServer\AstrumServer\Generated\networkcommon_C_1000.cs”中定义的类型。 [D:\Develop\Projects\Astrum\AstrumServer\AstrumServer\AstrumServer.csproj]
D:\Develop\Projects\Astrum\AstrumServer\AstrumServer\Generated\networkcommon_C_1000.cs(486,23): warning CS0436: “D:\Develop\Projects\Astrum\AstrumServer\AstrumServer\Generated\networkcommon_C_1000.cs”中的类型“JoinRoomResponse”与“Generated, Version=0.0.0.0, Culture=neutral, PublicKeyToken=null”中的导入类型“JoinRoomResponse”冲突。请使用“D:\Develop\Projects\Astrum\AstrumServer\AstrumServer\Generated\networkcommon_C_1000.cs”中定义的类型。 [D:\Develop\Projects\Astrum\AstrumServer\AstrumServer\AstrumServer.csproj]
D:\Develop\Projects\Astrum\AstrumServer\AstrumServer\Generated\networkcommon_C_1000.cs(507,16): warning CS0436: “D:\Develop\Projects\Astrum\AstrumServer\AstrumServer\Generated\networkcommon_C_1000.cs”中的类型“RoomInfo”与“Generated, Version=0.0.0.0, Culture=neutral, PublicKeyToken=null”中的导入类型“RoomInfo”冲突。请使用“D:\Develop\Projects\Astrum\AstrumServer\AstrumServer\Generated\networkcommon_C_1000.cs”中定义的类型。 [D:\Develop\Projects\Astrum\AstrumServer\AstrumServer\AstrumServer.csproj]
D:\Develop\Projects\Astrum\AstrumServer\AstrumServer\obj\Debug\net9.0\MemoryPack.Generator\MemoryPack.Generator.MemoryPackGenerator\Astrum.Generated.HeartbeatMessage.MemoryPackFormatter.g.cs(33,50): warning CS0436: “D:\Develop\Projects\Astrum\AstrumServer\AstrumServer\Generated\networkcommon_C_1000.cs”中的类型“HeartbeatMessage”与“Generated, Version=0.0.0.0, Culture=neutral, PublicKeyToken=null”中的导入类型“HeartbeatMessage”冲突。请使用“D:\Develop\Projects\Astrum\AstrumServer\AstrumServer\Generated\networkcommon_C_1000.cs”中定义的类型。 [D:\Develop\Projects\Astrum\AstrumServer\AstrumServer\AstrumServer.csproj]
D:\Develop\Projects\Astrum\AstrumServer\AstrumServer\obj\Debug\net9.0\MemoryPack.Generator\MemoryPack.Generator.MemoryPackGenerator\Astrum.Generated.LeaveRoomResponse.MemoryPackFormatter.g.cs(61,132): warning CS0436: “D:\Develop\Projects\Astrum\AstrumServer\AstrumServer\Generated\networkcommon_C_1000.cs”中的类型“LeaveRoomResponse”与“Generated, Version=0.0.0.0, Culture=neutral, PublicKeyToken=null”中的导入类型“LeaveRoomResponse”冲突。请使用“D:\Develop\Projects\Astrum\AstrumServer\AstrumServer\Generated\networkcommon_C_1000.cs”中定义的类型。 [D:\Develop\Projects\Astrum\AstrumServer\AstrumServer\AstrumServer.csproj]
D:\Develop\Projects\Astrum\AstrumServer\AstrumServer\obj\Debug\net9.0\MemoryPack.Generator\MemoryPack.Generator.MemoryPackGenerator\Astrum.Generated.JoinRoomResponse.MemoryPackFormatter.g.cs(61,131): warning CS0436: “D:\Develop\Projects\Astrum\AstrumServer\AstrumServer\Generated\networkcommon_C_1000.cs”中的类型“JoinRoomResponse”与“Generated, Version=0.0.0.0, Culture=neutral, PublicKeyToken=null”中的导入类型“JoinRoomResponse”冲突。请使用“D:\Develop\Projects\Astrum\AstrumServer\AstrumServer\Generated\networkcommon_C_1000.cs”中定义的类型。 [D:\Develop\Projects\Astrum\AstrumServer\AstrumServer\AstrumServer.csproj]
D:\Develop\Projects\Astrum\AstrumServer\AstrumServer\obj\Debug\net9.0\MemoryPack.Generator\MemoryPack.Generator.MemoryPackGenerator\Astrum.Generated.HeartbeatMessage.MemoryPackFormatter.g.cs(59,33): warning CS0436: “D:\Develop\Projects\Astrum\AstrumServer\AstrumServer\Generated\networkcommon_C_1000.cs”中的类型“HeartbeatMessage”与“Generated, Version=0.0.0.0, Culture=neutral, PublicKeyToken=null”中的导入类型“HeartbeatMessage”冲突。请使用“D:\Develop\Projects\Astrum\AstrumServer\AstrumServer\Generated\networkcommon_C_1000.cs”中定义的类型。 [D:\Develop\Projects\Astrum\AstrumServer\AstrumServer\AstrumServer.csproj]
D:\Develop\Projects\Astrum\AstrumServer\AstrumServer\obj\Debug\net9.0\MemoryPack.Generator\MemoryPack.Generator.MemoryPackGenerator\Astrum.Generated.HeartbeatMessage.MemoryPackFormatter.g.cs(78,33): warning CS0436: “D:\Develop\Projects\Astrum\AstrumServer\AstrumServer\Generated\networkcommon_C_1000.cs”中的类型“HeartbeatMessage”与“Generated, Version=0.0.0.0, Culture=neutral, PublicKeyToken=null”中的导入类型“HeartbeatMessage”冲突。请使用“D:\Develop\Projects\Astrum\AstrumServer\AstrumServer\Generated\networkcommon_C_1000.cs”中定义的类型。 [D:\Develop\Projects\Astrum\AstrumServer\AstrumServer\AstrumServer.csproj]
D:\Develop\Projects\Astrum\AstrumServer\AstrumServer\obj\Debug\net9.0\MemoryPack.Generator\MemoryPack.Generator.MemoryPackGenerator\Astrum.Generated.LeaveRoomResponse.MemoryPackFormatter.g.cs(81,104): warning CS0436: “D:\Develop\Projects\Astrum\AstrumServer\AstrumServer\Generated\networkcommon_C_1000.cs”中的类型“LeaveRoomResponse”与“Generated, Version=0.0.0.0, Culture=neutral, PublicKeyToken=null”中的导入类型“LeaveRoomResponse”冲突。请使用“D:\Develop\Projects\Astrum\AstrumServer\AstrumServer\Generated\networkcommon_C_1000.cs”中定义的类型。 [D:\Develop\Projects\Astrum\AstrumServer\AstrumServer\AstrumServer.csproj]
D:\Develop\Projects\Astrum\AstrumServer\AstrumServer\obj\Debug\net9.0\MemoryPack.Generator\MemoryPack.Generator.MemoryPackGenerator\Astrum.Generated.JoinRoomResponse.MemoryPackFormatter.g.cs(81,103): warning CS0436: “D:\Develop\Projects\Astrum\AstrumServer\AstrumServer\Generated\networkcommon_C_1000.cs”中的类型“JoinRoomResponse”与“Generated, Version=0.0.0.0, Culture=neutral, PublicKeyToken=null”中的导入类型“JoinRoomResponse”冲突。请使用“D:\Develop\Projects\Astrum\AstrumServer\AstrumServer\Generated\networkcommon_C_1000.cs”中定义的类型。 [D:\Develop\Projects\Astrum\AstrumServer\AstrumServer\AstrumServer.csproj]
D:\Develop\Projects\Astrum\AstrumServer\AstrumServer\Generated\networkcommon_C_1000.cs(636,23): warning CS0436: “D:\Develop\Projects\Astrum\AstrumServer\AstrumServer\Generated\networkcommon_C_1000.cs”中的类型“HeartbeatMessage”与“Generated, Version=0.0.0.0, Culture=neutral, PublicKeyToken=null”中的导入类型“HeartbeatMessage”冲突。请使用“D:\Develop\Projects\Astrum\AstrumServer\AstrumServer\Generated\networkcommon_C_1000.cs”中定义的类型。 [D:\Develop\Projects\Astrum\AstrumServer\AstrumServer\AstrumServer.csproj]
D:\Develop\Projects\Astrum\AstrumServer\AstrumServer\obj\Debug\net9.0\MemoryPack.Generator\MemoryPack.Generator.MemoryPackGenerator\Astrum.Generated.LoginRequest.MemoryPackFormatter.g.cs(32,46): warning CS0436: “D:\Develop\Projects\Astrum\AstrumServer\AstrumServer\Generated\networkcommon_C_1000.cs”中的类型“LoginRequest”与“Generated, Version=0.0.0.0, Culture=neutral, PublicKeyToken=null”中的导入类型“LoginRequest”冲突。请使用“D:\Develop\Projects\Astrum\AstrumServer\AstrumServer\Generated\networkcommon_C_1000.cs”中定义的类型。 [D:\Develop\Projects\Astrum\AstrumServer\AstrumServer\AstrumServer.csproj]
D:\Develop\Projects\Astrum\AstrumServer\AstrumServer\obj\Debug\net9.0\MemoryPack.Generator\MemoryPack.Generator.MemoryPackGenerator\Astrum.Generated.HeartbeatMessage.MemoryPackFormatter.g.cs(59,131): warning CS0436: “D:\Develop\Projects\Astrum\AstrumServer\AstrumServer\Generated\networkcommon_C_1000.cs”中的类型“HeartbeatMessage”与“Generated, Version=0.0.0.0, Culture=neutral, PublicKeyToken=null”中的导入类型“HeartbeatMessage”冲突。请使用“D:\Develop\Projects\Astrum\AstrumServer\AstrumServer\Generated\networkcommon_C_1000.cs”中定义的类型。 [D:\Develop\Projects\Astrum\AstrumServer\AstrumServer\AstrumServer.csproj]
D:\Develop\Projects\Astrum\AstrumServer\AstrumServer\obj\Debug\net9.0\MemoryPack.Generator\MemoryPack.Generator.MemoryPackGenerator\Astrum.Generated.HeartbeatMessage.MemoryPackFormatter.g.cs(78,103): warning CS0436: “D:\Develop\Projects\Astrum\AstrumServer\AstrumServer\Generated\networkcommon_C_1000.cs”中的类型“HeartbeatMessage”与“Generated, Version=0.0.0.0, Culture=neutral, PublicKeyToken=null”中的导入类型“HeartbeatMessage”冲突。请使用“D:\Develop\Projects\Astrum\AstrumServer\AstrumServer\Generated\networkcommon_C_1000.cs”中定义的类型。 [D:\Develop\Projects\Astrum\AstrumServer\AstrumServer\AstrumServer.csproj]
D:\Develop\Projects\Astrum\AstrumServer\AstrumServer\obj\Debug\net9.0\MemoryPack.Generator\MemoryPack.Generator.MemoryPackGenerator\Astrum.Generated.GetRoomListRequest.MemoryPackFormatter.g.cs(32,52): warning CS0436: “D:\Develop\Projects\Astrum\AstrumServer\AstrumServer\Generated\networkcommon_C_1000.cs”中的类型“GetRoomListRequest”与“Generated, Version=0.0.0.0, Culture=neutral, PublicKeyToken=null”中的导入类型“GetRoomListRequest”冲突。请使用“D:\Develop\Projects\Astrum\AstrumServer\AstrumServer\Generated\networkcommon_C_1000.cs”中定义的类型。 [D:\Develop\Projects\Astrum\AstrumServer\AstrumServer\AstrumServer.csproj]
D:\Develop\Projects\Astrum\AstrumServer\AstrumServer\obj\Debug\net9.0\MemoryPack.Generator\MemoryPack.Generator.MemoryPackGenerator\Astrum.Generated.GetRoomListResponse.MemoryPackFormatter.g.cs(85,106): warning CS0436: “D:\Develop\Projects\Astrum\AstrumServer\AstrumServer\Generated\networkcommon_C_1000.cs”中的类型“GetRoomListResponse”与“Generated, Version=0.0.0.0, Culture=neutral, PublicKeyToken=null”中的导入类型“GetRoomListResponse”冲突。请使用“D:\Develop\Projects\Astrum\AstrumServer\AstrumServer\Generated\networkcommon_C_1000.cs”中定义的类型。 [D:\Develop\Projects\Astrum\AstrumServer\AstrumServer\AstrumServer.csproj]
D:\Develop\Projects\Astrum\AstrumServer\AstrumServer\obj\Debug\net9.0\MemoryPack.Generator\MemoryPack.Generator.MemoryPackGenerator\Astrum.Generated.LoginRequest.MemoryPackFormatter.g.cs(58,33): warning CS0436: “D:\Develop\Projects\Astrum\AstrumServer\AstrumServer\Generated\networkcommon_C_1000.cs”中的类型“LoginRequest”与“Generated, Version=0.0.0.0, Culture=neutral, PublicKeyToken=null”中的导入类型“LoginRequest”冲突。请使用“D:\Develop\Projects\Astrum\AstrumServer\AstrumServer\Generated\networkcommon_C_1000.cs”中定义的类型。 [D:\Develop\Projects\Astrum\AstrumServer\AstrumServer\AstrumServer.csproj]
D:\Develop\Projects\Astrum\AstrumServer\AstrumServer\obj\Debug\net9.0\MemoryPack.Generator\MemoryPack.Generator.MemoryPackGenerator\Astrum.Generated.LoginRequest.MemoryPackFormatter.g.cs(76,33): warning CS0436: “D:\Develop\Projects\Astrum\AstrumServer\AstrumServer\Generated\networkcommon_C_1000.cs”中的类型“LoginRequest”与“Generated, Version=0.0.0.0, Culture=neutral, PublicKeyToken=null”中的导入类型“LoginRequest”冲突。请使用“D:\Develop\Projects\Astrum\AstrumServer\AstrumServer\Generated\networkcommon_C_1000.cs”中定义的类型。 [D:\Develop\Projects\Astrum\AstrumServer\AstrumServer\AstrumServer.csproj]
D:\Develop\Projects\Astrum\AstrumServer\AstrumServer\Generated\networkcommon_C_1000.cs(163,23): warning CS0436: “D:\Develop\Projects\Astrum\AstrumServer\AstrumServer\Generated\networkcommon_C_1000.cs”中的类型“LoginRequest”与“Generated, Version=0.0.0.0, Culture=neutral, PublicKeyToken=null”中的导入类型“LoginRequest”冲突。请使用“D:\Develop\Projects\Astrum\AstrumServer\AstrumServer\Generated\networkcommon_C_1000.cs”中定义的类型。 [D:\Develop\Projects\Astrum\AstrumServer\AstrumServer\AstrumServer.csproj]
D:\Develop\Projects\Astrum\AstrumServer\AstrumServer\obj\Debug\net9.0\MemoryPack.Generator\MemoryPack.Generator.MemoryPackGenerator\Astrum.Generated.GetRoomListRequest.MemoryPackFormatter.g.cs(61,33): warning CS0436: “D:\Develop\Projects\Astrum\AstrumServer\AstrumServer\Generated\networkcommon_C_1000.cs”中的类型“GetRoomListRequest”与“Generated, Version=0.0.0.0, Culture=neutral, PublicKeyToken=null”中的导入类型“GetRoomListRequest”冲突。请使用“D:\Develop\Projects\Astrum\AstrumServer\AstrumServer\Generated\networkcommon_C_1000.cs”中定义的类型。 [D:\Develop\Projects\Astrum\AstrumServer\AstrumServer\AstrumServer.csproj]
D:\Develop\Projects\Astrum\AstrumServer\AstrumServer\obj\Debug\net9.0\MemoryPack.Generator\MemoryPack.Generator.MemoryPackGenerator\Astrum.Generated.GetRoomListRequest.MemoryPackFormatter.g.cs(78,33): warning CS0436: “D:\Develop\Projects\Astrum\AstrumServer\AstrumServer\Generated\networkcommon_C_1000.cs”中的类型“GetRoomListRequest”与“Generated, Version=0.0.0.0, Culture=neutral, PublicKeyToken=null”中的导入类型“GetRoomListRequest”冲突。请使用“D:\Develop\Projects\Astrum\AstrumServer\AstrumServer\Generated\networkcommon_C_1000.cs”中定义的类型。 [D:\Develop\Projects\Astrum\AstrumServer\AstrumServer\AstrumServer.csproj]
D:\Develop\Projects\Astrum\AstrumServer\AstrumServer\Generated\networkcommon_C_1000.cs(307,23): warning CS0436: “D:\Develop\Projects\Astrum\AstrumServer\AstrumServer\Generated\networkcommon_C_1000.cs”中的类型“GetRoomListRequest”与“Generated, Version=0.0.0.0, Culture=neutral, PublicKeyToken=null”中的导入类型“GetRoomListRequest”冲突。请使用“D:\Develop\Projects\Astrum\AstrumServer\AstrumServer\Generated\networkcommon_C_1000.cs”中定义的类型。 [D:\Develop\Projects\Astrum\AstrumServer\AstrumServer\AstrumServer.csproj]
D:\Develop\Projects\Astrum\AstrumServer\AstrumServer\obj\Debug\net9.0\MemoryPack.Generator\MemoryPack.Generator.MemoryPackGenerator\Astrum.Generated.C2G_Ping.MemoryPackFormatter.g.cs(61,123): warning CS0436: “D:\Develop\Projects\Astrum\AstrumServer\AstrumServer\Generated\networkcommon_C_1000.cs”中的类型“C2G_Ping”与“Generated, Version=0.0.0.0, Culture=neutral, PublicKeyToken=null”中的导入类型“C2G_Ping”冲突。请使用“D:\Develop\Projects\Astrum\AstrumServer\AstrumServer\Generated\networkcommon_C_1000.cs”中定义的类型。 [D:\Develop\Projects\Astrum\AstrumServer\AstrumServer\AstrumServer.csproj]
D:\Develop\Projects\Astrum\AstrumServer\AstrumServer\obj\Debug\net9.0\MemoryPack.Generator\MemoryPack.Generator.MemoryPackGenerator\Astrum.Generated.LoginRequest.MemoryPackFormatter.g.cs(58,127): warning CS0436: “D:\Develop\Projects\Astrum\AstrumServer\AstrumServer\Generated\networkcommon_C_1000.cs”中的类型“LoginRequest”与“Generated, Version=0.0.0.0, Culture=neutral, PublicKeyToken=null”中的导入类型“LoginRequest”冲突。请使用“D:\Develop\Projects\Astrum\AstrumServer\AstrumServer\Generated\networkcommon_C_1000.cs”中定义的类型。 [D:\Develop\Projects\Astrum\AstrumServer\AstrumServer\AstrumServer.csproj]
D:\Develop\Projects\Astrum\AstrumServer\AstrumServer\obj\Debug\net9.0\MemoryPack.Generator\MemoryPack.Generator.MemoryPackGenerator\Astrum.Generated.C2G_Ping.MemoryPackFormatter.g.cs(78,95): warning CS0436: “D:\Develop\Projects\Astrum\AstrumServer\AstrumServer\Generated\networkcommon_C_1000.cs”中的类型“C2G_Ping”与“Generated, Version=0.0.0.0, Culture=neutral, PublicKeyToken=null”中的导入类型“C2G_Ping”冲突。请使用“D:\Develop\Projects\Astrum\AstrumServer\AstrumServer\Generated\networkcommon_C_1000.cs”中定义的类型。 [D:\Develop\Projects\Astrum\AstrumServer\AstrumServer\AstrumServer.csproj]
D:\Develop\Projects\Astrum\AstrumServer\AstrumServer\obj\Debug\net9.0\MemoryPack.Generator\MemoryPack.Generator.MemoryPackGenerator\Astrum.Generated.LoginRequest.MemoryPackFormatter.g.cs(76,99): warning CS0436: “D:\Develop\Projects\Astrum\AstrumServer\AstrumServer\Generated\networkcommon_C_1000.cs”中的类型“LoginRequest”与“Generated, Version=0.0.0.0, Culture=neutral, PublicKeyToken=null”中的导入类型“LoginRequest”冲突。请使用“D:\Develop\Projects\Astrum\AstrumServer\AstrumServer\Generated\networkcommon_C_1000.cs”中定义的类型。 [D:\Develop\Projects\Astrum\AstrumServer\AstrumServer\AstrumServer.csproj]
D:\Develop\Projects\Astrum\AstrumServer\AstrumServer\obj\Debug\net9.0\MemoryPack.Generator\MemoryPack.Generator.MemoryPackGenerator\Astrum.Generated.RoomUpdateNotification.MemoryPackFormatter.g.cs(35,56): warning CS0436: “D:\Develop\Projects\Astrum\AstrumServer\AstrumServer\Generated\networkcommon_C_1000.cs”中的类型“RoomUpdateNotification”与“Generated, Version=0.0.0.0, Culture=neutral, PublicKeyToken=null”中的导入类型“RoomUpdateNotification”冲突。请使用“D:\Develop\Projects\Astrum\AstrumServer\AstrumServer\Generated\networkcommon_C_1000.cs”中定义的类型。 [D:\Develop\Projects\Astrum\AstrumServer\AstrumServer\AstrumServer.csproj]
D:\Develop\Projects\Astrum\AstrumServer\AstrumServer\obj\Debug\net9.0\MemoryPack.Generator\MemoryPack.Generator.MemoryPackGenerator\Astrum.Generated.CancelMatchRequest.MemoryPackFormatter.g.cs(61,33): warning CS0436: “D:\Develop\Projects\Astrum\AstrumServer\AstrumServer\Generated\networkcommon_C_1000.cs”中的类型“CancelMatchRequest”与“Generated, Version=0.0.0.0, Culture=neutral, PublicKeyToken=null”中的导入类型“CancelMatchRequest”冲突。请使用“D:\Develop\Projects\Astrum\AstrumServer\AstrumServer\Generated\networkcommon_C_1000.cs”中定义的类型。 [D:\Develop\Projects\Astrum\AstrumServer\AstrumServer\AstrumServer.csproj]
D:\Develop\Projects\Astrum\AstrumServer\AstrumServer\obj\Debug\net9.0\MemoryPack.Generator\MemoryPack.Generator.MemoryPackGenerator\Astrum.Generated.CancelMatchRequest.MemoryPackFormatter.g.cs(78,33): warning CS0436: “D:\Develop\Projects\Astrum\AstrumServer\AstrumServer\Generated\networkcommon_C_1000.cs”中的类型“CancelMatchRequest”与“Generated, Version=0.0.0.0, Culture=neutral, PublicKeyToken=null”中的导入类型“CancelMatchRequest”冲突。请使用“D:\Develop\Projects\Astrum\AstrumServer\AstrumServer\Generated\networkcommon_C_1000.cs”中定义的类型。 [D:\Develop\Projects\Astrum\AstrumServer\AstrumServer\AstrumServer.csproj]
D:\Develop\Projects\Astrum\AstrumServer\AstrumServer\Generated\networkcommon_C_1000.cs(853,23): warning CS0436: “D:\Develop\Projects\Astrum\AstrumServer\AstrumServer\Generated\networkcommon_C_1000.cs”中的类型“CancelMatchRequest”与“Generated, Version=0.0.0.0, Culture=neutral, PublicKeyToken=null”中的导入类型“CancelMatchRequest”冲突。请使用“D:\Develop\Projects\Astrum\AstrumServer\AstrumServer\Generated\networkcommon_C_1000.cs”中定义的类型。 [D:\Develop\Projects\Astrum\AstrumServer\AstrumServer\AstrumServer.csproj]
D:\Develop\Projects\Astrum\AstrumServer\AstrumServer\obj\Debug\net9.0\MemoryPack.Generator\MemoryPack.Generator.MemoryPackGenerator\Astrum.Generated.MatchFoundNotification.MemoryPackFormatter.g.cs(34,56): warning CS0436: “D:\Develop\Projects\Astrum\AstrumServer\AstrumServer\Generated\networkcommon_C_1000.cs”中的类型“MatchFoundNotification”与“Generated, Version=0.0.0.0, Culture=neutral, PublicKeyToken=null”中的导入类型“MatchFoundNotification”冲突。请使用“D:\Develop\Projects\Astrum\AstrumServer\AstrumServer\Generated\networkcommon_C_1000.cs”中定义的类型。 [D:\Develop\Projects\Astrum\AstrumServer\AstrumServer\AstrumServer.csproj]
D:\Develop\Projects\Astrum\AstrumServer\AstrumServer\obj\Debug\net9.0\MemoryPack.Generator\MemoryPack.Generator.MemoryPackGenerator\Astrum.Generated.JoinRoomRequest.MemoryPackFormatter.g.cs(59,130): warning CS0436: “D:\Develop\Projects\Astrum\AstrumServer\AstrumServer\Generated\networkcommon_C_1000.cs”中的类型“JoinRoomRequest”与“Generated, Version=0.0.0.0, Culture=neutral, PublicKeyToken=null”中的导入类型“JoinRoomRequest”冲突。请使用“D:\Develop\Projects\Astrum\AstrumServer\AstrumServer\Generated\networkcommon_C_1000.cs”中定义的类型。 [D:\Develop\Projects\Astrum\AstrumServer\AstrumServer\AstrumServer.csproj]
D:\Develop\Projects\Astrum\AstrumServer\AstrumServer\obj\Debug\net9.0\MemoryPack.Generator\MemoryPack.Generator.MemoryPackGenerator\Astrum.Generated.CancelMatchRequest.MemoryPackFormatter.g.cs(61,133): warning CS0436: “D:\Develop\Projects\Astrum\AstrumServer\AstrumServer\Generated\networkcommon_C_1000.cs”中的类型“CancelMatchRequest”与“Generated, Version=0.0.0.0, Culture=neutral, PublicKeyToken=null”中的导入类型“CancelMatchRequest”冲突。请使用“D:\Develop\Projects\Astrum\AstrumServer\AstrumServer\Generated\networkcommon_C_1000.cs”中定义的类型。 [D:\Develop\Projects\Astrum\AstrumServer\AstrumServer\AstrumServer.csproj]
D:\Develop\Projects\Astrum\AstrumServer\AstrumServer\obj\Debug\net9.0\MemoryPack.Generator\MemoryPack.Generator.MemoryPackGenerator\Astrum.Generated.QuickMatchRequest.MemoryPackFormatter.g.cs(61,132): warning CS0436: “D:\Develop\Projects\Astrum\AstrumServer\AstrumServer\Generated\networkcommon_C_1000.cs”中的类型“QuickMatchRequest”与“Generated, Version=0.0.0.0, Culture=neutral, PublicKeyToken=null”中的导入类型“QuickMatchRequest”冲突。请使用“D:\Develop\Projects\Astrum\AstrumServer\AstrumServer\Generated\networkcommon_C_1000.cs”中定义的类型。 [D:\Develop\Projects\Astrum\AstrumServer\AstrumServer\AstrumServer.csproj]
D:\Develop\Projects\Astrum\AstrumServer\AstrumServer\obj\Debug\net9.0\MemoryPack.Generator\MemoryPack.Generator.MemoryPackGenerator\Astrum.Generated.JoinRoomRequest.MemoryPackFormatter.g.cs(78,102): warning CS0436: “D:\Develop\Projects\Astrum\AstrumServer\AstrumServer\Generated\networkcommon_C_1000.cs”中的类型“JoinRoomRequest”与“Generated, Version=0.0.0.0, Culture=neutral, PublicKeyToken=null”中的导入类型“JoinRoomRequest”冲突。请使用“D:\Develop\Projects\Astrum\AstrumServer\AstrumServer\Generated\networkcommon_C_1000.cs”中定义的类型。 [D:\Develop\Projects\Astrum\AstrumServer\AstrumServer\AstrumServer.csproj]
D:\Develop\Projects\Astrum\AstrumServer\AstrumServer\obj\Debug\net9.0\MemoryPack.Generator\MemoryPack.Generator.MemoryPackGenerator\Astrum.Generated.CancelMatchRequest.MemoryPackFormatter.g.cs(78,105): warning CS0436: “D:\Develop\Projects\Astrum\AstrumServer\AstrumServer\Generated\networkcommon_C_1000.cs”中的类型“CancelMatchRequest”与“Generated, Version=0.0.0.0, Culture=neutral, PublicKeyToken=null”中的导入类型“CancelMatchRequest”冲突。请使用“D:\Develop\Projects\Astrum\AstrumServer\AstrumServer\Generated\networkcommon_C_1000.cs”中定义的类型。 [D:\Develop\Projects\Astrum\AstrumServer\AstrumServer\AstrumServer.csproj]
D:\Develop\Projects\Astrum\AstrumServer\AstrumServer\obj\Debug\net9.0\MemoryPack.Generator\MemoryPack.Generator.MemoryPackGenerator\Astrum.Generated.QuickMatchRequest.MemoryPackFormatter.g.cs(78,104): warning CS0436: “D:\Develop\Projects\Astrum\AstrumServer\AstrumServer\Generated\networkcommon_C_1000.cs”中的类型“QuickMatchRequest”与“Generated, Version=0.0.0.0, Culture=neutral, PublicKeyToken=null”中的导入类型“QuickMatchRequest”冲突。请使用“D:\Develop\Projects\Astrum\AstrumServer\AstrumServer\Generated\networkcommon_C_1000.cs”中定义的类型。 [D:\Develop\Projects\Astrum\AstrumServer\AstrumServer\AstrumServer.csproj]
D:\Develop\Projects\Astrum\AstrumServer\AstrumServer\obj\Debug\net9.0\MemoryPack.Generator\MemoryPack.Generator.MemoryPackGenerator\Astrum.Generated.LoginResponse.MemoryPackFormatter.g.cs(35,47): warning CS0436: “D:\Develop\Projects\Astrum\AstrumServer\AstrumServer\Generated\networkcommon_C_1000.cs”中的类型“LoginResponse”与“Generated, Version=0.0.0.0, Culture=neutral, PublicKeyToken=null”中的导入类型“LoginResponse”冲突。请使用“D:\Develop\Projects\Astrum\AstrumServer\AstrumServer\Generated\networkcommon_C_1000.cs”中定义的类型。 [D:\Develop\Projects\Astrum\AstrumServer\AstrumServer\AstrumServer.csproj]
D:\Develop\Projects\Astrum\AstrumServer\AstrumServer\obj\Debug\net9.0\MemoryPack.Generator\MemoryPack.Generator.MemoryPackGenerator\Astrum.Generated.QuickMatchResponse.MemoryPackFormatter.g.cs(36,52): warning CS0436: “D:\Develop\Projects\Astrum\AstrumServer\AstrumServer\Generated\networkcommon_C_1000.cs”中的类型“QuickMatchResponse”与“Generated, Version=0.0.0.0, Culture=neutral, PublicKeyToken=null”中的导入类型“QuickMatchResponse”冲突。请使用“D:\Develop\Projects\Astrum\AstrumServer\AstrumServer\Generated\networkcommon_C_1000.cs”中定义的类型。 [D:\Develop\Projects\Astrum\AstrumServer\AstrumServer\AstrumServer.csproj]
D:\Develop\Projects\Astrum\AstrumServer\AstrumServer\obj\Debug\net9.0\MemoryPack.Generator\MemoryPack.Generator.MemoryPackGenerator\Astrum.Generated.LoginResponse.MemoryPackFormatter.g.cs(61,33): warning CS0436: “D:\Develop\Projects\Astrum\AstrumServer\AstrumServer\Generated\networkcommon_C_1000.cs”中的类型“LoginResponse”与“Generated, Version=0.0.0.0, Culture=neutral, PublicKeyToken=null”中的导入类型“LoginResponse”冲突。请使用“D:\Develop\Projects\Astrum\AstrumServer\AstrumServer\Generated\networkcommon_C_1000.cs”中定义的类型。 [D:\Develop\Projects\Astrum\AstrumServer\AstrumServer\AstrumServer.csproj]
D:\Develop\Projects\Astrum\AstrumServer\AstrumServer\obj\Debug\net9.0\MemoryPack.Generator\MemoryPack.Generator.MemoryPackGenerator\Astrum.Generated.LoginResponse.MemoryPackFormatter.g.cs(81,33): warning CS0436: “D:\Develop\Projects\Astrum\AstrumServer\AstrumServer\Generated\networkcommon_C_1000.cs”中的类型“LoginResponse”与“Generated, Version=0.0.0.0, Culture=neutral, PublicKeyToken=null”中的导入类型“LoginResponse”冲突。请使用“D:\Develop\Projects\Astrum\AstrumServer\AstrumServer\Generated\networkcommon_C_1000.cs”中定义的类型。 [D:\Develop\Projects\Astrum\AstrumServer\AstrumServer\AstrumServer.csproj]
D:\Develop\Projects\Astrum\AstrumServer\AstrumServer\obj\Debug\net9.0\MemoryPack.Generator\MemoryPack.Generator.MemoryPackGenerator\Astrum.Generated.QuickMatchResponse.MemoryPackFormatter.g.cs(62,33): warning CS0436: “D:\Develop\Projects\Astrum\AstrumServer\AstrumServer\Generated\networkcommon_C_1000.cs”中的类型“QuickMatchResponse”与“Generated, Version=0.0.0.0, Culture=neutral, PublicKeyToken=null”中的导入类型“QuickMatchResponse”冲突。请使用“D:\Develop\Projects\Astrum\AstrumServer\AstrumServer\Generated\networkcommon_C_1000.cs”中定义的类型。 [D:\Develop\Projects\Astrum\AstrumServer\AstrumServer\AstrumServer.csproj]
D:\Develop\Projects\Astrum\AstrumServer\AstrumServer\obj\Debug\net9.0\MemoryPack.Generator\MemoryPack.Generator.MemoryPackGenerator\Astrum.Generated.QuickMatchResponse.MemoryPackFormatter.g.cs(81,33): warning CS0436: “D:\Develop\Projects\Astrum\AstrumServer\AstrumServer\Generated\networkcommon_C_1000.cs”中的类型“QuickMatchResponse”与“Generated, Version=0.0.0.0, Culture=neutral, PublicKeyToken=null”中的导入类型“QuickMatchResponse”冲突。请使用“D:\Develop\Projects\Astrum\AstrumServer\AstrumServer\Generated\networkcommon_C_1000.cs”中定义的类型。 [D:\Develop\Projects\Astrum\AstrumServer\AstrumServer\AstrumServer.csproj]
D:\Develop\Projects\Astrum\AstrumServer\AstrumServer\Generated\networkcommon_C_1000.cs(586,23): warning CS0436: “D:\Develop\Projects\Astrum\AstrumServer\AstrumServer\Generated\networkcommon_C_1000.cs”中的类型“LoginResponse”与“Generated, Version=0.0.0.0, Culture=neutral, PublicKeyToken=null”中的导入类型“LoginResponse”冲突。请使用“D:\Develop\Projects\Astrum\AstrumServer\AstrumServer\Generated\networkcommon_C_1000.cs”中定义的类型。 [D:\Develop\Projects\Astrum\AstrumServer\AstrumServer\AstrumServer.csproj]
D:\Develop\Projects\Astrum\AstrumServer\AstrumServer\obj\Debug\net9.0\MemoryPack.Generator\MemoryPack.Generator.MemoryPackGenerator\Astrum.Generated.HeartbeatResponse.MemoryPackFormatter.g.cs(33,51): warning CS0436: “D:\Develop\Projects\Astrum\AstrumServer\AstrumServer\Generated\networkcommon_C_1000.cs”中的类型“HeartbeatResponse”与“Generated, Version=0.0.0.0, Culture=neutral, PublicKeyToken=null”中的导入类型“HeartbeatResponse”冲突。请使用“D:\Develop\Projects\Astrum\AstrumServer\AstrumServer\Generated\networkcommon_C_1000.cs”中定义的类型。 [D:\Develop\Projects\Astrum\AstrumServer\AstrumServer\AstrumServer.csproj]
D:\Develop\Projects\Astrum\AstrumServer\AstrumServer\obj\Debug\net9.0\MemoryPack.Generator\MemoryPack.Generator.MemoryPackGenerator\Astrum.Generated.GetRoomListRequest.MemoryPackFormatter.g.cs(61,133): warning CS0436: “D:\Develop\Projects\Astrum\AstrumServer\AstrumServer\Generated\networkcommon_C_1000.cs”中的类型“GetRoomListRequest”与“Generated, Version=0.0.0.0, Culture=neutral, PublicKeyToken=null”中的导入类型“GetRoomListRequest”冲突。请使用“D:\Develop\Projects\Astrum\AstrumServer\AstrumServer\Generated\networkcommon_C_1000.cs”中定义的类型。 [D:\Develop\Projects\Astrum\AstrumServer\AstrumServer\AstrumServer.csproj]
D:\Develop\Projects\Astrum\AstrumServer\AstrumServer\obj\Debug\net9.0\MemoryPack.Generator\MemoryPack.Generator.MemoryPackGenerator\Astrum.Generated.GetRoomListRequest.MemoryPackFormatter.g.cs(78,105): warning CS0436: “D:\Develop\Projects\Astrum\AstrumServer\AstrumServer\Generated\networkcommon_C_1000.cs”中的类型“GetRoomListRequest”与“Generated, Version=0.0.0.0, Culture=neutral, PublicKeyToken=null”中的导入类型“GetRoomListRequest”冲突。请使用“D:\Develop\Projects\Astrum\AstrumServer\AstrumServer\Generated\networkcommon_C_1000.cs”中定义的类型。 [D:\Develop\Projects\Astrum\AstrumServer\AstrumServer\AstrumServer.csproj]
D:\Develop\Projects\Astrum\AstrumServer\AstrumServer\obj\Debug\net9.0\MemoryPack.Generator\MemoryPack.Generator.MemoryPackGenerator\Astrum.Generated.HeartbeatResponse.MemoryPackFormatter.g.cs(59,33): warning CS0436: “D:\Develop\Projects\Astrum\AstrumServer\AstrumServer\Generated\networkcommon_C_1000.cs”中的类型“HeartbeatResponse”与“Generated, Version=0.0.0.0, Culture=neutral, PublicKeyToken=null”中的导入类型“HeartbeatResponse”冲突。请使用“D:\Develop\Projects\Astrum\AstrumServer\AstrumServer\Generated\networkcommon_C_1000.cs”中定义的类型。 [D:\Develop\Projects\Astrum\AstrumServer\AstrumServer\AstrumServer.csproj]
D:\Develop\Projects\Astrum\AstrumServer\AstrumServer\obj\Debug\net9.0\MemoryPack.Generator\MemoryPack.Generator.MemoryPackGenerator\Astrum.Generated.HeartbeatResponse.MemoryPackFormatter.g.cs(77,33): warning CS0436: “D:\Develop\Projects\Astrum\AstrumServer\AstrumServer\Generated\networkcommon_C_1000.cs”中的类型“HeartbeatResponse”与“Generated, Version=0.0.0.0, Culture=neutral, PublicKeyToken=null”中的导入类型“HeartbeatResponse”冲突。请使用“D:\Develop\Projects\Astrum\AstrumServer\AstrumServer\Generated\networkcommon_C_1000.cs”中定义的类型。 [D:\Develop\Projects\Astrum\AstrumServer\AstrumServer\AstrumServer.csproj]
D:\Develop\Projects\Astrum\AstrumServer\AstrumServer\Generated\networkcommon_C_1000.cs(672,23): warning CS0436: “D:\Develop\Projects\Astrum\AstrumServer\AstrumServer\Generated\networkcommon_C_1000.cs”中的类型“HeartbeatResponse”与“Generated, Version=0.0.0.0, Culture=neutral, PublicKeyToken=null”中的导入类型“HeartbeatResponse”冲突。请使用“D:\Develop\Projects\Astrum\AstrumServer\AstrumServer\Generated\networkcommon_C_1000.cs”中定义的类型。 [D:\Develop\Projects\Astrum\AstrumServer\AstrumServer\AstrumServer.csproj]
D:\Develop\Projects\Astrum\AstrumServer\AstrumServer\obj\Debug\net9.0\MemoryPack.Generator\MemoryPack.Generator.MemoryPackGenerator\Astrum.Generated.RoomUpdateNotification.MemoryPackFormatter.g.cs(61,33): warning CS0436: “D:\Develop\Projects\Astrum\AstrumServer\AstrumServer\Generated\networkcommon_C_1000.cs”中的类型“RoomUpdateNotification”与“Generated, Version=0.0.0.0, Culture=neutral, PublicKeyToken=null”中的导入类型“RoomUpdateNotification”冲突。请使用“D:\Develop\Projects\Astrum\AstrumServer\AstrumServer\Generated\networkcommon_C_1000.cs”中定义的类型。 [D:\Develop\Projects\Astrum\AstrumServer\AstrumServer\AstrumServer.csproj]
D:\Develop\Projects\Astrum\AstrumServer\AstrumServer\obj\Debug\net9.0\MemoryPack.Generator\MemoryPack.Generator.MemoryPackGenerator\Astrum.Generated.RoomUpdateNotification.MemoryPackFormatter.g.cs(82,33): warning CS0436: “D:\Develop\Projects\Astrum\AstrumServer\AstrumServer\Generated\networkcommon_C_1000.cs”中的类型“RoomUpdateNotification”与“Generated, Version=0.0.0.0, Culture=neutral, PublicKeyToken=null”中的导入类型“RoomUpdateNotification”冲突。请使用“D:\Develop\Projects\Astrum\AstrumServer\AstrumServer\Generated\networkcommon_C_1000.cs”中定义的类型。 [D:\Develop\Projects\Astrum\AstrumServer\AstrumServer\AstrumServer.csproj]
D:\Develop\Projects\Astrum\AstrumServer\AstrumServer\obj\Debug\net9.0\MemoryPack.Generator\MemoryPack.Generator.MemoryPackGenerator\Astrum.Generated.G2C_Ping.MemoryPackFormatter.g.cs(32,42): warning CS0436: “D:\Develop\Projects\Astrum\AstrumServer\AstrumServer\Generated\networkcommon_C_1000.cs”中的类型“G2C_Ping”与“Generated, Version=0.0.0.0, Culture=neutral, PublicKeyToken=null”中的导入类型“G2C_Ping”冲突。请使用“D:\Develop\Projects\Astrum\AstrumServer\AstrumServer\Generated\networkcommon_C_1000.cs”中定义的类型。 [D:\Develop\Projects\Astrum\AstrumServer\AstrumServer\AstrumServer.csproj]
D:\Develop\Projects\Astrum\AstrumServer\AstrumServer\Generated\networkcommon_C_1000.cs(386,23): warning CS0436: “D:\Develop\Projects\Astrum\AstrumServer\AstrumServer\Generated\networkcommon_C_1000.cs”中的类型“RoomUpdateNotification”与“Generated, Version=0.0.0.0, Culture=neutral, PublicKeyToken=null”中的导入类型“RoomUpdateNotification”冲突。请使用“D:\Develop\Projects\Astrum\AstrumServer\AstrumServer\Generated\networkcommon_C_1000.cs”中定义的类型。 [D:\Develop\Projects\Astrum\AstrumServer\AstrumServer\AstrumServer.csproj]
D:\Develop\Projects\Astrum\AstrumServer\AstrumServer\Generated\networkcommon_C_1000.cs(395,16): warning CS0436: “D:\Develop\Projects\Astrum\AstrumServer\AstrumServer\Generated\networkcommon_C_1000.cs”中的类型“RoomInfo”与“Generated, Version=0.0.0.0, Culture=neutral, PublicKeyToken=null”中的导入类型“RoomInfo”冲突。请使用“D:\Develop\Projects\Astrum\AstrumServer\AstrumServer\Generated\networkcommon_C_1000.cs”中定义的类型。 [D:\Develop\Projects\Astrum\AstrumServer\AstrumServer\AstrumServer.csproj]
D:\Develop\Projects\Astrum\AstrumServer\AstrumServer\obj\Debug\net9.0\MemoryPack.Generator\MemoryPack.Generator.MemoryPackGenerator\Astrum.Generated.MatchFoundNotification.MemoryPackFormatter.g.cs(64,33): warning CS0436: “D:\Develop\Projects\Astrum\AstrumServer\AstrumServer\Generated\networkcommon_C_1000.cs”中的类型“MatchFoundNotification”与“Generated, Version=0.0.0.0, Culture=neutral, PublicKeyToken=null”中的导入类型“MatchFoundNotification”冲突。请使用“D:\Develop\Projects\Astrum\AstrumServer\AstrumServer\Generated\networkcommon_C_1000.cs”中定义的类型。 [D:\Develop\Projects\Astrum\AstrumServer\AstrumServer\AstrumServer.csproj]
D:\Develop\Projects\Astrum\AstrumServer\AstrumServer\obj\Debug\net9.0\MemoryPack.Generator\MemoryPack.Generator.MemoryPackGenerator\Astrum.Generated.MatchFoundNotification.MemoryPackFormatter.g.cs(84,33): warning CS0436: “D:\Develop\Projects\Astrum\AstrumServer\AstrumServer\Generated\networkcommon_C_1000.cs”中的类型“MatchFoundNotification”与“Generated, Version=0.0.0.0, Culture=neutral, PublicKeyToken=null”中的导入类型“MatchFoundNotification”冲突。请使用“D:\Develop\Projects\Astrum\AstrumServer\AstrumServer\Generated\networkcommon_C_1000.cs”中定义的类型。 [D:\Develop\Projects\Astrum\AstrumServer\AstrumServer\AstrumServer.csproj]
D:\Develop\Projects\Astrum\AstrumServer\AstrumServer\Generated\networkcommon_C_1000.cs(925,23): warning CS0436: “D:\Develop\Projects\Astrum\AstrumServer\AstrumServer\Generated\networkcommon_C_1000.cs”中的类型“MatchFoundNotification”与“Generated, Version=0.0.0.0, Culture=neutral, PublicKeyToken=null”中的导入类型“MatchFoundNotification”冲突。请使用“D:\Develop\Projects\Astrum\AstrumServer\AstrumServer\Generated\networkcommon_C_1000.cs”中定义的类型。 [D:\Develop\Projects\Astrum\AstrumServer\AstrumServer\AstrumServer.csproj]
D:\Develop\Projects\Astrum\AstrumServer\AstrumServer\Generated\networkcommon_C_1000.cs(934,16): warning CS0436: “D:\Develop\Projects\Astrum\AstrumServer\AstrumServer\Generated\networkcommon_C_1000.cs”中的类型“RoomInfo”与“Generated, Version=0.0.0.0, Culture=neutral, PublicKeyToken=null”中的导入类型“RoomInfo”冲突。请使用“D:\Develop\Projects\Astrum\AstrumServer\AstrumServer\Generated\networkcommon_C_1000.cs”中定义的类型。 [D:\Develop\Projects\Astrum\AstrumServer\AstrumServer\AstrumServer.csproj]
D:\Develop\Projects\Astrum\AstrumServer\AstrumServer\obj\Debug\net9.0\MemoryPack.Generator\MemoryPack.Generator.MemoryPackGenerator\Astrum.Generated.G2C_Ping.MemoryPackFormatter.g.cs(61,33): warning CS0436: “D:\Develop\Projects\Astrum\AstrumServer\AstrumServer\Generated\networkcommon_C_1000.cs”中的类型“G2C_Ping”与“Generated, Version=0.0.0.0, Culture=neutral, PublicKeyToken=null”中的导入类型“G2C_Ping”冲突。请使用“D:\Develop\Projects\Astrum\AstrumServer\AstrumServer\Generated\networkcommon_C_1000.cs”中定义的类型。 [D:\Develop\Projects\Astrum\AstrumServer\AstrumServer\AstrumServer.csproj]
D:\Develop\Projects\Astrum\AstrumServer\AstrumServer\obj\Debug\net9.0\MemoryPack.Generator\MemoryPack.Generator.MemoryPackGenerator\Astrum.Generated.G2C_Ping.MemoryPackFormatter.g.cs(78,33): warning CS0436: “D:\Develop\Projects\Astrum\AstrumServer\AstrumServer\Generated\networkcommon_C_1000.cs”中的类型“G2C_Ping”与“Generated, Version=0.0.0.0, Culture=neutral, PublicKeyToken=null”中的导入类型“G2C_Ping”冲突。请使用“D:\Develop\Projects\Astrum\AstrumServer\AstrumServer\Generated\networkcommon_C_1000.cs”中定义的类型。 [D:\Develop\Projects\Astrum\AstrumServer\AstrumServer\AstrumServer.csproj]
D:\Develop\Projects\Astrum\AstrumServer\AstrumServer\Generated\networkcommon_C_1000.cs(737,23): warning CS0436: “D:\Develop\Projects\Astrum\AstrumServer\AstrumServer\Generated\networkcommon_C_1000.cs”中的类型“G2C_Ping”与“Generated, Version=0.0.0.0, Culture=neutral, PublicKeyToken=null”中的导入类型“G2C_Ping”冲突。请使用“D:\Develop\Projects\Astrum\AstrumServer\AstrumServer\Generated\networkcommon_C_1000.cs”中定义的类型。 [D:\Develop\Projects\Astrum\AstrumServer\AstrumServer\AstrumServer.csproj]
D:\Develop\Projects\Astrum\AstrumServer\AstrumServer\obj\Debug\net9.0\MemoryPack.Generator\MemoryPack.Generator.MemoryPackGenerator\Astrum.Generated.RoomUpdateNotification.MemoryPackFormatter.g.cs(61,137): warning CS0436: “D:\Develop\Projects\Astrum\AstrumServer\AstrumServer\Generated\networkcommon_C_1000.cs”中的类型“RoomUpdateNotification”与“Generated, Version=0.0.0.0, Culture=neutral, PublicKeyToken=null”中的导入类型“RoomUpdateNotification”冲突。请使用“D:\Develop\Projects\Astrum\AstrumServer\AstrumServer\Generated\networkcommon_C_1000.cs”中定义的类型。 [D:\Develop\Projects\Astrum\AstrumServer\AstrumServer\AstrumServer.csproj]
D:\Develop\Projects\Astrum\AstrumServer\AstrumServer\obj\Debug\net9.0\MemoryPack.Generator\MemoryPack.Generator.MemoryPackGenerator\Astrum.Generated.RoomUpdateNotification.MemoryPackFormatter.g.cs(82,109): warning CS0436: “D:\Develop\Projects\Astrum\AstrumServer\AstrumServer\Generated\networkcommon_C_1000.cs”中的类型“RoomUpdateNotification”与“Generated, Version=0.0.0.0, Culture=neutral, PublicKeyToken=null”中的导入类型“RoomUpdateNotification”冲突。请使用“D:\Develop\Projects\Astrum\AstrumServer\AstrumServer\Generated\networkcommon_C_1000.cs”中定义的类型。 [D:\Develop\Projects\Astrum\AstrumServer\AstrumServer\AstrumServer.csproj]
D:\Develop\Projects\Astrum\AstrumServer\AstrumServer\obj\Debug\net9.0\MemoryPack.Generator\MemoryPack.Generator.MemoryPackGenerator\Astrum.Generated.MatchFoundNotification.MemoryPackFormatter.g.cs(64,137): warning CS0436: “D:\Develop\Projects\Astrum\AstrumServer\AstrumServer\Generated\networkcommon_C_1000.cs”中的类型“MatchFoundNotification”与“Generated, Version=0.0.0.0, Culture=neutral, PublicKeyToken=null”中的导入类型“MatchFoundNotification”冲突。请使用“D:\Develop\Projects\Astrum\AstrumServer\AstrumServer\Generated\networkcommon_C_1000.cs”中定义的类型。 [D:\Develop\Projects\Astrum\AstrumServer\AstrumServer\AstrumServer.csproj]
D:\Develop\Projects\Astrum\AstrumServer\AstrumServer\obj\Debug\net9.0\MemoryPack.Generator\MemoryPack.Generator.MemoryPackGenerator\Astrum.Generated.MatchFoundNotification.MemoryPackFormatter.g.cs(84,109): warning CS0436: “D:\Develop\Projects\Astrum\AstrumServer\AstrumServer\Generated\networkcommon_C_1000.cs”中的类型“MatchFoundNotification”与“Generated, Version=0.0.0.0, Culture=neutral, PublicKeyToken=null”中的导入类型“MatchFoundNotification”冲突。请使用“D:\Develop\Projects\Astrum\AstrumServer\AstrumServer\Generated\networkcommon_C_1000.cs”中定义的类型。 [D:\Develop\Projects\Astrum\AstrumServer\AstrumServer\AstrumServer.csproj]
D:\Develop\Projects\Astrum\AstrumServer\AstrumServer\obj\Debug\net9.0\MemoryPack.Generator\MemoryPack.Generator.MemoryPackGenerator\Astrum.Generated.G2C_Ping.MemoryPackFormatter.g.cs(61,123): warning CS0436: “D:\Develop\Projects\Astrum\AstrumServer\AstrumServer\Generated\networkcommon_C_1000.cs”中的类型“G2C_Ping”与“Generated, Version=0.0.0.0, Culture=neutral, PublicKeyToken=null”中的导入类型“G2C_Ping”冲突。请使用“D:\Develop\Projects\Astrum\AstrumServer\AstrumServer\Generated\networkcommon_C_1000.cs”中定义的类型。 [D:\Develop\Projects\Astrum\AstrumServer\AstrumServer\AstrumServer.csproj]
D:\Develop\Projects\Astrum\AstrumServer\AstrumServer\obj\Debug\net9.0\MemoryPack.Generator\MemoryPack.Generator.MemoryPackGenerator\Astrum.Generated.G2C_Ping.MemoryPackFormatter.g.cs(78,95): warning CS0436: “D:\Develop\Projects\Astrum\AstrumServer\AstrumServer\Generated\networkcommon_C_1000.cs”中的类型“G2C_Ping”与“Generated, Version=0.0.0.0, Culture=neutral, PublicKeyToken=null”中的导入类型“G2C_Ping”冲突。请使用“D:\Develop\Projects\Astrum\AstrumServer\AstrumServer\Generated\networkcommon_C_1000.cs”中定义的类型。 [D:\Develop\Projects\Astrum\AstrumServer\AstrumServer\AstrumServer.csproj]
D:\Develop\Projects\Astrum\AstrumServer\AstrumServer\obj\Debug\net9.0\MemoryPack.Generator\MemoryPack.Generator.MemoryPackGenerator\Astrum.Generated.MatchTimeoutNotification.MemoryPackFormatter.g.cs(34,58): warning CS0436: “D:\Develop\Projects\Astrum\AstrumServer\AstrumServer\Generated\networkcommon_C_1000.cs”中的类型“MatchTimeoutNotification”与“Generated, Version=0.0.0.0, Culture=neutral, PublicKeyToken=null”中的导入类型“MatchTimeoutNotification”冲突。请使用“D:\Develop\Projects\Astrum\AstrumServer\AstrumServer\Generated\networkcommon_C_1000.cs”中定义的类型。 [D:\Develop\Projects\Astrum\AstrumServer\AstrumServer\AstrumServer.csproj]
D:\Develop\Projects\Astrum\AstrumServer\AstrumServer\obj\Debug\net9.0\MemoryPack.Generator\MemoryPack.Generator.MemoryPackGenerator\Astrum.Generated.MatchTimeoutNotification.MemoryPackFormatter.g.cs(60,33): warning CS0436: “D:\Develop\Projects\Astrum\AstrumServer\AstrumServer\Generated\networkcommon_C_1000.cs”中的类型“MatchTimeoutNotification”与“Generated, Version=0.0.0.0, Culture=neutral, PublicKeyToken=null”中的导入类型“MatchTimeoutNotification”冲突。请使用“D:\Develop\Projects\Astrum\AstrumServer\AstrumServer\Generated\networkcommon_C_1000.cs”中定义的类型。 [D:\Develop\Projects\Astrum\AstrumServer\AstrumServer\AstrumServer.csproj]
D:\Develop\Projects\Astrum\AstrumServer\AstrumServer\obj\Debug\net9.0\MemoryPack.Generator\MemoryPack.Generator.MemoryPackGenerator\Astrum.Generated.MatchTimeoutNotification.MemoryPackFormatter.g.cs(79,33): warning CS0436: “D:\Develop\Projects\Astrum\AstrumServer\AstrumServer\Generated\networkcommon_C_1000.cs”中的类型“MatchTimeoutNotification”与“Generated, Version=0.0.0.0, Culture=neutral, PublicKeyToken=null”中的导入类型“MatchTimeoutNotification”冲突。请使用“D:\Develop\Projects\Astrum\AstrumServer\AstrumServer\Generated\networkcommon_C_1000.cs”中定义的类型。 [D:\Develop\Projects\Astrum\AstrumServer\AstrumServer\AstrumServer.csproj]
D:\Develop\Projects\Astrum\AstrumServer\AstrumServer\Generated\networkcommon_C_1000.cs(968,23): warning CS0436: “D:\Develop\Projects\Astrum\AstrumServer\AstrumServer\Generated\networkcommon_C_1000.cs”中的类型“MatchTimeoutNotification”与“Generated, Version=0.0.0.0, Culture=neutral, PublicKeyToken=null”中的导入类型“MatchTimeoutNotification”冲突。请使用“D:\Develop\Projects\Astrum\AstrumServer\AstrumServer\Generated\networkcommon_C_1000.cs”中定义的类型。 [D:\Develop\Projects\Astrum\AstrumServer\AstrumServer\AstrumServer.csproj]
D:\Develop\Projects\Astrum\AstrumServer\AstrumServer\obj\Debug\net9.0\MemoryPack.Generator\MemoryPack.Generator.MemoryPackGenerator\Astrum.Generated.HeartbeatResponse.MemoryPackFormatter.g.cs(59,132): warning CS0436: “D:\Develop\Projects\Astrum\AstrumServer\AstrumServer\Generated\networkcommon_C_1000.cs”中的类型“HeartbeatResponse”与“Generated, Version=0.0.0.0, Culture=neutral, PublicKeyToken=null”中的导入类型“HeartbeatResponse”冲突。请使用“D:\Develop\Projects\Astrum\AstrumServer\AstrumServer\Generated\networkcommon_C_1000.cs”中定义的类型。 [D:\Develop\Projects\Astrum\AstrumServer\AstrumServer\AstrumServer.csproj]
D:\Develop\Projects\Astrum\AstrumServer\AstrumServer\obj\Debug\net9.0\MemoryPack.Generator\MemoryPack.Generator.MemoryPackGenerator\Astrum.Generated.HeartbeatResponse.MemoryPackFormatter.g.cs(77,104): warning CS0436: “D:\Develop\Projects\Astrum\AstrumServer\AstrumServer\Generated\networkcommon_C_1000.cs”中的类型“HeartbeatResponse”与“Generated, Version=0.0.0.0, Culture=neutral, PublicKeyToken=null”中的导入类型“HeartbeatResponse”冲突。请使用“D:\Develop\Projects\Astrum\AstrumServer\AstrumServer\Generated\networkcommon_C_1000.cs”中定义的类型。 [D:\Develop\Projects\Astrum\AstrumServer\AstrumServer\AstrumServer.csproj]
D:\Develop\Projects\Astrum\AstrumServer\AstrumServer\Generated\networkcommon_C_1000.cs(796,23): warning CS0436: “D:\Develop\Projects\Astrum\AstrumServer\AstrumServer\Generated\networkcommon_C_1000.cs”中的类型“QuickMatchResponse”与“Generated, Version=0.0.0.0, Culture=neutral, PublicKeyToken=null”中的导入类型“QuickMatchResponse”冲突。请使用“D:\Develop\Projects\Astrum\AstrumServer\AstrumServer\Generated\networkcommon_C_1000.cs”中定义的类型。 [D:\Develop\Projects\Astrum\AstrumServer\AstrumServer\AstrumServer.csproj]
D:\Develop\Projects\Astrum\AstrumServer\AstrumServer\obj\Debug\net9.0\MemoryPack.Generator\MemoryPack.Generator.MemoryPackGenerator\Astrum.Generated.QuickMatchResponse.MemoryPackFormatter.g.cs(62,133): warning CS0436: “D:\Develop\Projects\Astrum\AstrumServer\AstrumServer\Generated\networkcommon_C_1000.cs”中的类型“QuickMatchResponse”与“Generated, Version=0.0.0.0, Culture=neutral, PublicKeyToken=null”中的导入类型“QuickMatchResponse”冲突。请使用“D:\Develop\Projects\Astrum\AstrumServer\AstrumServer\Generated\networkcommon_C_1000.cs”中定义的类型。 [D:\Develop\Projects\Astrum\AstrumServer\AstrumServer\AstrumServer.csproj]
D:\Develop\Projects\Astrum\AstrumServer\AstrumServer\Generated\networkcommon_C_1000.cs(607,16): warning CS0436: “D:\Develop\Projects\Astrum\AstrumServer\AstrumServer\Generated\networkcommon_C_1000.cs”中的类型“UserInfo”与“Generated, Version=0.0.0.0, Culture=neutral, PublicKeyToken=null”中的导入类型“UserInfo”冲突。请使用“D:\Develop\Projects\Astrum\AstrumServer\AstrumServer\Generated\networkcommon_C_1000.cs”中定义的类型。 [D:\Develop\Projects\Astrum\AstrumServer\AstrumServer\AstrumServer.csproj]
D:\Develop\Projects\Astrum\AstrumServer\AstrumServer\obj\Debug\net9.0\MemoryPack.Generator\MemoryPack.Generator.MemoryPackGenerator\Astrum.Generated.QuickMatchResponse.MemoryPackFormatter.g.cs(81,105): warning CS0436: “D:\Develop\Projects\Astrum\AstrumServer\AstrumServer\Generated\networkcommon_C_1000.cs”中的类型“QuickMatchResponse”与“Generated, Version=0.0.0.0, Culture=neutral, PublicKeyToken=null”中的导入类型“QuickMatchResponse”冲突。请使用“D:\Develop\Projects\Astrum\AstrumServer\AstrumServer\Generated\networkcommon_C_1000.cs”中定义的类型。 [D:\Develop\Projects\Astrum\AstrumServer\AstrumServer\AstrumServer.csproj]
D:\Develop\Projects\Astrum\AstrumServer\AstrumServer\Generated\networkcommon_C_1000.cs(1006,25): warning CS8981: 类型名称 "networkcommon" 仅包含小写 ascii 字符。此类名称可能会成为该语言的保留值。 [D:\Develop\Projects\Astrum\AstrumServer\AstrumServer\AstrumServer.csproj]
D:\Develop\Projects\Astrum\AstrumServer\AstrumServer\obj\Debug\net9.0\MemoryPack.Generator\MemoryPack.Generator.MemoryPackGenerator\Astrum.Generated.LoginResponse.MemoryPackFormatter.g.cs(61,128): warning CS0436: “D:\Develop\Projects\Astrum\AstrumServer\AstrumServer\Generated\networkcommon_C_1000.cs”中的类型“LoginResponse”与“Generated, Version=0.0.0.0, Culture=neutral, PublicKeyToken=null”中的导入类型“LoginResponse”冲突。请使用“D:\Develop\Projects\Astrum\AstrumServer\AstrumServer\Generated\networkcommon_C_1000.cs”中定义的类型。 [D:\Develop\Projects\Astrum\AstrumServer\AstrumServer\AstrumServer.csproj]
D:\Develop\Projects\Astrum\AstrumServer\AstrumServer\obj\Debug\net9.0\MemoryPack.Generator\MemoryPack.Generator.MemoryPackGenerator\Astrum.Generated.LoginResponse.MemoryPackFormatter.g.cs(81,100): warning CS0436: “D:\Develop\Projects\Astrum\AstrumServer\AstrumServer\Generated\networkcommon_C_1000.cs”中的类型“LoginResponse”与“Generated, Version=0.0.0.0, Culture=neutral, PublicKeyToken=null”中的导入类型“LoginResponse”冲突。请使用“D:\Develop\Projects\Astrum\AstrumServer\AstrumServer\Generated\networkcommon_C_1000.cs”中定义的类型。 [D:\Develop\Projects\Astrum\AstrumServer\AstrumServer\AstrumServer.csproj]
D:\Develop\Projects\Astrum\AstrumServer\AstrumServer\obj\Debug\net9.0\MemoryPack.Generator\MemoryPack.Generator.MemoryPackGenerator\Astrum.Generated.CancelMatchResponse.MemoryPackFormatter.g.cs(34,53): warning CS0436: “D:\Develop\Projects\Astrum\AstrumServer\AstrumServer\Generated\networkcommon_C_1000.cs”中的类型“CancelMatchResponse”与“Generated, Version=0.0.0.0, Culture=neutral, PublicKeyToken=null”中的导入类型“CancelMatchResponse”冲突。请使用“D:\Develop\Projects\Astrum\AstrumServer\AstrumServer\Generated\networkcommon_C_1000.cs”中定义的类型。 [D:\Develop\Projects\Astrum\AstrumServer\AstrumServer\AstrumServer.csproj]
D:\Develop\Projects\Astrum\AstrumServer\AstrumServer\obj\Debug\net9.0\MemoryPack.Generator\MemoryPack.Generator.MemoryPackGenerator\Astrum.Generated.CancelMatchResponse.MemoryPackFormatter.g.cs(60,33): warning CS0436: “D:\Develop\Projects\Astrum\AstrumServer\AstrumServer\Generated\networkcommon_C_1000.cs”中的类型“CancelMatchResponse”与“Generated, Version=0.0.0.0, Culture=neutral, PublicKeyToken=null”中的导入类型“CancelMatchResponse”冲突。请使用“D:\Develop\Projects\Astrum\AstrumServer\AstrumServer\Generated\networkcommon_C_1000.cs”中定义的类型。 [D:\Develop\Projects\Astrum\AstrumServer\AstrumServer\AstrumServer.csproj]
D:\Develop\Projects\Astrum\AstrumServer\AstrumServer\obj\Debug\net9.0\MemoryPack.Generator\MemoryPack.Generator.MemoryPackGenerator\Astrum.Generated.CancelMatchResponse.MemoryPackFormatter.g.cs(79,33): warning CS0436: “D:\Develop\Projects\Astrum\AstrumServer\AstrumServer\Generated\networkcommon_C_1000.cs”中的类型“CancelMatchResponse”与“Generated, Version=0.0.0.0, Culture=neutral, PublicKeyToken=null”中的导入类型“CancelMatchResponse”冲突。请使用“D:\Develop\Projects\Astrum\AstrumServer\AstrumServer\Generated\networkcommon_C_1000.cs”中定义的类型。 [D:\Develop\Projects\Astrum\AstrumServer\AstrumServer\AstrumServer.csproj]
D:\Develop\Projects\Astrum\AstrumServer\AstrumServer\Generated\networkcommon_C_1000.cs(882,23): warning CS0436: “D:\Develop\Projects\Astrum\AstrumServer\AstrumServer\Generated\networkcommon_C_1000.cs”中的类型“CancelMatchResponse”与“Generated, Version=0.0.0.0, Culture=neutral, PublicKeyToken=null”中的导入类型“CancelMatchResponse”冲突。请使用“D:\Develop\Projects\Astrum\AstrumServer\AstrumServer\Generated\networkcommon_C_1000.cs”中定义的类型。 [D:\Develop\Projects\Astrum\AstrumServer\AstrumServer\AstrumServer.csproj]
D:\Develop\Projects\Astrum\AstrumServer\AstrumServer\obj\Debug\net9.0\MemoryPack.Generator\MemoryPack.Generator.MemoryPackGenerator\Astrum.Generated.MatchTimeoutNotification.MemoryPackFormatter.g.cs(60,139): warning CS0436: “D:\Develop\Projects\Astrum\AstrumServer\AstrumServer\Generated\networkcommon_C_1000.cs”中的类型“MatchTimeoutNotification”与“Generated, Version=0.0.0.0, Culture=neutral, PublicKeyToken=null”中的导入类型“MatchTimeoutNotification”冲突。请使用“D:\Develop\Projects\Astrum\AstrumServer\AstrumServer\Generated\networkcommon_C_1000.cs”中定义的类型。 [D:\Develop\Projects\Astrum\AstrumServer\AstrumServer\AstrumServer.csproj]
D:\Develop\Projects\Astrum\AstrumServer\AstrumServer\obj\Debug\net9.0\MemoryPack.Generator\MemoryPack.Generator.MemoryPackGenerator\Astrum.Generated.MatchTimeoutNotification.MemoryPackFormatter.g.cs(79,111): warning CS0436: “D:\Develop\Projects\Astrum\AstrumServer\AstrumServer\Generated\networkcommon_C_1000.cs”中的类型“MatchTimeoutNotification”与“Generated, Version=0.0.0.0, Culture=neutral, PublicKeyToken=null”中的导入类型“MatchTimeoutNotification”冲突。请使用“D:\Develop\Projects\Astrum\AstrumServer\AstrumServer\Generated\networkcommon_C_1000.cs”中定义的类型。 [D:\Develop\Projects\Astrum\AstrumServer\AstrumServer\AstrumServer.csproj]
D:\Develop\Projects\Astrum\AstrumServer\AstrumServer\obj\Debug\net9.0\MemoryPack.Generator\MemoryPack.Generator.MemoryPackGenerator\Astrum.Generated.CancelMatchResponse.MemoryPackFormatter.g.cs(60,134): warning CS0436: “D:\Develop\Projects\Astrum\AstrumServer\AstrumServer\Generated\networkcommon_C_1000.cs”中的类型“CancelMatchResponse”与“Generated, Version=0.0.0.0, Culture=neutral, PublicKeyToken=null”中的导入类型“CancelMatchResponse”冲突。请使用“D:\Develop\Projects\Astrum\AstrumServer\AstrumServer\Generated\networkcommon_C_1000.cs”中定义的类型。 [D:\Develop\Projects\Astrum\AstrumServer\AstrumServer\AstrumServer.csproj]
D:\Develop\Projects\Astrum\AstrumServer\AstrumServer\obj\Debug\net9.0\MemoryPack.Generator\MemoryPack.Generator.MemoryPackGenerator\Astrum.Generated.CancelMatchResponse.MemoryPackFormatter.g.cs(79,106): warning CS0436: “D:\Develop\Projects\Astrum\AstrumServer\AstrumServer\Generated\networkcommon_C_1000.cs”中的类型“CancelMatchResponse”与“Generated, Version=0.0.0.0, Culture=neutral, PublicKeyToken=null”中的导入类型“CancelMatchResponse”冲突。请使用“D:\Develop\Projects\Astrum\AstrumServer\AstrumServer\Generated\networkcommon_C_1000.cs”中定义的类型。 [D:\Develop\Projects\Astrum\AstrumServer\AstrumServer\AstrumServer.csproj]
D:\Develop\Projects\Astrum\AstrumServer\AstrumServer\Generated\networkcommon_C_1000.cs(970,53): warning CS0436: “D:\Develop\Projects\Astrum\AstrumServer\AstrumServer\Generated\networkcommon_C_1000.cs”中的类型“MatchTimeoutNotification”与“Generated, Version=0.0.0.0, Culture=neutral, PublicKeyToken=null”中的导入类型“MatchTimeoutNotification”冲突。请使用“D:\Develop\Projects\Astrum\AstrumServer\AstrumServer\Generated\networkcommon_C_1000.cs”中定义的类型。 [D:\Develop\Projects\Astrum\AstrumServer\AstrumServer\AstrumServer.csproj]
D:\Develop\Projects\Astrum\AstrumServer\AstrumServer\Generated\networkcommon_C_1000.cs(970,95): warning CS0436: “D:\Develop\Projects\Astrum\AstrumServer\AstrumServer\Generated\networkcommon_C_1000.cs”中的类型“MatchTimeoutNotification”与“Generated, Version=0.0.0.0, Culture=neutral, PublicKeyToken=null”中的导入类型“MatchTimeoutNotification”冲突。请使用“D:\Develop\Projects\Astrum\AstrumServer\AstrumServer\Generated\networkcommon_C_1000.cs”中定义的类型。 [D:\Develop\Projects\Astrum\AstrumServer\AstrumServer\AstrumServer.csproj]
D:\Develop\Projects\Astrum\AstrumServer\AstrumServer\Generated\networkcommon_C_1000.cs(970,20): warning CS8603: 可能返回 null 引用。 [D:\Develop\Projects\Astrum\AstrumServer\AstrumServer\AstrumServer.csproj]
D:\Develop\Projects\Astrum\AstrumServer\AstrumServer\Generated\networkcommon_C_1000.cs(998,28): warning CS8625: 无法将 null 字面量转换为非 null 的引用类型。 [D:\Develop\Projects\Astrum\AstrumServer\AstrumServer\AstrumServer.csproj]
D:\Develop\Projects\Astrum\AstrumServer\AstrumServer\obj\Debug\net9.0\MemoryPack.Generator\MemoryPack.Generator.MemoryPackGenerator\Astrum.Generated.MatchTimeoutNotification.MemoryPackFormatter.g.cs(41,65): warning CS0436: “D:\Develop\Projects\Astrum\AstrumServer\AstrumServer\Generated\networkcommon_C_1000.cs”中的类型“MatchTimeoutNotification”与“Generated, Version=0.0.0.0, Culture=neutral, PublicKeyToken=null”中的导入类型“MatchTimeoutNotification”冲突。请使用“D:\Develop\Projects\Astrum\AstrumServer\AstrumServer\Generated\networkcommon_C_1000.cs”中定义的类型。 [D:\Develop\Projects\Astrum\AstrumServer\AstrumServer\AstrumServer.csproj]
D:\Develop\Projects\Astrum\AstrumServer\AstrumServer\obj\Debug\net9.0\MemoryPack.Generator\MemoryPack.Generator.MemoryPackGenerator\Astrum.Generated.MatchTimeoutNotification.MemoryPackFormatter.g.cs(48,74): warning CS0436: “D:\Develop\Projects\Astrum\AstrumServer\AstrumServer\Generated\networkcommon_C_1000.cs”中的类型“MatchTimeoutNotification”与“Generated, Version=0.0.0.0, Culture=neutral, PublicKeyToken=null”中的导入类型“MatchTimeoutNotification”冲突。请使用“D:\Develop\Projects\Astrum\AstrumServer\AstrumServer\Generated\networkcommon_C_1000.cs”中定义的类型。 [D:\Develop\Projects\Astrum\AstrumServer\AstrumServer\AstrumServer.csproj]
D:\Develop\Projects\Astrum\AstrumServer\AstrumServer\obj\Debug\net9.0\MemoryPack.Generator\MemoryPack.Generator.MemoryPackGenerator\Astrum.Generated.MatchTimeoutNotification.MemoryPackFormatter.g.cs(50,127): warning CS0436: “D:\Develop\Projects\Astrum\AstrumServer\AstrumServer\Generated\networkcommon_C_1000.cs”中的类型“MatchTimeoutNotification”与“Generated, Version=0.0.0.0, Culture=neutral, PublicKeyToken=null”中的导入类型“MatchTimeoutNotification”冲突。请使用“D:\Develop\Projects\Astrum\AstrumServer\AstrumServer\Generated\networkcommon_C_1000.cs”中定义的类型。 [D:\Develop\Projects\Astrum\AstrumServer\AstrumServer\AstrumServer.csproj]
D:\Develop\Projects\Astrum\AstrumServer\AstrumServer\obj\Debug\net9.0\MemoryPack.Generator\MemoryPack.Generator.MemoryPackGenerator\Astrum.Generated.MatchTimeoutNotification.MemoryPackFormatter.g.cs(52,74): warning CS0436: “D:\Develop\Projects\Astrum\AstrumServer\AstrumServer\Generated\networkcommon_C_1000.cs”中的类型“MatchTimeoutNotification”与“Generated, Version=0.0.0.0, Culture=neutral, PublicKeyToken=null”中的导入类型“MatchTimeoutNotification”冲突。请使用“D:\Develop\Projects\Astrum\AstrumServer\AstrumServer\Generated\networkcommon_C_1000.cs”中定义的类型。 [D:\Develop\Projects\Astrum\AstrumServer\AstrumServer\AstrumServer.csproj]
D:\Develop\Projects\Astrum\AstrumServer\AstrumServer\obj\Debug\net9.0\MemoryPack.Generator\MemoryPack.Generator.MemoryPackGenerator\Astrum.Generated.MatchTimeoutNotification.MemoryPackFormatter.g.cs(54,118): warning CS0436: “D:\Develop\Projects\Astrum\AstrumServer\AstrumServer\Generated\networkcommon_C_1000.cs”中的类型“MatchTimeoutNotification”与“Generated, Version=0.0.0.0, Culture=neutral, PublicKeyToken=null”中的导入类型“MatchTimeoutNotification”冲突。请使用“D:\Develop\Projects\Astrum\AstrumServer\AstrumServer\Generated\networkcommon_C_1000.cs”中定义的类型。 [D:\Develop\Projects\Astrum\AstrumServer\AstrumServer\AstrumServer.csproj]
D:\Develop\Projects\Astrum\AstrumServer\AstrumServer\Generated\connectionstatus_C_4000.cs(17,53): warning CS0436: “D:\Develop\Projects\Astrum\AstrumServer\AstrumServer\Generated\connectionstatus_C_4000.cs”中的类型“ConnectionStatusResponse”与“Generated, Version=0.0.0.0, Culture=neutral, PublicKeyToken=null”中的导入类型“ConnectionStatusResponse”冲突。请使用“D:\Develop\Projects\Astrum\AstrumServer\AstrumServer\Generated\connectionstatus_C_4000.cs”中定义的类型。 [D:\Develop\Projects\Astrum\AstrumServer\AstrumServer\AstrumServer.csproj]
D:\Develop\Projects\Astrum\AstrumServer\AstrumServer\Generated\connectionstatus_C_4000.cs(17,95): warning CS0436: “D:\Develop\Projects\Astrum\AstrumServer\AstrumServer\Generated\connectionstatus_C_4000.cs”中的类型“ConnectionStatusResponse”与“Generated, Version=0.0.0.0, Culture=neutral, PublicKeyToken=null”中的导入类型“ConnectionStatusResponse”冲突。请使用“D:\Develop\Projects\Astrum\AstrumServer\AstrumServer\Generated\connectionstatus_C_4000.cs”中定义的类型。 [D:\Develop\Projects\Astrum\AstrumServer\AstrumServer\AstrumServer.csproj]
D:\Develop\Projects\Astrum\AstrumServer\AstrumServer\Generated\connectionstatus_C_4000.cs(17,20): warning CS8603: 可能返回 null 引用。 [D:\Develop\Projects\Astrum\AstrumServer\AstrumServer\AstrumServer.csproj]
D:\Develop\Projects\Astrum\AstrumServer\AstrumServer\Generated\connectionstatus_C_4000.cs(39,28): warning CS8625: 无法将 null 字面量转换为非 null 的引用类型。 [D:\Develop\Projects\Astrum\AstrumServer\AstrumServer\AstrumServer.csproj]
D:\Develop\Projects\Astrum\AstrumServer\AstrumServer\Managers\UserManager.cs(33,32): warning CS0436: “D:\Develop\Projects\Astrum\AstrumServer\AstrumServer\Generated\networkcommon_C_1000.cs”中的类型“UserInfo”与“Generated, Version=0.0.0.0, Culture=neutral, PublicKeyToken=null”中的导入类型“UserInfo”冲突。请使用“D:\Develop\Projects\Astrum\AstrumServer\AstrumServer\Generated\networkcommon_C_1000.cs”中定义的类型。 [D:\Develop\Projects\Astrum\AstrumServer\AstrumServer\AstrumServer.csproj]
D:\Develop\Projects\Astrum\AstrumServer\AstrumServer\obj\Debug\net9.0\MemoryPack.Generator\MemoryPack.Generator.MemoryPackGenerator\Astrum.Generated.ConnectionStatusResponse.MemoryPackFormatter.g.cs(40,65): warning CS0436: “D:\Develop\Projects\Astrum\AstrumServer\AstrumServer\Generated\connectionstatus_C_4000.cs”中的类型“ConnectionStatusResponse”与“Generated, Version=0.0.0.0, Culture=neutral, PublicKeyToken=null”中的导入类型“ConnectionStatusResponse”冲突。请使用“D:\Develop\Projects\Astrum\AstrumServer\AstrumServer\Generated\connectionstatus_C_4000.cs”中定义的类型。 [D:\Develop\Projects\Astrum\AstrumServer\AstrumServer\AstrumServer.csproj]
D:\Develop\Projects\Astrum\AstrumServer\AstrumServer\Generated\connectionstatus_C_4000.cs(89,53): warning CS0436: “D:\Develop\Projects\Astrum\AstrumServer\AstrumServer\Generated\connectionstatus_C_4000.cs”中的类型“ConnectRequest”与“Generated, Version=0.0.0.0, Culture=neutral, PublicKeyToken=null”中的导入类型“ConnectRequest”冲突。请使用“D:\Develop\Projects\Astrum\AstrumServer\AstrumServer\Generated\connectionstatus_C_4000.cs”中定义的类型。 [D:\Develop\Projects\Astrum\AstrumServer\AstrumServer\AstrumServer.csproj]
D:\Develop\Projects\Astrum\AstrumServer\AstrumServer\Generated\connectionstatus_C_4000.cs(89,85): warning CS0436: “D:\Develop\Projects\Astrum\AstrumServer\AstrumServer\Generated\connectionstatus_C_4000.cs”中的类型“ConnectRequest”与“Generated, Version=0.0.0.0, Culture=neutral, PublicKeyToken=null”中的导入类型“ConnectRequest”冲突。请使用“D:\Develop\Projects\Astrum\AstrumServer\AstrumServer\Generated\connectionstatus_C_4000.cs”中定义的类型。 [D:\Develop\Projects\Astrum\AstrumServer\AstrumServer\AstrumServer.csproj]
D:\Develop\Projects\Astrum\AstrumServer\AstrumServer\Generated\connectionstatus_C_4000.cs(89,20): warning CS8603: 可能返回 null 引用。 [D:\Develop\Projects\Astrum\AstrumServer\AstrumServer\AstrumServer.csproj]
D:\Develop\Projects\Astrum\AstrumServer\AstrumServer\Generated\connectionstatus_C_4000.cs(53,53): warning CS0436: “D:\Develop\Projects\Astrum\AstrumServer\AstrumServer\Generated\connectionstatus_C_4000.cs”中的类型“ConnectionStatusChanged”与“Generated, Version=0.0.0.0, Culture=neutral, PublicKeyToken=null”中的导入类型“ConnectionStatusChanged”冲突。请使用“D:\Develop\Projects\Astrum\AstrumServer\AstrumServer\Generated\connectionstatus_C_4000.cs”中定义的类型。 [D:\Develop\Projects\Astrum\AstrumServer\AstrumServer\AstrumServer.csproj]
D:\Develop\Projects\Astrum\AstrumServer\AstrumServer\Generated\connectionstatus_C_4000.cs(53,94): warning CS0436: “D:\Develop\Projects\Astrum\AstrumServer\AstrumServer\Generated\connectionstatus_C_4000.cs”中的类型“ConnectionStatusChanged”与“Generated, Version=0.0.0.0, Culture=neutral, PublicKeyToken=null”中的导入类型“ConnectionStatusChanged”冲突。请使用“D:\Develop\Projects\Astrum\AstrumServer\AstrumServer\Generated\connectionstatus_C_4000.cs”中定义的类型。 [D:\Develop\Projects\Astrum\AstrumServer\AstrumServer\AstrumServer.csproj]
D:\Develop\Projects\Astrum\AstrumServer\AstrumServer\Generated\connectionstatus_C_4000.cs(53,20): warning CS8603: 可能返回 null 引用。 [D:\Develop\Projects\Astrum\AstrumServer\AstrumServer\AstrumServer.csproj]
D:\Develop\Projects\Astrum\AstrumServer\AstrumServer\Generated\connectionstatus_C_4000.cs(132,53): warning CS0436: “D:\Develop\Projects\Astrum\AstrumServer\AstrumServer\Generated\connectionstatus_C_4000.cs”中的类型“ConnectResponse”与“Generated, Version=0.0.0.0, Culture=neutral, PublicKeyToken=null”中的导入类型“ConnectResponse”冲突。请使用“D:\Develop\Projects\Astrum\AstrumServer\AstrumServer\Generated\connectionstatus_C_4000.cs”中定义的类型。 [D:\Develop\Projects\Astrum\AstrumServer\AstrumServer\AstrumServer.csproj]
D:\Develop\Projects\Astrum\AstrumServer\AstrumServer\Generated\connectionstatus_C_4000.cs(132,86): warning CS0436: “D:\Develop\Projects\Astrum\AstrumServer\AstrumServer\Generated\connectionstatus_C_4000.cs”中的类型“ConnectResponse”与“Generated, Version=0.0.0.0, Culture=neutral, PublicKeyToken=null”中的导入类型“ConnectResponse”冲突。请使用“D:\Develop\Projects\Astrum\AstrumServer\AstrumServer\Generated\connectionstatus_C_4000.cs”中定义的类型。 [D:\Develop\Projects\Astrum\AstrumServer\AstrumServer\AstrumServer.csproj]
D:\Develop\Projects\Astrum\AstrumServer\AstrumServer\Generated\connectionstatus_C_4000.cs(132,20): warning CS8603: 可能返回 null 引用。 [D:\Develop\Projects\Astrum\AstrumServer\AstrumServer\AstrumServer.csproj]
D:\Develop\Projects\Astrum\AstrumServer\AstrumServer\obj\Debug\net9.0\MemoryPack.Generator\MemoryPack.Generator.MemoryPackGenerator\Astrum.Generated.ConnectionStatusResponse.MemoryPackFormatter.g.cs(47,74): warning CS0436: “D:\Develop\Projects\Astrum\AstrumServer\AstrumServer\Generated\connectionstatus_C_4000.cs”中的类型“ConnectionStatusResponse”与“Generated, Version=0.0.0.0, Culture=neutral, PublicKeyToken=null”中的导入类型“ConnectionStatusResponse”冲突。请使用“D:\Develop\Projects\Astrum\AstrumServer\AstrumServer\Generated\connectionstatus_C_4000.cs”中定义的类型。 [D:\Develop\Projects\Astrum\AstrumServer\AstrumServer\AstrumServer.csproj]
D:\Develop\Projects\Astrum\AstrumServer\AstrumServer\obj\Debug\net9.0\MemoryPack.Generator\MemoryPack.Generator.MemoryPackGenerator\Astrum.Generated.ConnectionStatusResponse.MemoryPackFormatter.g.cs(49,127): warning CS0436: “D:\Develop\Projects\Astrum\AstrumServer\AstrumServer\Generated\connectionstatus_C_4000.cs”中的类型“ConnectionStatusResponse”与“Generated, Version=0.0.0.0, Culture=neutral, PublicKeyToken=null”中的导入类型“ConnectionStatusResponse”冲突。请使用“D:\Develop\Projects\Astrum\AstrumServer\AstrumServer\Generated\connectionstatus_C_4000.cs”中定义的类型。 [D:\Develop\Projects\Astrum\AstrumServer\AstrumServer\AstrumServer.csproj]
D:\Develop\Projects\Astrum\AstrumServer\AstrumServer\obj\Debug\net9.0\MemoryPack.Generator\MemoryPack.Generator.MemoryPackGenerator\Astrum.Generated.ConnectionStatusResponse.MemoryPackFormatter.g.cs(51,74): warning CS0436: “D:\Develop\Projects\Astrum\AstrumServer\AstrumServer\Generated\connectionstatus_C_4000.cs”中的类型“ConnectionStatusResponse”与“Generated, Version=0.0.0.0, Culture=neutral, PublicKeyToken=null”中的导入类型“ConnectionStatusResponse”冲突。请使用“D:\Develop\Projects\Astrum\AstrumServer\AstrumServer\Generated\connectionstatus_C_4000.cs”中定义的类型。 [D:\Develop\Projects\Astrum\AstrumServer\AstrumServer\AstrumServer.csproj]
D:\Develop\Projects\Astrum\AstrumServer\AstrumServer\obj\Debug\net9.0\MemoryPack.Generator\MemoryPack.Generator.MemoryPackGenerator\Astrum.Generated.ConnectionStatusResponse.MemoryPackFormatter.g.cs(53,118): warning CS0436: “D:\Develop\Projects\Astrum\AstrumServer\AstrumServer\Generated\connectionstatus_C_4000.cs”中的类型“ConnectionStatusResponse”与“Generated, Version=0.0.0.0, Culture=neutral, PublicKeyToken=null”中的导入类型“ConnectionStatusResponse”冲突。请使用“D:\Develop\Projects\Astrum\AstrumServer\AstrumServer\Generated\connectionstatus_C_4000.cs”中定义的类型。 [D:\Develop\Projects\Astrum\AstrumServer\AstrumServer\AstrumServer.csproj]
D:\Develop\Projects\Astrum\AstrumServer\AstrumServer\Generated\connectionstatus_C_4000.cs(75,27): warning CS8625: 无法将 null 字面量转换为非 null 的引用类型。 [D:\Develop\Projects\Astrum\AstrumServer\AstrumServer\AstrumServer.csproj]
D:\Develop\Projects\Astrum\AstrumServer\AstrumServer\Generated\connectionstatus_C_4000.cs(161,28): warning CS8625: 无法将 null 字面量转换为非 null 的引用类型。 [D:\Develop\Projects\Astrum\AstrumServer\AstrumServer\AstrumServer.csproj]
D:\Develop\Projects\Astrum\AstrumServer\AstrumServer\Generated\connectionstatus_C_4000.cs(175,53): warning CS0436: “D:\Develop\Projects\Astrum\AstrumServer\AstrumServer\Generated\connectionstatus_C_4000.cs”中的类型“DisconnectRequest”与“Generated, Version=0.0.0.0, Culture=neutral, PublicKeyToken=null”中的导入类型“DisconnectRequest”冲突。请使用“D:\Develop\Projects\Astrum\AstrumServer\AstrumServer\Generated\connectionstatus_C_4000.cs”中定义的类型。 [D:\Develop\Projects\Astrum\AstrumServer\AstrumServer\AstrumServer.csproj]
D:\Develop\Projects\Astrum\AstrumServer\AstrumServer\Generated\connectionstatus_C_4000.cs(175,88): warning CS0436: “D:\Develop\Projects\Astrum\AstrumServer\AstrumServer\Generated\connectionstatus_C_4000.cs”中的类型“DisconnectRequest”与“Generated, Version=0.0.0.0, Culture=neutral, PublicKeyToken=null”中的导入类型“DisconnectRequest”冲突。请使用“D:\Develop\Projects\Astrum\AstrumServer\AstrumServer\Generated\connectionstatus_C_4000.cs”中定义的类型。 [D:\Develop\Projects\Astrum\AstrumServer\AstrumServer\AstrumServer.csproj]
D:\Develop\Projects\Astrum\AstrumServer\AstrumServer\Generated\connectionstatus_C_4000.cs(175,20): warning CS8603: 可能返回 null 引用。 [D:\Develop\Projects\Astrum\AstrumServer\AstrumServer\AstrumServer.csproj]
D:\Develop\Projects\Astrum\AstrumServer\AstrumServer\Generated\connectionstatus_C_4000.cs(117,34): warning CS8625: 无法将 null 字面量转换为非 null 的引用类型。 [D:\Develop\Projects\Astrum\AstrumServer\AstrumServer\AstrumServer.csproj]
D:\Develop\Projects\Astrum\AstrumServer\AstrumServer\obj\Debug\net9.0\MemoryPack.Generator\MemoryPack.Generator.MemoryPackGenerator\Astrum.Generated.ConnectionStatusChanged.MemoryPackFormatter.g.cs(40,65): warning CS0436: “D:\Develop\Projects\Astrum\AstrumServer\AstrumServer\Generated\connectionstatus_C_4000.cs”中的类型“ConnectionStatusChanged”与“Generated, Version=0.0.0.0, Culture=neutral, PublicKeyToken=null”中的导入类型“ConnectionStatusChanged”冲突。请使用“D:\Develop\Projects\Astrum\AstrumServer\AstrumServer\Generated\connectionstatus_C_4000.cs”中定义的类型。 [D:\Develop\Projects\Astrum\AstrumServer\AstrumServer\AstrumServer.csproj]
D:\Develop\Projects\Astrum\AstrumServer\AstrumServer\obj\Debug\net9.0\MemoryPack.Generator\MemoryPack.Generator.MemoryPackGenerator\Astrum.Generated.ConnectResponse.MemoryPackFormatter.g.cs(41,65): warning CS0436: “D:\Develop\Projects\Astrum\AstrumServer\AstrumServer\Generated\connectionstatus_C_4000.cs”中的类型“ConnectResponse”与“Generated, Version=0.0.0.0, Culture=neutral, PublicKeyToken=null”中的导入类型“ConnectResponse”冲突。请使用“D:\Develop\Projects\Astrum\AstrumServer\AstrumServer\Generated\connectionstatus_C_4000.cs”中定义的类型。 [D:\Develop\Projects\Astrum\AstrumServer\AstrumServer\AstrumServer.csproj]
D:\Develop\Projects\Astrum\AstrumServer\AstrumServer\obj\Debug\net9.0\MemoryPack.Generator\MemoryPack.Generator.MemoryPackGenerator\Astrum.Generated.ConnectRequest.MemoryPackFormatter.g.cs(41,65): warning CS0436: “D:\Develop\Projects\Astrum\AstrumServer\AstrumServer\Generated\connectionstatus_C_4000.cs”中的类型“ConnectRequest”与“Generated, Version=0.0.0.0, Culture=neutral, PublicKeyToken=null”中的导入类型“ConnectRequest”冲突。请使用“D:\Develop\Projects\Astrum\AstrumServer\AstrumServer\Generated\connectionstatus_C_4000.cs”中定义的类型。 [D:\Develop\Projects\Astrum\AstrumServer\AstrumServer\AstrumServer.csproj]
D:\Develop\Projects\Astrum\AstrumServer\AstrumServer\Generated\connectionstatus_C_4000.cs(197,27): warning CS8625: 无法将 null 字面量转换为非 null 的引用类型。 [D:\Develop\Projects\Astrum\AstrumServer\AstrumServer\AstrumServer.csproj]
D:\Develop\Projects\Astrum\AstrumServer\AstrumServer\obj\Debug\net9.0\MemoryPack.Generator\MemoryPack.Generator.MemoryPackGenerator\Astrum.Generated.DisconnectRequest.MemoryPackFormatter.g.cs(40,65): warning CS0436: “D:\Develop\Projects\Astrum\AstrumServer\AstrumServer\Generated\connectionstatus_C_4000.cs”中的类型“DisconnectRequest”与“Generated, Version=0.0.0.0, Culture=neutral, PublicKeyToken=null”中的导入类型“DisconnectRequest”冲突。请使用“D:\Develop\Projects\Astrum\AstrumServer\AstrumServer\Generated\connectionstatus_C_4000.cs”中定义的类型。 [D:\Develop\Projects\Astrum\AstrumServer\AstrumServer\AstrumServer.csproj]
D:\Develop\Projects\Astrum\AstrumServer\AstrumServer\obj\Debug\net9.0\MemoryPack.Generator\MemoryPack.Generator.MemoryPackGenerator\Astrum.Generated.ConnectionStatusChanged.MemoryPackFormatter.g.cs(47,74): warning CS0436: “D:\Develop\Projects\Astrum\AstrumServer\AstrumServer\Generated\connectionstatus_C_4000.cs”中的类型“ConnectionStatusChanged”与“Generated, Version=0.0.0.0, Culture=neutral, PublicKeyToken=null”中的导入类型“ConnectionStatusChanged”冲突。请使用“D:\Develop\Projects\Astrum\AstrumServer\AstrumServer\Generated\connectionstatus_C_4000.cs”中定义的类型。 [D:\Develop\Projects\Astrum\AstrumServer\AstrumServer\AstrumServer.csproj]
D:\Develop\Projects\Astrum\AstrumServer\AstrumServer\obj\Debug\net9.0\MemoryPack.Generator\MemoryPack.Generator.MemoryPackGenerator\Astrum.Generated.ConnectionStatusChanged.MemoryPackFormatter.g.cs(49,127): warning CS0436: “D:\Develop\Projects\Astrum\AstrumServer\AstrumServer\Generated\connectionstatus_C_4000.cs”中的类型“ConnectionStatusChanged”与“Generated, Version=0.0.0.0, Culture=neutral, PublicKeyToken=null”中的导入类型“ConnectionStatusChanged”冲突。请使用“D:\Develop\Projects\Astrum\AstrumServer\AstrumServer\Generated\connectionstatus_C_4000.cs”中定义的类型。 [D:\Develop\Projects\Astrum\AstrumServer\AstrumServer\AstrumServer.csproj]
D:\Develop\Projects\Astrum\AstrumServer\AstrumServer\obj\Debug\net9.0\MemoryPack.Generator\MemoryPack.Generator.MemoryPackGenerator\Astrum.Generated.ConnectionStatusChanged.MemoryPackFormatter.g.cs(51,74): warning CS0436: “D:\Develop\Projects\Astrum\AstrumServer\AstrumServer\Generated\connectionstatus_C_4000.cs”中的类型“ConnectionStatusChanged”与“Generated, Version=0.0.0.0, Culture=neutral, PublicKeyToken=null”中的导入类型“ConnectionStatusChanged”冲突。请使用“D:\Develop\Projects\Astrum\AstrumServer\AstrumServer\Generated\connectionstatus_C_4000.cs”中定义的类型。 [D:\Develop\Projects\Astrum\AstrumServer\AstrumServer\AstrumServer.csproj]
D:\Develop\Projects\Astrum\AstrumServer\AstrumServer\obj\Debug\net9.0\MemoryPack.Generator\MemoryPack.Generator.MemoryPackGenerator\Astrum.Generated.ConnectionStatusChanged.MemoryPackFormatter.g.cs(53,118): warning CS0436: “D:\Develop\Projects\Astrum\AstrumServer\AstrumServer\Generated\connectionstatus_C_4000.cs”中的类型“ConnectionStatusChanged”与“Generated, Version=0.0.0.0, Culture=neutral, PublicKeyToken=null”中的导入类型“ConnectionStatusChanged”冲突。请使用“D:\Develop\Projects\Astrum\AstrumServer\AstrumServer\Generated\connectionstatus_C_4000.cs”中定义的类型。 [D:\Develop\Projects\Astrum\AstrumServer\AstrumServer\AstrumServer.csproj]
D:\Develop\Projects\Astrum\AstrumServer\AstrumServer\obj\Debug\net9.0\MemoryPack.Generator\MemoryPack.Generator.MemoryPackGenerator\Astrum.Generated.DisconnectRequest.MemoryPackFormatter.g.cs(47,74): warning CS0436: “D:\Develop\Projects\Astrum\AstrumServer\AstrumServer\Generated\connectionstatus_C_4000.cs”中的类型“DisconnectRequest”与“Generated, Version=0.0.0.0, Culture=neutral, PublicKeyToken=null”中的导入类型“DisconnectRequest”冲突。请使用“D:\Develop\Projects\Astrum\AstrumServer\AstrumServer\Generated\connectionstatus_C_4000.cs”中定义的类型。 [D:\Develop\Projects\Astrum\AstrumServer\AstrumServer\AstrumServer.csproj]
D:\Develop\Projects\Astrum\AstrumServer\AstrumServer\obj\Debug\net9.0\MemoryPack.Generator\MemoryPack.Generator.MemoryPackGenerator\Astrum.Generated.DisconnectRequest.MemoryPackFormatter.g.cs(49,127): warning CS0436: “D:\Develop\Projects\Astrum\AstrumServer\AstrumServer\Generated\connectionstatus_C_4000.cs”中的类型“DisconnectRequest”与“Generated, Version=0.0.0.0, Culture=neutral, PublicKeyToken=null”中的导入类型“DisconnectRequest”冲突。请使用“D:\Develop\Projects\Astrum\AstrumServer\AstrumServer\Generated\connectionstatus_C_4000.cs”中定义的类型。 [D:\Develop\Projects\Astrum\AstrumServer\AstrumServer\AstrumServer.csproj]
D:\Develop\Projects\Astrum\AstrumServer\AstrumServer\obj\Debug\net9.0\MemoryPack.Generator\MemoryPack.Generator.MemoryPackGenerator\Astrum.Generated.DisconnectRequest.MemoryPackFormatter.g.cs(51,74): warning CS0436: “D:\Develop\Projects\Astrum\AstrumServer\AstrumServer\Generated\connectionstatus_C_4000.cs”中的类型“DisconnectRequest”与“Generated, Version=0.0.0.0, Culture=neutral, PublicKeyToken=null”中的导入类型“DisconnectRequest”冲突。请使用“D:\Develop\Projects\Astrum\AstrumServer\AstrumServer\Generated\connectionstatus_C_4000.cs”中定义的类型。 [D:\Develop\Projects\Astrum\AstrumServer\AstrumServer\AstrumServer.csproj]
D:\Develop\Projects\Astrum\AstrumServer\AstrumServer\obj\Debug\net9.0\MemoryPack.Generator\MemoryPack.Generator.MemoryPackGenerator\Astrum.Generated.DisconnectRequest.MemoryPackFormatter.g.cs(53,118): warning CS0436: “D:\Develop\Projects\Astrum\AstrumServer\AstrumServer\Generated\connectionstatus_C_4000.cs”中的类型“DisconnectRequest”与“Generated, Version=0.0.0.0, Culture=neutral, PublicKeyToken=null”中的导入类型“DisconnectRequest”冲突。请使用“D:\Develop\Projects\Astrum\AstrumServer\AstrumServer\Generated\connectionstatus_C_4000.cs”中定义的类型。 [D:\Develop\Projects\Astrum\AstrumServer\AstrumServer\AstrumServer.csproj]
D:\Develop\Projects\Astrum\AstrumServer\AstrumServer\obj\Debug\net9.0\MemoryPack.Generator\MemoryPack.Generator.MemoryPackGenerator\Astrum.Generated.ConnectRequest.MemoryPackFormatter.g.cs(48,74): warning CS0436: “D:\Develop\Projects\Astrum\AstrumServer\AstrumServer\Generated\connectionstatus_C_4000.cs”中的类型“ConnectRequest”与“Generated, Version=0.0.0.0, Culture=neutral, PublicKeyToken=null”中的导入类型“ConnectRequest”冲突。请使用“D:\Develop\Projects\Astrum\AstrumServer\AstrumServer\Generated\connectionstatus_C_4000.cs”中定义的类型。 [D:\Develop\Projects\Astrum\AstrumServer\AstrumServer\AstrumServer.csproj]
D:\Develop\Projects\Astrum\AstrumServer\AstrumServer\obj\Debug\net9.0\MemoryPack.Generator\MemoryPack.Generator.MemoryPackGenerator\Astrum.Generated.ConnectRequest.MemoryPackFormatter.g.cs(50,127): warning CS0436: “D:\Develop\Projects\Astrum\AstrumServer\AstrumServer\Generated\connectionstatus_C_4000.cs”中的类型“ConnectRequest”与“Generated, Version=0.0.0.0, Culture=neutral, PublicKeyToken=null”中的导入类型“ConnectRequest”冲突。请使用“D:\Develop\Projects\Astrum\AstrumServer\AstrumServer\Generated\connectionstatus_C_4000.cs”中定义的类型。 [D:\Develop\Projects\Astrum\AstrumServer\AstrumServer\AstrumServer.csproj]
D:\Develop\Projects\Astrum\AstrumServer\AstrumServer\obj\Debug\net9.0\MemoryPack.Generator\MemoryPack.Generator.MemoryPackGenerator\Astrum.Generated.ConnectRequest.MemoryPackFormatter.g.cs(52,74): warning CS0436: “D:\Develop\Projects\Astrum\AstrumServer\AstrumServer\Generated\connectionstatus_C_4000.cs”中的类型“ConnectRequest”与“Generated, Version=0.0.0.0, Culture=neutral, PublicKeyToken=null”中的导入类型“ConnectRequest”冲突。请使用“D:\Develop\Projects\Astrum\AstrumServer\AstrumServer\Generated\connectionstatus_C_4000.cs”中定义的类型。 [D:\Develop\Projects\Astrum\AstrumServer\AstrumServer\AstrumServer.csproj]
D:\Develop\Projects\Astrum\AstrumServer\AstrumServer\obj\Debug\net9.0\MemoryPack.Generator\MemoryPack.Generator.MemoryPackGenerator\Astrum.Generated.ConnectRequest.MemoryPackFormatter.g.cs(54,118): warning CS0436: “D:\Develop\Projects\Astrum\AstrumServer\AstrumServer\Generated\connectionstatus_C_4000.cs”中的类型“ConnectRequest”与“Generated, Version=0.0.0.0, Culture=neutral, PublicKeyToken=null”中的导入类型“ConnectRequest”冲突。请使用“D:\Develop\Projects\Astrum\AstrumServer\AstrumServer\Generated\connectionstatus_C_4000.cs”中定义的类型。 [D:\Develop\Projects\Astrum\AstrumServer\AstrumServer\AstrumServer.csproj]
D:\Develop\Projects\Astrum\AstrumServer\AstrumServer\obj\Debug\net9.0\MemoryPack.Generator\MemoryPack.Generator.MemoryPackGenerator\Astrum.Generated.ConnectResponse.MemoryPackFormatter.g.cs(48,74): warning CS0436: “D:\Develop\Projects\Astrum\AstrumServer\AstrumServer\Generated\connectionstatus_C_4000.cs”中的类型“ConnectResponse”与“Generated, Version=0.0.0.0, Culture=neutral, PublicKeyToken=null”中的导入类型“ConnectResponse”冲突。请使用“D:\Develop\Projects\Astrum\AstrumServer\AstrumServer\Generated\connectionstatus_C_4000.cs”中定义的类型。 [D:\Develop\Projects\Astrum\AstrumServer\AstrumServer\AstrumServer.csproj]
D:\Develop\Projects\Astrum\AstrumServer\AstrumServer\obj\Debug\net9.0\MemoryPack.Generator\MemoryPack.Generator.MemoryPackGenerator\Astrum.Generated.ConnectResponse.MemoryPackFormatter.g.cs(50,127): warning CS0436: “D:\Develop\Projects\Astrum\AstrumServer\AstrumServer\Generated\connectionstatus_C_4000.cs”中的类型“ConnectResponse”与“Generated, Version=0.0.0.0, Culture=neutral, PublicKeyToken=null”中的导入类型“ConnectResponse”冲突。请使用“D:\Develop\Projects\Astrum\AstrumServer\AstrumServer\Generated\connectionstatus_C_4000.cs”中定义的类型。 [D:\Develop\Projects\Astrum\AstrumServer\AstrumServer\AstrumServer.csproj]
D:\Develop\Projects\Astrum\AstrumServer\AstrumServer\obj\Debug\net9.0\MemoryPack.Generator\MemoryPack.Generator.MemoryPackGenerator\Astrum.Generated.ConnectResponse.MemoryPackFormatter.g.cs(52,74): warning CS0436: “D:\Develop\Projects\Astrum\AstrumServer\AstrumServer\Generated\connectionstatus_C_4000.cs”中的类型“ConnectResponse”与“Generated, Version=0.0.0.0, Culture=neutral, PublicKeyToken=null”中的导入类型“ConnectResponse”冲突。请使用“D:\Develop\Projects\Astrum\AstrumServer\AstrumServer\Generated\connectionstatus_C_4000.cs”中定义的类型。 [D:\Develop\Projects\Astrum\AstrumServer\AstrumServer\AstrumServer.csproj]
D:\Develop\Projects\Astrum\AstrumServer\AstrumServer\obj\Debug\net9.0\MemoryPack.Generator\MemoryPack.Generator.MemoryPackGenerator\Astrum.Generated.ConnectResponse.MemoryPackFormatter.g.cs(54,118): warning CS0436: “D:\Develop\Projects\Astrum\AstrumServer\AstrumServer\Generated\connectionstatus_C_4000.cs”中的类型“ConnectResponse”与“Generated, Version=0.0.0.0, Culture=neutral, PublicKeyToken=null”中的导入类型“ConnectResponse”冲突。请使用“D:\Develop\Projects\Astrum\AstrumServer\AstrumServer\Generated\connectionstatus_C_4000.cs”中定义的类型。 [D:\Develop\Projects\Astrum\AstrumServer\AstrumServer\AstrumServer.csproj]
D:\Develop\Projects\Astrum\AstrumServer\AstrumServer\Core\GameServer.cs(129,28): warning CS0436: “D:\Develop\Projects\Astrum\AstrumServer\AstrumServer\Generated\connectionstatus_C_4000.cs”中的类型“ConnectResponse”与“Generated, Version=0.0.0.0, Culture=neutral, PublicKeyToken=null”中的导入类型“ConnectResponse”冲突。请使用“D:\Develop\Projects\Astrum\AstrumServer\AstrumServer\Generated\connectionstatus_C_4000.cs”中定义的类型。 [D:\Develop\Projects\Astrum\AstrumServer\AstrumServer\AstrumServer.csproj]
D:\Develop\Projects\Astrum\AstrumServer\AstrumServer\Generated\connectionstatus_C_4000.cs(211,53): warning CS0436: “D:\Develop\Projects\Astrum\AstrumServer\AstrumServer\Generated\connectionstatus_C_4000.cs”中的类型“DisconnectResponse”与“Generated, Version=0.0.0.0, Culture=neutral, PublicKeyToken=null”中的导入类型“DisconnectResponse”冲突。请使用“D:\Develop\Projects\Astrum\AstrumServer\AstrumServer\Generated\connectionstatus_C_4000.cs”中定义的类型。 [D:\Develop\Projects\Astrum\AstrumServer\AstrumServer\AstrumServer.csproj]
D:\Develop\Projects\Astrum\AstrumServer\AstrumServer\Generated\connectionstatus_C_4000.cs(211,89): warning CS0436: “D:\Develop\Projects\Astrum\AstrumServer\AstrumServer\Generated\connectionstatus_C_4000.cs”中的类型“DisconnectResponse”与“Generated, Version=0.0.0.0, Culture=neutral, PublicKeyToken=null”中的导入类型“DisconnectResponse”冲突。请使用“D:\Develop\Projects\Astrum\AstrumServer\AstrumServer\Generated\connectionstatus_C_4000.cs”中定义的类型。 [D:\Develop\Projects\Astrum\AstrumServer\AstrumServer\AstrumServer.csproj]
D:\Develop\Projects\Astrum\AstrumServer\AstrumServer\Generated\connectionstatus_C_4000.cs(211,20): warning CS8603: 可能返回 null 引用。 [D:\Develop\Projects\Astrum\AstrumServer\AstrumServer\AstrumServer.csproj]
D:\Develop\Projects\Astrum\AstrumServer\AstrumServer\Generated\connectionstatus_C_4000.cs(240,28): warning CS8625: 无法将 null 字面量转换为非 null 的引用类型。 [D:\Develop\Projects\Astrum\AstrumServer\AstrumServer\AstrumServer.csproj]
D:\Develop\Projects\Astrum\AstrumServer\AstrumServer\obj\Debug\net9.0\MemoryPack.Generator\MemoryPack.Generator.MemoryPackGenerator\Astrum.Generated.DisconnectResponse.MemoryPackFormatter.g.cs(41,65): warning CS0436: “D:\Develop\Projects\Astrum\AstrumServer\AstrumServer\Generated\connectionstatus_C_4000.cs”中的类型“DisconnectResponse”与“Generated, Version=0.0.0.0, Culture=neutral, PublicKeyToken=null”中的导入类型“DisconnectResponse”冲突。请使用“D:\Develop\Projects\Astrum\AstrumServer\AstrumServer\Generated\connectionstatus_C_4000.cs”中定义的类型。 [D:\Develop\Projects\Astrum\AstrumServer\AstrumServer\AstrumServer.csproj]
D:\Develop\Projects\Astrum\AstrumServer\AstrumServer\Managers\RoomManager.cs(32,32): warning CS0436: “D:\Develop\Projects\Astrum\AstrumServer\AstrumServer\Generated\networkcommon_C_1000.cs”中的类型“RoomInfo”与“Generated, Version=0.0.0.0, Culture=neutral, PublicKeyToken=null”中的导入类型“RoomInfo”冲突。请使用“D:\Develop\Projects\Astrum\AstrumServer\AstrumServer\Generated\networkcommon_C_1000.cs”中定义的类型。 [D:\Develop\Projects\Astrum\AstrumServer\AstrumServer\AstrumServer.csproj]
D:\Develop\Projects\Astrum\AstrumServer\AstrumServer\obj\Debug\net9.0\MemoryPack.Generator\MemoryPack.Generator.MemoryPackGenerator\Astrum.Generated.ConnectRequest.MemoryPackFormatter.g.cs(125,79): warning CS0436: “D:\Develop\Projects\Astrum\AstrumServer\AstrumServer\Generated\connectionstatus_C_4000.cs”中的类型“ConnectRequest”与“Generated, Version=0.0.0.0, Culture=neutral, PublicKeyToken=null”中的导入类型“ConnectRequest”冲突。请使用“D:\Develop\Projects\Astrum\AstrumServer\AstrumServer\Generated\connectionstatus_C_4000.cs”中定义的类型。 [D:\Develop\Projects\Astrum\AstrumServer\AstrumServer\AstrumServer.csproj]
D:\Develop\Projects\Astrum\AstrumServer\AstrumServer\obj\Debug\net9.0\MemoryPack.Generator\MemoryPack.Generator.MemoryPackGenerator\Astrum.Generated.ConnectRequest.MemoryPackFormatter.g.cs(173,21): warning CS0436: “D:\Develop\Projects\Astrum\AstrumServer\AstrumServer\Generated\connectionstatus_C_4000.cs”中的类型“ConnectRequest”与“Generated, Version=0.0.0.0, Culture=neutral, PublicKeyToken=null”中的导入类型“ConnectRequest”冲突。请使用“D:\Develop\Projects\Astrum\AstrumServer\AstrumServer\Generated\connectionstatus_C_4000.cs”中定义的类型。 [D:\Develop\Projects\Astrum\AstrumServer\AstrumServer\AstrumServer.csproj]
D:\Develop\Projects\Astrum\AstrumServer\AstrumServer\Generated\connectionstatus_C_4000.cs(96,23): warning CS8618: 在退出构造函数时，不可为 null 的 属性 "serverAddress" 必须包含非 null 值。请考虑添加 "required" 修饰符或将该 属性 声明为可为 null。 [D:\Develop\Projects\Astrum\AstrumServer\AstrumServer\AstrumServer.csproj]
D:\Develop\Projects\Astrum\AstrumServer\AstrumServer\obj\Debug\net9.0\MemoryPack.Generator\MemoryPack.Generator.MemoryPackGenerator\Astrum.Generated.ConnectionStatusResponse.MemoryPackFormatter.g.cs(121,79): warning CS0436: “D:\Develop\Projects\Astrum\AstrumServer\AstrumServer\Generated\connectionstatus_C_4000.cs”中的类型“ConnectionStatusResponse”与“Generated, Version=0.0.0.0, Culture=neutral, PublicKeyToken=null”中的导入类型“ConnectionStatusResponse”冲突。请使用“D:\Develop\Projects\Astrum\AstrumServer\AstrumServer\Generated\connectionstatus_C_4000.cs”中定义的类型。 [D:\Develop\Projects\Astrum\AstrumServer\AstrumServer\AstrumServer.csproj]
D:\Develop\Projects\Astrum\AstrumServer\AstrumServer\obj\Debug\net9.0\MemoryPack.Generator\MemoryPack.Generator.MemoryPackGenerator\Astrum.Generated.ConnectionStatusResponse.MemoryPackFormatter.g.cs(165,21): warning CS0436: “D:\Develop\Projects\Astrum\AstrumServer\AstrumServer\Generated\connectionstatus_C_4000.cs”中的类型“ConnectionStatusResponse”与“Generated, Version=0.0.0.0, Culture=neutral, PublicKeyToken=null”中的导入类型“ConnectionStatusResponse”冲突。请使用“D:\Develop\Projects\Astrum\AstrumServer\AstrumServer\Generated\connectionstatus_C_4000.cs”中定义的类型。 [D:\Develop\Projects\Astrum\AstrumServer\AstrumServer\AstrumServer.csproj]
D:\Develop\Projects\Astrum\AstrumServer\AstrumServer\Generated\connectionstatus_C_4000.cs(24,23): warning CS8618: 在退出构造函数时，不可为 null 的 属性 "message" 必须包含非 null 值。请考虑添加 "required" 修饰符或将该 属性 声明为可为 null。 [D:\Develop\Projects\Astrum\AstrumServer\AstrumServer\AstrumServer.csproj]
D:\Develop\Projects\Astrum\AstrumServer\AstrumServer\obj\Debug\net9.0\MemoryPack.Generator\MemoryPack.Generator.MemoryPackGenerator\Astrum.Generated.MatchTimeoutNotification.MemoryPackFormatter.g.cs(125,79): warning CS0436: “D:\Develop\Projects\Astrum\AstrumServer\AstrumServer\Generated\networkcommon_C_1000.cs”中的类型“MatchTimeoutNotification”与“Generated, Version=0.0.0.0, Culture=neutral, PublicKeyToken=null”中的导入类型“MatchTimeoutNotification”冲突。请使用“D:\Develop\Projects\Astrum\AstrumServer\AstrumServer\Generated\networkcommon_C_1000.cs”中定义的类型。 [D:\Develop\Projects\Astrum\AstrumServer\AstrumServer\AstrumServer.csproj]
D:\Develop\Projects\Astrum\AstrumServer\AstrumServer\obj\Debug\net9.0\MemoryPack.Generator\MemoryPack.Generator.MemoryPackGenerator\Astrum.Generated.MatchTimeoutNotification.MemoryPackFormatter.g.cs(173,21): warning CS0436: “D:\Develop\Projects\Astrum\AstrumServer\AstrumServer\Generated\networkcommon_C_1000.cs”中的类型“MatchTimeoutNotification”与“Generated, Version=0.0.0.0, Culture=neutral, PublicKeyToken=null”中的导入类型“MatchTimeoutNotification”冲突。请使用“D:\Develop\Projects\Astrum\AstrumServer\AstrumServer\Generated\networkcommon_C_1000.cs”中定义的类型。 [D:\Develop\Projects\Astrum\AstrumServer\AstrumServer\AstrumServer.csproj]
D:\Develop\Projects\Astrum\AstrumServer\AstrumServer\obj\Debug\net9.0\MemoryPack.Generator\MemoryPack.Generator.MemoryPackGenerator\Astrum.Generated.DisconnectResponse.MemoryPackFormatter.g.cs(48,74): warning CS0436: “D:\Develop\Projects\Astrum\AstrumServer\AstrumServer\Generated\connectionstatus_C_4000.cs”中的类型“DisconnectResponse”与“Generated, Version=0.0.0.0, Culture=neutral, PublicKeyToken=null”中的导入类型“DisconnectResponse”冲突。请使用“D:\Develop\Projects\Astrum\AstrumServer\AstrumServer\Generated\connectionstatus_C_4000.cs”中定义的类型。 [D:\Develop\Projects\Astrum\AstrumServer\AstrumServer\AstrumServer.csproj]
D:\Develop\Projects\Astrum\AstrumServer\AstrumServer\obj\Debug\net9.0\MemoryPack.Generator\MemoryPack.Generator.MemoryPackGenerator\Astrum.Generated.DisconnectResponse.MemoryPackFormatter.g.cs(50,127): warning CS0436: “D:\Develop\Projects\Astrum\AstrumServer\AstrumServer\Generated\connectionstatus_C_4000.cs”中的类型“DisconnectResponse”与“Generated, Version=0.0.0.0, Culture=neutral, PublicKeyToken=null”中的导入类型“DisconnectResponse”冲突。请使用“D:\Develop\Projects\Astrum\AstrumServer\AstrumServer\Generated\connectionstatus_C_4000.cs”中定义的类型。 [D:\Develop\Projects\Astrum\AstrumServer\AstrumServer\AstrumServer.csproj]
D:\Develop\Projects\Astrum\AstrumServer\AstrumServer\obj\Debug\net9.0\MemoryPack.Generator\MemoryPack.Generator.MemoryPackGenerator\Astrum.Generated.DisconnectResponse.MemoryPackFormatter.g.cs(52,74): warning CS0436: “D:\Develop\Projects\Astrum\AstrumServer\AstrumServer\Generated\connectionstatus_C_4000.cs”中的类型“DisconnectResponse”与“Generated, Version=0.0.0.0, Culture=neutral, PublicKeyToken=null”中的导入类型“DisconnectResponse”冲突。请使用“D:\Develop\Projects\Astrum\AstrumServer\AstrumServer\Generated\connectionstatus_C_4000.cs”中定义的类型。 [D:\Develop\Projects\Astrum\AstrumServer\AstrumServer\AstrumServer.csproj]
D:\Develop\Projects\Astrum\AstrumServer\AstrumServer\obj\Debug\net9.0\MemoryPack.Generator\MemoryPack.Generator.MemoryPackGenerator\Astrum.Generated.DisconnectResponse.MemoryPackFormatter.g.cs(54,118): warning CS0436: “D:\Develop\Projects\Astrum\AstrumServer\AstrumServer\Generated\connectionstatus_C_4000.cs”中的类型“DisconnectResponse”与“Generated, Version=0.0.0.0, Culture=neutral, PublicKeyToken=null”中的导入类型“DisconnectResponse”冲突。请使用“D:\Develop\Projects\Astrum\AstrumServer\AstrumServer\Generated\connectionstatus_C_4000.cs”中定义的类型。 [D:\Develop\Projects\Astrum\AstrumServer\AstrumServer\AstrumServer.csproj]
D:\Develop\Projects\Astrum\AstrumServer\AstrumServer\obj\Debug\net9.0\MemoryPack.Generator\MemoryPack.Generator.MemoryPackGenerator\Astrum.Generated.ConnectResponse.MemoryPackFormatter.g.cs(125,79): warning CS0436: “D:\Develop\Projects\Astrum\AstrumServer\AstrumServer\Generated\connectionstatus_C_4000.cs”中的类型“ConnectResponse”与“Generated, Version=0.0.0.0, Culture=neutral, PublicKeyToken=null”中的导入类型“ConnectResponse”冲突。请使用“D:\Develop\Projects\Astrum\AstrumServer\AstrumServer\Generated\connectionstatus_C_4000.cs”中定义的类型。 [D:\Develop\Projects\Astrum\AstrumServer\AstrumServer\AstrumServer.csproj]
D:\Develop\Projects\Astrum\AstrumServer\AstrumServer\obj\Debug\net9.0\MemoryPack.Generator\MemoryPack.Generator.MemoryPackGenerator\Astrum.Generated.ConnectResponse.MemoryPackFormatter.g.cs(173,21): warning CS0436: “D:\Develop\Projects\Astrum\AstrumServer\AstrumServer\Generated\connectionstatus_C_4000.cs”中的类型“ConnectResponse”与“Generated, Version=0.0.0.0, Culture=neutral, PublicKeyToken=null”中的导入类型“ConnectResponse”冲突。请使用“D:\Develop\Projects\Astrum\AstrumServer\AstrumServer\Generated\connectionstatus_C_4000.cs”中定义的类型。 [D:\Develop\Projects\Astrum\AstrumServer\AstrumServer\AstrumServer.csproj]
D:\Develop\Projects\Astrum\AstrumServer\AstrumServer\Generated\connectionstatus_C_4000.cs(145,23): warning CS8618: 在退出构造函数时，不可为 null 的 属性 "message" 必须包含非 null 值。请考虑添加 "required" 修饰符或将该 属性 声明为可为 null。 [D:\Develop\Projects\Astrum\AstrumServer\AstrumServer\AstrumServer.csproj]
D:\Develop\Projects\Astrum\AstrumServer\AstrumServer\Generated\gamemessages_C_2000.cs(174,53): warning CS0436: “D:\Develop\Projects\Astrum\AstrumServer\AstrumServer\Generated\gamemessages_C_2000.cs”中的类型“LSInput”与“Generated, Version=0.0.0.0, Culture=neutral, PublicKeyToken=null”中的导入类型“LSInput”冲突。请使用“D:\Develop\Projects\Astrum\AstrumServer\AstrumServer\Generated\gamemessages_C_2000.cs”中定义的类型。 [D:\Develop\Projects\Astrum\AstrumServer\AstrumServer\AstrumServer.csproj]
D:\Develop\Projects\Astrum\AstrumServer\AstrumServer\Generated\gamemessages_C_2000.cs(174,78): warning CS0436: “D:\Develop\Projects\Astrum\AstrumServer\AstrumServer\Generated\gamemessages_C_2000.cs”中的类型“LSInput”与“Generated, Version=0.0.0.0, Culture=neutral, PublicKeyToken=null”中的导入类型“LSInput”冲突。请使用“D:\Develop\Projects\Astrum\AstrumServer\AstrumServer\Generated\gamemessages_C_2000.cs”中定义的类型。 [D:\Develop\Projects\Astrum\AstrumServer\AstrumServer\AstrumServer.csproj]
D:\Develop\Projects\Astrum\AstrumServer\AstrumServer\Generated\gamemessages_C_2000.cs(174,20): warning CS8603: 可能返回 null 引用。 [D:\Develop\Projects\Astrum\AstrumServer\AstrumServer\AstrumServer.csproj]
D:\Develop\Projects\Astrum\AstrumServer\AstrumServer\Generated\gamemessages_C_2000.cs(286,53): warning CS0436: “D:\Develop\Projects\Astrum\AstrumServer\AstrumServer\Generated\gamemessages_C_2000.cs”中的类型“OneFrameInputs”与“Generated, Version=0.0.0.0, Culture=neutral, PublicKeyToken=null”中的导入类型“OneFrameInputs”冲突。请使用“D:\Develop\Projects\Astrum\AstrumServer\AstrumServer\Generated\gamemessages_C_2000.cs”中定义的类型。 [D:\Develop\Projects\Astrum\AstrumServer\AstrumServer\AstrumServer.csproj]
D:\Develop\Projects\Astrum\AstrumServer\AstrumServer\Generated\gamemessages_C_2000.cs(286,85): warning CS0436: “D:\Develop\Projects\Astrum\AstrumServer\AstrumServer\Generated\gamemessages_C_2000.cs”中的类型“OneFrameInputs”与“Generated, Version=0.0.0.0, Culture=neutral, PublicKeyToken=null”中的导入类型“OneFrameInputs”冲突。请使用“D:\Develop\Projects\Astrum\AstrumServer\AstrumServer\Generated\gamemessages_C_2000.cs”中定义的类型。 [D:\Develop\Projects\Astrum\AstrumServer\AstrumServer\AstrumServer.csproj]
D:\Develop\Projects\Astrum\AstrumServer\AstrumServer\Generated\gamemessages_C_2000.cs(286,20): warning CS8603: 可能返回 null 引用。 [D:\Develop\Projects\Astrum\AstrumServer\AstrumServer\AstrumServer.csproj]
D:\Develop\Projects\Astrum\AstrumServer\AstrumServer\Generated\gamemessages_C_2000.cs(17,53): warning CS0436: “D:\Develop\Projects\Astrum\AstrumServer\AstrumServer\Generated\gamemessages_C_2000.cs”中的类型“GameNetworkMessage”与“Generated, Version=0.0.0.0, Culture=neutral, PublicKeyToken=null”中的导入类型“GameNetworkMessage”冲突。请使用“D:\Develop\Projects\Astrum\AstrumServer\AstrumServer\Generated\gamemessages_C_2000.cs”中定义的类型。 [D:\Develop\Projects\Astrum\AstrumServer\AstrumServer\AstrumServer.csproj]
D:\Develop\Projects\Astrum\AstrumServer\AstrumServer\Generated\gamemessages_C_2000.cs(17,89): warning CS0436: “D:\Develop\Projects\Astrum\AstrumServer\AstrumServer\Generated\gamemessages_C_2000.cs”中的类型“GameNetworkMessage”与“Generated, Version=0.0.0.0, Culture=neutral, PublicKeyToken=null”中的导入类型“GameNetworkMessage”冲突。请使用“D:\Develop\Projects\Astrum\AstrumServer\AstrumServer\Generated\gamemessages_C_2000.cs”中定义的类型。 [D:\Develop\Projects\Astrum\AstrumServer\AstrumServer\AstrumServer.csproj]
D:\Develop\Projects\Astrum\AstrumServer\AstrumServer\Generated\gamemessages_C_2000.cs(17,20): warning CS8603: 可能返回 null 引用。 [D:\Develop\Projects\Astrum\AstrumServer\AstrumServer\AstrumServer.csproj]
D:\Develop\Projects\Astrum\AstrumServer\AstrumServer\Generated\gamemessages_C_2000.cs(117,53): warning CS0436: “D:\Develop\Projects\Astrum\AstrumServer\AstrumServer\Generated\gamemessages_C_2000.cs”中的类型“GameRoomState”与“Generated, Version=0.0.0.0, Culture=neutral, PublicKeyToken=null”中的导入类型“GameRoomState”冲突。请使用“D:\Develop\Projects\Astrum\AstrumServer\AstrumServer\Generated\gamemessages_C_2000.cs”中定义的类型。 [D:\Develop\Projects\Astrum\AstrumServer\AstrumServer\AstrumServer.csproj]
D:\Develop\Projects\Astrum\AstrumServer\AstrumServer\Generated\gamemessages_C_2000.cs(117,84): warning CS0436: “D:\Develop\Projects\Astrum\AstrumServer\AstrumServer\Generated\gamemessages_C_2000.cs”中的类型“GameRoomState”与“Generated, Version=0.0.0.0, Culture=neutral, PublicKeyToken=null”中的导入类型“GameRoomState”冲突。请使用“D:\Develop\Projects\Astrum\AstrumServer\AstrumServer\Generated\gamemessages_C_2000.cs”中定义的类型。 [D:\Develop\Projects\Astrum\AstrumServer\AstrumServer\AstrumServer.csproj]
D:\Develop\Projects\Astrum\AstrumServer\AstrumServer\Generated\gamemessages_C_2000.cs(117,20): warning CS8603: 可能返回 null 引用。 [D:\Develop\Projects\Astrum\AstrumServer\AstrumServer\AstrumServer.csproj]
D:\Develop\Projects\Astrum\AstrumServer\AstrumServer\Generated\gamemessages_C_2000.cs(74,53): warning CS0436: “D:\Develop\Projects\Astrum\AstrumServer\AstrumServer\Generated\gamemessages_C_2000.cs”中的类型“GameMessageResponse”与“Generated, Version=0.0.0.0, Culture=neutral, PublicKeyToken=null”中的导入类型“GameMessageResponse”冲突。请使用“D:\Develop\Projects\Astrum\AstrumServer\AstrumServer\Generated\gamemessages_C_2000.cs”中定义的类型。 [D:\Develop\Projects\Astrum\AstrumServer\AstrumServer\AstrumServer.csproj]
D:\Develop\Projects\Astrum\AstrumServer\AstrumServer\Generated\gamemessages_C_2000.cs(74,90): warning CS0436: “D:\Develop\Projects\Astrum\AstrumServer\AstrumServer\Generated\gamemessages_C_2000.cs”中的类型“GameMessageResponse”与“Generated, Version=0.0.0.0, Culture=neutral, PublicKeyToken=null”中的导入类型“GameMessageResponse”冲突。请使用“D:\Develop\Projects\Astrum\AstrumServer\AstrumServer\Generated\gamemessages_C_2000.cs”中定义的类型。 [D:\Develop\Projects\Astrum\AstrumServer\AstrumServer\AstrumServer.csproj]
D:\Develop\Projects\Astrum\AstrumServer\AstrumServer\Generated\gamemessages_C_2000.cs(74,20): warning CS8603: 可能返回 null 引用。 [D:\Develop\Projects\Astrum\AstrumServer\AstrumServer\AstrumServer.csproj]
D:\Develop\Projects\Astrum\AstrumServer\AstrumServer\Generated\networkcommon_C_1000.cs(977,23): warning CS8618: 在退出构造函数时，不可为 null 的 属性 "Message" 必须包含非 null 值。请考虑添加 "required" 修饰符或将该 属性 声明为可为 null。 [D:\Develop\Projects\Astrum\AstrumServer\AstrumServer\AstrumServer.csproj]
D:\Develop\Projects\Astrum\AstrumServer\AstrumServer\obj\Debug\net9.0\MemoryPack.Generator\MemoryPack.Generator.MemoryPackGenerator\Astrum.Generated.DisconnectRequest.MemoryPackFormatter.g.cs(121,79): warning CS0436: “D:\Develop\Projects\Astrum\AstrumServer\AstrumServer\Generated\connectionstatus_C_4000.cs”中的类型“DisconnectRequest”与“Generated, Version=0.0.0.0, Culture=neutral, PublicKeyToken=null”中的导入类型“DisconnectRequest”冲突。请使用“D:\Develop\Projects\Astrum\AstrumServer\AstrumServer\Generated\connectionstatus_C_4000.cs”中定义的类型。 [D:\Develop\Projects\Astrum\AstrumServer\AstrumServer\AstrumServer.csproj]
D:\Develop\Projects\Astrum\AstrumServer\AstrumServer\obj\Debug\net9.0\MemoryPack.Generator\MemoryPack.Generator.MemoryPackGenerator\Astrum.Generated.DisconnectRequest.MemoryPackFormatter.g.cs(165,21): warning CS0436: “D:\Develop\Projects\Astrum\AstrumServer\AstrumServer\Generated\connectionstatus_C_4000.cs”中的类型“DisconnectRequest”与“Generated, Version=0.0.0.0, Culture=neutral, PublicKeyToken=null”中的导入类型“DisconnectRequest”冲突。请使用“D:\Develop\Projects\Astrum\AstrumServer\AstrumServer\Generated\connectionstatus_C_4000.cs”中定义的类型。 [D:\Develop\Projects\Astrum\AstrumServer\AstrumServer\AstrumServer.csproj]
D:\Develop\Projects\Astrum\AstrumServer\AstrumServer\Generated\connectionstatus_C_4000.cs(182,23): warning CS8618: 在退出构造函数时，不可为 null 的 属性 "reason" 必须包含非 null 值。请考虑添加 "required" 修饰符或将该 属性 声明为可为 null。 [D:\Develop\Projects\Astrum\AstrumServer\AstrumServer\AstrumServer.csproj]
D:\Develop\Projects\Astrum\AstrumServer\AstrumServer\Core\GameServer.cs(147,32): warning CS0436: “D:\Develop\Projects\Astrum\AstrumServer\AstrumServer\Generated\connectionstatus_C_4000.cs”中的类型“ConnectResponse”与“Generated, Version=0.0.0.0, Culture=neutral, PublicKeyToken=null”中的导入类型“ConnectResponse”冲突。请使用“D:\Develop\Projects\Astrum\AstrumServer\AstrumServer\Generated\connectionstatus_C_4000.cs”中定义的类型。 [D:\Develop\Projects\Astrum\AstrumServer\AstrumServer\AstrumServer.csproj]
D:\Develop\Projects\Astrum\AstrumServer\AstrumServer\Core\GameServer.cs(162,32): warning CS0436: “D:\Develop\Projects\Astrum\AstrumServer\AstrumServer\Generated\connectionstatus_C_4000.cs”中的类型“ConnectResponse”与“Generated, Version=0.0.0.0, Culture=neutral, PublicKeyToken=null”中的导入类型“ConnectResponse”冲突。请使用“D:\Develop\Projects\Astrum\AstrumServer\AstrumServer\Generated\connectionstatus_C_4000.cs”中定义的类型。 [D:\Develop\Projects\Astrum\AstrumServer\AstrumServer\AstrumServer.csproj]
D:\Develop\Projects\Astrum\AstrumServer\AstrumServer\Generated\gamemessages_C_2000.cs(57,25): warning CS8625: 无法将 null 字面量转换为非 null 的引用类型。 [D:\Develop\Projects\Astrum\AstrumServer\AstrumServer\AstrumServer.csproj]
D:\Develop\Projects\Astrum\AstrumServer\AstrumServer\Generated\gamemessages_C_2000.cs(58,25): warning CS8625: 无法将 null 字面量转换为非 null 的引用类型。 [D:\Develop\Projects\Astrum\AstrumServer\AstrumServer\AstrumServer.csproj]
D:\Develop\Projects\Astrum\AstrumServer\AstrumServer\Generated\gamemessages_C_2000.cs(59,26): warning CS8625: 无法将 null 字面量转换为非 null 的引用类型。 [D:\Develop\Projects\Astrum\AstrumServer\AstrumServer\AstrumServer.csproj]
D:\Develop\Projects\Astrum\AstrumServer\AstrumServer\Generated\gamemessages_C_2000.cs(103,28): warning CS8625: 无法将 null 字面量转换为非 null 的引用类型。 [D:\Develop\Projects\Astrum\AstrumServer\AstrumServer\AstrumServer.csproj]
D:\Develop\Projects\Astrum\AstrumServer\AstrumServer\obj\Debug\net9.0\MemoryPack.Generator\MemoryPack.Generator.MemoryPackGenerator\Astrum.Generated.GameMessageResponse.MemoryPackFormatter.g.cs(41,65): warning CS0436: “D:\Develop\Projects\Astrum\AstrumServer\AstrumServer\Generated\gamemessages_C_2000.cs”中的类型“GameMessageResponse”与“Generated, Version=0.0.0.0, Culture=neutral, PublicKeyToken=null”中的导入类型“GameMessageResponse”冲突。请使用“D:\Develop\Projects\Astrum\AstrumServer\AstrumServer\Generated\gamemessages_C_2000.cs”中定义的类型。 [D:\Develop\Projects\Astrum\AstrumServer\AstrumServer\AstrumServer.csproj]
D:\Develop\Projects\Astrum\AstrumServer\AstrumServer\Generated\gamemessages_C_2000.cs(157,27): warning CS8625: 无法将 null 字面量转换为非 null 的引用类型。 [D:\Develop\Projects\Astrum\AstrumServer\AstrumServer\AstrumServer.csproj]
D:\Develop\Projects\Astrum\AstrumServer\AstrumServer\obj\Debug\net9.0\MemoryPack.Generator\MemoryPack.Generator.MemoryPackGenerator\Astrum.Generated.GameRoomState.MemoryPackFormatter.g.cs(43,65): warning CS0436: “D:\Develop\Projects\Astrum\AstrumServer\AstrumServer\Generated\gamemessages_C_2000.cs”中的类型“GameRoomState”与“Generated, Version=0.0.0.0, Culture=neutral, PublicKeyToken=null”中的导入类型“GameRoomState”冲突。请使用“D:\Develop\Projects\Astrum\AstrumServer\AstrumServer\Generated\gamemessages_C_2000.cs”中定义的类型。 [D:\Develop\Projects\Astrum\AstrumServer\AstrumServer\AstrumServer.csproj]
D:\Develop\Projects\Astrum\AstrumServer\AstrumServer\obj\Debug\net9.0\MemoryPack.Generator\MemoryPack.Generator.MemoryPackGenerator\Astrum.Generated.OneFrameInputs.MemoryPackFormatter.g.cs(39,65): warning CS0436: “D:\Develop\Projects\Astrum\AstrumServer\AstrumServer\Generated\gamemessages_C_2000.cs”中的类型“OneFrameInputs”与“Generated, Version=0.0.0.0, Culture=neutral, PublicKeyToken=null”中的导入类型“OneFrameInputs”冲突。请使用“D:\Develop\Projects\Astrum\AstrumServer\AstrumServer\Generated\gamemessages_C_2000.cs”中定义的类型。 [D:\Develop\Projects\Astrum\AstrumServer\AstrumServer\AstrumServer.csproj]
D:\Develop\Projects\Astrum\AstrumServer\AstrumServer\obj\Debug\net9.0\MemoryPack.Generator\MemoryPack.Generator.MemoryPackGenerator\Astrum.Generated.GameNetworkMessage.MemoryPackFormatter.g.cs(43,65): warning CS0436: “D:\Develop\Projects\Astrum\AstrumServer\AstrumServer\Generated\gamemessages_C_2000.cs”中的类型“GameNetworkMessage”与“Generated, Version=0.0.0.0, Culture=neutral, PublicKeyToken=null”中的导入类型“GameNetworkMessage”冲突。请使用“D:\Develop\Projects\Astrum\AstrumServer\AstrumServer\Generated\gamemessages_C_2000.cs”中定义的类型。 [D:\Develop\Projects\Astrum\AstrumServer\AstrumServer\AstrumServer.csproj]
D:\Develop\Projects\Astrum\AstrumServer\AstrumServer\obj\Debug\net9.0\MemoryPack.Generator\MemoryPack.Generator.MemoryPackGenerator\Astrum.Generated.ConnectionStatusChanged.MemoryPackFormatter.g.cs(121,79): warning CS0436: “D:\Develop\Projects\Astrum\AstrumServer\AstrumServer\Generated\connectionstatus_C_4000.cs”中的类型“ConnectionStatusChanged”与“Generated, Version=0.0.0.0, Culture=neutral, PublicKeyToken=null”中的导入类型“ConnectionStatusChanged”冲突。请使用“D:\Develop\Projects\Astrum\AstrumServer\AstrumServer\Generated\connectionstatus_C_4000.cs”中定义的类型。 [D:\Develop\Projects\Astrum\AstrumServer\AstrumServer\AstrumServer.csproj]
D:\Develop\Projects\Astrum\AstrumServer\AstrumServer\obj\Debug\net9.0\MemoryPack.Generator\MemoryPack.Generator.MemoryPackGenerator\Astrum.Generated.ConnectionStatusChanged.MemoryPackFormatter.g.cs(165,21): warning CS0436: “D:\Develop\Projects\Astrum\AstrumServer\AstrumServer\Generated\connectionstatus_C_4000.cs”中的类型“ConnectionStatusChanged”与“Generated, Version=0.0.0.0, Culture=neutral, PublicKeyToken=null”中的导入类型“ConnectionStatusChanged”冲突。请使用“D:\Develop\Projects\Astrum\AstrumServer\AstrumServer\Generated\connectionstatus_C_4000.cs”中定义的类型。 [D:\Develop\Projects\Astrum\AstrumServer\AstrumServer\AstrumServer.csproj]
D:\Develop\Projects\Astrum\AstrumServer\AstrumServer\Generated\connectionstatus_C_4000.cs(60,23): warning CS8618: 在退出构造函数时，不可为 null 的 属性 "reason" 必须包含非 null 值。请考虑添加 "required" 修饰符或将该 属性 声明为可为 null。 [D:\Develop\Projects\Astrum\AstrumServer\AstrumServer\AstrumServer.csproj]
D:\Develop\Projects\Astrum\AstrumServer\AstrumServer\Managers\MatchmakingManager.cs(20,27): warning CS8618: 在退出构造函数时，不可为 null 的 属性 "UserId" 必须包含非 null 值。请考虑添加 "required" 修饰符或将该 属性 声明为可为 null。 [D:\Develop\Projects\Astrum\AstrumServer\AstrumServer\AstrumServer.csproj]
D:\Develop\Projects\Astrum\AstrumServer\AstrumServer\Managers\MatchmakingManager.cs(21,27): warning CS8618: 在退出构造函数时，不可为 null 的 属性 "DisplayName" 必须包含非 null 值。请考虑添加 "required" 修饰符或将该 属性 声明为可为 null。 [D:\Develop\Projects\Astrum\AstrumServer\AstrumServer\AstrumServer.csproj]
D:\Develop\Projects\Astrum\AstrumServer\AstrumServer\obj\Debug\net9.0\MemoryPack.Generator\MemoryPack.Generator.MemoryPackGenerator\Astrum.Generated.LSInput.MemoryPackFormatter.g.cs(51,65): warning CS0436: “D:\Develop\Projects\Astrum\AstrumServer\AstrumServer\Generated\gamemessages_C_2000.cs”中的类型“LSInput”与“Generated, Version=0.0.0.0, Culture=neutral, PublicKeyToken=null”中的导入类型“LSInput”冲突。请使用“D:\Develop\Projects\Astrum\AstrumServer\AstrumServer\Generated\gamemessages_C_2000.cs”中定义的类型。 [D:\Develop\Projects\Astrum\AstrumServer\AstrumServer\AstrumServer.csproj]
D:\Develop\Projects\Astrum\AstrumServer\AstrumServer\obj\Debug\net9.0\MemoryPack.Generator\MemoryPack.Generator.MemoryPackGenerator\Astrum.Generated.GameMessageResponse.MemoryPackFormatter.g.cs(48,74): warning CS0436: “D:\Develop\Projects\Astrum\AstrumServer\AstrumServer\Generated\gamemessages_C_2000.cs”中的类型“GameMessageResponse”与“Generated, Version=0.0.0.0, Culture=neutral, PublicKeyToken=null”中的导入类型“GameMessageResponse”冲突。请使用“D:\Develop\Projects\Astrum\AstrumServer\AstrumServer\Generated\gamemessages_C_2000.cs”中定义的类型。 [D:\Develop\Projects\Astrum\AstrumServer\AstrumServer\AstrumServer.csproj]
D:\Develop\Projects\Astrum\AstrumServer\AstrumServer\obj\Debug\net9.0\MemoryPack.Generator\MemoryPack.Generator.MemoryPackGenerator\Astrum.Generated.GameMessageResponse.MemoryPackFormatter.g.cs(50,127): warning CS0436: “D:\Develop\Projects\Astrum\AstrumServer\AstrumServer\Generated\gamemessages_C_2000.cs”中的类型“GameMessageResponse”与“Generated, Version=0.0.0.0, Culture=neutral, PublicKeyToken=null”中的导入类型“GameMessageResponse”冲突。请使用“D:\Develop\Projects\Astrum\AstrumServer\AstrumServer\Generated\gamemessages_C_2000.cs”中定义的类型。 [D:\Develop\Projects\Astrum\AstrumServer\AstrumServer\AstrumServer.csproj]
D:\Develop\Projects\Astrum\AstrumServer\AstrumServer\obj\Debug\net9.0\MemoryPack.Generator\MemoryPack.Generator.MemoryPackGenerator\Astrum.Generated.GameMessageResponse.MemoryPackFormatter.g.cs(52,74): warning CS0436: “D:\Develop\Projects\Astrum\AstrumServer\AstrumServer\Generated\gamemessages_C_2000.cs”中的类型“GameMessageResponse”与“Generated, Version=0.0.0.0, Culture=neutral, PublicKeyToken=null”中的导入类型“GameMessageResponse”冲突。请使用“D:\Develop\Projects\Astrum\AstrumServer\AstrumServer\Generated\gamemessages_C_2000.cs”中定义的类型。 [D:\Develop\Projects\Astrum\AstrumServer\AstrumServer\AstrumServer.csproj]
D:\Develop\Projects\Astrum\AstrumServer\AstrumServer\obj\Debug\net9.0\MemoryPack.Generator\MemoryPack.Generator.MemoryPackGenerator\Astrum.Generated.GameMessageResponse.MemoryPackFormatter.g.cs(54,118): warning CS0436: “D:\Develop\Projects\Astrum\AstrumServer\AstrumServer\Generated\gamemessages_C_2000.cs”中的类型“GameMessageResponse”与“Generated, Version=0.0.0.0, Culture=neutral, PublicKeyToken=null”中的导入类型“GameMessageResponse”冲突。请使用“D:\Develop\Projects\Astrum\AstrumServer\AstrumServer\Generated\gamemessages_C_2000.cs”中定义的类型。 [D:\Develop\Projects\Astrum\AstrumServer\AstrumServer\AstrumServer.csproj]
D:\Develop\Projects\Astrum\AstrumServer\AstrumServer\obj\Debug\net9.0\MemoryPack.Generator\MemoryPack.Generator.MemoryPackGenerator\Astrum.Generated.OneFrameInputs.MemoryPackFormatter.g.cs(46,74): warning CS0436: “D:\Develop\Projects\Astrum\AstrumServer\AstrumServer\Generated\gamemessages_C_2000.cs”中的类型“OneFrameInputs”与“Generated, Version=0.0.0.0, Culture=neutral, PublicKeyToken=null”中的导入类型“OneFrameInputs”冲突。请使用“D:\Develop\Projects\Astrum\AstrumServer\AstrumServer\Generated\gamemessages_C_2000.cs”中定义的类型。 [D:\Develop\Projects\Astrum\AstrumServer\AstrumServer\AstrumServer.csproj]
D:\Develop\Projects\Astrum\AstrumServer\AstrumServer\obj\Debug\net9.0\MemoryPack.Generator\MemoryPack.Generator.MemoryPackGenerator\Astrum.Generated.OneFrameInputs.MemoryPackFormatter.g.cs(48,127): warning CS0436: “D:\Develop\Projects\Astrum\AstrumServer\AstrumServer\Generated\gamemessages_C_2000.cs”中的类型“OneFrameInputs”与“Generated, Version=0.0.0.0, Culture=neutral, PublicKeyToken=null”中的导入类型“OneFrameInputs”冲突。请使用“D:\Develop\Projects\Astrum\AstrumServer\AstrumServer\Generated\gamemessages_C_2000.cs”中定义的类型。 [D:\Develop\Projects\Astrum\AstrumServer\AstrumServer\AstrumServer.csproj]
D:\Develop\Projects\Astrum\AstrumServer\AstrumServer\obj\Debug\net9.0\MemoryPack.Generator\MemoryPack.Generator.MemoryPackGenerator\Astrum.Generated.OneFrameInputs.MemoryPackFormatter.g.cs(50,74): warning CS0436: “D:\Develop\Projects\Astrum\AstrumServer\AstrumServer\Generated\gamemessages_C_2000.cs”中的类型“OneFrameInputs”与“Generated, Version=0.0.0.0, Culture=neutral, PublicKeyToken=null”中的导入类型“OneFrameInputs”冲突。请使用“D:\Develop\Projects\Astrum\AstrumServer\AstrumServer\Generated\gamemessages_C_2000.cs”中定义的类型。 [D:\Develop\Projects\Astrum\AstrumServer\AstrumServer\AstrumServer.csproj]
D:\Develop\Projects\Astrum\AstrumServer\AstrumServer\obj\Debug\net9.0\MemoryPack.Generator\MemoryPack.Generator.MemoryPackGenerator\Astrum.Generated.OneFrameInputs.MemoryPackFormatter.g.cs(52,118): warning CS0436: “D:\Develop\Projects\Astrum\AstrumServer\AstrumServer\Generated\gamemessages_C_2000.cs”中的类型“OneFrameInputs”与“Generated, Version=0.0.0.0, Culture=neutral, PublicKeyToken=null”中的导入类型“OneFrameInputs”冲突。请使用“D:\Develop\Projects\Astrum\AstrumServer\AstrumServer\Generated\gamemessages_C_2000.cs”中定义的类型。 [D:\Develop\Projects\Astrum\AstrumServer\AstrumServer\AstrumServer.csproj]
D:\Develop\Projects\Astrum\AstrumServer\AstrumServer\obj\Debug\net9.0\MemoryPack.Generator\MemoryPack.Generator.MemoryPackGenerator\Astrum.Generated.OneFrameInputs.MemoryPackFormatter.g.cs(54,151): warning CS0436: “D:\Develop\Projects\Astrum\AstrumServer\AstrumServer\Generated\gamemessages_C_2000.cs”中的类型“LSInput”与“Generated, Version=0.0.0.0, Culture=neutral, PublicKeyToken=null”中的导入类型“LSInput”冲突。请使用“D:\Develop\Projects\Astrum\AstrumServer\AstrumServer\Generated\gamemessages_C_2000.cs”中定义的类型。 [D:\Develop\Projects\Astrum\AstrumServer\AstrumServer\AstrumServer.csproj]
D:\Develop\Projects\Astrum\AstrumServer\AstrumServer\obj\Debug\net9.0\MemoryPack.Generator\MemoryPack.Generator.MemoryPackGenerator\Astrum.Generated.OneFrameInputs.MemoryPackFormatter.g.cs(56,154): warning CS0436: “D:\Develop\Projects\Astrum\AstrumServer\AstrumServer\Generated\gamemessages_C_2000.cs”中的类型“LSInput”与“Generated, Version=0.0.0.0, Culture=neutral, PublicKeyToken=null”中的导入类型“LSInput”冲突。请使用“D:\Develop\Projects\Astrum\AstrumServer\AstrumServer\Generated\gamemessages_C_2000.cs”中定义的类型。 [D:\Develop\Projects\Astrum\AstrumServer\AstrumServer\AstrumServer.csproj]
D:\Develop\Projects\Astrum\AstrumServer\AstrumServer\obj\Debug\net9.0\MemoryPack.Generator\MemoryPack.Generator.MemoryPackGenerator\Astrum.Generated.GameNetworkMessage.MemoryPackFormatter.g.cs(50,74): warning CS0436: “D:\Develop\Projects\Astrum\AstrumServer\AstrumServer\Generated\gamemessages_C_2000.cs”中的类型“GameNetworkMessage”与“Generated, Version=0.0.0.0, Culture=neutral, PublicKeyToken=null”中的导入类型“GameNetworkMessage”冲突。请使用“D:\Develop\Projects\Astrum\AstrumServer\AstrumServer\Generated\gamemessages_C_2000.cs”中定义的类型。 [D:\Develop\Projects\Astrum\AstrumServer\AstrumServer\AstrumServer.csproj]
D:\Develop\Projects\Astrum\AstrumServer\AstrumServer\obj\Debug\net9.0\MemoryPack.Generator\MemoryPack.Generator.MemoryPackGenerator\Astrum.Generated.GameNetworkMessage.MemoryPackFormatter.g.cs(52,127): warning CS0436: “D:\Develop\Projects\Astrum\AstrumServer\AstrumServer\Generated\gamemessages_C_2000.cs”中的类型“GameNetworkMessage”与“Generated, Version=0.0.0.0, Culture=neutral, PublicKeyToken=null”中的导入类型“GameNetworkMessage”冲突。请使用“D:\Develop\Projects\Astrum\AstrumServer\AstrumServer\Generated\gamemessages_C_2000.cs”中定义的类型。 [D:\Develop\Projects\Astrum\AstrumServer\AstrumServer\AstrumServer.csproj]
D:\Develop\Projects\Astrum\AstrumServer\AstrumServer\obj\Debug\net9.0\MemoryPack.Generator\MemoryPack.Generator.MemoryPackGenerator\Astrum.Generated.GameNetworkMessage.MemoryPackFormatter.g.cs(54,74): warning CS0436: “D:\Develop\Projects\Astrum\AstrumServer\AstrumServer\Generated\gamemessages_C_2000.cs”中的类型“GameNetworkMessage”与“Generated, Version=0.0.0.0, Culture=neutral, PublicKeyToken=null”中的导入类型“GameNetworkMessage”冲突。请使用“D:\Develop\Projects\Astrum\AstrumServer\AstrumServer\Generated\gamemessages_C_2000.cs”中定义的类型。 [D:\Develop\Projects\Astrum\AstrumServer\AstrumServer\AstrumServer.csproj]
D:\Develop\Projects\Astrum\AstrumServer\AstrumServer\obj\Debug\net9.0\MemoryPack.Generator\MemoryPack.Generator.MemoryPackGenerator\Astrum.Generated.GameNetworkMessage.MemoryPackFormatter.g.cs(56,118): warning CS0436: “D:\Develop\Projects\Astrum\AstrumServer\AstrumServer\Generated\gamemessages_C_2000.cs”中的类型“GameNetworkMessage”与“Generated, Version=0.0.0.0, Culture=neutral, PublicKeyToken=null”中的导入类型“GameNetworkMessage”冲突。请使用“D:\Develop\Projects\Astrum\AstrumServer\AstrumServer\Generated\gamemessages_C_2000.cs”中定义的类型。 [D:\Develop\Projects\Astrum\AstrumServer\AstrumServer\AstrumServer.csproj]
D:\Develop\Projects\Astrum\AstrumServer\AstrumServer\Generated\gamemessages_C_2000.cs(357,53): warning CS0436: “D:\Develop\Projects\Astrum\AstrumServer\AstrumServer\Generated\gamemessages_C_2000.cs”中的类型“PlayerResult”与“Generated, Version=0.0.0.0, Culture=neutral, PublicKeyToken=null”中的导入类型“PlayerResult”冲突。请使用“D:\Develop\Projects\Astrum\AstrumServer\AstrumServer\Generated\gamemessages_C_2000.cs”中定义的类型。 [D:\Develop\Projects\Astrum\AstrumServer\AstrumServer\AstrumServer.csproj]
D:\Develop\Projects\Astrum\AstrumServer\AstrumServer\Generated\gamemessages_C_2000.cs(357,83): warning CS0436: “D:\Develop\Projects\Astrum\AstrumServer\AstrumServer\Generated\gamemessages_C_2000.cs”中的类型“PlayerResult”与“Generated, Version=0.0.0.0, Culture=neutral, PublicKeyToken=null”中的导入类型“PlayerResult”冲突。请使用“D:\Develop\Projects\Astrum\AstrumServer\AstrumServer\Generated\gamemessages_C_2000.cs”中定义的类型。 [D:\Develop\Projects\Astrum\AstrumServer\AstrumServer\AstrumServer.csproj]
D:\Develop\Projects\Astrum\AstrumServer\AstrumServer\Generated\gamemessages_C_2000.cs(357,20): warning CS8603: 可能返回 null 引用。 [D:\Develop\Projects\Astrum\AstrumServer\AstrumServer\AstrumServer.csproj]
D:\Develop\Projects\Astrum\AstrumServer\AstrumServer\Generated\gamemessages_C_2000.cs(314,53): warning CS0436: “D:\Develop\Projects\Astrum\AstrumServer\AstrumServer\Generated\gamemessages_C_2000.cs”中的类型“GameResult”与“Generated, Version=0.0.0.0, Culture=neutral, PublicKeyToken=null”中的导入类型“GameResult”冲突。请使用“D:\Develop\Projects\Astrum\AstrumServer\AstrumServer\Generated\gamemessages_C_2000.cs”中定义的类型。 [D:\Develop\Projects\Astrum\AstrumServer\AstrumServer\AstrumServer.csproj]
D:\Develop\Projects\Astrum\AstrumServer\AstrumServer\Generated\gamemessages_C_2000.cs(314,81): warning CS0436: “D:\Develop\Projects\Astrum\AstrumServer\AstrumServer\Generated\gamemessages_C_2000.cs”中的类型“GameResult”与“Generated, Version=0.0.0.0, Culture=neutral, PublicKeyToken=null”中的导入类型“GameResult”冲突。请使用“D:\Develop\Projects\Astrum\AstrumServer\AstrumServer\Generated\gamemessages_C_2000.cs”中定义的类型。 [D:\Develop\Projects\Astrum\AstrumServer\AstrumServer\AstrumServer.csproj]
D:\Develop\Projects\Astrum\AstrumServer\AstrumServer\Generated\gamemessages_C_2000.cs(314,20): warning CS8603: 可能返回 null 引用。 [D:\Develop\Projects\Astrum\AstrumServer\AstrumServer\AstrumServer.csproj]
D:\Develop\Projects\Astrum\AstrumServer\AstrumServer\Managers\FrameSyncManager.cs(813,66): warning CS0436: “D:\Develop\Projects\Astrum\AstrumServer\AstrumServer\Generated\gamemessages_C_2000.cs”中的类型“LSInput”与“Generated, Version=0.0.0.0, Culture=neutral, PublicKeyToken=null”中的导入类型“LSInput”冲突。请使用“D:\Develop\Projects\Astrum\AstrumServer\AstrumServer\Generated\gamemessages_C_2000.cs”中定义的类型。 [D:\Develop\Projects\Astrum\AstrumServer\AstrumServer\AstrumServer.csproj]
D:\Develop\Projects\Astrum\AstrumServer\AstrumServer\obj\Debug\net9.0\MemoryPack.Generator\MemoryPack.Generator.MemoryPackGenerator\Astrum.Generated.GameRoomState.MemoryPackFormatter.g.cs(50,74): warning CS0436: “D:\Develop\Projects\Astrum\AstrumServer\AstrumServer\Generated\gamemessages_C_2000.cs”中的类型“GameRoomState”与“Generated, Version=0.0.0.0, Culture=neutral, PublicKeyToken=null”中的导入类型“GameRoomState”冲突。请使用“D:\Develop\Projects\Astrum\AstrumServer\AstrumServer\Generated\gamemessages_C_2000.cs”中定义的类型。 [D:\Develop\Projects\Astrum\AstrumServer\AstrumServer\AstrumServer.csproj]
D:\Develop\Projects\Astrum\AstrumServer\AstrumServer\obj\Debug\net9.0\MemoryPack.Generator\MemoryPack.Generator.MemoryPackGenerator\Astrum.Generated.GameRoomState.MemoryPackFormatter.g.cs(52,127): warning CS0436: “D:\Develop\Projects\Astrum\AstrumServer\AstrumServer\Generated\gamemessages_C_2000.cs”中的类型“GameRoomState”与“Generated, Version=0.0.0.0, Culture=neutral, PublicKeyToken=null”中的导入类型“GameRoomState”冲突。请使用“D:\Develop\Projects\Astrum\AstrumServer\AstrumServer\Generated\gamemessages_C_2000.cs”中定义的类型。 [D:\Develop\Projects\Astrum\AstrumServer\AstrumServer\AstrumServer.csproj]
D:\Develop\Projects\Astrum\AstrumServer\AstrumServer\obj\Debug\net9.0\MemoryPack.Generator\MemoryPack.Generator.MemoryPackGenerator\Astrum.Generated.GameRoomState.MemoryPackFormatter.g.cs(54,74): warning CS0436: “D:\Develop\Projects\Astrum\AstrumServer\AstrumServer\Generated\gamemessages_C_2000.cs”中的类型“GameRoomState”与“Generated, Version=0.0.0.0, Culture=neutral, PublicKeyToken=null”中的导入类型“GameRoomState”冲突。请使用“D:\Develop\Projects\Astrum\AstrumServer\AstrumServer\Generated\gamemessages_C_2000.cs”中定义的类型。 [D:\Develop\Projects\Astrum\AstrumServer\AstrumServer\AstrumServer.csproj]
D:\Develop\Projects\Astrum\AstrumServer\AstrumServer\obj\Debug\net9.0\MemoryPack.Generator\MemoryPack.Generator.MemoryPackGenerator\Astrum.Generated.GameRoomState.MemoryPackFormatter.g.cs(56,118): warning CS0436: “D:\Develop\Projects\Astrum\AstrumServer\AstrumServer\Generated\gamemessages_C_2000.cs”中的类型“GameRoomState”与“Generated, Version=0.0.0.0, Culture=neutral, PublicKeyToken=null”中的导入类型“GameRoomState”冲突。请使用“D:\Develop\Projects\Astrum\AstrumServer\AstrumServer\Generated\gamemessages_C_2000.cs”中定义的类型。 [D:\Develop\Projects\Astrum\AstrumServer\AstrumServer\AstrumServer.csproj]
D:\Develop\Projects\Astrum\AstrumServer\AstrumServer\Generated\gamemessages_C_2000.cs(391,29): warning CS8625: 无法将 null 字面量转换为非 null 的引用类型。 [D:\Develop\Projects\Astrum\AstrumServer\AstrumServer\AstrumServer.csproj]
D:\Develop\Projects\Astrum\AstrumServer\AstrumServer\obj\Debug\net9.0\MemoryPack.Generator\MemoryPack.Generator.MemoryPackGenerator\Astrum.Generated.PlayerResult.MemoryPackFormatter.g.cs(42,65): warning CS0436: “D:\Develop\Projects\Astrum\AstrumServer\AstrumServer\Generated\gamemessages_C_2000.cs”中的类型“PlayerResult”与“Generated, Version=0.0.0.0, Culture=neutral, PublicKeyToken=null”中的导入类型“PlayerResult”冲突。请使用“D:\Develop\Projects\Astrum\AstrumServer\AstrumServer\Generated\gamemessages_C_2000.cs”中定义的类型。 [D:\Develop\Projects\Astrum\AstrumServer\AstrumServer\AstrumServer.csproj]
D:\Develop\Projects\Astrum\AstrumServer\AstrumServer\obj\Debug\net9.0\MemoryPack.Generator\MemoryPack.Generator.MemoryPackGenerator\Astrum.Generated.LSInput.MemoryPackFormatter.g.cs(61,74): warning CS0436: “D:\Develop\Projects\Astrum\AstrumServer\AstrumServer\Generated\gamemessages_C_2000.cs”中的类型“LSInput”与“Generated, Version=0.0.0.0, Culture=neutral, PublicKeyToken=null”中的导入类型“LSInput”冲突。请使用“D:\Develop\Projects\Astrum\AstrumServer\AstrumServer\Generated\gamemessages_C_2000.cs”中定义的类型。 [D:\Develop\Projects\Astrum\AstrumServer\AstrumServer\AstrumServer.csproj]
D:\Develop\Projects\Astrum\AstrumServer\AstrumServer\obj\Debug\net9.0\MemoryPack.Generator\MemoryPack.Generator.MemoryPackGenerator\Astrum.Generated.LSInput.MemoryPackFormatter.g.cs(63,127): warning CS0436: “D:\Develop\Projects\Astrum\AstrumServer\AstrumServer\Generated\gamemessages_C_2000.cs”中的类型“LSInput”与“Generated, Version=0.0.0.0, Culture=neutral, PublicKeyToken=null”中的导入类型“LSInput”冲突。请使用“D:\Develop\Projects\Astrum\AstrumServer\AstrumServer\Generated\gamemessages_C_2000.cs”中定义的类型。 [D:\Develop\Projects\Astrum\AstrumServer\AstrumServer\AstrumServer.csproj]
D:\Develop\Projects\Astrum\AstrumServer\AstrumServer\obj\Debug\net9.0\MemoryPack.Generator\MemoryPack.Generator.MemoryPackGenerator\Astrum.Generated.LSInput.MemoryPackFormatter.g.cs(65,74): warning CS0436: “D:\Develop\Projects\Astrum\AstrumServer\AstrumServer\Generated\gamemessages_C_2000.cs”中的类型“LSInput”与“Generated, Version=0.0.0.0, Culture=neutral, PublicKeyToken=null”中的导入类型“LSInput”冲突。请使用“D:\Develop\Projects\Astrum\AstrumServer\AstrumServer\Generated\gamemessages_C_2000.cs”中定义的类型。 [D:\Develop\Projects\Astrum\AstrumServer\AstrumServer\AstrumServer.csproj]
D:\Develop\Projects\Astrum\AstrumServer\AstrumServer\obj\Debug\net9.0\MemoryPack.Generator\MemoryPack.Generator.MemoryPackGenerator\Astrum.Generated.LSInput.MemoryPackFormatter.g.cs(67,118): warning CS0436: “D:\Develop\Projects\Astrum\AstrumServer\AstrumServer\Generated\gamemessages_C_2000.cs”中的类型“LSInput”与“Generated, Version=0.0.0.0, Culture=neutral, PublicKeyToken=null”中的导入类型“LSInput”冲突。请使用“D:\Develop\Projects\Astrum\AstrumServer\AstrumServer\Generated\gamemessages_C_2000.cs”中定义的类型。 [D:\Develop\Projects\Astrum\AstrumServer\AstrumServer\AstrumServer.csproj]
D:\Develop\Projects\Astrum\AstrumServer\AstrumServer\Generated\gamemessages_C_2000.cs(342,27): warning CS8625: 无法将 null 字面量转换为非 null 的引用类型。 [D:\Develop\Projects\Astrum\AstrumServer\AstrumServer\AstrumServer.csproj]
D:\Develop\Projects\Astrum\AstrumServer\AstrumServer\obj\Debug\net9.0\MemoryPack.Generator\MemoryPack.Generator.MemoryPackGenerator\Astrum.Generated.GameResult.MemoryPackFormatter.g.cs(41,65): warning CS0436: “D:\Develop\Projects\Astrum\AstrumServer\AstrumServer\Generated\gamemessages_C_2000.cs”中的类型“GameResult”与“Generated, Version=0.0.0.0, Culture=neutral, PublicKeyToken=null”中的导入类型“GameResult”冲突。请使用“D:\Develop\Projects\Astrum\AstrumServer\AstrumServer\Generated\gamemessages_C_2000.cs”中定义的类型。 [D:\Develop\Projects\Astrum\AstrumServer\AstrumServer\AstrumServer.csproj]
D:\Develop\Projects\Astrum\AstrumServer\AstrumServer\obj\Debug\net9.0\MemoryPack.Generator\MemoryPack.Generator.MemoryPackGenerator\Astrum.Generated.PlayerResult.MemoryPackFormatter.g.cs(49,74): warning CS0436: “D:\Develop\Projects\Astrum\AstrumServer\AstrumServer\Generated\gamemessages_C_2000.cs”中的类型“PlayerResult”与“Generated, Version=0.0.0.0, Culture=neutral, PublicKeyToken=null”中的导入类型“PlayerResult”冲突。请使用“D:\Develop\Projects\Astrum\AstrumServer\AstrumServer\Generated\gamemessages_C_2000.cs”中定义的类型。 [D:\Develop\Projects\Astrum\AstrumServer\AstrumServer\AstrumServer.csproj]
D:\Develop\Projects\Astrum\AstrumServer\AstrumServer\obj\Debug\net9.0\MemoryPack.Generator\MemoryPack.Generator.MemoryPackGenerator\Astrum.Generated.PlayerResult.MemoryPackFormatter.g.cs(51,127): warning CS0436: “D:\Develop\Projects\Astrum\AstrumServer\AstrumServer\Generated\gamemessages_C_2000.cs”中的类型“PlayerResult”与“Generated, Version=0.0.0.0, Culture=neutral, PublicKeyToken=null”中的导入类型“PlayerResult”冲突。请使用“D:\Develop\Projects\Astrum\AstrumServer\AstrumServer\Generated\gamemessages_C_2000.cs”中定义的类型。 [D:\Develop\Projects\Astrum\AstrumServer\AstrumServer\AstrumServer.csproj]
D:\Develop\Projects\Astrum\AstrumServer\AstrumServer\obj\Debug\net9.0\MemoryPack.Generator\MemoryPack.Generator.MemoryPackGenerator\Astrum.Generated.PlayerResult.MemoryPackFormatter.g.cs(53,74): warning CS0436: “D:\Develop\Projects\Astrum\AstrumServer\AstrumServer\Generated\gamemessages_C_2000.cs”中的类型“PlayerResult”与“Generated, Version=0.0.0.0, Culture=neutral, PublicKeyToken=null”中的导入类型“PlayerResult”冲突。请使用“D:\Develop\Projects\Astrum\AstrumServer\AstrumServer\Generated\gamemessages_C_2000.cs”中定义的类型。 [D:\Develop\Projects\Astrum\AstrumServer\AstrumServer\AstrumServer.csproj]
D:\Develop\Projects\Astrum\AstrumServer\AstrumServer\obj\Debug\net9.0\MemoryPack.Generator\MemoryPack.Generator.MemoryPackGenerator\Astrum.Generated.PlayerResult.MemoryPackFormatter.g.cs(55,118): warning CS0436: “D:\Develop\Projects\Astrum\AstrumServer\AstrumServer\Generated\gamemessages_C_2000.cs”中的类型“PlayerResult”与“Generated, Version=0.0.0.0, Culture=neutral, PublicKeyToken=null”中的导入类型“PlayerResult”冲突。请使用“D:\Develop\Projects\Astrum\AstrumServer\AstrumServer\Generated\gamemessages_C_2000.cs”中定义的类型。 [D:\Develop\Projects\Astrum\AstrumServer\AstrumServer\AstrumServer.csproj]
D:\Develop\Projects\Astrum\AstrumServer\AstrumServer\obj\Debug\net9.0\MemoryPack.Generator\MemoryPack.Generator.MemoryPackGenerator\Astrum.Generated.GameResult.MemoryPackFormatter.g.cs(48,74): warning CS0436: “D:\Develop\Projects\Astrum\AstrumServer\AstrumServer\Generated\gamemessages_C_2000.cs”中的类型“GameResult”与“Generated, Version=0.0.0.0, Culture=neutral, PublicKeyToken=null”中的导入类型“GameResult”冲突。请使用“D:\Develop\Projects\Astrum\AstrumServer\AstrumServer\Generated\gamemessages_C_2000.cs”中定义的类型。 [D:\Develop\Projects\Astrum\AstrumServer\AstrumServer\AstrumServer.csproj]
D:\Develop\Projects\Astrum\AstrumServer\AstrumServer\obj\Debug\net9.0\MemoryPack.Generator\MemoryPack.Generator.MemoryPackGenerator\Astrum.Generated.GameResult.MemoryPackFormatter.g.cs(50,127): warning CS0436: “D:\Develop\Projects\Astrum\AstrumServer\AstrumServer\Generated\gamemessages_C_2000.cs”中的类型“GameResult”与“Generated, Version=0.0.0.0, Culture=neutral, PublicKeyToken=null”中的导入类型“GameResult”冲突。请使用“D:\Develop\Projects\Astrum\AstrumServer\AstrumServer\Generated\gamemessages_C_2000.cs”中定义的类型。 [D:\Develop\Projects\Astrum\AstrumServer\AstrumServer\AstrumServer.csproj]
D:\Develop\Projects\Astrum\AstrumServer\AstrumServer\obj\Debug\net9.0\MemoryPack.Generator\MemoryPack.Generator.MemoryPackGenerator\Astrum.Generated.GameResult.MemoryPackFormatter.g.cs(52,74): warning CS0436: “D:\Develop\Projects\Astrum\AstrumServer\AstrumServer\Generated\gamemessages_C_2000.cs”中的类型“GameResult”与“Generated, Version=0.0.0.0, Culture=neutral, PublicKeyToken=null”中的导入类型“GameResult”冲突。请使用“D:\Develop\Projects\Astrum\AstrumServer\AstrumServer\Generated\gamemessages_C_2000.cs”中定义的类型。 [D:\Develop\Projects\Astrum\AstrumServer\AstrumServer\AstrumServer.csproj]
D:\Develop\Projects\Astrum\AstrumServer\AstrumServer\obj\Debug\net9.0\MemoryPack.Generator\MemoryPack.Generator.MemoryPackGenerator\Astrum.Generated.GameResult.MemoryPackFormatter.g.cs(54,118): warning CS0436: “D:\Develop\Projects\Astrum\AstrumServer\AstrumServer\Generated\gamemessages_C_2000.cs”中的类型“GameResult”与“Generated, Version=0.0.0.0, Culture=neutral, PublicKeyToken=null”中的导入类型“GameResult”冲突。请使用“D:\Develop\Projects\Astrum\AstrumServer\AstrumServer\Generated\gamemessages_C_2000.cs”中定义的类型。 [D:\Develop\Projects\Astrum\AstrumServer\AstrumServer\AstrumServer.csproj]
D:\Develop\Projects\Astrum\AstrumServer\AstrumServer\obj\Debug\net9.0\MemoryPack.Generator\MemoryPack.Generator.MemoryPackGenerator\Astrum.Generated.GameResult.MemoryPackFormatter.g.cs(56,139): warning CS0436: “D:\Develop\Projects\Astrum\AstrumServer\AstrumServer\Generated\gamemessages_C_2000.cs”中的类型“PlayerResult”与“Generated, Version=0.0.0.0, Culture=neutral, PublicKeyToken=null”中的导入类型“PlayerResult”冲突。请使用“D:\Develop\Projects\Astrum\AstrumServer\AstrumServer\Generated\gamemessages_C_2000.cs”中定义的类型。 [D:\Develop\Projects\Astrum\AstrumServer\AstrumServer\AstrumServer.csproj]
D:\Develop\Projects\Astrum\AstrumServer\AstrumServer\obj\Debug\net9.0\MemoryPack.Generator\MemoryPack.Generator.MemoryPackGenerator\Astrum.Generated.GameResult.MemoryPackFormatter.g.cs(58,142): warning CS0436: “D:\Develop\Projects\Astrum\AstrumServer\AstrumServer\Generated\gamemessages_C_2000.cs”中的类型“PlayerResult”与“Generated, Version=0.0.0.0, Culture=neutral, PublicKeyToken=null”中的导入类型“PlayerResult”冲突。请使用“D:\Develop\Projects\Astrum\AstrumServer\AstrumServer\Generated\gamemessages_C_2000.cs”中定义的类型。 [D:\Develop\Projects\Astrum\AstrumServer\AstrumServer\AstrumServer.csproj]
D:\Develop\Projects\Astrum\AstrumServer\AstrumServer\obj\Debug\net9.0\MemoryPack.Generator\MemoryPack.Generator.MemoryPackGenerator\Astrum.Generated.DisconnectResponse.MemoryPackFormatter.g.cs(125,79): warning CS0436: “D:\Develop\Projects\Astrum\AstrumServer\AstrumServer\Generated\connectionstatus_C_4000.cs”中的类型“DisconnectResponse”与“Generated, Version=0.0.0.0, Culture=neutral, PublicKeyToken=null”中的导入类型“DisconnectResponse”冲突。请使用“D:\Develop\Projects\Astrum\AstrumServer\AstrumServer\Generated\connectionstatus_C_4000.cs”中定义的类型。 [D:\Develop\Projects\Astrum\AstrumServer\AstrumServer\AstrumServer.csproj]
D:\Develop\Projects\Astrum\AstrumServer\AstrumServer\obj\Debug\net9.0\MemoryPack.Generator\MemoryPack.Generator.MemoryPackGenerator\Astrum.Generated.DisconnectResponse.MemoryPackFormatter.g.cs(173,21): warning CS0436: “D:\Develop\Projects\Astrum\AstrumServer\AstrumServer\Generated\connectionstatus_C_4000.cs”中的类型“DisconnectResponse”与“Generated, Version=0.0.0.0, Culture=neutral, PublicKeyToken=null”中的导入类型“DisconnectResponse”冲突。请使用“D:\Develop\Projects\Astrum\AstrumServer\AstrumServer\Generated\connectionstatus_C_4000.cs”中定义的类型。 [D:\Develop\Projects\Astrum\AstrumServer\AstrumServer\AstrumServer.csproj]
D:\Develop\Projects\Astrum\AstrumServer\AstrumServer\obj\Debug\net9.0\MemoryPack.Generator\MemoryPack.Generator.MemoryPackGenerator\Astrum.Generated.OneFrameInputs.MemoryPackFormatter.g.cs(92,86): warning CS0436: “D:\Develop\Projects\Astrum\AstrumServer\AstrumServer\Generated\gamemessages_C_2000.cs”中的类型“LSInput”与“Generated, Version=0.0.0.0, Culture=neutral, PublicKeyToken=null”中的导入类型“LSInput”冲突。请使用“D:\Develop\Projects\Astrum\AstrumServer\AstrumServer\Generated\gamemessages_C_2000.cs”中定义的类型。 [D:\Develop\Projects\Astrum\AstrumServer\AstrumServer\AstrumServer.csproj]
D:\Develop\Projects\Astrum\AstrumServer\AstrumServer\obj\Debug\net9.0\MemoryPack.Generator\MemoryPack.Generator.MemoryPackGenerator\Astrum.Generated.OneFrameInputs.MemoryPackFormatter.g.cs(100,122): warning CS0436: “D:\Develop\Projects\Astrum\AstrumServer\AstrumServer\Generated\gamemessages_C_2000.cs”中的类型“LSInput”与“Generated, Version=0.0.0.0, Culture=neutral, PublicKeyToken=null”中的导入类型“LSInput”冲突。请使用“D:\Develop\Projects\Astrum\AstrumServer\AstrumServer\Generated\gamemessages_C_2000.cs”中定义的类型。 [D:\Develop\Projects\Astrum\AstrumServer\AstrumServer\AstrumServer.csproj]
D:\Develop\Projects\Astrum\AstrumServer\AstrumServer\obj\Debug\net9.0\MemoryPack.Generator\MemoryPack.Generator.MemoryPackGenerator\Astrum.Generated.OneFrameInputs.MemoryPackFormatter.g.cs(119,79): warning CS0436: “D:\Develop\Projects\Astrum\AstrumServer\AstrumServer\Generated\gamemessages_C_2000.cs”中的类型“OneFrameInputs”与“Generated, Version=0.0.0.0, Culture=neutral, PublicKeyToken=null”中的导入类型“OneFrameInputs”冲突。请使用“D:\Develop\Projects\Astrum\AstrumServer\AstrumServer\Generated\gamemessages_C_2000.cs”中定义的类型。 [D:\Develop\Projects\Astrum\AstrumServer\AstrumServer\AstrumServer.csproj]
D:\Develop\Projects\Astrum\AstrumServer\AstrumServer\obj\Debug\net9.0\MemoryPack.Generator\MemoryPack.Generator.MemoryPackGenerator\Astrum.Generated.OneFrameInputs.MemoryPackFormatter.g.cs(159,21): warning CS0436: “D:\Develop\Projects\Astrum\AstrumServer\AstrumServer\Generated\gamemessages_C_2000.cs”中的类型“OneFrameInputs”与“Generated, Version=0.0.0.0, Culture=neutral, PublicKeyToken=null”中的导入类型“OneFrameInputs”冲突。请使用“D:\Develop\Projects\Astrum\AstrumServer\AstrumServer\Generated\gamemessages_C_2000.cs”中定义的类型。 [D:\Develop\Projects\Astrum\AstrumServer\AstrumServer\AstrumServer.csproj]
D:\Develop\Projects\Astrum\AstrumServer\AstrumServer\Generated\networkcommon_C_1000.cs(927,53): warning CS0436: “D:\Develop\Projects\Astrum\AstrumServer\AstrumServer\Generated\networkcommon_C_1000.cs”中的类型“MatchFoundNotification”与“Generated, Version=0.0.0.0, Culture=neutral, PublicKeyToken=null”中的导入类型“MatchFoundNotification”冲突。请使用“D:\Develop\Projects\Astrum\AstrumServer\AstrumServer\Generated\networkcommon_C_1000.cs”中定义的类型。 [D:\Develop\Projects\Astrum\AstrumServer\AstrumServer\AstrumServer.csproj]
D:\Develop\Projects\Astrum\AstrumServer\AstrumServer\Generated\networkcommon_C_1000.cs(927,93): warning CS0436: “D:\Develop\Projects\Astrum\AstrumServer\AstrumServer\Generated\networkcommon_C_1000.cs”中的类型“MatchFoundNotification”与“Generated, Version=0.0.0.0, Culture=neutral, PublicKeyToken=null”中的导入类型“MatchFoundNotification”冲突。请使用“D:\Develop\Projects\Astrum\AstrumServer\AstrumServer\Generated\networkcommon_C_1000.cs”中定义的类型。 [D:\Develop\Projects\Astrum\AstrumServer\AstrumServer\AstrumServer.csproj]
D:\Develop\Projects\Astrum\AstrumServer\AstrumServer\Generated\networkcommon_C_1000.cs(927,20): warning CS8603: 可能返回 null 引用。 [D:\Develop\Projects\Astrum\AstrumServer\AstrumServer\AstrumServer.csproj]
D:\Develop\Projects\Astrum\AstrumServer\AstrumServer\Generated\connectionstatus_C_4000.cs(224,23): warning CS8618: 在退出构造函数时，不可为 null 的 属性 "message" 必须包含非 null 值。请考虑添加 "required" 修饰符或将该 属性 声明为可为 null。 [D:\Develop\Projects\Astrum\AstrumServer\AstrumServer\AstrumServer.csproj]
D:\Develop\Projects\Astrum\AstrumServer\AstrumServer\Generated\gamemessages_C_2000.cs(471,53): warning CS0436: “D:\Develop\Projects\Astrum\AstrumServer\AstrumServer\Generated\gamemessages_C_2000.cs”中的类型“GameStartNotification”与“Generated, Version=0.0.0.0, Culture=neutral, PublicKeyToken=null”中的导入类型“GameStartNotification”冲突。请使用“D:\Develop\Projects\Astrum\AstrumServer\AstrumServer\Generated\gamemessages_C_2000.cs”中定义的类型。 [D:\Develop\Projects\Astrum\AstrumServer\AstrumServer\AstrumServer.csproj]
D:\Develop\Projects\Astrum\AstrumServer\AstrumServer\Generated\gamemessages_C_2000.cs(471,92): warning CS0436: “D:\Develop\Projects\Astrum\AstrumServer\AstrumServer\Generated\gamemessages_C_2000.cs”中的类型“GameStartNotification”与“Generated, Version=0.0.0.0, Culture=neutral, PublicKeyToken=null”中的导入类型“GameStartNotification”冲突。请使用“D:\Develop\Projects\Astrum\AstrumServer\AstrumServer\Generated\gamemessages_C_2000.cs”中定义的类型。 [D:\Develop\Projects\Astrum\AstrumServer\AstrumServer\AstrumServer.csproj]
D:\Develop\Projects\Astrum\AstrumServer\AstrumServer\Generated\gamemessages_C_2000.cs(471,20): warning CS8603: 可能返回 null 引用。 [D:\Develop\Projects\Astrum\AstrumServer\AstrumServer\AstrumServer.csproj]
D:\Develop\Projects\Astrum\AstrumServer\AstrumServer\Generated\gamemessages_C_2000.cs(528,53): warning CS0436: “D:\Develop\Projects\Astrum\AstrumServer\AstrumServer\Generated\gamemessages_C_2000.cs”中的类型“GameEndNotification”与“Generated, Version=0.0.0.0, Culture=neutral, PublicKeyToken=null”中的导入类型“GameEndNotification”冲突。请使用“D:\Develop\Projects\Astrum\AstrumServer\AstrumServer\Generated\gamemessages_C_2000.cs”中定义的类型。 [D:\Develop\Projects\Astrum\AstrumServer\AstrumServer\AstrumServer.csproj]
D:\Develop\Projects\Astrum\AstrumServer\AstrumServer\Generated\gamemessages_C_2000.cs(528,90): warning CS0436: “D:\Develop\Projects\Astrum\AstrumServer\AstrumServer\Generated\gamemessages_C_2000.cs”中的类型“GameEndNotification”与“Generated, Version=0.0.0.0, Culture=neutral, PublicKeyToken=null”中的导入类型“GameEndNotification”冲突。请使用“D:\Develop\Projects\Astrum\AstrumServer\AstrumServer\Generated\gamemessages_C_2000.cs”中定义的类型。 [D:\Develop\Projects\Astrum\AstrumServer\AstrumServer\AstrumServer.csproj]
D:\Develop\Projects\Astrum\AstrumServer\AstrumServer\Generated\gamemessages_C_2000.cs(528,20): warning CS8603: 可能返回 null 引用。 [D:\Develop\Projects\Astrum\AstrumServer\AstrumServer\AstrumServer.csproj]
D:\Develop\Projects\Astrum\AstrumServer\AstrumServer\Generated\gamemessages_C_2000.cs(407,53): warning CS0436: “D:\Develop\Projects\Astrum\AstrumServer\AstrumServer\Generated\gamemessages_C_2000.cs”中的类型“GameConfig”与“Generated, Version=0.0.0.0, Culture=neutral, PublicKeyToken=null”中的导入类型“GameConfig”冲突。请使用“D:\Develop\Projects\Astrum\AstrumServer\AstrumServer\Generated\gamemessages_C_2000.cs”中定义的类型。 [D:\Develop\Projects\Astrum\AstrumServer\AstrumServer\AstrumServer.csproj]
D:\Develop\Projects\Astrum\AstrumServer\AstrumServer\Generated\gamemessages_C_2000.cs(407,81): warning CS0436: “D:\Develop\Projects\Astrum\AstrumServer\AstrumServer\Generated\gamemessages_C_2000.cs”中的类型“GameConfig”与“Generated, Version=0.0.0.0, Culture=neutral, PublicKeyToken=null”中的导入类型“GameConfig”冲突。请使用“D:\Develop\Projects\Astrum\AstrumServer\AstrumServer\Generated\gamemessages_C_2000.cs”中定义的类型。 [D:\Develop\Projects\Astrum\AstrumServer\AstrumServer\AstrumServer.csproj]
D:\Develop\Projects\Astrum\AstrumServer\AstrumServer\Generated\gamemessages_C_2000.cs(407,20): warning CS8603: 可能返回 null 引用。 [D:\Develop\Projects\Astrum\AstrumServer\AstrumServer\AstrumServer.csproj]
D:\Develop\Projects\Astrum\AstrumServer\AstrumServer\Generated\networkcommon_C_1000.cs(955,25): warning CS8625: 无法将 null 字面量转换为非 null 的引用类型。 [D:\Develop\Projects\Astrum\AstrumServer\AstrumServer\AstrumServer.csproj]
D:\Develop\Projects\Astrum\AstrumServer\AstrumServer\Generated\gamemessages_C_2000.cs(511,27): warning CS8625: 无法将 null 字面量转换为非 null 的引用类型。 [D:\Develop\Projects\Astrum\AstrumServer\AstrumServer\AstrumServer.csproj]
D:\Develop\Projects\Astrum\AstrumServer\AstrumServer\Generated\gamemessages_C_2000.cs(512,27): warning CS8625: 无法将 null 字面量转换为非 null 的引用类型。 [D:\Develop\Projects\Astrum\AstrumServer\AstrumServer\AstrumServer.csproj]
D:\Develop\Projects\Astrum\AstrumServer\AstrumServer\Generated\gamemessages_C_2000.cs(513,30): warning CS8625: 无法将 null 字面量转换为非 null 的引用类型。 [D:\Develop\Projects\Astrum\AstrumServer\AstrumServer\AstrumServer.csproj]
D:\Develop\Projects\Astrum\AstrumServer\AstrumServer\obj\Debug\net9.0\MemoryPack.Generator\MemoryPack.Generator.MemoryPackGenerator\Astrum.Generated.GameStartNotification.MemoryPackFormatter.g.cs(43,65): warning CS0436: “D:\Develop\Projects\Astrum\AstrumServer\AstrumServer\Generated\gamemessages_C_2000.cs”中的类型“GameStartNotification”与“Generated, Version=0.0.0.0, Culture=neutral, PublicKeyToken=null”中的导入类型“GameStartNotification”冲突。请使用“D:\Develop\Projects\Astrum\AstrumServer\AstrumServer\Generated\gamemessages_C_2000.cs”中定义的类型。 [D:\Develop\Projects\Astrum\AstrumServer\AstrumServer\AstrumServer.csproj]
D:\Develop\Projects\Astrum\AstrumServer\AstrumServer\obj\Debug\net9.0\MemoryPack.Generator\MemoryPack.Generator.MemoryPackGenerator\Astrum.Generated.GameMessageResponse.MemoryPackFormatter.g.cs(125,79): warning CS0436: “D:\Develop\Projects\Astrum\AstrumServer\AstrumServer\Generated\gamemessages_C_2000.cs”中的类型“GameMessageResponse”与“Generated, Version=0.0.0.0, Culture=neutral, PublicKeyToken=null”中的导入类型“GameMessageResponse”冲突。请使用“D:\Develop\Projects\Astrum\AstrumServer\AstrumServer\Generated\gamemessages_C_2000.cs”中定义的类型。 [D:\Develop\Projects\Astrum\AstrumServer\AstrumServer\AstrumServer.csproj]
D:\Develop\Projects\Astrum\AstrumServer\AstrumServer\obj\Debug\net9.0\MemoryPack.Generator\MemoryPack.Generator.MemoryPackGenerator\Astrum.Generated.GameMessageResponse.MemoryPackFormatter.g.cs(173,21): warning CS0436: “D:\Develop\Projects\Astrum\AstrumServer\AstrumServer\Generated\gamemessages_C_2000.cs”中的类型“GameMessageResponse”与“Generated, Version=0.0.0.0, Culture=neutral, PublicKeyToken=null”中的导入类型“GameMessageResponse”冲突。请使用“D:\Develop\Projects\Astrum\AstrumServer\AstrumServer\Generated\gamemessages_C_2000.cs”中定义的类型。 [D:\Develop\Projects\Astrum\AstrumServer\AstrumServer\AstrumServer.csproj]
D:\Develop\Projects\Astrum\AstrumServer\AstrumServer\obj\Debug\net9.0\MemoryPack.Generator\MemoryPack.Generator.MemoryPackGenerator\Astrum.Generated.MatchFoundNotification.MemoryPackFormatter.g.cs(41,65): warning CS0436: “D:\Develop\Projects\Astrum\AstrumServer\AstrumServer\Generated\networkcommon_C_1000.cs”中的类型“MatchFoundNotification”与“Generated, Version=0.0.0.0, Culture=neutral, PublicKeyToken=null”中的导入类型“MatchFoundNotification”冲突。请使用“D:\Develop\Projects\Astrum\AstrumServer\AstrumServer\Generated\networkcommon_C_1000.cs”中定义的类型。 [D:\Develop\Projects\Astrum\AstrumServer\AstrumServer\AstrumServer.csproj]
D:\Develop\Projects\Astrum\AstrumServer\AstrumServer\obj\Debug\net9.0\MemoryPack.Generator\MemoryPack.Generator.MemoryPackGenerator\Astrum.Generated.GameConfig.MemoryPackFormatter.g.cs(44,65): warning CS0436: “D:\Develop\Projects\Astrum\AstrumServer\AstrumServer\Generated\gamemessages_C_2000.cs”中的类型“GameConfig”与“Generated, Version=0.0.0.0, Culture=neutral, PublicKeyToken=null”中的导入类型“GameConfig”冲突。请使用“D:\Develop\Projects\Astrum\AstrumServer\AstrumServer\Generated\gamemessages_C_2000.cs”中定义的类型。 [D:\Develop\Projects\Astrum\AstrumServer\AstrumServer\AstrumServer.csproj]
D:\Develop\Projects\Astrum\AstrumServer\AstrumServer\Generated\gamemessages_C_2000.cs(562,27): warning CS8625: 无法将 null 字面量转换为非 null 的引用类型。 [D:\Develop\Projects\Astrum\AstrumServer\AstrumServer\AstrumServer.csproj]
D:\Develop\Projects\Astrum\AstrumServer\AstrumServer\Generated\gamemessages_C_2000.cs(563,27): warning CS8625: 无法将 null 字面量转换为非 null 的引用类型。 [D:\Develop\Projects\Astrum\AstrumServer\AstrumServer\AstrumServer.csproj]
D:\Develop\Projects\Astrum\AstrumServer\AstrumServer\Generated\gamemessages_C_2000.cs(565,27): warning CS8625: 无法将 null 字面量转换为非 null 的引用类型。 [D:\Develop\Projects\Astrum\AstrumServer\AstrumServer\AstrumServer.csproj]
D:\Develop\Projects\Astrum\AstrumServer\AstrumServer\obj\Debug\net9.0\MemoryPack.Generator\MemoryPack.Generator.MemoryPackGenerator\Astrum.Generated.GameEndNotification.MemoryPackFormatter.g.cs(42,65): warning CS0436: “D:\Develop\Projects\Astrum\AstrumServer\AstrumServer\Generated\gamemessages_C_2000.cs”中的类型“GameEndNotification”与“Generated, Version=0.0.0.0, Culture=neutral, PublicKeyToken=null”中的导入类型“GameEndNotification”冲突。请使用“D:\Develop\Projects\Astrum\AstrumServer\AstrumServer\Generated\gamemessages_C_2000.cs”中定义的类型。 [D:\Develop\Projects\Astrum\AstrumServer\AstrumServer\AstrumServer.csproj]
D:\Develop\Projects\Astrum\AstrumServer\AstrumServer\obj\Debug\net9.0\MemoryPack.Generator\MemoryPack.Generator.MemoryPackGenerator\Astrum.Generated.GameEndNotification.MemoryPackFormatter.g.cs(49,74): warning CS0436: “D:\Develop\Projects\Astrum\AstrumServer\AstrumServer\Generated\gamemessages_C_2000.cs”中的类型“GameEndNotification”与“Generated, Version=0.0.0.0, Culture=neutral, PublicKeyToken=null”中的导入类型“GameEndNotification”冲突。请使用“D:\Develop\Projects\Astrum\AstrumServer\AstrumServer\Generated\gamemessages_C_2000.cs”中定义的类型。 [D:\Develop\Projects\Astrum\AstrumServer\AstrumServer\AstrumServer.csproj]
D:\Develop\Projects\Astrum\AstrumServer\AstrumServer\obj\Debug\net9.0\MemoryPack.Generator\MemoryPack.Generator.MemoryPackGenerator\Astrum.Generated.GameEndNotification.MemoryPackFormatter.g.cs(51,127): warning CS0436: “D:\Develop\Projects\Astrum\AstrumServer\AstrumServer\Generated\gamemessages_C_2000.cs”中的类型“GameEndNotification”与“Generated, Version=0.0.0.0, Culture=neutral, PublicKeyToken=null”中的导入类型“GameEndNotification”冲突。请使用“D:\Develop\Projects\Astrum\AstrumServer\AstrumServer\Generated\gamemessages_C_2000.cs”中定义的类型。 [D:\Develop\Projects\Astrum\AstrumServer\AstrumServer\AstrumServer.csproj]
D:\Develop\Projects\Astrum\AstrumServer\AstrumServer\obj\Debug\net9.0\MemoryPack.Generator\MemoryPack.Generator.MemoryPackGenerator\Astrum.Generated.GameEndNotification.MemoryPackFormatter.g.cs(53,74): warning CS0436: “D:\Develop\Projects\Astrum\AstrumServer\AstrumServer\Generated\gamemessages_C_2000.cs”中的类型“GameEndNotification”与“Generated, Version=0.0.0.0, Culture=neutral, PublicKeyToken=null”中的导入类型“GameEndNotification”冲突。请使用“D:\Develop\Projects\Astrum\AstrumServer\AstrumServer\Generated\gamemessages_C_2000.cs”中定义的类型。 [D:\Develop\Projects\Astrum\AstrumServer\AstrumServer\AstrumServer.csproj]
D:\Develop\Projects\Astrum\AstrumServer\AstrumServer\obj\Debug\net9.0\MemoryPack.Generator\MemoryPack.Generator.MemoryPackGenerator\Astrum.Generated.GameEndNotification.MemoryPackFormatter.g.cs(55,118): warning CS0436: “D:\Develop\Projects\Astrum\AstrumServer\AstrumServer\Generated\gamemessages_C_2000.cs”中的类型“GameEndNotification”与“Generated, Version=0.0.0.0, Culture=neutral, PublicKeyToken=null”中的导入类型“GameEndNotification”冲突。请使用“D:\Develop\Projects\Astrum\AstrumServer\AstrumServer\Generated\gamemessages_C_2000.cs”中定义的类型。 [D:\Develop\Projects\Astrum\AstrumServer\AstrumServer\AstrumServer.csproj]
D:\Develop\Projects\Astrum\AstrumServer\AstrumServer\obj\Debug\net9.0\MemoryPack.Generator\MemoryPack.Generator.MemoryPackGenerator\Astrum.Generated.GameStartNotification.MemoryPackFormatter.g.cs(50,74): warning CS0436: “D:\Develop\Projects\Astrum\AstrumServer\AstrumServer\Generated\gamemessages_C_2000.cs”中的类型“GameStartNotification”与“Generated, Version=0.0.0.0, Culture=neutral, PublicKeyToken=null”中的导入类型“GameStartNotification”冲突。请使用“D:\Develop\Projects\Astrum\AstrumServer\AstrumServer\Generated\gamemessages_C_2000.cs”中定义的类型。 [D:\Develop\Projects\Astrum\AstrumServer\AstrumServer\AstrumServer.csproj]
D:\Develop\Projects\Astrum\AstrumServer\AstrumServer\obj\Debug\net9.0\MemoryPack.Generator\MemoryPack.Generator.MemoryPackGenerator\Astrum.Generated.GameStartNotification.MemoryPackFormatter.g.cs(52,127): warning CS0436: “D:\Develop\Projects\Astrum\AstrumServer\AstrumServer\Generated\gamemessages_C_2000.cs”中的类型“GameStartNotification”与“Generated, Version=0.0.0.0, Culture=neutral, PublicKeyToken=null”中的导入类型“GameStartNotification”冲突。请使用“D:\Develop\Projects\Astrum\AstrumServer\AstrumServer\Generated\gamemessages_C_2000.cs”中定义的类型。 [D:\Develop\Projects\Astrum\AstrumServer\AstrumServer\AstrumServer.csproj]
D:\Develop\Projects\Astrum\AstrumServer\AstrumServer\obj\Debug\net9.0\MemoryPack.Generator\MemoryPack.Generator.MemoryPackGenerator\Astrum.Generated.GameStartNotification.MemoryPackFormatter.g.cs(54,74): warning CS0436: “D:\Develop\Projects\Astrum\AstrumServer\AstrumServer\Generated\gamemessages_C_2000.cs”中的类型“GameStartNotification”与“Generated, Version=0.0.0.0, Culture=neutral, PublicKeyToken=null”中的导入类型“GameStartNotification”冲突。请使用“D:\Develop\Projects\Astrum\AstrumServer\AstrumServer\Generated\gamemessages_C_2000.cs”中定义的类型。 [D:\Develop\Projects\Astrum\AstrumServer\AstrumServer\AstrumServer.csproj]
D:\Develop\Projects\Astrum\AstrumServer\AstrumServer\obj\Debug\net9.0\MemoryPack.Generator\MemoryPack.Generator.MemoryPackGenerator\Astrum.Generated.GameStartNotification.MemoryPackFormatter.g.cs(56,118): warning CS0436: “D:\Develop\Projects\Astrum\AstrumServer\AstrumServer\Generated\gamemessages_C_2000.cs”中的类型“GameStartNotification”与“Generated, Version=0.0.0.0, Culture=neutral, PublicKeyToken=null”中的导入类型“GameStartNotification”冲突。请使用“D:\Develop\Projects\Astrum\AstrumServer\AstrumServer\Generated\gamemessages_C_2000.cs”中定义的类型。 [D:\Develop\Projects\Astrum\AstrumServer\AstrumServer\AstrumServer.csproj]
D:\Develop\Projects\Astrum\AstrumServer\AstrumServer\obj\Debug\net9.0\MemoryPack.Generator\MemoryPack.Generator.MemoryPackGenerator\Astrum.Generated.MatchFoundNotification.MemoryPackFormatter.g.cs(48,74): warning CS0436: “D:\Develop\Projects\Astrum\AstrumServer\AstrumServer\Generated\networkcommon_C_1000.cs”中的类型“MatchFoundNotification”与“Generated, Version=0.0.0.0, Culture=neutral, PublicKeyToken=null”中的导入类型“MatchFoundNotification”冲突。请使用“D:\Develop\Projects\Astrum\AstrumServer\AstrumServer\Generated\networkcommon_C_1000.cs”中定义的类型。 [D:\Develop\Projects\Astrum\AstrumServer\AstrumServer\AstrumServer.csproj]
D:\Develop\Projects\Astrum\AstrumServer\AstrumServer\obj\Debug\net9.0\MemoryPack.Generator\MemoryPack.Generator.MemoryPackGenerator\Astrum.Generated.MatchFoundNotification.MemoryPackFormatter.g.cs(50,127): warning CS0436: “D:\Develop\Projects\Astrum\AstrumServer\AstrumServer\Generated\networkcommon_C_1000.cs”中的类型“MatchFoundNotification”与“Generated, Version=0.0.0.0, Culture=neutral, PublicKeyToken=null”中的导入类型“MatchFoundNotification”冲突。请使用“D:\Develop\Projects\Astrum\AstrumServer\AstrumServer\Generated\networkcommon_C_1000.cs”中定义的类型。 [D:\Develop\Projects\Astrum\AstrumServer\AstrumServer\AstrumServer.csproj]
D:\Develop\Projects\Astrum\AstrumServer\AstrumServer\obj\Debug\net9.0\MemoryPack.Generator\MemoryPack.Generator.MemoryPackGenerator\Astrum.Generated.MatchFoundNotification.MemoryPackFormatter.g.cs(52,74): warning CS0436: “D:\Develop\Projects\Astrum\AstrumServer\AstrumServer\Generated\networkcommon_C_1000.cs”中的类型“MatchFoundNotification”与“Generated, Version=0.0.0.0, Culture=neutral, PublicKeyToken=null”中的导入类型“MatchFoundNotification”冲突。请使用“D:\Develop\Projects\Astrum\AstrumServer\AstrumServer\Generated\networkcommon_C_1000.cs”中定义的类型。 [D:\Develop\Projects\Astrum\AstrumServer\AstrumServer\AstrumServer.csproj]
D:\Develop\Projects\Astrum\AstrumServer\AstrumServer\obj\Debug\net9.0\MemoryPack.Generator\MemoryPack.Generator.MemoryPackGenerator\Astrum.Generated.MatchFoundNotification.MemoryPackFormatter.g.cs(54,118): warning CS0436: “D:\Develop\Projects\Astrum\AstrumServer\AstrumServer\Generated\networkcommon_C_1000.cs”中的类型“MatchFoundNotification”与“Generated, Version=0.0.0.0, Culture=neutral, PublicKeyToken=null”中的导入类型“MatchFoundNotification”冲突。请使用“D:\Develop\Projects\Astrum\AstrumServer\AstrumServer\Generated\networkcommon_C_1000.cs”中定义的类型。 [D:\Develop\Projects\Astrum\AstrumServer\AstrumServer\AstrumServer.csproj]
D:\Develop\Projects\Astrum\AstrumServer\AstrumServer\Generated\gamemessages_C_2000.cs(87,23): warning CS8618: 在退出构造函数时，不可为 null 的 属性 "message" 必须包含非 null 值。请考虑添加 "required" 修饰符或将该 属性 声明为可为 null。 [D:\Develop\Projects\Astrum\AstrumServer\AstrumServer\AstrumServer.csproj]
D:\Develop\Projects\Astrum\AstrumServer\AstrumServer\Network\ServerNetworkManager.cs(257,68): warning CS8604: “void Action<Session, MessageObject>.Invoke(Session arg1, MessageObject arg2)”中的形参“arg2”可能传入 null 引用实参。 [D:\Develop\Projects\Astrum\AstrumServer\AstrumServer\AstrumServer.csproj]
D:\Develop\Projects\Astrum\AstrumServer\AstrumServer\obj\Debug\net9.0\MemoryPack.Generator\MemoryPack.Generator.MemoryPackGenerator\Astrum.Generated.GameConfig.MemoryPackFormatter.g.cs(51,74): warning CS0436: “D:\Develop\Projects\Astrum\AstrumServer\AstrumServer\Generated\gamemessages_C_2000.cs”中的类型“GameConfig”与“Generated, Version=0.0.0.0, Culture=neutral, PublicKeyToken=null”中的导入类型“GameConfig”冲突。请使用“D:\Develop\Projects\Astrum\AstrumServer\AstrumServer\Generated\gamemessages_C_2000.cs”中定义的类型。 [D:\Develop\Projects\Astrum\AstrumServer\AstrumServer\AstrumServer.csproj]
D:\Develop\Projects\Astrum\AstrumServer\AstrumServer\obj\Debug\net9.0\MemoryPack.Generator\MemoryPack.Generator.MemoryPackGenerator\Astrum.Generated.GameConfig.MemoryPackFormatter.g.cs(53,127): warning CS0436: “D:\Develop\Projects\Astrum\AstrumServer\AstrumServer\Generated\gamemessages_C_2000.cs”中的类型“GameConfig”与“Generated, Version=0.0.0.0, Culture=neutral, PublicKeyToken=null”中的导入类型“GameConfig”冲突。请使用“D:\Develop\Projects\Astrum\AstrumServer\AstrumServer\Generated\gamemessages_C_2000.cs”中定义的类型。 [D:\Develop\Projects\Astrum\AstrumServer\AstrumServer\AstrumServer.csproj]
D:\Develop\Projects\Astrum\AstrumServer\AstrumServer\obj\Debug\net9.0\MemoryPack.Generator\MemoryPack.Generator.MemoryPackGenerator\Astrum.Generated.GameConfig.MemoryPackFormatter.g.cs(55,74): warning CS0436: “D:\Develop\Projects\Astrum\AstrumServer\AstrumServer\Generated\gamemessages_C_2000.cs”中的类型“GameConfig”与“Generated, Version=0.0.0.0, Culture=neutral, PublicKeyToken=null”中的导入类型“GameConfig”冲突。请使用“D:\Develop\Projects\Astrum\AstrumServer\AstrumServer\Generated\gamemessages_C_2000.cs”中定义的类型。 [D:\Develop\Projects\Astrum\AstrumServer\AstrumServer\AstrumServer.csproj]
D:\Develop\Projects\Astrum\AstrumServer\AstrumServer\obj\Debug\net9.0\MemoryPack.Generator\MemoryPack.Generator.MemoryPackGenerator\Astrum.Generated.GameConfig.MemoryPackFormatter.g.cs(57,118): warning CS0436: “D:\Develop\Projects\Astrum\AstrumServer\AstrumServer\Generated\gamemessages_C_2000.cs”中的类型“GameConfig”与“Generated, Version=0.0.0.0, Culture=neutral, PublicKeyToken=null”中的导入类型“GameConfig”冲突。请使用“D:\Develop\Projects\Astrum\AstrumServer\AstrumServer\Generated\gamemessages_C_2000.cs”中定义的类型。 [D:\Develop\Projects\Astrum\AstrumServer\AstrumServer\AstrumServer.csproj]
D:\Develop\Projects\Astrum\AstrumServer\AstrumServer\Core\GameServer.cs(218,26): warning CS0436: “D:\Develop\Projects\Astrum\AstrumServer\AstrumServer\Generated\connectionstatus_C_4000.cs”中的类型“ConnectRequest”与“Generated, Version=0.0.0.0, Culture=neutral, PublicKeyToken=null”中的导入类型“ConnectRequest”冲突。请使用“D:\Develop\Projects\Astrum\AstrumServer\AstrumServer\Generated\connectionstatus_C_4000.cs”中定义的类型。 [D:\Develop\Projects\Astrum\AstrumServer\AstrumServer\AstrumServer.csproj]
D:\Develop\Projects\Astrum\AstrumServer\AstrumServer\Core\GameServer.cs(221,26): warning CS0436: “D:\Develop\Projects\Astrum\AstrumServer\AstrumServer\Generated\networkcommon_C_1000.cs”中的类型“LoginRequest”与“Generated, Version=0.0.0.0, Culture=neutral, PublicKeyToken=null”中的导入类型“LoginRequest”冲突。请使用“D:\Develop\Projects\Astrum\AstrumServer\AstrumServer\Generated\networkcommon_C_1000.cs”中定义的类型。 [D:\Develop\Projects\Astrum\AstrumServer\AstrumServer\AstrumServer.csproj]
D:\Develop\Projects\Astrum\AstrumServer\AstrumServer\Core\GameServer.cs(224,26): warning CS0436: “D:\Develop\Projects\Astrum\AstrumServer\AstrumServer\Generated\networkcommon_C_1000.cs”中的类型“CreateRoomRequest”与“Generated, Version=0.0.0.0, Culture=neutral, PublicKeyToken=null”中的导入类型“CreateRoomRequest”冲突。请使用“D:\Develop\Projects\Astrum\AstrumServer\AstrumServer\Generated\networkcommon_C_1000.cs”中定义的类型。 [D:\Develop\Projects\Astrum\AstrumServer\AstrumServer\AstrumServer.csproj]
D:\Develop\Projects\Astrum\AstrumServer\AstrumServer\Core\GameServer.cs(227,26): warning CS0436: “D:\Develop\Projects\Astrum\AstrumServer\AstrumServer\Generated\networkcommon_C_1000.cs”中的类型“JoinRoomRequest”与“Generated, Version=0.0.0.0, Culture=neutral, PublicKeyToken=null”中的导入类型“JoinRoomRequest”冲突。请使用“D:\Develop\Projects\Astrum\AstrumServer\AstrumServer\Generated\networkcommon_C_1000.cs”中定义的类型。 [D:\Develop\Projects\Astrum\AstrumServer\AstrumServer\AstrumServer.csproj]
D:\Develop\Projects\Astrum\AstrumServer\AstrumServer\Core\GameServer.cs(230,26): warning CS0436: “D:\Develop\Projects\Astrum\AstrumServer\AstrumServer\Generated\networkcommon_C_1000.cs”中的类型“LeaveRoomRequest”与“Generated, Version=0.0.0.0, Culture=neutral, PublicKeyToken=null”中的导入类型“LeaveRoomRequest”冲突。请使用“D:\Develop\Projects\Astrum\AstrumServer\AstrumServer\Generated\networkcommon_C_1000.cs”中定义的类型。 [D:\Develop\Projects\Astrum\AstrumServer\AstrumServer\AstrumServer.csproj]
D:\Develop\Projects\Astrum\AstrumServer\AstrumServer\Core\GameServer.cs(233,26): warning CS0436: “D:\Develop\Projects\Astrum\AstrumServer\AstrumServer\Generated\networkcommon_C_1000.cs”中的类型“GetRoomListRequest”与“Generated, Version=0.0.0.0, Culture=neutral, PublicKeyToken=null”中的导入类型“GetRoomListRequest”冲突。请使用“D:\Develop\Projects\Astrum\AstrumServer\AstrumServer\Generated\networkcommon_C_1000.cs”中定义的类型。 [D:\Develop\Projects\Astrum\AstrumServer\AstrumServer\AstrumServer.csproj]
D:\Develop\Projects\Astrum\AstrumServer\AstrumServer\Core\GameServer.cs(236,26): warning CS0436: “D:\Develop\Projects\Astrum\AstrumServer\AstrumServer\Generated\networkcommon_C_1000.cs”中的类型“HeartbeatMessage”与“Generated, Version=0.0.0.0, Culture=neutral, PublicKeyToken=null”中的导入类型“HeartbeatMessage”冲突。请使用“D:\Develop\Projects\Astrum\AstrumServer\AstrumServer\Generated\networkcommon_C_1000.cs”中定义的类型。 [D:\Develop\Projects\Astrum\AstrumServer\AstrumServer\AstrumServer.csproj]
D:\Develop\Projects\Astrum\AstrumServer\AstrumServer\Core\GameServer.cs(239,26): warning CS0436: “D:\Develop\Projects\Astrum\AstrumServer\AstrumServer\Generated\game_S_3000.cs”中的类型“GameRequest”与“Generated, Version=0.0.0.0, Culture=neutral, PublicKeyToken=null”中的导入类型“GameRequest”冲突。请使用“D:\Develop\Projects\Astrum\AstrumServer\AstrumServer\Generated\game_S_3000.cs”中定义的类型。 [D:\Develop\Projects\Astrum\AstrumServer\AstrumServer\AstrumServer.csproj]
D:\Develop\Projects\Astrum\AstrumServer\AstrumServer\Core\GameServer.cs(242,26): warning CS0436: “D:\Develop\Projects\Astrum\AstrumServer\AstrumServer\Generated\gamemessages_C_2000.cs”中的类型“SingleInput”与“Generated, Version=0.0.0.0, Culture=neutral, PublicKeyToken=null”中的导入类型“SingleInput”冲突。请使用“D:\Develop\Projects\Astrum\AstrumServer\AstrumServer\Generated\gamemessages_C_2000.cs”中定义的类型。 [D:\Develop\Projects\Astrum\AstrumServer\AstrumServer\AstrumServer.csproj]
D:\Develop\Projects\Astrum\AstrumServer\AstrumServer\Core\GameServer.cs(245,26): warning CS0436: “D:\Develop\Projects\Astrum\AstrumServer\AstrumServer\Generated\networkcommon_C_1000.cs”中的类型“C2G_Ping”与“Generated, Version=0.0.0.0, Culture=neutral, PublicKeyToken=null”中的导入类型“C2G_Ping”冲突。请使用“D:\Develop\Projects\Astrum\AstrumServer\AstrumServer\Generated\networkcommon_C_1000.cs”中定义的类型。 [D:\Develop\Projects\Astrum\AstrumServer\AstrumServer\AstrumServer.csproj]
D:\Develop\Projects\Astrum\AstrumServer\AstrumServer\Core\GameServer.cs(248,26): warning CS0436: “D:\Develop\Projects\Astrum\AstrumServer\AstrumServer\Generated\networkcommon_C_1000.cs”中的类型“QuickMatchRequest”与“Generated, Version=0.0.0.0, Culture=neutral, PublicKeyToken=null”中的导入类型“QuickMatchRequest”冲突。请使用“D:\Develop\Projects\Astrum\AstrumServer\AstrumServer\Generated\networkcommon_C_1000.cs”中定义的类型。 [D:\Develop\Projects\Astrum\AstrumServer\AstrumServer\AstrumServer.csproj]
D:\Develop\Projects\Astrum\AstrumServer\AstrumServer\Core\GameServer.cs(251,26): warning CS0436: “D:\Develop\Projects\Astrum\AstrumServer\AstrumServer\Generated\networkcommon_C_1000.cs”中的类型“CancelMatchRequest”与“Generated, Version=0.0.0.0, Culture=neutral, PublicKeyToken=null”中的导入类型“CancelMatchRequest”冲突。请使用“D:\Develop\Projects\Astrum\AstrumServer\AstrumServer\Generated\networkcommon_C_1000.cs”中定义的类型。 [D:\Develop\Projects\Astrum\AstrumServer\AstrumServer\AstrumServer.csproj]
D:\Develop\Projects\Astrum\AstrumServer\AstrumServer\obj\Debug\net9.0\MemoryPack.Generator\MemoryPack.Generator.MemoryPackGenerator\Astrum.Generated.GameNetworkMessage.MemoryPackFormatter.g.cs(141,79): warning CS0436: “D:\Develop\Projects\Astrum\AstrumServer\AstrumServer\Generated\gamemessages_C_2000.cs”中的类型“GameNetworkMessage”与“Generated, Version=0.0.0.0, Culture=neutral, PublicKeyToken=null”中的导入类型“GameNetworkMessage”冲突。请使用“D:\Develop\Projects\Astrum\AstrumServer\AstrumServer\Generated\gamemessages_C_2000.cs”中定义的类型。 [D:\Develop\Projects\Astrum\AstrumServer\AstrumServer\AstrumServer.csproj]
D:\Develop\Projects\Astrum\AstrumServer\AstrumServer\obj\Debug\net9.0\MemoryPack.Generator\MemoryPack.Generator.MemoryPackGenerator\Astrum.Generated.GameNetworkMessage.MemoryPackFormatter.g.cs(197,21): warning CS0436: “D:\Develop\Projects\Astrum\AstrumServer\AstrumServer\Generated\gamemessages_C_2000.cs”中的类型“GameNetworkMessage”与“Generated, Version=0.0.0.0, Culture=neutral, PublicKeyToken=null”中的导入类型“GameNetworkMessage”冲突。请使用“D:\Develop\Projects\Astrum\AstrumServer\AstrumServer\Generated\gamemessages_C_2000.cs”中定义的类型。 [D:\Develop\Projects\Astrum\AstrumServer\AstrumServer\AstrumServer.csproj]
D:\Develop\Projects\Astrum\AstrumServer\AstrumServer\obj\Debug\net9.0\MemoryPack.Generator\MemoryPack.Generator.MemoryPackGenerator\Astrum.Generated.GameRoomState.MemoryPackFormatter.g.cs(139,79): warning CS0436: “D:\Develop\Projects\Astrum\AstrumServer\AstrumServer\Generated\gamemessages_C_2000.cs”中的类型“GameRoomState”与“Generated, Version=0.0.0.0, Culture=neutral, PublicKeyToken=null”中的导入类型“GameRoomState”冲突。请使用“D:\Develop\Projects\Astrum\AstrumServer\AstrumServer\Generated\gamemessages_C_2000.cs”中定义的类型。 [D:\Develop\Projects\Astrum\AstrumServer\AstrumServer\AstrumServer.csproj]
D:\Develop\Projects\Astrum\AstrumServer\AstrumServer\obj\Debug\net9.0\MemoryPack.Generator\MemoryPack.Generator.MemoryPackGenerator\Astrum.Generated.GameRoomState.MemoryPackFormatter.g.cs(195,21): warning CS0436: “D:\Develop\Projects\Astrum\AstrumServer\AstrumServer\Generated\gamemessages_C_2000.cs”中的类型“GameRoomState”与“Generated, Version=0.0.0.0, Culture=neutral, PublicKeyToken=null”中的导入类型“GameRoomState”冲突。请使用“D:\Develop\Projects\Astrum\AstrumServer\AstrumServer\Generated\gamemessages_C_2000.cs”中定义的类型。 [D:\Develop\Projects\Astrum\AstrumServer\AstrumServer\AstrumServer.csproj]
D:\Develop\Projects\Astrum\AstrumServer\AstrumServer\Generated\gamemessages_C_2000.cs(124,23): warning CS8618: 在退出构造函数时，不可为 null 的 属性 "roomId" 必须包含非 null 值。请考虑添加 "required" 修饰符或将该 属性 声明为可为 null。 [D:\Develop\Projects\Astrum\AstrumServer\AstrumServer\AstrumServer.csproj]
D:\Develop\Projects\Astrum\AstrumServer\AstrumServer\Generated\gamemessages_C_2000.cs(24,23): warning CS8618: 在退出构造函数时，不可为 null 的 属性 "type" 必须包含非 null 值。请考虑添加 "required" 修饰符或将该 属性 声明为可为 null。 [D:\Develop\Projects\Astrum\AstrumServer\AstrumServer\AstrumServer.csproj]
D:\Develop\Projects\Astrum\AstrumServer\AstrumServer\Generated\gamemessages_C_2000.cs(30,23): warning CS8618: 在退出构造函数时，不可为 null 的 属性 "data" 必须包含非 null 值。请考虑添加 "required" 修饰符或将该 属性 声明为可为 null。 [D:\Develop\Projects\Astrum\AstrumServer\AstrumServer\AstrumServer.csproj]
D:\Develop\Projects\Astrum\AstrumServer\AstrumServer\Generated\gamemessages_C_2000.cs(36,23): warning CS8618: 在退出构造函数时，不可为 null 的 属性 "error" 必须包含非 null 值。请考虑添加 "required" 修饰符或将该 属性 声明为可为 null。 [D:\Develop\Projects\Astrum\AstrumServer\AstrumServer\AstrumServer.csproj]
D:\Develop\Projects\Astrum\AstrumServer\AstrumServer\Generated\gamemessages_C_2000.cs(578,53): warning CS0436: “D:\Develop\Projects\Astrum\AstrumServer\AstrumServer\Generated\gamemessages_C_2000.cs”中的类型“GameStateUpdate”与“Generated, Version=0.0.0.0, Culture=neutral, PublicKeyToken=null”中的导入类型“GameStateUpdate”冲突。请使用“D:\Develop\Projects\Astrum\AstrumServer\AstrumServer\Generated\gamemessages_C_2000.cs”中定义的类型。 [D:\Develop\Projects\Astrum\AstrumServer\AstrumServer\AstrumServer.csproj]
D:\Develop\Projects\Astrum\AstrumServer\AstrumServer\Generated\gamemessages_C_2000.cs(578,86): warning CS0436: “D:\Develop\Projects\Astrum\AstrumServer\AstrumServer\Generated\gamemessages_C_2000.cs”中的类型“GameStateUpdate”与“Generated, Version=0.0.0.0, Culture=neutral, PublicKeyToken=null”中的导入类型“GameStateUpdate”冲突。请使用“D:\Develop\Projects\Astrum\AstrumServer\AstrumServer\Generated\gamemessages_C_2000.cs”中定义的类型。 [D:\Develop\Projects\Astrum\AstrumServer\AstrumServer\AstrumServer.csproj]
D:\Develop\Projects\Astrum\AstrumServer\AstrumServer\Generated\gamemessages_C_2000.cs(578,20): warning CS8603: 可能返回 null 引用。 [D:\Develop\Projects\Astrum\AstrumServer\AstrumServer\AstrumServer.csproj]
D:\Develop\Projects\Astrum\AstrumServer\AstrumServer\obj\Debug\net9.0\MemoryPack.Generator\MemoryPack.Generator.MemoryPackGenerator\Astrum.Generated.PlayerResult.MemoryPackFormatter.g.cs(129,79): warning CS0436: “D:\Develop\Projects\Astrum\AstrumServer\AstrumServer\Generated\gamemessages_C_2000.cs”中的类型“PlayerResult”与“Generated, Version=0.0.0.0, Culture=neutral, PublicKeyToken=null”中的导入类型“PlayerResult”冲突。请使用“D:\Develop\Projects\Astrum\AstrumServer\AstrumServer\Generated\gamemessages_C_2000.cs”中定义的类型。 [D:\Develop\Projects\Astrum\AstrumServer\AstrumServer\AstrumServer.csproj]
D:\Develop\Projects\Astrum\AstrumServer\AstrumServer\obj\Debug\net9.0\MemoryPack.Generator\MemoryPack.Generator.MemoryPackGenerator\Astrum.Generated.PlayerResult.MemoryPackFormatter.g.cs(181,21): warning CS0436: “D:\Develop\Projects\Astrum\AstrumServer\AstrumServer\Generated\gamemessages_C_2000.cs”中的类型“PlayerResult”与“Generated, Version=0.0.0.0, Culture=neutral, PublicKeyToken=null”中的导入类型“PlayerResult”冲突。请使用“D:\Develop\Projects\Astrum\AstrumServer\AstrumServer\Generated\gamemessages_C_2000.cs”中定义的类型。 [D:\Develop\Projects\Astrum\AstrumServer\AstrumServer\AstrumServer.csproj]
D:\Develop\Projects\Astrum\AstrumServer\AstrumServer\Generated\gamemessages_C_2000.cs(364,23): warning CS8618: 在退出构造函数时，不可为 null 的 属性 "playerId" 必须包含非 null 值。请考虑添加 "required" 修饰符或将该 属性 声明为可为 null。 [D:\Develop\Projects\Astrum\AstrumServer\AstrumServer\AstrumServer.csproj]
D:\Develop\Projects\Astrum\AstrumServer\AstrumServer\Generated\gamemessages_C_2000.cs(606,27): warning CS8625: 无法将 null 字面量转换为非 null 的引用类型。 [D:\Develop\Projects\Astrum\AstrumServer\AstrumServer\AstrumServer.csproj]
D:\Develop\Projects\Astrum\AstrumServer\AstrumServer\Generated\gamemessages_C_2000.cs(607,30): warning CS8625: 无法将 null 字面量转换为非 null 的引用类型。 [D:\Develop\Projects\Astrum\AstrumServer\AstrumServer\AstrumServer.csproj]
D:\Develop\Projects\Astrum\AstrumServer\AstrumServer\obj\Debug\net9.0\MemoryPack.Generator\MemoryPack.Generator.MemoryPackGenerator\Astrum.Generated.GameStateUpdate.MemoryPackFormatter.g.cs(41,65): warning CS0436: “D:\Develop\Projects\Astrum\AstrumServer\AstrumServer\Generated\gamemessages_C_2000.cs”中的类型“GameStateUpdate”与“Generated, Version=0.0.0.0, Culture=neutral, PublicKeyToken=null”中的导入类型“GameStateUpdate”冲突。请使用“D:\Develop\Projects\Astrum\AstrumServer\AstrumServer\Generated\gamemessages_C_2000.cs”中定义的类型。 [D:\Develop\Projects\Astrum\AstrumServer\AstrumServer\AstrumServer.csproj]
D:\Develop\Projects\Astrum\AstrumServer\AstrumServer\Managers\FrameSyncManager.cs(832,31): warning CS0436: “D:\Develop\Projects\Astrum\AstrumServer\AstrumServer\Generated\gamemessages_C_2000.cs”中的类型“OneFrameInputs”与“Generated, Version=0.0.0.0, Culture=neutral, PublicKeyToken=null”中的导入类型“OneFrameInputs”冲突。请使用“D:\Develop\Projects\Astrum\AstrumServer\AstrumServer\Generated\gamemessages_C_2000.cs”中定义的类型。 [D:\Develop\Projects\Astrum\AstrumServer\AstrumServer\AstrumServer.csproj]
D:\Develop\Projects\Astrum\AstrumServer\AstrumServer\obj\Debug\net9.0\MemoryPack.Generator\MemoryPack.Generator.MemoryPackGenerator\Astrum.Generated.GameResult.MemoryPackFormatter.g.cs(97,74): warning CS0436: “D:\Develop\Projects\Astrum\AstrumServer\AstrumServer\Generated\gamemessages_C_2000.cs”中的类型“PlayerResult”与“Generated, Version=0.0.0.0, Culture=neutral, PublicKeyToken=null”中的导入类型“PlayerResult”冲突。请使用“D:\Develop\Projects\Astrum\AstrumServer\AstrumServer\Generated\gamemessages_C_2000.cs”中定义的类型。 [D:\Develop\Projects\Astrum\AstrumServer\AstrumServer\AstrumServer.csproj]
D:\Develop\Projects\Astrum\AstrumServer\AstrumServer\obj\Debug\net9.0\MemoryPack.Generator\MemoryPack.Generator.MemoryPackGenerator\Astrum.Generated.GameResult.MemoryPackFormatter.g.cs(107,124): warning CS0436: “D:\Develop\Projects\Astrum\AstrumServer\AstrumServer\Generated\gamemessages_C_2000.cs”中的类型“PlayerResult”与“Generated, Version=0.0.0.0, Culture=neutral, PublicKeyToken=null”中的导入类型“PlayerResult”冲突。请使用“D:\Develop\Projects\Astrum\AstrumServer\AstrumServer\Generated\gamemessages_C_2000.cs”中定义的类型。 [D:\Develop\Projects\Astrum\AstrumServer\AstrumServer\AstrumServer.csproj]
D:\Develop\Projects\Astrum\AstrumServer\AstrumServer\obj\Debug\net9.0\MemoryPack.Generator\MemoryPack.Generator.MemoryPackGenerator\Astrum.Generated.GameResult.MemoryPackFormatter.g.cs(131,79): warning CS0436: “D:\Develop\Projects\Astrum\AstrumServer\AstrumServer\Generated\gamemessages_C_2000.cs”中的类型“GameResult”与“Generated, Version=0.0.0.0, Culture=neutral, PublicKeyToken=null”中的导入类型“GameResult”冲突。请使用“D:\Develop\Projects\Astrum\AstrumServer\AstrumServer\Generated\gamemessages_C_2000.cs”中定义的类型。 [D:\Develop\Projects\Astrum\AstrumServer\AstrumServer\AstrumServer.csproj]
D:\Develop\Projects\Astrum\AstrumServer\AstrumServer\obj\Debug\net9.0\MemoryPack.Generator\MemoryPack.Generator.MemoryPackGenerator\Astrum.Generated.GameResult.MemoryPackFormatter.g.cs(179,21): warning CS0436: “D:\Develop\Projects\Astrum\AstrumServer\AstrumServer\Generated\gamemessages_C_2000.cs”中的类型“GameResult”与“Generated, Version=0.0.0.0, Culture=neutral, PublicKeyToken=null”中的导入类型“GameResult”冲突。请使用“D:\Develop\Projects\Astrum\AstrumServer\AstrumServer\Generated\gamemessages_C_2000.cs”中定义的类型。 [D:\Develop\Projects\Astrum\AstrumServer\AstrumServer\AstrumServer.csproj]
D:\Develop\Projects\Astrum\AstrumServer\AstrumServer\Generated\gamemessages_C_2000.cs(321,23): warning CS8618: 在退出构造函数时，不可为 null 的 属性 "roomId" 必须包含非 null 值。请考虑添加 "required" 修饰符或将该 属性 声明为可为 null。 [D:\Develop\Projects\Astrum\AstrumServer\AstrumServer\AstrumServer.csproj]
D:\Develop\Projects\Astrum\AstrumServer\AstrumServer\Generated\gamemessages_C_2000.cs(678,53): warning CS0436: “D:\Develop\Projects\Astrum\AstrumServer\AstrumServer\Generated\gamemessages_C_2000.cs”中的类型“FrameSyncEndNotification”与“Generated, Version=0.0.0.0, Culture=neutral, PublicKeyToken=null”中的导入类型“FrameSyncEndNotification”冲突。请使用“D:\Develop\Projects\Astrum\AstrumServer\AstrumServer\Generated\gamemessages_C_2000.cs”中定义的类型。 [D:\Develop\Projects\Astrum\AstrumServer\AstrumServer\AstrumServer.csproj]
D:\Develop\Projects\Astrum\AstrumServer\AstrumServer\Generated\gamemessages_C_2000.cs(678,95): warning CS0436: “D:\Develop\Projects\Astrum\AstrumServer\AstrumServer\Generated\gamemessages_C_2000.cs”中的类型“FrameSyncEndNotification”与“Generated, Version=0.0.0.0, Culture=neutral, PublicKeyToken=null”中的导入类型“FrameSyncEndNotification”冲突。请使用“D:\Develop\Projects\Astrum\AstrumServer\AstrumServer\Generated\gamemessages_C_2000.cs”中定义的类型。 [D:\Develop\Projects\Astrum\AstrumServer\AstrumServer\AstrumServer.csproj]
D:\Develop\Projects\Astrum\AstrumServer\AstrumServer\Generated\gamemessages_C_2000.cs(678,20): warning CS8603: 可能返回 null 引用。 [D:\Develop\Projects\Astrum\AstrumServer\AstrumServer\AstrumServer.csproj]
D:\Develop\Projects\Astrum\AstrumServer\AstrumServer\Generated\gamemessages_C_2000.cs(728,53): warning CS0436: “D:\Develop\Projects\Astrum\AstrumServer\AstrumServer\Generated\gamemessages_C_2000.cs”中的类型“FrameSyncData”与“Generated, Version=0.0.0.0, Culture=neutral, PublicKeyToken=null”中的导入类型“FrameSyncData”冲突。请使用“D:\Develop\Projects\Astrum\AstrumServer\AstrumServer\Generated\gamemessages_C_2000.cs”中定义的类型。 [D:\Develop\Projects\Astrum\AstrumServer\AstrumServer\AstrumServer.csproj]
D:\Develop\Projects\Astrum\AstrumServer\AstrumServer\Generated\gamemessages_C_2000.cs(728,84): warning CS0436: “D:\Develop\Projects\Astrum\AstrumServer\AstrumServer\Generated\gamemessages_C_2000.cs”中的类型“FrameSyncData”与“Generated, Version=0.0.0.0, Culture=neutral, PublicKeyToken=null”中的导入类型“FrameSyncData”冲突。请使用“D:\Develop\Projects\Astrum\AstrumServer\AstrumServer\Generated\gamemessages_C_2000.cs”中定义的类型。 [D:\Develop\Projects\Astrum\AstrumServer\AstrumServer\AstrumServer.csproj]
D:\Develop\Projects\Astrum\AstrumServer\AstrumServer\Generated\gamemessages_C_2000.cs(728,20): warning CS8603: 可能返回 null 引用。 [D:\Develop\Projects\Astrum\AstrumServer\AstrumServer\AstrumServer.csproj]
D:\Develop\Projects\Astrum\AstrumServer\AstrumServer\Generated\gamemessages_C_2000.cs(778,53): warning CS0436: “D:\Develop\Projects\Astrum\AstrumServer\AstrumServer\Generated\gamemessages_C_2000.cs”中的类型“SingleInput”与“Generated, Version=0.0.0.0, Culture=neutral, PublicKeyToken=null”中的导入类型“SingleInput”冲突。请使用“D:\Develop\Projects\Astrum\AstrumServer\AstrumServer\Generated\gamemessages_C_2000.cs”中定义的类型。 [D:\Develop\Projects\Astrum\AstrumServer\AstrumServer\AstrumServer.csproj]
D:\Develop\Projects\Astrum\AstrumServer\AstrumServer\Generated\gamemessages_C_2000.cs(778,82): warning CS0436: “D:\Develop\Projects\Astrum\AstrumServer\AstrumServer\Generated\gamemessages_C_2000.cs”中的类型“SingleInput”与“Generated, Version=0.0.0.0, Culture=neutral, PublicKeyToken=null”中的导入类型“SingleInput”冲突。请使用“D:\Develop\Projects\Astrum\AstrumServer\AstrumServer\Generated\gamemessages_C_2000.cs”中定义的类型。 [D:\Develop\Projects\Astrum\AstrumServer\AstrumServer\AstrumServer.csproj]
D:\Develop\Projects\Astrum\AstrumServer\AstrumServer\Generated\gamemessages_C_2000.cs(778,20): warning CS8603: 可能返回 null 引用。 [D:\Develop\Projects\Astrum\AstrumServer\AstrumServer\AstrumServer.csproj]
D:\Develop\Projects\Astrum\AstrumServer\AstrumServer\Managers\FrameSyncManager.cs(883,32): warning CS0436: “D:\Develop\Projects\Astrum\AstrumServer\AstrumServer\Generated\gamemessages_C_2000.cs”中的类型“LSInput”与“Generated, Version=0.0.0.0, Culture=neutral, PublicKeyToken=null”中的导入类型“LSInput”冲突。请使用“D:\Develop\Projects\Astrum\AstrumServer\AstrumServer\Generated\gamemessages_C_2000.cs”中定义的类型。 [D:\Develop\Projects\Astrum\AstrumServer\AstrumServer\AstrumServer.csproj]
D:\Develop\Projects\Astrum\AstrumServer\AstrumServer\Generated\game_S_3000.cs(15,53): warning CS0436: “D:\Develop\Projects\Astrum\AstrumServer\AstrumServer\Generated\game_S_3000.cs”中的类型“PlayerInfo”与“Generated, Version=0.0.0.0, Culture=neutral, PublicKeyToken=null”中的导入类型“PlayerInfo”冲突。请使用“D:\Develop\Projects\Astrum\AstrumServer\AstrumServer\Generated\game_S_3000.cs”中定义的类型。 [D:\Develop\Projects\Astrum\AstrumServer\AstrumServer\AstrumServer.csproj]
D:\Develop\Projects\Astrum\AstrumServer\AstrumServer\Generated\game_S_3000.cs(15,81): warning CS0436: “D:\Develop\Projects\Astrum\AstrumServer\AstrumServer\Generated\game_S_3000.cs”中的类型“PlayerInfo”与“Generated, Version=0.0.0.0, Culture=neutral, PublicKeyToken=null”中的导入类型“PlayerInfo”冲突。请使用“D:\Develop\Projects\Astrum\AstrumServer\AstrumServer\Generated\game_S_3000.cs”中定义的类型。 [D:\Develop\Projects\Astrum\AstrumServer\AstrumServer\AstrumServer.csproj]
D:\Develop\Projects\Astrum\AstrumServer\AstrumServer\Generated\game_S_3000.cs(15,20): warning CS8603: 可能返回 null 引用。 [D:\Develop\Projects\Astrum\AstrumServer\AstrumServer\AstrumServer.csproj]
D:\Develop\Projects\Astrum\AstrumServer\AstrumServer\Generated\game_S_3000.cs(70,53): warning CS0436: “D:\Develop\Projects\Astrum\AstrumServer\AstrumServer\Generated\game_S_3000.cs”中的类型“GameRequest”与“Generated, Version=0.0.0.0, Culture=neutral, PublicKeyToken=null”中的导入类型“GameRequest”冲突。请使用“D:\Develop\Projects\Astrum\AstrumServer\AstrumServer\Generated\game_S_3000.cs”中定义的类型。 [D:\Develop\Projects\Astrum\AstrumServer\AstrumServer\AstrumServer.csproj]
D:\Develop\Projects\Astrum\AstrumServer\AstrumServer\Generated\game_S_3000.cs(70,82): warning CS0436: “D:\Develop\Projects\Astrum\AstrumServer\AstrumServer\Generated\game_S_3000.cs”中的类型“GameRequest”与“Generated, Version=0.0.0.0, Culture=neutral, PublicKeyToken=null”中的导入类型“GameRequest”冲突。请使用“D:\Develop\Projects\Astrum\AstrumServer\AstrumServer\Generated\game_S_3000.cs”中定义的类型。 [D:\Develop\Projects\Astrum\AstrumServer\AstrumServer\AstrumServer.csproj]
D:\Develop\Projects\Astrum\AstrumServer\AstrumServer\Generated\game_S_3000.cs(70,20): warning CS8603: 可能返回 null 引用。 [D:\Develop\Projects\Astrum\AstrumServer\AstrumServer\AstrumServer.csproj]
D:\Develop\Projects\Astrum\AstrumServer\AstrumServer\Generated\gamemessages_C_2000.cs(621,53): warning CS0436: “D:\Develop\Projects\Astrum\AstrumServer\AstrumServer\Generated\gamemessages_C_2000.cs”中的类型“FrameSyncStartNotification”与“Generated, Version=0.0.0.0, Culture=neutral, PublicKeyToken=null”中的导入类型“FrameSyncStartNotification”冲突。请使用“D:\Develop\Projects\Astrum\AstrumServer\AstrumServer\Generated\gamemessages_C_2000.cs”中定义的类型。 [D:\Develop\Projects\Astrum\AstrumServer\AstrumServer\AstrumServer.csproj]
D:\Develop\Projects\Astrum\AstrumServer\AstrumServer\Generated\gamemessages_C_2000.cs(621,97): warning CS0436: “D:\Develop\Projects\Astrum\AstrumServer\AstrumServer\Generated\gamemessages_C_2000.cs”中的类型“FrameSyncStartNotification”与“Generated, Version=0.0.0.0, Culture=neutral, PublicKeyToken=null”中的导入类型“FrameSyncStartNotification”冲突。请使用“D:\Develop\Projects\Astrum\AstrumServer\AstrumServer\Generated\gamemessages_C_2000.cs”中定义的类型。 [D:\Develop\Projects\Astrum\AstrumServer\AstrumServer\AstrumServer.csproj]
D:\Develop\Projects\Astrum\AstrumServer\AstrumServer\Generated\gamemessages_C_2000.cs(621,20): warning CS8603: 可能返回 null 引用。 [D:\Develop\Projects\Astrum\AstrumServer\AstrumServer\AstrumServer.csproj]
D:\Develop\Projects\Astrum\AstrumServer\AstrumServer\obj\Debug\net9.0\MemoryPack.Generator\MemoryPack.Generator.MemoryPackGenerator\Astrum.Generated.GameStateUpdate.MemoryPackFormatter.g.cs(48,74): warning CS0436: “D:\Develop\Projects\Astrum\AstrumServer\AstrumServer\Generated\gamemessages_C_2000.cs”中的类型“GameStateUpdate”与“Generated, Version=0.0.0.0, Culture=neutral, PublicKeyToken=null”中的导入类型“GameStateUpdate”冲突。请使用“D:\Develop\Projects\Astrum\AstrumServer\AstrumServer\Generated\gamemessages_C_2000.cs”中定义的类型。 [D:\Develop\Projects\Astrum\AstrumServer\AstrumServer\AstrumServer.csproj]
D:\Develop\Projects\Astrum\AstrumServer\AstrumServer\obj\Debug\net9.0\MemoryPack.Generator\MemoryPack.Generator.MemoryPackGenerator\Astrum.Generated.GameStateUpdate.MemoryPackFormatter.g.cs(50,127): warning CS0436: “D:\Develop\Projects\Astrum\AstrumServer\AstrumServer\Generated\gamemessages_C_2000.cs”中的类型“GameStateUpdate”与“Generated, Version=0.0.0.0, Culture=neutral, PublicKeyToken=null”中的导入类型“GameStateUpdate”冲突。请使用“D:\Develop\Projects\Astrum\AstrumServer\AstrumServer\Generated\gamemessages_C_2000.cs”中定义的类型。 [D:\Develop\Projects\Astrum\AstrumServer\AstrumServer\AstrumServer.csproj]
D:\Develop\Projects\Astrum\AstrumServer\AstrumServer\obj\Debug\net9.0\MemoryPack.Generator\MemoryPack.Generator.MemoryPackGenerator\Astrum.Generated.GameStateUpdate.MemoryPackFormatter.g.cs(52,74): warning CS0436: “D:\Develop\Projects\Astrum\AstrumServer\AstrumServer\Generated\gamemessages_C_2000.cs”中的类型“GameStateUpdate”与“Generated, Version=0.0.0.0, Culture=neutral, PublicKeyToken=null”中的导入类型“GameStateUpdate”冲突。请使用“D:\Develop\Projects\Astrum\AstrumServer\AstrumServer\Generated\gamemessages_C_2000.cs”中定义的类型。 [D:\Develop\Projects\Astrum\AstrumServer\AstrumServer\AstrumServer.csproj]
D:\Develop\Projects\Astrum\AstrumServer\AstrumServer\obj\Debug\net9.0\MemoryPack.Generator\MemoryPack.Generator.MemoryPackGenerator\Astrum.Generated.GameStateUpdate.MemoryPackFormatter.g.cs(54,118): warning CS0436: “D:\Develop\Projects\Astrum\AstrumServer\AstrumServer\Generated\gamemessages_C_2000.cs”中的类型“GameStateUpdate”与“Generated, Version=0.0.0.0, Culture=neutral, PublicKeyToken=null”中的导入类型“GameStateUpdate”冲突。请使用“D:\Develop\Projects\Astrum\AstrumServer\AstrumServer\Generated\gamemessages_C_2000.cs”中定义的类型。 [D:\Develop\Projects\Astrum\AstrumServer\AstrumServer\AstrumServer.csproj]
D:\Develop\Projects\Astrum\AstrumServer\AstrumServer\Generated\gamemessages_C_2000.cs(808,26): warning CS8625: 无法将 null 字面量转换为非 null 的引用类型。 [D:\Develop\Projects\Astrum\AstrumServer\AstrumServer\AstrumServer.csproj]
D:\Develop\Projects\Astrum\AstrumServer\AstrumServer\obj\Debug\net9.0\MemoryPack.Generator\MemoryPack.Generator.MemoryPackGenerator\Astrum.Generated.SingleInput.MemoryPackFormatter.g.cs(41,65): warning CS0436: “D:\Develop\Projects\Astrum\AstrumServer\AstrumServer\Generated\gamemessages_C_2000.cs”中的类型“SingleInput”与“Generated, Version=0.0.0.0, Culture=neutral, PublicKeyToken=null”中的导入类型“SingleInput”冲突。请使用“D:\Develop\Projects\Astrum\AstrumServer\AstrumServer\Generated\gamemessages_C_2000.cs”中定义的类型。 [D:\Develop\Projects\Astrum\AstrumServer\AstrumServer\AstrumServer.csproj]
D:\Develop\Projects\Astrum\AstrumServer\AstrumServer\Generated\gamemessages_C_2000.cs(712,27): warning CS8625: 无法将 null 字面量转换为非 null 的引用类型。 [D:\Develop\Projects\Astrum\AstrumServer\AstrumServer\AstrumServer.csproj]
D:\Develop\Projects\Astrum\AstrumServer\AstrumServer\Generated\gamemessages_C_2000.cs(715,27): warning CS8625: 无法将 null 字面量转换为非 null 的引用类型。 [D:\Develop\Projects\Astrum\AstrumServer\AstrumServer\AstrumServer.csproj]
D:\Develop\Projects\Astrum\AstrumServer\AstrumServer\obj\Debug\net9.0\MemoryPack.Generator\MemoryPack.Generator.MemoryPackGenerator\Astrum.Generated.FrameSyncEndNotification.MemoryPackFormatter.g.cs(42,65): warning CS0436: “D:\Develop\Projects\Astrum\AstrumServer\AstrumServer\Generated\gamemessages_C_2000.cs”中的类型“FrameSyncEndNotification”与“Generated, Version=0.0.0.0, Culture=neutral, PublicKeyToken=null”中的导入类型“FrameSyncEndNotification”冲突。请使用“D:\Develop\Projects\Astrum\AstrumServer\AstrumServer\Generated\gamemessages_C_2000.cs”中定义的类型。 [D:\Develop\Projects\Astrum\AstrumServer\AstrumServer\AstrumServer.csproj]
D:\Develop\Projects\Astrum\AstrumServer\AstrumServer\Generated\game_S_3000.cs(105,27): warning CS8625: 无法将 null 字面量转换为非 null 的引用类型。 [D:\Develop\Projects\Astrum\AstrumServer\AstrumServer\AstrumServer.csproj]
D:\Develop\Projects\Astrum\AstrumServer\AstrumServer\Generated\game_S_3000.cs(106,27): warning CS8625: 无法将 null 字面量转换为非 null 的引用类型。 [D:\Develop\Projects\Astrum\AstrumServer\AstrumServer\AstrumServer.csproj]
D:\Develop\Projects\Astrum\AstrumServer\AstrumServer\obj\Debug\net9.0\MemoryPack.Generator\MemoryPack.Generator.MemoryPackGenerator\Astrum.Generated.GameRequest.MemoryPackFormatter.g.cs(42,65): warning CS0436: “D:\Develop\Projects\Astrum\AstrumServer\AstrumServer\Generated\game_S_3000.cs”中的类型“GameRequest”与“Generated, Version=0.0.0.0, Culture=neutral, PublicKeyToken=null”中的导入类型“GameRequest”冲突。请使用“D:\Develop\Projects\Astrum\AstrumServer\AstrumServer\Generated\game_S_3000.cs”中定义的类型。 [D:\Develop\Projects\Astrum\AstrumServer\AstrumServer\AstrumServer.csproj]
D:\Develop\Projects\Astrum\AstrumServer\AstrumServer\Generated\gamemessages_C_2000.cs(762,27): warning CS8625: 无法将 null 字面量转换为非 null 的引用类型。 [D:\Develop\Projects\Astrum\AstrumServer\AstrumServer\AstrumServer.csproj]
D:\Develop\Projects\Astrum\AstrumServer\AstrumServer\Generated\gamemessages_C_2000.cs(764,32): warning CS8625: 无法将 null 字面量转换为非 null 的引用类型。 [D:\Develop\Projects\Astrum\AstrumServer\AstrumServer\AstrumServer.csproj]
D:\Develop\Projects\Astrum\AstrumServer\AstrumServer\obj\Debug\net9.0\MemoryPack.Generator\MemoryPack.Generator.MemoryPackGenerator\Astrum.Generated.FrameSyncData.MemoryPackFormatter.g.cs(42,65): warning CS0436: “D:\Develop\Projects\Astrum\AstrumServer\AstrumServer\Generated\gamemessages_C_2000.cs”中的类型“FrameSyncData”与“Generated, Version=0.0.0.0, Culture=neutral, PublicKeyToken=null”中的导入类型“FrameSyncData”冲突。请使用“D:\Develop\Projects\Astrum\AstrumServer\AstrumServer\Generated\gamemessages_C_2000.cs”中定义的类型。 [D:\Develop\Projects\Astrum\AstrumServer\AstrumServer\AstrumServer.csproj]
D:\Develop\Projects\Astrum\AstrumServer\AstrumServer\Core\GameServer.cs(282,32): warning CS0436: “D:\Develop\Projects\Astrum\AstrumServer\AstrumServer\Generated\networkcommon_C_1000.cs”中的类型“LoginResponse”与“Generated, Version=0.0.0.0, Culture=neutral, PublicKeyToken=null”中的导入类型“LoginResponse”冲突。请使用“D:\Develop\Projects\Astrum\AstrumServer\AstrumServer\Generated\networkcommon_C_1000.cs”中定义的类型。 [D:\Develop\Projects\Astrum\AstrumServer\AstrumServer\AstrumServer.csproj]
D:\Develop\Projects\Astrum\AstrumServer\AstrumServer\Core\GameServer.cs(297,32): warning CS0436: “D:\Develop\Projects\Astrum\AstrumServer\AstrumServer\Generated\networkcommon_C_1000.cs”中的类型“LoginResponse”与“Generated, Version=0.0.0.0, Culture=neutral, PublicKeyToken=null”中的导入类型“LoginResponse”冲突。请使用“D:\Develop\Projects\Astrum\AstrumServer\AstrumServer\Generated\networkcommon_C_1000.cs”中定义的类型。 [D:\Develop\Projects\Astrum\AstrumServer\AstrumServer\AstrumServer.csproj]
D:\Develop\Projects\Astrum\AstrumServer\AstrumServer\Generated\gamemessages_C_2000.cs(661,27): warning CS8625: 无法将 null 字面量转换为非 null 的引用类型。 [D:\Develop\Projects\Astrum\AstrumServer\AstrumServer\AstrumServer.csproj]
D:\Develop\Projects\Astrum\AstrumServer\AstrumServer\Managers\FrameSyncManager.cs(208,40): warning CS8602: 解引用可能出现空引用。 [D:\Develop\Projects\Astrum\AstrumServer\AstrumServer\AstrumServer.csproj]
D:\Develop\Projects\Astrum\AstrumServer\AstrumServer\obj\Debug\net9.0\MemoryPack.Generator\MemoryPack.Generator.MemoryPackGenerator\Astrum.Generated.FrameSyncStartNotification.MemoryPackFormatter.g.cs(43,65): warning CS0436: “D:\Develop\Projects\Astrum\AstrumServer\AstrumServer\Generated\gamemessages_C_2000.cs”中的类型“FrameSyncStartNotification”与“Generated, Version=0.0.0.0, Culture=neutral, PublicKeyToken=null”中的导入类型“FrameSyncStartNotification”冲突。请使用“D:\Develop\Projects\Astrum\AstrumServer\AstrumServer\Generated\gamemessages_C_2000.cs”中定义的类型。 [D:\Develop\Projects\Astrum\AstrumServer\AstrumServer\AstrumServer.csproj]
D:\Develop\Projects\Astrum\AstrumServer\AstrumServer\obj\Debug\net9.0\MemoryPack.Generator\MemoryPack.Generator.MemoryPackGenerator\Astrum.Generated.FrameSyncEndNotification.MemoryPackFormatter.g.cs(49,74): warning CS0436: “D:\Develop\Projects\Astrum\AstrumServer\AstrumServer\Generated\gamemessages_C_2000.cs”中的类型“FrameSyncEndNotification”与“Generated, Version=0.0.0.0, Culture=neutral, PublicKeyToken=null”中的导入类型“FrameSyncEndNotification”冲突。请使用“D:\Develop\Projects\Astrum\AstrumServer\AstrumServer\Generated\gamemessages_C_2000.cs”中定义的类型。 [D:\Develop\Projects\Astrum\AstrumServer\AstrumServer\AstrumServer.csproj]
D:\Develop\Projects\Astrum\AstrumServer\AstrumServer\obj\Debug\net9.0\MemoryPack.Generator\MemoryPack.Generator.MemoryPackGenerator\Astrum.Generated.FrameSyncEndNotification.MemoryPackFormatter.g.cs(51,127): warning CS0436: “D:\Develop\Projects\Astrum\AstrumServer\AstrumServer\Generated\gamemessages_C_2000.cs”中的类型“FrameSyncEndNotification”与“Generated, Version=0.0.0.0, Culture=neutral, PublicKeyToken=null”中的导入类型“FrameSyncEndNotification”冲突。请使用“D:\Develop\Projects\Astrum\AstrumServer\AstrumServer\Generated\gamemessages_C_2000.cs”中定义的类型。 [D:\Develop\Projects\Astrum\AstrumServer\AstrumServer\AstrumServer.csproj]
D:\Develop\Projects\Astrum\AstrumServer\AstrumServer\obj\Debug\net9.0\MemoryPack.Generator\MemoryPack.Generator.MemoryPackGenerator\Astrum.Generated.FrameSyncEndNotification.MemoryPackFormatter.g.cs(53,74): warning CS0436: “D:\Develop\Projects\Astrum\AstrumServer\AstrumServer\Generated\gamemessages_C_2000.cs”中的类型“FrameSyncEndNotification”与“Generated, Version=0.0.0.0, Culture=neutral, PublicKeyToken=null”中的导入类型“FrameSyncEndNotification”冲突。请使用“D:\Develop\Projects\Astrum\AstrumServer\AstrumServer\Generated\gamemessages_C_2000.cs”中定义的类型。 [D:\Develop\Projects\Astrum\AstrumServer\AstrumServer\AstrumServer.csproj]
D:\Develop\Projects\Astrum\AstrumServer\AstrumServer\obj\Debug\net9.0\MemoryPack.Generator\MemoryPack.Generator.MemoryPackGenerator\Astrum.Generated.FrameSyncEndNotification.MemoryPackFormatter.g.cs(55,118): warning CS0436: “D:\Develop\Projects\Astrum\AstrumServer\AstrumServer\Generated\gamemessages_C_2000.cs”中的类型“FrameSyncEndNotification”与“Generated, Version=0.0.0.0, Culture=neutral, PublicKeyToken=null”中的导入类型“FrameSyncEndNotification”冲突。请使用“D:\Develop\Projects\Astrum\AstrumServer\AstrumServer\Generated\gamemessages_C_2000.cs”中定义的类型。 [D:\Develop\Projects\Astrum\AstrumServer\AstrumServer\AstrumServer.csproj]
D:\Develop\Projects\Astrum\AstrumServer\AstrumServer\obj\Debug\net9.0\MemoryPack.Generator\MemoryPack.Generator.MemoryPackGenerator\Astrum.Generated.SingleInput.MemoryPackFormatter.g.cs(48,74): warning CS0436: “D:\Develop\Projects\Astrum\AstrumServer\AstrumServer\Generated\gamemessages_C_2000.cs”中的类型“SingleInput”与“Generated, Version=0.0.0.0, Culture=neutral, PublicKeyToken=null”中的导入类型“SingleInput”冲突。请使用“D:\Develop\Projects\Astrum\AstrumServer\AstrumServer\Generated\gamemessages_C_2000.cs”中定义的类型。 [D:\Develop\Projects\Astrum\AstrumServer\AstrumServer\AstrumServer.csproj]
D:\Develop\Projects\Astrum\AstrumServer\AstrumServer\obj\Debug\net9.0\MemoryPack.Generator\MemoryPack.Generator.MemoryPackGenerator\Astrum.Generated.SingleInput.MemoryPackFormatter.g.cs(50,127): warning CS0436: “D:\Develop\Projects\Astrum\AstrumServer\AstrumServer\Generated\gamemessages_C_2000.cs”中的类型“SingleInput”与“Generated, Version=0.0.0.0, Culture=neutral, PublicKeyToken=null”中的导入类型“SingleInput”冲突。请使用“D:\Develop\Projects\Astrum\AstrumServer\AstrumServer\Generated\gamemessages_C_2000.cs”中定义的类型。 [D:\Develop\Projects\Astrum\AstrumServer\AstrumServer\AstrumServer.csproj]
D:\Develop\Projects\Astrum\AstrumServer\AstrumServer\obj\Debug\net9.0\MemoryPack.Generator\MemoryPack.Generator.MemoryPackGenerator\Astrum.Generated.SingleInput.MemoryPackFormatter.g.cs(52,74): warning CS0436: “D:\Develop\Projects\Astrum\AstrumServer\AstrumServer\Generated\gamemessages_C_2000.cs”中的类型“SingleInput”与“Generated, Version=0.0.0.0, Culture=neutral, PublicKeyToken=null”中的导入类型“SingleInput”冲突。请使用“D:\Develop\Projects\Astrum\AstrumServer\AstrumServer\Generated\gamemessages_C_2000.cs”中定义的类型。 [D:\Develop\Projects\Astrum\AstrumServer\AstrumServer\AstrumServer.csproj]
D:\Develop\Projects\Astrum\AstrumServer\AstrumServer\obj\Debug\net9.0\MemoryPack.Generator\MemoryPack.Generator.MemoryPackGenerator\Astrum.Generated.SingleInput.MemoryPackFormatter.g.cs(54,118): warning CS0436: “D:\Develop\Projects\Astrum\AstrumServer\AstrumServer\Generated\gamemessages_C_2000.cs”中的类型“SingleInput”与“Generated, Version=0.0.0.0, Culture=neutral, PublicKeyToken=null”中的导入类型“SingleInput”冲突。请使用“D:\Develop\Projects\Astrum\AstrumServer\AstrumServer\Generated\gamemessages_C_2000.cs”中定义的类型。 [D:\Develop\Projects\Astrum\AstrumServer\AstrumServer\AstrumServer.csproj]
D:\Develop\Projects\Astrum\AstrumServer\AstrumServer\Generated\game_S_3000.cs(55,31): warning CS8625: 无法将 null 字面量转换为非 null 的引用类型。 [D:\Develop\Projects\Astrum\AstrumServer\AstrumServer\AstrumServer.csproj]
D:\Develop\Projects\Astrum\AstrumServer\AstrumServer\obj\Debug\net9.0\MemoryPack.Generator\MemoryPack.Generator.MemoryPackGenerator\Astrum.Generated.PlayerInfo.MemoryPackFormatter.g.cs(43,65): warning CS0436: “D:\Develop\Projects\Astrum\AstrumServer\AstrumServer\Generated\game_S_3000.cs”中的类型“PlayerInfo”与“Generated, Version=0.0.0.0, Culture=neutral, PublicKeyToken=null”中的导入类型“PlayerInfo”冲突。请使用“D:\Develop\Projects\Astrum\AstrumServer\AstrumServer\Generated\game_S_3000.cs”中定义的类型。 [D:\Develop\Projects\Astrum\AstrumServer\AstrumServer\AstrumServer.csproj]
D:\Develop\Projects\Astrum\AstrumServer\AstrumServer\obj\Debug\net9.0\MemoryPack.Generator\MemoryPack.Generator.MemoryPackGenerator\Astrum.Generated.GameRequest.MemoryPackFormatter.g.cs(49,74): warning CS0436: “D:\Develop\Projects\Astrum\AstrumServer\AstrumServer\Generated\game_S_3000.cs”中的类型“GameRequest”与“Generated, Version=0.0.0.0, Culture=neutral, PublicKeyToken=null”中的导入类型“GameRequest”冲突。请使用“D:\Develop\Projects\Astrum\AstrumServer\AstrumServer\Generated\game_S_3000.cs”中定义的类型。 [D:\Develop\Projects\Astrum\AstrumServer\AstrumServer\AstrumServer.csproj]
D:\Develop\Projects\Astrum\AstrumServer\AstrumServer\obj\Debug\net9.0\MemoryPack.Generator\MemoryPack.Generator.MemoryPackGenerator\Astrum.Generated.GameRequest.MemoryPackFormatter.g.cs(51,127): warning CS0436: “D:\Develop\Projects\Astrum\AstrumServer\AstrumServer\Generated\game_S_3000.cs”中的类型“GameRequest”与“Generated, Version=0.0.0.0, Culture=neutral, PublicKeyToken=null”中的导入类型“GameRequest”冲突。请使用“D:\Develop\Projects\Astrum\AstrumServer\AstrumServer\Generated\game_S_3000.cs”中定义的类型。 [D:\Develop\Projects\Astrum\AstrumServer\AstrumServer\AstrumServer.csproj]
D:\Develop\Projects\Astrum\AstrumServer\AstrumServer\obj\Debug\net9.0\MemoryPack.Generator\MemoryPack.Generator.MemoryPackGenerator\Astrum.Generated.GameRequest.MemoryPackFormatter.g.cs(53,74): warning CS0436: “D:\Develop\Projects\Astrum\AstrumServer\AstrumServer\Generated\game_S_3000.cs”中的类型“GameRequest”与“Generated, Version=0.0.0.0, Culture=neutral, PublicKeyToken=null”中的导入类型“GameRequest”冲突。请使用“D:\Develop\Projects\Astrum\AstrumServer\AstrumServer\Generated\game_S_3000.cs”中定义的类型。 [D:\Develop\Projects\Astrum\AstrumServer\AstrumServer\AstrumServer.csproj]
D:\Develop\Projects\Astrum\AstrumServer\AstrumServer\obj\Debug\net9.0\MemoryPack.Generator\MemoryPack.Generator.MemoryPackGenerator\Astrum.Generated.GameRequest.MemoryPackFormatter.g.cs(55,118): warning CS0436: “D:\Develop\Projects\Astrum\AstrumServer\AstrumServer\Generated\game_S_3000.cs”中的类型“GameRequest”与“Generated, Version=0.0.0.0, Culture=neutral, PublicKeyToken=null”中的导入类型“GameRequest”冲突。请使用“D:\Develop\Projects\Astrum\AstrumServer\AstrumServer\Generated\game_S_3000.cs”中定义的类型。 [D:\Develop\Projects\Astrum\AstrumServer\AstrumServer\AstrumServer.csproj]
D:\Develop\Projects\Astrum\AstrumServer\AstrumServer\obj\Debug\net9.0\MemoryPack.Generator\MemoryPack.Generator.MemoryPackGenerator\Astrum.Generated.FrameSyncData.MemoryPackFormatter.g.cs(49,74): warning CS0436: “D:\Develop\Projects\Astrum\AstrumServer\AstrumServer\Generated\gamemessages_C_2000.cs”中的类型“FrameSyncData”与“Generated, Version=0.0.0.0, Culture=neutral, PublicKeyToken=null”中的导入类型“FrameSyncData”冲突。请使用“D:\Develop\Projects\Astrum\AstrumServer\AstrumServer\Generated\gamemessages_C_2000.cs”中定义的类型。 [D:\Develop\Projects\Astrum\AstrumServer\AstrumServer\AstrumServer.csproj]
D:\Develop\Projects\Astrum\AstrumServer\AstrumServer\obj\Debug\net9.0\MemoryPack.Generator\MemoryPack.Generator.MemoryPackGenerator\Astrum.Generated.FrameSyncData.MemoryPackFormatter.g.cs(51,127): warning CS0436: “D:\Develop\Projects\Astrum\AstrumServer\AstrumServer\Generated\gamemessages_C_2000.cs”中的类型“FrameSyncData”与“Generated, Version=0.0.0.0, Culture=neutral, PublicKeyToken=null”中的导入类型“FrameSyncData”冲突。请使用“D:\Develop\Projects\Astrum\AstrumServer\AstrumServer\Generated\gamemessages_C_2000.cs”中定义的类型。 [D:\Develop\Projects\Astrum\AstrumServer\AstrumServer\AstrumServer.csproj]
D:\Develop\Projects\Astrum\AstrumServer\AstrumServer\obj\Debug\net9.0\MemoryPack.Generator\MemoryPack.Generator.MemoryPackGenerator\Astrum.Generated.FrameSyncData.MemoryPackFormatter.g.cs(53,74): warning CS0436: “D:\Develop\Projects\Astrum\AstrumServer\AstrumServer\Generated\gamemessages_C_2000.cs”中的类型“FrameSyncData”与“Generated, Version=0.0.0.0, Culture=neutral, PublicKeyToken=null”中的导入类型“FrameSyncData”冲突。请使用“D:\Develop\Projects\Astrum\AstrumServer\AstrumServer\Generated\gamemessages_C_2000.cs”中定义的类型。 [D:\Develop\Projects\Astrum\AstrumServer\AstrumServer\AstrumServer.csproj]
D:\Develop\Projects\Astrum\AstrumServer\AstrumServer\obj\Debug\net9.0\MemoryPack.Generator\MemoryPack.Generator.MemoryPackGenerator\Astrum.Generated.FrameSyncData.MemoryPackFormatter.g.cs(55,118): warning CS0436: “D:\Develop\Projects\Astrum\AstrumServer\AstrumServer\Generated\gamemessages_C_2000.cs”中的类型“FrameSyncData”与“Generated, Version=0.0.0.0, Culture=neutral, PublicKeyToken=null”中的导入类型“FrameSyncData”冲突。请使用“D:\Develop\Projects\Astrum\AstrumServer\AstrumServer\Generated\gamemessages_C_2000.cs”中定义的类型。 [D:\Develop\Projects\Astrum\AstrumServer\AstrumServer\AstrumServer.csproj]
D:\Develop\Projects\Astrum\AstrumServer\AstrumServer\obj\Debug\net9.0\MemoryPack.Generator\MemoryPack.Generator.MemoryPackGenerator\Astrum.Generated.GameEndNotification.MemoryPackFormatter.g.cs(95,34): warning CS0436: “D:\Develop\Projects\Astrum\AstrumServer\AstrumServer\Generated\gamemessages_C_2000.cs”中的类型“GameResult”与“Generated, Version=0.0.0.0, Culture=neutral, PublicKeyToken=null”中的导入类型“GameResult”冲突。请使用“D:\Develop\Projects\Astrum\AstrumServer\AstrumServer\Generated\gamemessages_C_2000.cs”中定义的类型。 [D:\Develop\Projects\Astrum\AstrumServer\AstrumServer\AstrumServer.csproj]
D:\Develop\Projects\Astrum\AstrumServer\AstrumServer\obj\Debug\net9.0\MemoryPack.Generator\MemoryPack.Generator.MemoryPackGenerator\Astrum.Generated.GameEndNotification.MemoryPackFormatter.g.cs(106,73): warning CS0436: “D:\Develop\Projects\Astrum\AstrumServer\AstrumServer\Generated\gamemessages_C_2000.cs”中的类型“GameResult”与“Generated, Version=0.0.0.0, Culture=neutral, PublicKeyToken=null”中的导入类型“GameResult”冲突。请使用“D:\Develop\Projects\Astrum\AstrumServer\AstrumServer\Generated\gamemessages_C_2000.cs”中定义的类型。 [D:\Develop\Projects\Astrum\AstrumServer\AstrumServer\AstrumServer.csproj]
D:\Develop\Projects\Astrum\AstrumServer\AstrumServer\obj\Debug\net9.0\MemoryPack.Generator\MemoryPack.Generator.MemoryPackGenerator\Astrum.Generated.GameEndNotification.MemoryPackFormatter.g.cs(133,79): warning CS0436: “D:\Develop\Projects\Astrum\AstrumServer\AstrumServer\Generated\gamemessages_C_2000.cs”中的类型“GameEndNotification”与“Generated, Version=0.0.0.0, Culture=neutral, PublicKeyToken=null”中的导入类型“GameEndNotification”冲突。请使用“D:\Develop\Projects\Astrum\AstrumServer\AstrumServer\Generated\gamemessages_C_2000.cs”中定义的类型。 [D:\Develop\Projects\Astrum\AstrumServer\AstrumServer\AstrumServer.csproj]
D:\Develop\Projects\Astrum\AstrumServer\AstrumServer\obj\Debug\net9.0\MemoryPack.Generator\MemoryPack.Generator.MemoryPackGenerator\Astrum.Generated.GameEndNotification.MemoryPackFormatter.g.cs(185,21): warning CS0436: “D:\Develop\Projects\Astrum\AstrumServer\AstrumServer\Generated\gamemessages_C_2000.cs”中的类型“GameEndNotification”与“Generated, Version=0.0.0.0, Culture=neutral, PublicKeyToken=null”中的导入类型“GameEndNotification”冲突。请使用“D:\Develop\Projects\Astrum\AstrumServer\AstrumServer\Generated\gamemessages_C_2000.cs”中定义的类型。 [D:\Develop\Projects\Astrum\AstrumServer\AstrumServer\AstrumServer.csproj]
D:\Develop\Projects\Astrum\AstrumServer\AstrumServer\Generated\gamemessages_C_2000.cs(535,23): warning CS8618: 在退出构造函数时，不可为 null 的 属性 "roomId" 必须包含非 null 值。请考虑添加 "required" 修饰符或将该 属性 声明为可为 null。 [D:\Develop\Projects\Astrum\AstrumServer\AstrumServer\AstrumServer.csproj]
D:\Develop\Projects\Astrum\AstrumServer\AstrumServer\Generated\gamemessages_C_2000.cs(541,27): warning CS8618: 在退出构造函数时，不可为 null 的 属性 "result" 必须包含非 null 值。请考虑添加 "required" 修饰符或将该 属性 声明为可为 null。 [D:\Develop\Projects\Astrum\AstrumServer\AstrumServer\AstrumServer.csproj]
D:\Develop\Projects\Astrum\AstrumServer\AstrumServer\Generated\gamemessages_C_2000.cs(553,23): warning CS8618: 在退出构造函数时，不可为 null 的 属性 "reason" 必须包含非 null 值。请考虑添加 "required" 修饰符或将该 属性 声明为可为 null。 [D:\Develop\Projects\Astrum\AstrumServer\AstrumServer\AstrumServer.csproj]
D:\Develop\Projects\Astrum\AstrumServer\AstrumServer\obj\Debug\net9.0\MemoryPack.Generator\MemoryPack.Generator.MemoryPackGenerator\Astrum.Generated.MatchFoundNotification.MemoryPackFormatter.g.cs(96,34): warning CS0436: “D:\Develop\Projects\Astrum\AstrumServer\AstrumServer\Generated\networkcommon_C_1000.cs”中的类型“RoomInfo”与“Generated, Version=0.0.0.0, Culture=neutral, PublicKeyToken=null”中的导入类型“RoomInfo”冲突。请使用“D:\Develop\Projects\Astrum\AstrumServer\AstrumServer\Generated\networkcommon_C_1000.cs”中定义的类型。 [D:\Develop\Projects\Astrum\AstrumServer\AstrumServer\AstrumServer.csproj]
D:\Develop\Projects\Astrum\AstrumServer\AstrumServer\obj\Debug\net9.0\MemoryPack.Generator\MemoryPack.Generator.MemoryPackGenerator\Astrum.Generated.MatchFoundNotification.MemoryPackFormatter.g.cs(106,71): warning CS0436: “D:\Develop\Projects\Astrum\AstrumServer\AstrumServer\Generated\networkcommon_C_1000.cs”中的类型“RoomInfo”与“Generated, Version=0.0.0.0, Culture=neutral, PublicKeyToken=null”中的导入类型“RoomInfo”冲突。请使用“D:\Develop\Projects\Astrum\AstrumServer\AstrumServer\Generated\networkcommon_C_1000.cs”中定义的类型。 [D:\Develop\Projects\Astrum\AstrumServer\AstrumServer\AstrumServer.csproj]
D:\Develop\Projects\Astrum\AstrumServer\AstrumServer\obj\Debug\net9.0\MemoryPack.Generator\MemoryPack.Generator.MemoryPackGenerator\Astrum.Generated.MatchFoundNotification.MemoryPackFormatter.g.cs(131,79): warning CS0436: “D:\Develop\Projects\Astrum\AstrumServer\AstrumServer\Generated\networkcommon_C_1000.cs”中的类型“MatchFoundNotification”与“Generated, Version=0.0.0.0, Culture=neutral, PublicKeyToken=null”中的导入类型“MatchFoundNotification”冲突。请使用“D:\Develop\Projects\Astrum\AstrumServer\AstrumServer\Generated\networkcommon_C_1000.cs”中定义的类型。 [D:\Develop\Projects\Astrum\AstrumServer\AstrumServer\AstrumServer.csproj]
D:\Develop\Projects\Astrum\AstrumServer\AstrumServer\obj\Debug\net9.0\MemoryPack.Generator\MemoryPack.Generator.MemoryPackGenerator\Astrum.Generated.MatchFoundNotification.MemoryPackFormatter.g.cs(179,21): warning CS0436: “D:\Develop\Projects\Astrum\AstrumServer\AstrumServer\Generated\networkcommon_C_1000.cs”中的类型“MatchFoundNotification”与“Generated, Version=0.0.0.0, Culture=neutral, PublicKeyToken=null”中的导入类型“MatchFoundNotification”冲突。请使用“D:\Develop\Projects\Astrum\AstrumServer\AstrumServer\Generated\networkcommon_C_1000.cs”中定义的类型。 [D:\Develop\Projects\Astrum\AstrumServer\AstrumServer\AstrumServer.csproj]
D:\Develop\Projects\Astrum\AstrumServer\AstrumServer\Generated\networkcommon_C_1000.cs(934,25): warning CS8618: 在退出构造函数时，不可为 null 的 属性 "Room" 必须包含非 null 值。请考虑添加 "required" 修饰符或将该 属性 声明为可为 null。 [D:\Develop\Projects\Astrum\AstrumServer\AstrumServer\AstrumServer.csproj]
D:\Develop\Projects\Astrum\AstrumServer\AstrumServer\obj\Debug\net9.0\MemoryPack.Generator\MemoryPack.Generator.MemoryPackGenerator\Astrum.Generated.GameStartNotification.MemoryPackFormatter.g.cs(101,34): warning CS0436: “D:\Develop\Projects\Astrum\AstrumServer\AstrumServer\Generated\gamemessages_C_2000.cs”中的类型“GameConfig”与“Generated, Version=0.0.0.0, Culture=neutral, PublicKeyToken=null”中的导入类型“GameConfig”冲突。请使用“D:\Develop\Projects\Astrum\AstrumServer\AstrumServer\Generated\gamemessages_C_2000.cs”中定义的类型。 [D:\Develop\Projects\Astrum\AstrumServer\AstrumServer\AstrumServer.csproj]
D:\Develop\Projects\Astrum\AstrumServer\AstrumServer\obj\Debug\net9.0\MemoryPack.Generator\MemoryPack.Generator.MemoryPackGenerator\Astrum.Generated.GameStartNotification.MemoryPackFormatter.g.cs(102,34): warning CS0436: “D:\Develop\Projects\Astrum\AstrumServer\AstrumServer\Generated\gamemessages_C_2000.cs”中的类型“GameRoomState”与“Generated, Version=0.0.0.0, Culture=neutral, PublicKeyToken=null”中的导入类型“GameRoomState”冲突。请使用“D:\Develop\Projects\Astrum\AstrumServer\AstrumServer\Generated\gamemessages_C_2000.cs”中定义的类型。 [D:\Develop\Projects\Astrum\AstrumServer\AstrumServer\AstrumServer.csproj]
D:\Develop\Projects\Astrum\AstrumServer\AstrumServer\obj\Debug\net9.0\MemoryPack.Generator\MemoryPack.Generator.MemoryPackGenerator\Astrum.Generated.GameStartNotification.MemoryPackFormatter.g.cs(113,73): warning CS0436: “D:\Develop\Projects\Astrum\AstrumServer\AstrumServer\Generated\gamemessages_C_2000.cs”中的类型“GameConfig”与“Generated, Version=0.0.0.0, Culture=neutral, PublicKeyToken=null”中的导入类型“GameConfig”冲突。请使用“D:\Develop\Projects\Astrum\AstrumServer\AstrumServer\Generated\gamemessages_C_2000.cs”中定义的类型。 [D:\Develop\Projects\Astrum\AstrumServer\AstrumServer\AstrumServer.csproj]
D:\Develop\Projects\Astrum\AstrumServer\AstrumServer\obj\Debug\net9.0\MemoryPack.Generator\MemoryPack.Generator.MemoryPackGenerator\Astrum.Generated.GameStartNotification.MemoryPackFormatter.g.cs(114,76): warning CS0436: “D:\Develop\Projects\Astrum\AstrumServer\AstrumServer\Generated\gamemessages_C_2000.cs”中的类型“GameRoomState”与“Generated, Version=0.0.0.0, Culture=neutral, PublicKeyToken=null”中的导入类型“GameRoomState”冲突。请使用“D:\Develop\Projects\Astrum\AstrumServer\AstrumServer\Generated\gamemessages_C_2000.cs”中定义的类型。 [D:\Develop\Projects\Astrum\AstrumServer\AstrumServer\AstrumServer.csproj]
D:\Develop\Projects\Astrum\AstrumServer\AstrumServer\obj\Debug\net9.0\MemoryPack.Generator\MemoryPack.Generator.MemoryPackGenerator\Astrum.Generated.GameStartNotification.MemoryPackFormatter.g.cs(143,79): warning CS0436: “D:\Develop\Projects\Astrum\AstrumServer\AstrumServer\Generated\gamemessages_C_2000.cs”中的类型“GameStartNotification”与“Generated, Version=0.0.0.0, Culture=neutral, PublicKeyToken=null”中的导入类型“GameStartNotification”冲突。请使用“D:\Develop\Projects\Astrum\AstrumServer\AstrumServer\Generated\gamemessages_C_2000.cs”中定义的类型。 [D:\Develop\Projects\Astrum\AstrumServer\AstrumServer\AstrumServer.csproj]
D:\Develop\Projects\Astrum\AstrumServer\AstrumServer\obj\Debug\net9.0\MemoryPack.Generator\MemoryPack.Generator.MemoryPackGenerator\Astrum.Generated.GameStartNotification.MemoryPackFormatter.g.cs(199,21): warning CS0436: “D:\Develop\Projects\Astrum\AstrumServer\AstrumServer\Generated\gamemessages_C_2000.cs”中的类型“GameStartNotification”与“Generated, Version=0.0.0.0, Culture=neutral, PublicKeyToken=null”中的导入类型“GameStartNotification”冲突。请使用“D:\Develop\Projects\Astrum\AstrumServer\AstrumServer\Generated\gamemessages_C_2000.cs”中定义的类型。 [D:\Develop\Projects\Astrum\AstrumServer\AstrumServer\AstrumServer.csproj]
D:\Develop\Projects\Astrum\AstrumServer\AstrumServer\Generated\gamemessages_C_2000.cs(478,23): warning CS8618: 在退出构造函数时，不可为 null 的 属性 "roomId" 必须包含非 null 值。请考虑添加 "required" 修饰符或将该 属性 声明为可为 null。 [D:\Develop\Projects\Astrum\AstrumServer\AstrumServer\AstrumServer.csproj]
D:\Develop\Projects\Astrum\AstrumServer\AstrumServer\Generated\gamemessages_C_2000.cs(484,27): warning CS8618: 在退出构造函数时，不可为 null 的 属性 "config" 必须包含非 null 值。请考虑添加 "required" 修饰符或将该 属性 声明为可为 null。 [D:\Develop\Projects\Astrum\AstrumServer\AstrumServer\AstrumServer.csproj]
D:\Develop\Projects\Astrum\AstrumServer\AstrumServer\Generated\gamemessages_C_2000.cs(490,30): warning CS8618: 在退出构造函数时，不可为 null 的 属性 "roomState" 必须包含非 null 值。请考虑添加 "required" 修饰符或将该 属性 声明为可为 null。 [D:\Develop\Projects\Astrum\AstrumServer\AstrumServer\AstrumServer.csproj]
D:\Develop\Projects\Astrum\AstrumServer\AstrumServer\obj\Debug\net9.0\MemoryPack.Generator\MemoryPack.Generator.MemoryPackGenerator\Astrum.Generated.FrameSyncStartNotification.MemoryPackFormatter.g.cs(50,74): warning CS0436: “D:\Develop\Projects\Astrum\AstrumServer\AstrumServer\Generated\gamemessages_C_2000.cs”中的类型“FrameSyncStartNotification”与“Generated, Version=0.0.0.0, Culture=neutral, PublicKeyToken=null”中的导入类型“FrameSyncStartNotification”冲突。请使用“D:\Develop\Projects\Astrum\AstrumServer\AstrumServer\Generated\gamemessages_C_2000.cs”中定义的类型。 [D:\Develop\Projects\Astrum\AstrumServer\AstrumServer\AstrumServer.csproj]
D:\Develop\Projects\Astrum\AstrumServer\AstrumServer\obj\Debug\net9.0\MemoryPack.Generator\MemoryPack.Generator.MemoryPackGenerator\Astrum.Generated.FrameSyncStartNotification.MemoryPackFormatter.g.cs(52,127): warning CS0436: “D:\Develop\Projects\Astrum\AstrumServer\AstrumServer\Generated\gamemessages_C_2000.cs”中的类型“FrameSyncStartNotification”与“Generated, Version=0.0.0.0, Culture=neutral, PublicKeyToken=null”中的导入类型“FrameSyncStartNotification”冲突。请使用“D:\Develop\Projects\Astrum\AstrumServer\AstrumServer\Generated\gamemessages_C_2000.cs”中定义的类型。 [D:\Develop\Projects\Astrum\AstrumServer\AstrumServer\AstrumServer.csproj]
D:\Develop\Projects\Astrum\AstrumServer\AstrumServer\obj\Debug\net9.0\MemoryPack.Generator\MemoryPack.Generator.MemoryPackGenerator\Astrum.Generated.FrameSyncStartNotification.MemoryPackFormatter.g.cs(54,74): warning CS0436: “D:\Develop\Projects\Astrum\AstrumServer\AstrumServer\Generated\gamemessages_C_2000.cs”中的类型“FrameSyncStartNotification”与“Generated, Version=0.0.0.0, Culture=neutral, PublicKeyToken=null”中的导入类型“FrameSyncStartNotification”冲突。请使用“D:\Develop\Projects\Astrum\AstrumServer\AstrumServer\Generated\gamemessages_C_2000.cs”中定义的类型。 [D:\Develop\Projects\Astrum\AstrumServer\AstrumServer\AstrumServer.csproj]
D:\Develop\Projects\Astrum\AstrumServer\AstrumServer\obj\Debug\net9.0\MemoryPack.Generator\MemoryPack.Generator.MemoryPackGenerator\Astrum.Generated.FrameSyncStartNotification.MemoryPackFormatter.g.cs(56,118): warning CS0436: “D:\Develop\Projects\Astrum\AstrumServer\AstrumServer\Generated\gamemessages_C_2000.cs”中的类型“FrameSyncStartNotification”与“Generated, Version=0.0.0.0, Culture=neutral, PublicKeyToken=null”中的导入类型“FrameSyncStartNotification”冲突。请使用“D:\Develop\Projects\Astrum\AstrumServer\AstrumServer\Generated\gamemessages_C_2000.cs”中定义的类型。 [D:\Develop\Projects\Astrum\AstrumServer\AstrumServer\AstrumServer.csproj]
D:\Develop\Projects\Astrum\AstrumServer\AstrumServer\obj\Debug\net9.0\MemoryPack.Generator\MemoryPack.Generator.MemoryPackGenerator\Astrum.Generated.PlayerInfo.MemoryPackFormatter.g.cs(50,74): warning CS0436: “D:\Develop\Projects\Astrum\AstrumServer\AstrumServer\Generated\game_S_3000.cs”中的类型“PlayerInfo”与“Generated, Version=0.0.0.0, Culture=neutral, PublicKeyToken=null”中的导入类型“PlayerInfo”冲突。请使用“D:\Develop\Projects\Astrum\AstrumServer\AstrumServer\Generated\game_S_3000.cs”中定义的类型。 [D:\Develop\Projects\Astrum\AstrumServer\AstrumServer\AstrumServer.csproj]
D:\Develop\Projects\Astrum\AstrumServer\AstrumServer\obj\Debug\net9.0\MemoryPack.Generator\MemoryPack.Generator.MemoryPackGenerator\Astrum.Generated.PlayerInfo.MemoryPackFormatter.g.cs(52,127): warning CS0436: “D:\Develop\Projects\Astrum\AstrumServer\AstrumServer\Generated\game_S_3000.cs”中的类型“PlayerInfo”与“Generated, Version=0.0.0.0, Culture=neutral, PublicKeyToken=null”中的导入类型“PlayerInfo”冲突。请使用“D:\Develop\Projects\Astrum\AstrumServer\AstrumServer\Generated\game_S_3000.cs”中定义的类型。 [D:\Develop\Projects\Astrum\AstrumServer\AstrumServer\AstrumServer.csproj]
D:\Develop\Projects\Astrum\AstrumServer\AstrumServer\obj\Debug\net9.0\MemoryPack.Generator\MemoryPack.Generator.MemoryPackGenerator\Astrum.Generated.PlayerInfo.MemoryPackFormatter.g.cs(54,74): warning CS0436: “D:\Develop\Projects\Astrum\AstrumServer\AstrumServer\Generated\game_S_3000.cs”中的类型“PlayerInfo”与“Generated, Version=0.0.0.0, Culture=neutral, PublicKeyToken=null”中的导入类型“PlayerInfo”冲突。请使用“D:\Develop\Projects\Astrum\AstrumServer\AstrumServer\Generated\game_S_3000.cs”中定义的类型。 [D:\Develop\Projects\Astrum\AstrumServer\AstrumServer\AstrumServer.csproj]
D:\Develop\Projects\Astrum\AstrumServer\AstrumServer\obj\Debug\net9.0\MemoryPack.Generator\MemoryPack.Generator.MemoryPackGenerator\Astrum.Generated.PlayerInfo.MemoryPackFormatter.g.cs(56,118): warning CS0436: “D:\Develop\Projects\Astrum\AstrumServer\AstrumServer\Generated\game_S_3000.cs”中的类型“PlayerInfo”与“Generated, Version=0.0.0.0, Culture=neutral, PublicKeyToken=null”中的导入类型“PlayerInfo”冲突。请使用“D:\Develop\Projects\Astrum\AstrumServer\AstrumServer\Generated\game_S_3000.cs”中定义的类型。 [D:\Develop\Projects\Astrum\AstrumServer\AstrumServer\AstrumServer.csproj]
D:\Develop\Projects\Astrum\AstrumServer\AstrumServer\Managers\FrameSyncManager.cs(914,33): warning CS0436: “D:\Develop\Projects\Astrum\AstrumServer\AstrumServer\Generated\gamemessages_C_2000.cs”中的类型“LSInput”与“Generated, Version=0.0.0.0, Culture=neutral, PublicKeyToken=null”中的导入类型“LSInput”冲突。请使用“D:\Develop\Projects\Astrum\AstrumServer\AstrumServer\Generated\gamemessages_C_2000.cs”中定义的类型。 [D:\Develop\Projects\Astrum\AstrumServer\AstrumServer\AstrumServer.csproj]
D:\Develop\Projects\Astrum\AstrumServer\AstrumServer\obj\Debug\net9.0\MemoryPack.Generator\MemoryPack.Generator.MemoryPackGenerator\Astrum.Generated.GameConfig.MemoryPackFormatter.g.cs(139,79): warning CS0436: “D:\Develop\Projects\Astrum\AstrumServer\AstrumServer\Generated\gamemessages_C_2000.cs”中的类型“GameConfig”与“Generated, Version=0.0.0.0, Culture=neutral, PublicKeyToken=null”中的导入类型“GameConfig”冲突。请使用“D:\Develop\Projects\Astrum\AstrumServer\AstrumServer\Generated\gamemessages_C_2000.cs”中定义的类型。 [D:\Develop\Projects\Astrum\AstrumServer\AstrumServer\AstrumServer.csproj]
D:\Develop\Projects\Astrum\AstrumServer\AstrumServer\obj\Debug\net9.0\MemoryPack.Generator\MemoryPack.Generator.MemoryPackGenerator\Astrum.Generated.GameConfig.MemoryPackFormatter.g.cs(199,21): warning CS0436: “D:\Develop\Projects\Astrum\AstrumServer\AstrumServer\Generated\gamemessages_C_2000.cs”中的类型“GameConfig”与“Generated, Version=0.0.0.0, Culture=neutral, PublicKeyToken=null”中的导入类型“GameConfig”冲突。请使用“D:\Develop\Projects\Astrum\AstrumServer\AstrumServer\Generated\gamemessages_C_2000.cs”中定义的类型。 [D:\Develop\Projects\Astrum\AstrumServer\AstrumServer\AstrumServer.csproj]
D:\Develop\Projects\Astrum\AstrumServer\AstrumServer\Managers\MatchmakingManager.cs(335,34): warning CS0436: “D:\Develop\Projects\Astrum\AstrumServer\AstrumServer\Generated\gamemessages_C_2000.cs”中的类型“GameConfig”与“Generated, Version=0.0.0.0, Culture=neutral, PublicKeyToken=null”中的导入类型“GameConfig”冲突。请使用“D:\Develop\Projects\Astrum\AstrumServer\AstrumServer\Generated\gamemessages_C_2000.cs”中定义的类型。 [D:\Develop\Projects\Astrum\AstrumServer\AstrumServer\AstrumServer.csproj]
D:\Develop\Projects\Astrum\AstrumServer\AstrumServer\Managers\MatchmakingManager.cs(344,33): warning CS0436: “D:\Develop\Projects\Astrum\AstrumServer\AstrumServer\Generated\gamemessages_C_2000.cs”中的类型“GameRoomState”与“Generated, Version=0.0.0.0, Culture=neutral, PublicKeyToken=null”中的导入类型“GameRoomState”冲突。请使用“D:\Develop\Projects\Astrum\AstrumServer\AstrumServer\Generated\gamemessages_C_2000.cs”中定义的类型。 [D:\Develop\Projects\Astrum\AstrumServer\AstrumServer\AstrumServer.csproj]
D:\Develop\Projects\Astrum\AstrumServer\AstrumServer\Managers\MatchmakingManager.cs(352,36): warning CS0436: “D:\Develop\Projects\Astrum\AstrumServer\AstrumServer\Generated\gamemessages_C_2000.cs”中的类型“GameStartNotification”与“Generated, Version=0.0.0.0, Culture=neutral, PublicKeyToken=null”中的导入类型“GameStartNotification”冲突。请使用“D:\Develop\Projects\Astrum\AstrumServer\AstrumServer\Generated\gamemessages_C_2000.cs”中定义的类型。 [D:\Develop\Projects\Astrum\AstrumServer\AstrumServer\AstrumServer.csproj]
D:\Develop\Projects\Astrum\AstrumServer\AstrumServer\Generated\game_S_3000.cs(119,53): warning CS0436: “D:\Develop\Projects\Astrum\AstrumServer\AstrumServer\Generated\game_S_3000.cs”中的类型“GameResponse”与“Generated, Version=0.0.0.0, Culture=neutral, PublicKeyToken=null”中的导入类型“GameResponse”冲突。请使用“D:\Develop\Projects\Astrum\AstrumServer\AstrumServer\Generated\game_S_3000.cs”中定义的类型。 [D:\Develop\Projects\Astrum\AstrumServer\AstrumServer\AstrumServer.csproj]
D:\Develop\Projects\Astrum\AstrumServer\AstrumServer\Generated\game_S_3000.cs(119,83): warning CS0436: “D:\Develop\Projects\Astrum\AstrumServer\AstrumServer\Generated\game_S_3000.cs”中的类型“GameResponse”与“Generated, Version=0.0.0.0, Culture=neutral, PublicKeyToken=null”中的导入类型“GameResponse”冲突。请使用“D:\Develop\Projects\Astrum\AstrumServer\AstrumServer\Generated\game_S_3000.cs”中定义的类型。 [D:\Develop\Projects\Astrum\AstrumServer\AstrumServer\AstrumServer.csproj]
D:\Develop\Projects\Astrum\AstrumServer\AstrumServer\Generated\game_S_3000.cs(119,20): warning CS8603: 可能返回 null 引用。 [D:\Develop\Projects\Astrum\AstrumServer\AstrumServer\AstrumServer.csproj]
D:\Develop\Projects\Astrum\AstrumServer\AstrumServer\Generated\game_S_3000.cs(154,28): warning CS8625: 无法将 null 字面量转换为非 null 的引用类型。 [D:\Develop\Projects\Astrum\AstrumServer\AstrumServer\AstrumServer.csproj]
D:\Develop\Projects\Astrum\AstrumServer\AstrumServer\Generated\game_S_3000.cs(156,34): warning CS8625: 无法将 null 字面量转换为非 null 的引用类型。 [D:\Develop\Projects\Astrum\AstrumServer\AstrumServer\AstrumServer.csproj]
D:\Develop\Projects\Astrum\AstrumServer\AstrumServer\obj\Debug\net9.0\MemoryPack.Generator\MemoryPack.Generator.MemoryPackGenerator\Astrum.Generated.LSInput.MemoryPackFormatter.g.cs(164,79): warning CS0436: “D:\Develop\Projects\Astrum\AstrumServer\AstrumServer\Generated\gamemessages_C_2000.cs”中的类型“LSInput”与“Generated, Version=0.0.0.0, Culture=neutral, PublicKeyToken=null”中的导入类型“LSInput”冲突。请使用“D:\Develop\Projects\Astrum\AstrumServer\AstrumServer\Generated\gamemessages_C_2000.cs”中定义的类型。 [D:\Develop\Projects\Astrum\AstrumServer\AstrumServer\AstrumServer.csproj]
D:\Develop\Projects\Astrum\AstrumServer\AstrumServer\obj\Debug\net9.0\MemoryPack.Generator\MemoryPack.Generator.MemoryPackGenerator\Astrum.Generated.LSInput.MemoryPackFormatter.g.cs(252,21): warning CS0436: “D:\Develop\Projects\Astrum\AstrumServer\AstrumServer\Generated\gamemessages_C_2000.cs”中的类型“LSInput”与“Generated, Version=0.0.0.0, Culture=neutral, PublicKeyToken=null”中的导入类型“LSInput”冲突。请使用“D:\Develop\Projects\Astrum\AstrumServer\AstrumServer\Generated\gamemessages_C_2000.cs”中定义的类型。 [D:\Develop\Projects\Astrum\AstrumServer\AstrumServer\AstrumServer.csproj]
D:\Develop\Projects\Astrum\AstrumServer\AstrumServer\obj\Debug\net9.0\MemoryPack.Generator\MemoryPack.Generator.MemoryPackGenerator\Astrum.Generated.GameResponse.MemoryPackFormatter.g.cs(42,65): warning CS0436: “D:\Develop\Projects\Astrum\AstrumServer\AstrumServer\Generated\game_S_3000.cs”中的类型“GameResponse”与“Generated, Version=0.0.0.0, Culture=neutral, PublicKeyToken=null”中的导入类型“GameResponse”冲突。请使用“D:\Develop\Projects\Astrum\AstrumServer\AstrumServer\Generated\game_S_3000.cs”中定义的类型。 [D:\Develop\Projects\Astrum\AstrumServer\AstrumServer\AstrumServer.csproj]
D:\Develop\Projects\Astrum\AstrumServer\AstrumServer\Managers\FrameSyncManager.cs(294,36): warning CS0436: “D:\Develop\Projects\Astrum\AstrumServer\AstrumServer\Generated\gamemessages_C_2000.cs”中的类型“FrameSyncStartNotification”与“Generated, Version=0.0.0.0, Culture=neutral, PublicKeyToken=null”中的导入类型“FrameSyncStartNotification”冲突。请使用“D:\Develop\Projects\Astrum\AstrumServer\AstrumServer\Generated\gamemessages_C_2000.cs”中定义的类型。 [D:\Develop\Projects\Astrum\AstrumServer\AstrumServer\AstrumServer.csproj]
D:\Develop\Projects\Astrum\AstrumServer\AstrumServer\Generated\networkcommon_C_1000.cs(884,53): warning CS0436: “D:\Develop\Projects\Astrum\AstrumServer\AstrumServer\Generated\networkcommon_C_1000.cs”中的类型“CancelMatchResponse”与“Generated, Version=0.0.0.0, Culture=neutral, PublicKeyToken=null”中的导入类型“CancelMatchResponse”冲突。请使用“D:\Develop\Projects\Astrum\AstrumServer\AstrumServer\Generated\networkcommon_C_1000.cs”中定义的类型。 [D:\Develop\Projects\Astrum\AstrumServer\AstrumServer\AstrumServer.csproj]
D:\Develop\Projects\Astrum\AstrumServer\AstrumServer\Generated\networkcommon_C_1000.cs(884,90): warning CS0436: “D:\Develop\Projects\Astrum\AstrumServer\AstrumServer\Generated\networkcommon_C_1000.cs”中的类型“CancelMatchResponse”与“Generated, Version=0.0.0.0, Culture=neutral, PublicKeyToken=null”中的导入类型“CancelMatchResponse”冲突。请使用“D:\Develop\Projects\Astrum\AstrumServer\AstrumServer\Generated\networkcommon_C_1000.cs”中定义的类型。 [D:\Develop\Projects\Astrum\AstrumServer\AstrumServer\AstrumServer.csproj]
D:\Develop\Projects\Astrum\AstrumServer\AstrumServer\Generated\networkcommon_C_1000.cs(884,20): warning CS8603: 可能返回 null 引用。 [D:\Develop\Projects\Astrum\AstrumServer\AstrumServer\AstrumServer.csproj]
D:\Develop\Projects\Astrum\AstrumServer\AstrumServer\Generated\networkcommon_C_1000.cs(66,53): warning CS0436: “D:\Develop\Projects\Astrum\AstrumServer\AstrumServer\Generated\networkcommon_C_1000.cs”中的类型“RoomInfo”与“Generated, Version=0.0.0.0, Culture=neutral, PublicKeyToken=null”中的导入类型“RoomInfo”冲突。请使用“D:\Develop\Projects\Astrum\AstrumServer\AstrumServer\Generated\networkcommon_C_1000.cs”中定义的类型。 [D:\Develop\Projects\Astrum\AstrumServer\AstrumServer\AstrumServer.csproj]
D:\Develop\Projects\Astrum\AstrumServer\AstrumServer\Generated\networkcommon_C_1000.cs(66,79): warning CS0436: “D:\Develop\Projects\Astrum\AstrumServer\AstrumServer\Generated\networkcommon_C_1000.cs”中的类型“RoomInfo”与“Generated, Version=0.0.0.0, Culture=neutral, PublicKeyToken=null”中的导入类型“RoomInfo”冲突。请使用“D:\Develop\Projects\Astrum\AstrumServer\AstrumServer\Generated\networkcommon_C_1000.cs”中定义的类型。 [D:\Develop\Projects\Astrum\AstrumServer\AstrumServer\AstrumServer.csproj]
D:\Develop\Projects\Astrum\AstrumServer\AstrumServer\Generated\networkcommon_C_1000.cs(66,20): warning CS8603: 可能返回 null 引用。 [D:\Develop\Projects\Astrum\AstrumServer\AstrumServer\AstrumServer.csproj]
D:\Develop\Projects\Astrum\AstrumServer\AstrumServer\Generated\networkcommon_C_1000.cs(16,53): warning CS0436: “D:\Develop\Projects\Astrum\AstrumServer\AstrumServer\Generated\networkcommon_C_1000.cs”中的类型“UserInfo”与“Generated, Version=0.0.0.0, Culture=neutral, PublicKeyToken=null”中的导入类型“UserInfo”冲突。请使用“D:\Develop\Projects\Astrum\AstrumServer\AstrumServer\Generated\networkcommon_C_1000.cs”中定义的类型。 [D:\Develop\Projects\Astrum\AstrumServer\AstrumServer\AstrumServer.csproj]
D:\Develop\Projects\Astrum\AstrumServer\AstrumServer\Generated\networkcommon_C_1000.cs(16,79): warning CS0436: “D:\Develop\Projects\Astrum\AstrumServer\AstrumServer\Generated\networkcommon_C_1000.cs”中的类型“UserInfo”与“Generated, Version=0.0.0.0, Culture=neutral, PublicKeyToken=null”中的导入类型“UserInfo”冲突。请使用“D:\Develop\Projects\Astrum\AstrumServer\AstrumServer\Generated\networkcommon_C_1000.cs”中定义的类型。 [D:\Develop\Projects\Astrum\AstrumServer\AstrumServer\AstrumServer.csproj]
D:\Develop\Projects\Astrum\AstrumServer\AstrumServer\Generated\networkcommon_C_1000.cs(16,20): warning CS8603: 可能返回 null 引用。 [D:\Develop\Projects\Astrum\AstrumServer\AstrumServer\AstrumServer.csproj]
D:\Develop\Projects\Astrum\AstrumServer\AstrumServer\Generated\networkcommon_C_1000.cs(165,53): warning CS0436: “D:\Develop\Projects\Astrum\AstrumServer\AstrumServer\Generated\networkcommon_C_1000.cs”中的类型“LoginRequest”与“Generated, Version=0.0.0.0, Culture=neutral, PublicKeyToken=null”中的导入类型“LoginRequest”冲突。请使用“D:\Develop\Projects\Astrum\AstrumServer\AstrumServer\Generated\networkcommon_C_1000.cs”中定义的类型。 [D:\Develop\Projects\Astrum\AstrumServer\AstrumServer\AstrumServer.csproj]
D:\Develop\Projects\Astrum\AstrumServer\AstrumServer\Generated\networkcommon_C_1000.cs(165,83): warning CS0436: “D:\Develop\Projects\Astrum\AstrumServer\AstrumServer\Generated\networkcommon_C_1000.cs”中的类型“LoginRequest”与“Generated, Version=0.0.0.0, Culture=neutral, PublicKeyToken=null”中的导入类型“LoginRequest”冲突。请使用“D:\Develop\Projects\Astrum\AstrumServer\AstrumServer\Generated\networkcommon_C_1000.cs”中定义的类型。 [D:\Develop\Projects\Astrum\AstrumServer\AstrumServer\AstrumServer.csproj]
D:\Develop\Projects\Astrum\AstrumServer\AstrumServer\Generated\networkcommon_C_1000.cs(165,20): warning CS8603: 可能返回 null 引用。 [D:\Develop\Projects\Astrum\AstrumServer\AstrumServer\AstrumServer.csproj]
D:\Develop\Projects\Astrum\AstrumServer\AstrumServer\Generated\networkcommon_C_1000.cs(181,32): warning CS8625: 无法将 null 字面量转换为非 null 的引用类型。 [D:\Develop\Projects\Astrum\AstrumServer\AstrumServer\AstrumServer.csproj]
D:\Develop\Projects\Astrum\AstrumServer\AstrumServer\obj\Debug\net9.0\MemoryPack.Generator\MemoryPack.Generator.MemoryPackGenerator\Astrum.Generated.GameStateUpdate.MemoryPackFormatter.g.cs(93,34): warning CS0436: “D:\Develop\Projects\Astrum\AstrumServer\AstrumServer\Generated\gamemessages_C_2000.cs”中的类型“GameRoomState”与“Generated, Version=0.0.0.0, Culture=neutral, PublicKeyToken=null”中的导入类型“GameRoomState”冲突。请使用“D:\Develop\Projects\Astrum\AstrumServer\AstrumServer\Generated\gamemessages_C_2000.cs”中定义的类型。 [D:\Develop\Projects\Astrum\AstrumServer\AstrumServer\AstrumServer.csproj]
D:\Develop\Projects\Astrum\AstrumServer\AstrumServer\obj\Debug\net9.0\MemoryPack.Generator\MemoryPack.Generator.MemoryPackGenerator\Astrum.Generated.GameStateUpdate.MemoryPackFormatter.g.cs(103,76): warning CS0436: “D:\Develop\Projects\Astrum\AstrumServer\AstrumServer\Generated\gamemessages_C_2000.cs”中的类型“GameRoomState”与“Generated, Version=0.0.0.0, Culture=neutral, PublicKeyToken=null”中的导入类型“GameRoomState”冲突。请使用“D:\Develop\Projects\Astrum\AstrumServer\AstrumServer\Generated\gamemessages_C_2000.cs”中定义的类型。 [D:\Develop\Projects\Astrum\AstrumServer\AstrumServer\AstrumServer.csproj]
D:\Develop\Projects\Astrum\AstrumServer\AstrumServer\obj\Debug\net9.0\MemoryPack.Generator\MemoryPack.Generator.MemoryPackGenerator\Astrum.Generated.GameStateUpdate.MemoryPackFormatter.g.cs(127,79): warning CS0436: “D:\Develop\Projects\Astrum\AstrumServer\AstrumServer\Generated\gamemessages_C_2000.cs”中的类型“GameStateUpdate”与“Generated, Version=0.0.0.0, Culture=neutral, PublicKeyToken=null”中的导入类型“GameStateUpdate”冲突。请使用“D:\Develop\Projects\Astrum\AstrumServer\AstrumServer\Generated\gamemessages_C_2000.cs”中定义的类型。 [D:\Develop\Projects\Astrum\AstrumServer\AstrumServer\AstrumServer.csproj]
D:\Develop\Projects\Astrum\AstrumServer\AstrumServer\obj\Debug\net9.0\MemoryPack.Generator\MemoryPack.Generator.MemoryPackGenerator\Astrum.Generated.GameStateUpdate.MemoryPackFormatter.g.cs(175,21): warning CS0436: “D:\Develop\Projects\Astrum\AstrumServer\AstrumServer\Generated\gamemessages_C_2000.cs”中的类型“GameStateUpdate”与“Generated, Version=0.0.0.0, Culture=neutral, PublicKeyToken=null”中的导入类型“GameStateUpdate”冲突。请使用“D:\Develop\Projects\Astrum\AstrumServer\AstrumServer\Generated\gamemessages_C_2000.cs”中定义的类型。 [D:\Develop\Projects\Astrum\AstrumServer\AstrumServer\AstrumServer.csproj]
D:\Develop\Projects\Astrum\AstrumServer\AstrumServer\Generated\gamemessages_C_2000.cs(585,23): warning CS8618: 在退出构造函数时，不可为 null 的 属性 "roomId" 必须包含非 null 值。请考虑添加 "required" 修饰符或将该 属性 声明为可为 null。 [D:\Develop\Projects\Astrum\AstrumServer\AstrumServer\AstrumServer.csproj]
D:\Develop\Projects\Astrum\AstrumServer\AstrumServer\Generated\gamemessages_C_2000.cs(591,30): warning CS8618: 在退出构造函数时，不可为 null 的 属性 "roomState" 必须包含非 null 值。请考虑添加 "required" 修饰符或将该 属性 声明为可为 null。 [D:\Develop\Projects\Astrum\AstrumServer\AstrumServer\AstrumServer.csproj]
D:\Develop\Projects\Astrum\AstrumServer\AstrumServer\obj\Debug\net9.0\MemoryPack.Generator\MemoryPack.Generator.MemoryPackGenerator\Astrum.Generated.SingleInput.MemoryPackFormatter.g.cs(92,34): warning CS0436: “D:\Develop\Projects\Astrum\AstrumServer\AstrumServer\Generated\gamemessages_C_2000.cs”中的类型“LSInput”与“Generated, Version=0.0.0.0, Culture=neutral, PublicKeyToken=null”中的导入类型“LSInput”冲突。请使用“D:\Develop\Projects\Astrum\AstrumServer\AstrumServer\Generated\gamemessages_C_2000.cs”中定义的类型。 [D:\Develop\Projects\Astrum\AstrumServer\AstrumServer\AstrumServer.csproj]
D:\Develop\Projects\Astrum\AstrumServer\AstrumServer\obj\Debug\net9.0\MemoryPack.Generator\MemoryPack.Generator.MemoryPackGenerator\Astrum.Generated.SingleInput.MemoryPackFormatter.g.cs(100,72): warning CS0436: “D:\Develop\Projects\Astrum\AstrumServer\AstrumServer\Generated\gamemessages_C_2000.cs”中的类型“LSInput”与“Generated, Version=0.0.0.0, Culture=neutral, PublicKeyToken=null”中的导入类型“LSInput”冲突。请使用“D:\Develop\Projects\Astrum\AstrumServer\AstrumServer\Generated\gamemessages_C_2000.cs”中定义的类型。 [D:\Develop\Projects\Astrum\AstrumServer\AstrumServer\AstrumServer.csproj]
D:\Develop\Projects\Astrum\AstrumServer\AstrumServer\obj\Debug\net9.0\MemoryPack.Generator\MemoryPack.Generator.MemoryPackGenerator\Astrum.Generated.SingleInput.MemoryPackFormatter.g.cs(123,79): warning CS0436: “D:\Develop\Projects\Astrum\AstrumServer\AstrumServer\Generated\gamemessages_C_2000.cs”中的类型“SingleInput”与“Generated, Version=0.0.0.0, Culture=neutral, PublicKeyToken=null”中的导入类型“SingleInput”冲突。请使用“D:\Develop\Projects\Astrum\AstrumServer\AstrumServer\Generated\gamemessages_C_2000.cs”中定义的类型。 [D:\Develop\Projects\Astrum\AstrumServer\AstrumServer\AstrumServer.csproj]
D:\Develop\Projects\Astrum\AstrumServer\AstrumServer\obj\Debug\net9.0\MemoryPack.Generator\MemoryPack.Generator.MemoryPackGenerator\Astrum.Generated.SingleInput.MemoryPackFormatter.g.cs(171,21): warning CS0436: “D:\Develop\Projects\Astrum\AstrumServer\AstrumServer\Generated\gamemessages_C_2000.cs”中的类型“SingleInput”与“Generated, Version=0.0.0.0, Culture=neutral, PublicKeyToken=null”中的导入类型“SingleInput”冲突。请使用“D:\Develop\Projects\Astrum\AstrumServer\AstrumServer\Generated\gamemessages_C_2000.cs”中定义的类型。 [D:\Develop\Projects\Astrum\AstrumServer\AstrumServer\AstrumServer.csproj]
D:\Develop\Projects\Astrum\AstrumServer\AstrumServer\Generated\gamemessages_C_2000.cs(797,24): warning CS8618: 在退出构造函数时，不可为 null 的 属性 "Input" 必须包含非 null 值。请考虑添加 "required" 修饰符或将该 属性 声明为可为 null。 [D:\Develop\Projects\Astrum\AstrumServer\AstrumServer\AstrumServer.csproj]
D:\Develop\Projects\Astrum\AstrumServer\AstrumServer\obj\Debug\net9.0\MemoryPack.Generator\MemoryPack.Generator.MemoryPackGenerator\Astrum.Generated.GameResponse.MemoryPackFormatter.g.cs(49,74): warning CS0436: “D:\Develop\Projects\Astrum\AstrumServer\AstrumServer\Generated\game_S_3000.cs”中的类型“GameResponse”与“Generated, Version=0.0.0.0, Culture=neutral, PublicKeyToken=null”中的导入类型“GameResponse”冲突。请使用“D:\Develop\Projects\Astrum\AstrumServer\AstrumServer\Generated\game_S_3000.cs”中定义的类型。 [D:\Develop\Projects\Astrum\AstrumServer\AstrumServer\AstrumServer.csproj]
D:\Develop\Projects\Astrum\AstrumServer\AstrumServer\obj\Debug\net9.0\MemoryPack.Generator\MemoryPack.Generator.MemoryPackGenerator\Astrum.Generated.GameResponse.MemoryPackFormatter.g.cs(51,127): warning CS0436: “D:\Develop\Projects\Astrum\AstrumServer\AstrumServer\Generated\game_S_3000.cs”中的类型“GameResponse”与“Generated, Version=0.0.0.0, Culture=neutral, PublicKeyToken=null”中的导入类型“GameResponse”冲突。请使用“D:\Develop\Projects\Astrum\AstrumServer\AstrumServer\Generated\game_S_3000.cs”中定义的类型。 [D:\Develop\Projects\Astrum\AstrumServer\AstrumServer\AstrumServer.csproj]
D:\Develop\Projects\Astrum\AstrumServer\AstrumServer\obj\Debug\net9.0\MemoryPack.Generator\MemoryPack.Generator.MemoryPackGenerator\Astrum.Generated.GameResponse.MemoryPackFormatter.g.cs(53,74): warning CS0436: “D:\Develop\Projects\Astrum\AstrumServer\AstrumServer\Generated\game_S_3000.cs”中的类型“GameResponse”与“Generated, Version=0.0.0.0, Culture=neutral, PublicKeyToken=null”中的导入类型“GameResponse”冲突。请使用“D:\Develop\Projects\Astrum\AstrumServer\AstrumServer\Generated\game_S_3000.cs”中定义的类型。 [D:\Develop\Projects\Astrum\AstrumServer\AstrumServer\AstrumServer.csproj]
D:\Develop\Projects\Astrum\AstrumServer\AstrumServer\obj\Debug\net9.0\MemoryPack.Generator\MemoryPack.Generator.MemoryPackGenerator\Astrum.Generated.GameResponse.MemoryPackFormatter.g.cs(55,118): warning CS0436: “D:\Develop\Projects\Astrum\AstrumServer\AstrumServer\Generated\game_S_3000.cs”中的类型“GameResponse”与“Generated, Version=0.0.0.0, Culture=neutral, PublicKeyToken=null”中的导入类型“GameResponse”冲突。请使用“D:\Develop\Projects\Astrum\AstrumServer\AstrumServer\Generated\game_S_3000.cs”中定义的类型。 [D:\Develop\Projects\Astrum\AstrumServer\AstrumServer\AstrumServer.csproj]
D:\Develop\Projects\Astrum\AstrumServer\AstrumServer\Generated\networkcommon_C_1000.cs(913,28): warning CS8625: 无法将 null 字面量转换为非 null 的引用类型。 [D:\Develop\Projects\Astrum\AstrumServer\AstrumServer\AstrumServer.csproj]
D:\Develop\Projects\Astrum\AstrumServer\AstrumServer\obj\Debug\net9.0\MemoryPack.Generator\MemoryPack.Generator.MemoryPackGenerator\Astrum.Generated.CancelMatchResponse.MemoryPackFormatter.g.cs(41,65): warning CS0436: “D:\Develop\Projects\Astrum\AstrumServer\AstrumServer\Generated\networkcommon_C_1000.cs”中的类型“CancelMatchResponse”与“Generated, Version=0.0.0.0, Culture=neutral, PublicKeyToken=null”中的导入类型“CancelMatchResponse”冲突。请使用“D:\Develop\Projects\Astrum\AstrumServer\AstrumServer\Generated\networkcommon_C_1000.cs”中定义的类型。 [D:\Develop\Projects\Astrum\AstrumServer\AstrumServer\AstrumServer.csproj]
D:\Develop\Projects\Astrum\AstrumServer\AstrumServer\obj\Debug\net9.0\MemoryPack.Generator\MemoryPack.Generator.MemoryPackGenerator\Astrum.Generated.LoginRequest.MemoryPackFormatter.g.cs(39,65): warning CS0436: “D:\Develop\Projects\Astrum\AstrumServer\AstrumServer\Generated\networkcommon_C_1000.cs”中的类型“LoginRequest”与“Generated, Version=0.0.0.0, Culture=neutral, PublicKeyToken=null”中的导入类型“LoginRequest”冲突。请使用“D:\Develop\Projects\Astrum\AstrumServer\AstrumServer\Generated\networkcommon_C_1000.cs”中定义的类型。 [D:\Develop\Projects\Astrum\AstrumServer\AstrumServer\AstrumServer.csproj]
D:\Develop\Projects\Astrum\AstrumServer\AstrumServer\Generated\networkcommon_C_1000.cs(50,23): warning CS8625: 无法将 null 字面量转换为非 null 的引用类型。 [D:\Develop\Projects\Astrum\AstrumServer\AstrumServer\AstrumServer.csproj]
D:\Develop\Projects\Astrum\AstrumServer\AstrumServer\Generated\networkcommon_C_1000.cs(51,32): warning CS8625: 无法将 null 字面量转换为非 null 的引用类型。 [D:\Develop\Projects\Astrum\AstrumServer\AstrumServer\AstrumServer.csproj]
D:\Develop\Projects\Astrum\AstrumServer\AstrumServer\Generated\networkcommon_C_1000.cs(53,34): warning CS8625: 无法将 null 字面量转换为非 null 的引用类型。 [D:\Develop\Projects\Astrum\AstrumServer\AstrumServer\AstrumServer.csproj]
D:\Develop\Projects\Astrum\AstrumServer\AstrumServer\Generated\networkcommon_C_1000.cs(237,53): warning CS0436: “D:\Develop\Projects\Astrum\AstrumServer\AstrumServer\Generated\networkcommon_C_1000.cs”中的类型“JoinRoomRequest”与“Generated, Version=0.0.0.0, Culture=neutral, PublicKeyToken=null”中的导入类型“JoinRoomRequest”冲突。请使用“D:\Develop\Projects\Astrum\AstrumServer\AstrumServer\Generated\networkcommon_C_1000.cs”中定义的类型。 [D:\Develop\Projects\Astrum\AstrumServer\AstrumServer\AstrumServer.csproj]
D:\Develop\Projects\Astrum\AstrumServer\AstrumServer\Generated\networkcommon_C_1000.cs(237,86): warning CS0436: “D:\Develop\Projects\Astrum\AstrumServer\AstrumServer\Generated\networkcommon_C_1000.cs”中的类型“JoinRoomRequest”与“Generated, Version=0.0.0.0, Culture=neutral, PublicKeyToken=null”中的导入类型“JoinRoomRequest”冲突。请使用“D:\Develop\Projects\Astrum\AstrumServer\AstrumServer\Generated\networkcommon_C_1000.cs”中定义的类型。 [D:\Develop\Projects\Astrum\AstrumServer\AstrumServer\AstrumServer.csproj]
D:\Develop\Projects\Astrum\AstrumServer\AstrumServer\Generated\networkcommon_C_1000.cs(237,20): warning CS8603: 可能返回 null 引用。 [D:\Develop\Projects\Astrum\AstrumServer\AstrumServer\AstrumServer.csproj]
D:\Develop\Projects\Astrum\AstrumServer\AstrumServer\obj\Debug\net9.0\MemoryPack.Generator\MemoryPack.Generator.MemoryPackGenerator\Astrum.Generated.UserInfo.MemoryPackFormatter.g.cs(42,65): warning CS0436: “D:\Develop\Projects\Astrum\AstrumServer\AstrumServer\Generated\networkcommon_C_1000.cs”中的类型“UserInfo”与“Generated, Version=0.0.0.0, Culture=neutral, PublicKeyToken=null”中的导入类型“UserInfo”冲突。请使用“D:\Develop\Projects\Astrum\AstrumServer\AstrumServer\Generated\networkcommon_C_1000.cs”中定义的类型。 [D:\Develop\Projects\Astrum\AstrumServer\AstrumServer\AstrumServer.csproj]
D:\Develop\Projects\Astrum\AstrumServer\AstrumServer\Generated\networkcommon_C_1000.cs(259,27): warning CS8625: 无法将 null 字面量转换为非 null 的引用类型。 [D:\Develop\Projects\Astrum\AstrumServer\AstrumServer\AstrumServer.csproj]
D:\Develop\Projects\Astrum\AstrumServer\AstrumServer\Generated\networkcommon_C_1000.cs(273,53): warning CS0436: “D:\Develop\Projects\Astrum\AstrumServer\AstrumServer\Generated\networkcommon_C_1000.cs”中的类型“LeaveRoomRequest”与“Generated, Version=0.0.0.0, Culture=neutral, PublicKeyToken=null”中的导入类型“LeaveRoomRequest”冲突。请使用“D:\Develop\Projects\Astrum\AstrumServer\AstrumServer\Generated\networkcommon_C_1000.cs”中定义的类型。 [D:\Develop\Projects\Astrum\AstrumServer\AstrumServer\AstrumServer.csproj]
D:\Develop\Projects\Astrum\AstrumServer\AstrumServer\Generated\networkcommon_C_1000.cs(273,87): warning CS0436: “D:\Develop\Projects\Astrum\AstrumServer\AstrumServer\Generated\networkcommon_C_1000.cs”中的类型“LeaveRoomRequest”与“Generated, Version=0.0.0.0, Culture=neutral, PublicKeyToken=null”中的导入类型“LeaveRoomRequest”冲突。请使用“D:\Develop\Projects\Astrum\AstrumServer\AstrumServer\Generated\networkcommon_C_1000.cs”中定义的类型。 [D:\Develop\Projects\Astrum\AstrumServer\AstrumServer\AstrumServer.csproj]
D:\Develop\Projects\Astrum\AstrumServer\AstrumServer\Generated\networkcommon_C_1000.cs(273,20): warning CS8603: 可能返回 null 引用。 [D:\Develop\Projects\Astrum\AstrumServer\AstrumServer\AstrumServer.csproj]
D:\Develop\Projects\Astrum\AstrumServer\AstrumServer\Generated\networkcommon_C_1000.cs(194,53): warning CS0436: “D:\Develop\Projects\Astrum\AstrumServer\AstrumServer\Generated\networkcommon_C_1000.cs”中的类型“CreateRoomRequest”与“Generated, Version=0.0.0.0, Culture=neutral, PublicKeyToken=null”中的导入类型“CreateRoomRequest”冲突。请使用“D:\Develop\Projects\Astrum\AstrumServer\AstrumServer\Generated\networkcommon_C_1000.cs”中定义的类型。 [D:\Develop\Projects\Astrum\AstrumServer\AstrumServer\AstrumServer.csproj]
D:\Develop\Projects\Astrum\AstrumServer\AstrumServer\Generated\networkcommon_C_1000.cs(194,88): warning CS0436: “D:\Develop\Projects\Astrum\AstrumServer\AstrumServer\Generated\networkcommon_C_1000.cs”中的类型“CreateRoomRequest”与“Generated, Version=0.0.0.0, Culture=neutral, PublicKeyToken=null”中的导入类型“CreateRoomRequest”冲突。请使用“D:\Develop\Projects\Astrum\AstrumServer\AstrumServer\Generated\networkcommon_C_1000.cs”中定义的类型。 [D:\Develop\Projects\Astrum\AstrumServer\AstrumServer\AstrumServer.csproj]
D:\Develop\Projects\Astrum\AstrumServer\AstrumServer\Generated\networkcommon_C_1000.cs(194,20): warning CS8603: 可能返回 null 引用。 [D:\Develop\Projects\Astrum\AstrumServer\AstrumServer\AstrumServer.csproj]
D:\Develop\Projects\Astrum\AstrumServer\AstrumServer\Generated\networkcommon_C_1000.cs(222,29): warning CS8625: 无法将 null 字面量转换为非 null 的引用类型。 [D:\Develop\Projects\Astrum\AstrumServer\AstrumServer\AstrumServer.csproj]
D:\Develop\Projects\Astrum\AstrumServer\AstrumServer\obj\Debug\net9.0\MemoryPack.Generator\MemoryPack.Generator.MemoryPackGenerator\Astrum.Generated.CancelMatchResponse.MemoryPackFormatter.g.cs(48,74): warning CS0436: “D:\Develop\Projects\Astrum\AstrumServer\AstrumServer\Generated\networkcommon_C_1000.cs”中的类型“CancelMatchResponse”与“Generated, Version=0.0.0.0, Culture=neutral, PublicKeyToken=null”中的导入类型“CancelMatchResponse”冲突。请使用“D:\Develop\Projects\Astrum\AstrumServer\AstrumServer\Generated\networkcommon_C_1000.cs”中定义的类型。 [D:\Develop\Projects\Astrum\AstrumServer\AstrumServer\AstrumServer.csproj]
D:\Develop\Projects\Astrum\AstrumServer\AstrumServer\obj\Debug\net9.0\MemoryPack.Generator\MemoryPack.Generator.MemoryPackGenerator\Astrum.Generated.CancelMatchResponse.MemoryPackFormatter.g.cs(50,127): warning CS0436: “D:\Develop\Projects\Astrum\AstrumServer\AstrumServer\Generated\networkcommon_C_1000.cs”中的类型“CancelMatchResponse”与“Generated, Version=0.0.0.0, Culture=neutral, PublicKeyToken=null”中的导入类型“CancelMatchResponse”冲突。请使用“D:\Develop\Projects\Astrum\AstrumServer\AstrumServer\Generated\networkcommon_C_1000.cs”中定义的类型。 [D:\Develop\Projects\Astrum\AstrumServer\AstrumServer\AstrumServer.csproj]
D:\Develop\Projects\Astrum\AstrumServer\AstrumServer\obj\Debug\net9.0\MemoryPack.Generator\MemoryPack.Generator.MemoryPackGenerator\Astrum.Generated.CancelMatchResponse.MemoryPackFormatter.g.cs(52,74): warning CS0436: “D:\Develop\Projects\Astrum\AstrumServer\AstrumServer\Generated\networkcommon_C_1000.cs”中的类型“CancelMatchResponse”与“Generated, Version=0.0.0.0, Culture=neutral, PublicKeyToken=null”中的导入类型“CancelMatchResponse”冲突。请使用“D:\Develop\Projects\Astrum\AstrumServer\AstrumServer\Generated\networkcommon_C_1000.cs”中定义的类型。 [D:\Develop\Projects\Astrum\AstrumServer\AstrumServer\AstrumServer.csproj]
D:\Develop\Projects\Astrum\AstrumServer\AstrumServer\obj\Debug\net9.0\MemoryPack.Generator\MemoryPack.Generator.MemoryPackGenerator\Astrum.Generated.CancelMatchResponse.MemoryPackFormatter.g.cs(54,118): warning CS0436: “D:\Develop\Projects\Astrum\AstrumServer\AstrumServer\Generated\networkcommon_C_1000.cs”中的类型“CancelMatchResponse”与“Generated, Version=0.0.0.0, Culture=neutral, PublicKeyToken=null”中的导入类型“CancelMatchResponse”冲突。请使用“D:\Develop\Projects\Astrum\AstrumServer\AstrumServer\Generated\networkcommon_C_1000.cs”中定义的类型。 [D:\Develop\Projects\Astrum\AstrumServer\AstrumServer\AstrumServer.csproj]
D:\Develop\Projects\Astrum\AstrumServer\AstrumServer\obj\Debug\net9.0\MemoryPack.Generator\MemoryPack.Generator.MemoryPackGenerator\Astrum.Generated.LoginRequest.MemoryPackFormatter.g.cs(46,74): warning CS0436: “D:\Develop\Projects\Astrum\AstrumServer\AstrumServer\Generated\networkcommon_C_1000.cs”中的类型“LoginRequest”与“Generated, Version=0.0.0.0, Culture=neutral, PublicKeyToken=null”中的导入类型“LoginRequest”冲突。请使用“D:\Develop\Projects\Astrum\AstrumServer\AstrumServer\Generated\networkcommon_C_1000.cs”中定义的类型。 [D:\Develop\Projects\Astrum\AstrumServer\AstrumServer\AstrumServer.csproj]
D:\Develop\Projects\Astrum\AstrumServer\AstrumServer\obj\Debug\net9.0\MemoryPack.Generator\MemoryPack.Generator.MemoryPackGenerator\Astrum.Generated.LoginRequest.MemoryPackFormatter.g.cs(48,127): warning CS0436: “D:\Develop\Projects\Astrum\AstrumServer\AstrumServer\Generated\networkcommon_C_1000.cs”中的类型“LoginRequest”与“Generated, Version=0.0.0.0, Culture=neutral, PublicKeyToken=null”中的导入类型“LoginRequest”冲突。请使用“D:\Develop\Projects\Astrum\AstrumServer\AstrumServer\Generated\networkcommon_C_1000.cs”中定义的类型。 [D:\Develop\Projects\Astrum\AstrumServer\AstrumServer\AstrumServer.csproj]
D:\Develop\Projects\Astrum\AstrumServer\AstrumServer\obj\Debug\net9.0\MemoryPack.Generator\MemoryPack.Generator.MemoryPackGenerator\Astrum.Generated.LoginRequest.MemoryPackFormatter.g.cs(50,74): warning CS0436: “D:\Develop\Projects\Astrum\AstrumServer\AstrumServer\Generated\networkcommon_C_1000.cs”中的类型“LoginRequest”与“Generated, Version=0.0.0.0, Culture=neutral, PublicKeyToken=null”中的导入类型“LoginRequest”冲突。请使用“D:\Develop\Projects\Astrum\AstrumServer\AstrumServer\Generated\networkcommon_C_1000.cs”中定义的类型。 [D:\Develop\Projects\Astrum\AstrumServer\AstrumServer\AstrumServer.csproj]
D:\Develop\Projects\Astrum\AstrumServer\AstrumServer\obj\Debug\net9.0\MemoryPack.Generator\MemoryPack.Generator.MemoryPackGenerator\Astrum.Generated.LoginRequest.MemoryPackFormatter.g.cs(52,118): warning CS0436: “D:\Develop\Projects\Astrum\AstrumServer\AstrumServer\Generated\networkcommon_C_1000.cs”中的类型“LoginRequest”与“Generated, Version=0.0.0.0, Culture=neutral, PublicKeyToken=null”中的导入类型“LoginRequest”冲突。请使用“D:\Develop\Projects\Astrum\AstrumServer\AstrumServer\Generated\networkcommon_C_1000.cs”中定义的类型。 [D:\Develop\Projects\Astrum\AstrumServer\AstrumServer\AstrumServer.csproj]
D:\Develop\Projects\Astrum\AstrumServer\AstrumServer\Generated\networkcommon_C_1000.cs(142,23): warning CS8625: 无法将 null 字面量转换为非 null 的引用类型。 [D:\Develop\Projects\Astrum\AstrumServer\AstrumServer\AstrumServer.csproj]
D:\Develop\Projects\Astrum\AstrumServer\AstrumServer\Generated\networkcommon_C_1000.cs(143,25): warning CS8625: 无法将 null 字面量转换为非 null 的引用类型。 [D:\Develop\Projects\Astrum\AstrumServer\AstrumServer\AstrumServer.csproj]
D:\Develop\Projects\Astrum\AstrumServer\AstrumServer\Generated\networkcommon_C_1000.cs(144,32): warning CS8625: 无法将 null 字面量转换为非 null 的引用类型。 [D:\Develop\Projects\Astrum\AstrumServer\AstrumServer\AstrumServer.csproj]
D:\Develop\Projects\Astrum\AstrumServer\AstrumServer\obj\Debug\net9.0\MemoryPack.Generator\MemoryPack.Generator.MemoryPackGenerator\Astrum.Generated.JoinRoomRequest.MemoryPackFormatter.g.cs(40,65): warning CS0436: “D:\Develop\Projects\Astrum\AstrumServer\AstrumServer\Generated\networkcommon_C_1000.cs”中的类型“JoinRoomRequest”与“Generated, Version=0.0.0.0, Culture=neutral, PublicKeyToken=null”中的导入类型“JoinRoomRequest”冲突。请使用“D:\Develop\Projects\Astrum\AstrumServer\AstrumServer\Generated\networkcommon_C_1000.cs”中定义的类型。 [D:\Develop\Projects\Astrum\AstrumServer\AstrumServer\AstrumServer.csproj]
D:\Develop\Projects\Astrum\AstrumServer\AstrumServer\obj\Debug\net9.0\MemoryPack.Generator\MemoryPack.Generator.MemoryPackGenerator\Astrum.Generated.UserInfo.MemoryPackFormatter.g.cs(49,74): warning CS0436: “D:\Develop\Projects\Astrum\AstrumServer\AstrumServer\Generated\networkcommon_C_1000.cs”中的类型“UserInfo”与“Generated, Version=0.0.0.0, Culture=neutral, PublicKeyToken=null”中的导入类型“UserInfo”冲突。请使用“D:\Develop\Projects\Astrum\AstrumServer\AstrumServer\Generated\networkcommon_C_1000.cs”中定义的类型。 [D:\Develop\Projects\Astrum\AstrumServer\AstrumServer\AstrumServer.csproj]
D:\Develop\Projects\Astrum\AstrumServer\AstrumServer\obj\Debug\net9.0\MemoryPack.Generator\MemoryPack.Generator.MemoryPackGenerator\Astrum.Generated.UserInfo.MemoryPackFormatter.g.cs(51,127): warning CS0436: “D:\Develop\Projects\Astrum\AstrumServer\AstrumServer\Generated\networkcommon_C_1000.cs”中的类型“UserInfo”与“Generated, Version=0.0.0.0, Culture=neutral, PublicKeyToken=null”中的导入类型“UserInfo”冲突。请使用“D:\Develop\Projects\Astrum\AstrumServer\AstrumServer\Generated\networkcommon_C_1000.cs”中定义的类型。 [D:\Develop\Projects\Astrum\AstrumServer\AstrumServer\AstrumServer.csproj]
D:\Develop\Projects\Astrum\AstrumServer\AstrumServer\obj\Debug\net9.0\MemoryPack.Generator\MemoryPack.Generator.MemoryPackGenerator\Astrum.Generated.UserInfo.MemoryPackFormatter.g.cs(53,74): warning CS0436: “D:\Develop\Projects\Astrum\AstrumServer\AstrumServer\Generated\networkcommon_C_1000.cs”中的类型“UserInfo”与“Generated, Version=0.0.0.0, Culture=neutral, PublicKeyToken=null”中的导入类型“UserInfo”冲突。请使用“D:\Develop\Projects\Astrum\AstrumServer\AstrumServer\Generated\networkcommon_C_1000.cs”中定义的类型。 [D:\Develop\Projects\Astrum\AstrumServer\AstrumServer\AstrumServer.csproj]
D:\Develop\Projects\Astrum\AstrumServer\AstrumServer\obj\Debug\net9.0\MemoryPack.Generator\MemoryPack.Generator.MemoryPackGenerator\Astrum.Generated.UserInfo.MemoryPackFormatter.g.cs(55,118): warning CS0436: “D:\Develop\Projects\Astrum\AstrumServer\AstrumServer\Generated\networkcommon_C_1000.cs”中的类型“UserInfo”与“Generated, Version=0.0.0.0, Culture=neutral, PublicKeyToken=null”中的导入类型“UserInfo”冲突。请使用“D:\Develop\Projects\Astrum\AstrumServer\AstrumServer\Generated\networkcommon_C_1000.cs”中定义的类型。 [D:\Develop\Projects\Astrum\AstrumServer\AstrumServer\AstrumServer.csproj]
D:\Develop\Projects\Astrum\AstrumServer\AstrumServer\Managers\FrameSyncManager.cs(333,36): warning CS0436: “D:\Develop\Projects\Astrum\AstrumServer\AstrumServer\Generated\gamemessages_C_2000.cs”中的类型“FrameSyncEndNotification”与“Generated, Version=0.0.0.0, Culture=neutral, PublicKeyToken=null”中的导入类型“FrameSyncEndNotification”冲突。请使用“D:\Develop\Projects\Astrum\AstrumServer\AstrumServer\Generated\gamemessages_C_2000.cs”中定义的类型。 [D:\Develop\Projects\Astrum\AstrumServer\AstrumServer\AstrumServer.csproj]
D:\Develop\Projects\Astrum\AstrumServer\AstrumServer\Generated\networkcommon_C_1000.cs(295,27): warning CS8625: 无法将 null 字面量转换为非 null 的引用类型。 [D:\Develop\Projects\Astrum\AstrumServer\AstrumServer\AstrumServer.csproj]
D:\Develop\Projects\Astrum\AstrumServer\AstrumServer\obj\Debug\net9.0\MemoryPack.Generator\MemoryPack.Generator.MemoryPackGenerator\Astrum.Generated.LeaveRoomRequest.MemoryPackFormatter.g.cs(40,65): warning CS0436: “D:\Develop\Projects\Astrum\AstrumServer\AstrumServer\Generated\networkcommon_C_1000.cs”中的类型“LeaveRoomRequest”与“Generated, Version=0.0.0.0, Culture=neutral, PublicKeyToken=null”中的导入类型“LeaveRoomRequest”冲突。请使用“D:\Develop\Projects\Astrum\AstrumServer\AstrumServer\Generated\networkcommon_C_1000.cs”中定义的类型。 [D:\Develop\Projects\Astrum\AstrumServer\AstrumServer\AstrumServer.csproj]
D:\Develop\Projects\Astrum\AstrumServer\AstrumServer\obj\Debug\net9.0\MemoryPack.Generator\MemoryPack.Generator.MemoryPackGenerator\Astrum.Generated.CreateRoomRequest.MemoryPackFormatter.g.cs(41,65): warning CS0436: “D:\Develop\Projects\Astrum\AstrumServer\AstrumServer\Generated\networkcommon_C_1000.cs”中的类型“CreateRoomRequest”与“Generated, Version=0.0.0.0, Culture=neutral, PublicKeyToken=null”中的导入类型“CreateRoomRequest”冲突。请使用“D:\Develop\Projects\Astrum\AstrumServer\AstrumServer\Generated\networkcommon_C_1000.cs”中定义的类型。 [D:\Develop\Projects\Astrum\AstrumServer\AstrumServer\AstrumServer.csproj]
D:\Develop\Projects\Astrum\AstrumServer\AstrumServer\Managers\MatchmakingManager.cs(429,36): warning CS0436: “D:\Develop\Projects\Astrum\AstrumServer\AstrumServer\Generated\networkcommon_C_1000.cs”中的类型“MatchTimeoutNotification”与“Generated, Version=0.0.0.0, Culture=neutral, PublicKeyToken=null”中的导入类型“MatchTimeoutNotification”冲突。请使用“D:\Develop\Projects\Astrum\AstrumServer\AstrumServer\Generated\networkcommon_C_1000.cs”中定义的类型。 [D:\Develop\Projects\Astrum\AstrumServer\AstrumServer\AstrumServer.csproj]
D:\Develop\Projects\Astrum\AstrumServer\AstrumServer\obj\Debug\net9.0\MemoryPack.Generator\MemoryPack.Generator.MemoryPackGenerator\Astrum.Generated.RoomInfo.MemoryPackFormatter.g.cs(49,65): warning CS0436: “D:\Develop\Projects\Astrum\AstrumServer\AstrumServer\Generated\networkcommon_C_1000.cs”中的类型“RoomInfo”与“Generated, Version=0.0.0.0, Culture=neutral, PublicKeyToken=null”中的导入类型“RoomInfo”冲突。请使用“D:\Develop\Projects\Astrum\AstrumServer\AstrumServer\Generated\networkcommon_C_1000.cs”中定义的类型。 [D:\Develop\Projects\Astrum\AstrumServer\AstrumServer\AstrumServer.csproj]
D:\Develop\Projects\Astrum\AstrumServer\AstrumServer\obj\Debug\net9.0\MemoryPack.Generator\MemoryPack.Generator.MemoryPackGenerator\Astrum.Generated.JoinRoomRequest.MemoryPackFormatter.g.cs(47,74): warning CS0436: “D:\Develop\Projects\Astrum\AstrumServer\AstrumServer\Generated\networkcommon_C_1000.cs”中的类型“JoinRoomRequest”与“Generated, Version=0.0.0.0, Culture=neutral, PublicKeyToken=null”中的导入类型“JoinRoomRequest”冲突。请使用“D:\Develop\Projects\Astrum\AstrumServer\AstrumServer\Generated\networkcommon_C_1000.cs”中定义的类型。 [D:\Develop\Projects\Astrum\AstrumServer\AstrumServer\AstrumServer.csproj]
D:\Develop\Projects\Astrum\AstrumServer\AstrumServer\obj\Debug\net9.0\MemoryPack.Generator\MemoryPack.Generator.MemoryPackGenerator\Astrum.Generated.JoinRoomRequest.MemoryPackFormatter.g.cs(49,127): warning CS0436: “D:\Develop\Projects\Astrum\AstrumServer\AstrumServer\Generated\networkcommon_C_1000.cs”中的类型“JoinRoomRequest”与“Generated, Version=0.0.0.0, Culture=neutral, PublicKeyToken=null”中的导入类型“JoinRoomRequest”冲突。请使用“D:\Develop\Projects\Astrum\AstrumServer\AstrumServer\Generated\networkcommon_C_1000.cs”中定义的类型。 [D:\Develop\Projects\Astrum\AstrumServer\AstrumServer\AstrumServer.csproj]
D:\Develop\Projects\Astrum\AstrumServer\AstrumServer\obj\Debug\net9.0\MemoryPack.Generator\MemoryPack.Generator.MemoryPackGenerator\Astrum.Generated.JoinRoomRequest.MemoryPackFormatter.g.cs(51,74): warning CS0436: “D:\Develop\Projects\Astrum\AstrumServer\AstrumServer\Generated\networkcommon_C_1000.cs”中的类型“JoinRoomRequest”与“Generated, Version=0.0.0.0, Culture=neutral, PublicKeyToken=null”中的导入类型“JoinRoomRequest”冲突。请使用“D:\Develop\Projects\Astrum\AstrumServer\AstrumServer\Generated\networkcommon_C_1000.cs”中定义的类型。 [D:\Develop\Projects\Astrum\AstrumServer\AstrumServer\AstrumServer.csproj]
D:\Develop\Projects\Astrum\AstrumServer\AstrumServer\obj\Debug\net9.0\MemoryPack.Generator\MemoryPack.Generator.MemoryPackGenerator\Astrum.Generated.JoinRoomRequest.MemoryPackFormatter.g.cs(53,118): warning CS0436: “D:\Develop\Projects\Astrum\AstrumServer\AstrumServer\Generated\networkcommon_C_1000.cs”中的类型“JoinRoomRequest”与“Generated, Version=0.0.0.0, Culture=neutral, PublicKeyToken=null”中的导入类型“JoinRoomRequest”冲突。请使用“D:\Develop\Projects\Astrum\AstrumServer\AstrumServer\Generated\networkcommon_C_1000.cs”中定义的类型。 [D:\Develop\Projects\Astrum\AstrumServer\AstrumServer\AstrumServer.csproj]
D:\Develop\Projects\Astrum\AstrumServer\AstrumServer\obj\Debug\net9.0\MemoryPack.Generator\MemoryPack.Generator.MemoryPackGenerator\Astrum.Generated.LeaveRoomRequest.MemoryPackFormatter.g.cs(47,74): warning CS0436: “D:\Develop\Projects\Astrum\AstrumServer\AstrumServer\Generated\networkcommon_C_1000.cs”中的类型“LeaveRoomRequest”与“Generated, Version=0.0.0.0, Culture=neutral, PublicKeyToken=null”中的导入类型“LeaveRoomRequest”冲突。请使用“D:\Develop\Projects\Astrum\AstrumServer\AstrumServer\Generated\networkcommon_C_1000.cs”中定义的类型。 [D:\Develop\Projects\Astrum\AstrumServer\AstrumServer\AstrumServer.csproj]
D:\Develop\Projects\Astrum\AstrumServer\AstrumServer\obj\Debug\net9.0\MemoryPack.Generator\MemoryPack.Generator.MemoryPackGenerator\Astrum.Generated.LeaveRoomRequest.MemoryPackFormatter.g.cs(49,127): warning CS0436: “D:\Develop\Projects\Astrum\AstrumServer\AstrumServer\Generated\networkcommon_C_1000.cs”中的类型“LeaveRoomRequest”与“Generated, Version=0.0.0.0, Culture=neutral, PublicKeyToken=null”中的导入类型“LeaveRoomRequest”冲突。请使用“D:\Develop\Projects\Astrum\AstrumServer\AstrumServer\Generated\networkcommon_C_1000.cs”中定义的类型。 [D:\Develop\Projects\Astrum\AstrumServer\AstrumServer\AstrumServer.csproj]
D:\Develop\Projects\Astrum\AstrumServer\AstrumServer\obj\Debug\net9.0\MemoryPack.Generator\MemoryPack.Generator.MemoryPackGenerator\Astrum.Generated.LeaveRoomRequest.MemoryPackFormatter.g.cs(51,74): warning CS0436: “D:\Develop\Projects\Astrum\AstrumServer\AstrumServer\Generated\networkcommon_C_1000.cs”中的类型“LeaveRoomRequest”与“Generated, Version=0.0.0.0, Culture=neutral, PublicKeyToken=null”中的导入类型“LeaveRoomRequest”冲突。请使用“D:\Develop\Projects\Astrum\AstrumServer\AstrumServer\Generated\networkcommon_C_1000.cs”中定义的类型。 [D:\Develop\Projects\Astrum\AstrumServer\AstrumServer\AstrumServer.csproj]
D:\Develop\Projects\Astrum\AstrumServer\AstrumServer\obj\Debug\net9.0\MemoryPack.Generator\MemoryPack.Generator.MemoryPackGenerator\Astrum.Generated.LeaveRoomRequest.MemoryPackFormatter.g.cs(53,118): warning CS0436: “D:\Develop\Projects\Astrum\AstrumServer\AstrumServer\Generated\networkcommon_C_1000.cs”中的类型“LeaveRoomRequest”与“Generated, Version=0.0.0.0, Culture=neutral, PublicKeyToken=null”中的导入类型“LeaveRoomRequest”冲突。请使用“D:\Develop\Projects\Astrum\AstrumServer\AstrumServer\Generated\networkcommon_C_1000.cs”中定义的类型。 [D:\Develop\Projects\Astrum\AstrumServer\AstrumServer\AstrumServer.csproj]
D:\Develop\Projects\Astrum\AstrumServer\AstrumServer\obj\Debug\net9.0\MemoryPack.Generator\MemoryPack.Generator.MemoryPackGenerator\Astrum.Generated.CreateRoomRequest.MemoryPackFormatter.g.cs(48,74): warning CS0436: “D:\Develop\Projects\Astrum\AstrumServer\AstrumServer\Generated\networkcommon_C_1000.cs”中的类型“CreateRoomRequest”与“Generated, Version=0.0.0.0, Culture=neutral, PublicKeyToken=null”中的导入类型“CreateRoomRequest”冲突。请使用“D:\Develop\Projects\Astrum\AstrumServer\AstrumServer\Generated\networkcommon_C_1000.cs”中定义的类型。 [D:\Develop\Projects\Astrum\AstrumServer\AstrumServer\AstrumServer.csproj]
D:\Develop\Projects\Astrum\AstrumServer\AstrumServer\obj\Debug\net9.0\MemoryPack.Generator\MemoryPack.Generator.MemoryPackGenerator\Astrum.Generated.CreateRoomRequest.MemoryPackFormatter.g.cs(50,127): warning CS0436: “D:\Develop\Projects\Astrum\AstrumServer\AstrumServer\Generated\networkcommon_C_1000.cs”中的类型“CreateRoomRequest”与“Generated, Version=0.0.0.0, Culture=neutral, PublicKeyToken=null”中的导入类型“CreateRoomRequest”冲突。请使用“D:\Develop\Projects\Astrum\AstrumServer\AstrumServer\Generated\networkcommon_C_1000.cs”中定义的类型。 [D:\Develop\Projects\Astrum\AstrumServer\AstrumServer\AstrumServer.csproj]
D:\Develop\Projects\Astrum\AstrumServer\AstrumServer\obj\Debug\net9.0\MemoryPack.Generator\MemoryPack.Generator.MemoryPackGenerator\Astrum.Generated.CreateRoomRequest.MemoryPackFormatter.g.cs(52,74): warning CS0436: “D:\Develop\Projects\Astrum\AstrumServer\AstrumServer\Generated\networkcommon_C_1000.cs”中的类型“CreateRoomRequest”与“Generated, Version=0.0.0.0, Culture=neutral, PublicKeyToken=null”中的导入类型“CreateRoomRequest”冲突。请使用“D:\Develop\Projects\Astrum\AstrumServer\AstrumServer\Generated\networkcommon_C_1000.cs”中定义的类型。 [D:\Develop\Projects\Astrum\AstrumServer\AstrumServer\AstrumServer.csproj]
D:\Develop\Projects\Astrum\AstrumServer\AstrumServer\obj\Debug\net9.0\MemoryPack.Generator\MemoryPack.Generator.MemoryPackGenerator\Astrum.Generated.CreateRoomRequest.MemoryPackFormatter.g.cs(54,118): warning CS0436: “D:\Develop\Projects\Astrum\AstrumServer\AstrumServer\Generated\networkcommon_C_1000.cs”中的类型“CreateRoomRequest”与“Generated, Version=0.0.0.0, Culture=neutral, PublicKeyToken=null”中的导入类型“CreateRoomRequest”冲突。请使用“D:\Develop\Projects\Astrum\AstrumServer\AstrumServer\Generated\networkcommon_C_1000.cs”中定义的类型。 [D:\Develop\Projects\Astrum\AstrumServer\AstrumServer\AstrumServer.csproj]
D:\Develop\Projects\Astrum\AstrumServer\AstrumServer\obj\Debug\net9.0\MemoryPack.Generator\MemoryPack.Generator.MemoryPackGenerator\Astrum.Generated.FrameSyncData.MemoryPackFormatter.g.cs(96,34): warning CS0436: “D:\Develop\Projects\Astrum\AstrumServer\AstrumServer\Generated\gamemessages_C_2000.cs”中的类型“OneFrameInputs”与“Generated, Version=0.0.0.0, Culture=neutral, PublicKeyToken=null”中的导入类型“OneFrameInputs”冲突。请使用“D:\Develop\Projects\Astrum\AstrumServer\AstrumServer\Generated\gamemessages_C_2000.cs”中定义的类型。 [D:\Develop\Projects\Astrum\AstrumServer\AstrumServer\AstrumServer.csproj]
D:\Develop\Projects\Astrum\AstrumServer\AstrumServer\obj\Debug\net9.0\MemoryPack.Generator\MemoryPack.Generator.MemoryPackGenerator\Astrum.Generated.FrameSyncData.MemoryPackFormatter.g.cs(107,78): warning CS0436: “D:\Develop\Projects\Astrum\AstrumServer\AstrumServer\Generated\gamemessages_C_2000.cs”中的类型“OneFrameInputs”与“Generated, Version=0.0.0.0, Culture=neutral, PublicKeyToken=null”中的导入类型“OneFrameInputs”冲突。请使用“D:\Develop\Projects\Astrum\AstrumServer\AstrumServer\Generated\gamemessages_C_2000.cs”中定义的类型。 [D:\Develop\Projects\Astrum\AstrumServer\AstrumServer\AstrumServer.csproj]
D:\Develop\Projects\Astrum\AstrumServer\AstrumServer\obj\Debug\net9.0\MemoryPack.Generator\MemoryPack.Generator.MemoryPackGenerator\Astrum.Generated.FrameSyncData.MemoryPackFormatter.g.cs(133,79): warning CS0436: “D:\Develop\Projects\Astrum\AstrumServer\AstrumServer\Generated\gamemessages_C_2000.cs”中的类型“FrameSyncData”与“Generated, Version=0.0.0.0, Culture=neutral, PublicKeyToken=null”中的导入类型“FrameSyncData”冲突。请使用“D:\Develop\Projects\Astrum\AstrumServer\AstrumServer\Generated\gamemessages_C_2000.cs”中定义的类型。 [D:\Develop\Projects\Astrum\AstrumServer\AstrumServer\AstrumServer.csproj]
D:\Develop\Projects\Astrum\AstrumServer\AstrumServer\obj\Debug\net9.0\MemoryPack.Generator\MemoryPack.Generator.MemoryPackGenerator\Astrum.Generated.FrameSyncData.MemoryPackFormatter.g.cs(185,21): warning CS0436: “D:\Develop\Projects\Astrum\AstrumServer\AstrumServer\Generated\gamemessages_C_2000.cs”中的类型“FrameSyncData”与“Generated, Version=0.0.0.0, Culture=neutral, PublicKeyToken=null”中的导入类型“FrameSyncData”冲突。请使用“D:\Develop\Projects\Astrum\AstrumServer\AstrumServer\Generated\gamemessages_C_2000.cs”中定义的类型。 [D:\Develop\Projects\Astrum\AstrumServer\AstrumServer\AstrumServer.csproj]
D:\Develop\Projects\Astrum\AstrumServer\AstrumServer\Generated\gamemessages_C_2000.cs(735,23): warning CS8618: 在退出构造函数时，不可为 null 的 属性 "roomId" 必须包含非 null 值。请考虑添加 "required" 修饰符或将该 属性 声明为可为 null。 [D:\Develop\Projects\Astrum\AstrumServer\AstrumServer\AstrumServer.csproj]
D:\Develop\Projects\Astrum\AstrumServer\AstrumServer\Generated\gamemessages_C_2000.cs(747,31): warning CS8618: 在退出构造函数时，不可为 null 的 属性 "frameInputs" 必须包含非 null 值。请考虑添加 "required" 修饰符或将该 属性 声明为可为 null。 [D:\Develop\Projects\Astrum\AstrumServer\AstrumServer\AstrumServer.csproj]
D:\Develop\Projects\Astrum\AstrumServer\AstrumServer\obj\Debug\net9.0\MemoryPack.Generator\MemoryPack.Generator.MemoryPackGenerator\Astrum.Generated.RoomInfo.MemoryPackFormatter.g.cs(56,74): warning CS0436: “D:\Develop\Projects\Astrum\AstrumServer\AstrumServer\Generated\networkcommon_C_1000.cs”中的类型“RoomInfo”与“Generated, Version=0.0.0.0, Culture=neutral, PublicKeyToken=null”中的导入类型“RoomInfo”冲突。请使用“D:\Develop\Projects\Astrum\AstrumServer\AstrumServer\Generated\networkcommon_C_1000.cs”中定义的类型。 [D:\Develop\Projects\Astrum\AstrumServer\AstrumServer\AstrumServer.csproj]
D:\Develop\Projects\Astrum\AstrumServer\AstrumServer\obj\Debug\net9.0\MemoryPack.Generator\MemoryPack.Generator.MemoryPackGenerator\Astrum.Generated.RoomInfo.MemoryPackFormatter.g.cs(58,127): warning CS0436: “D:\Develop\Projects\Astrum\AstrumServer\AstrumServer\Generated\networkcommon_C_1000.cs”中的类型“RoomInfo”与“Generated, Version=0.0.0.0, Culture=neutral, PublicKeyToken=null”中的导入类型“RoomInfo”冲突。请使用“D:\Develop\Projects\Astrum\AstrumServer\AstrumServer\Generated\networkcommon_C_1000.cs”中定义的类型。 [D:\Develop\Projects\Astrum\AstrumServer\AstrumServer\AstrumServer.csproj]
D:\Develop\Projects\Astrum\AstrumServer\AstrumServer\obj\Debug\net9.0\MemoryPack.Generator\MemoryPack.Generator.MemoryPackGenerator\Astrum.Generated.RoomInfo.MemoryPackFormatter.g.cs(60,74): warning CS0436: “D:\Develop\Projects\Astrum\AstrumServer\AstrumServer\Generated\networkcommon_C_1000.cs”中的类型“RoomInfo”与“Generated, Version=0.0.0.0, Culture=neutral, PublicKeyToken=null”中的导入类型“RoomInfo”冲突。请使用“D:\Develop\Projects\Astrum\AstrumServer\AstrumServer\Generated\networkcommon_C_1000.cs”中定义的类型。 [D:\Develop\Projects\Astrum\AstrumServer\AstrumServer\AstrumServer.csproj]
D:\Develop\Projects\Astrum\AstrumServer\AstrumServer\obj\Debug\net9.0\MemoryPack.Generator\MemoryPack.Generator.MemoryPackGenerator\Astrum.Generated.RoomInfo.MemoryPackFormatter.g.cs(62,118): warning CS0436: “D:\Develop\Projects\Astrum\AstrumServer\AstrumServer\Generated\networkcommon_C_1000.cs”中的类型“RoomInfo”与“Generated, Version=0.0.0.0, Culture=neutral, PublicKeyToken=null”中的导入类型“RoomInfo”冲突。请使用“D:\Develop\Projects\Astrum\AstrumServer\AstrumServer\Generated\networkcommon_C_1000.cs”中定义的类型。 [D:\Develop\Projects\Astrum\AstrumServer\AstrumServer\AstrumServer.csproj]
D:\Develop\Projects\Astrum\AstrumServer\AstrumServer\Core\GameServer.cs(381,38): warning CS8604: “void GameServer.NotifyRoomUpdate(RoomInfo roomInfo, string updateType, string relatedUserId)”中的形参“roomInfo”可能传入 null 引用实参。 [D:\Develop\Projects\Astrum\AstrumServer\AstrumServer\AstrumServer.csproj]
D:\Develop\Projects\Astrum\AstrumServer\AstrumServer\obj\Debug\net9.0\MemoryPack.Generator\MemoryPack.Generator.MemoryPackGenerator\Astrum.Generated.FrameSyncEndNotification.MemoryPackFormatter.g.cs(131,79): warning CS0436: “D:\Develop\Projects\Astrum\AstrumServer\AstrumServer\Generated\gamemessages_C_2000.cs”中的类型“FrameSyncEndNotification”与“Generated, Version=0.0.0.0, Culture=neutral, PublicKeyToken=null”中的导入类型“FrameSyncEndNotification”冲突。请使用“D:\Develop\Projects\Astrum\AstrumServer\AstrumServer\Generated\gamemessages_C_2000.cs”中定义的类型。 [D:\Develop\Projects\Astrum\AstrumServer\AstrumServer\AstrumServer.csproj]
D:\Develop\Projects\Astrum\AstrumServer\AstrumServer\obj\Debug\net9.0\MemoryPack.Generator\MemoryPack.Generator.MemoryPackGenerator\Astrum.Generated.FrameSyncEndNotification.MemoryPackFormatter.g.cs(183,21): warning CS0436: “D:\Develop\Projects\Astrum\AstrumServer\AstrumServer\Generated\gamemessages_C_2000.cs”中的类型“FrameSyncEndNotification”与“Generated, Version=0.0.0.0, Culture=neutral, PublicKeyToken=null”中的导入类型“FrameSyncEndNotification”冲突。请使用“D:\Develop\Projects\Astrum\AstrumServer\AstrumServer\Generated\gamemessages_C_2000.cs”中定义的类型。 [D:\Develop\Projects\Astrum\AstrumServer\AstrumServer\AstrumServer.csproj]
D:\Develop\Projects\Astrum\AstrumServer\AstrumServer\Generated\gamemessages_C_2000.cs(685,23): warning CS8618: 在退出构造函数时，不可为 null 的 属性 "roomId" 必须包含非 null 值。请考虑添加 "required" 修饰符或将该 属性 声明为可为 null。 [D:\Develop\Projects\Astrum\AstrumServer\AstrumServer\AstrumServer.csproj]
D:\Develop\Projects\Astrum\AstrumServer\AstrumServer\Generated\gamemessages_C_2000.cs(703,23): warning CS8618: 在退出构造函数时，不可为 null 的 属性 "reason" 必须包含非 null 值。请考虑添加 "required" 修饰符或将该 属性 声明为可为 null。 [D:\Develop\Projects\Astrum\AstrumServer\AstrumServer\AstrumServer.csproj]
D:\Develop\Projects\Astrum\AstrumServer\AstrumServer\Generated\networkcommon_C_1000.cs(309,53): warning CS0436: “D:\Develop\Projects\Astrum\AstrumServer\AstrumServer\Generated\networkcommon_C_1000.cs”中的类型“GetRoomListRequest”与“Generated, Version=0.0.0.0, Culture=neutral, PublicKeyToken=null”中的导入类型“GetRoomListRequest”冲突。请使用“D:\Develop\Projects\Astrum\AstrumServer\AstrumServer\Generated\networkcommon_C_1000.cs”中定义的类型。 [D:\Develop\Projects\Astrum\AstrumServer\AstrumServer\AstrumServer.csproj]
D:\Develop\Projects\Astrum\AstrumServer\AstrumServer\Generated\networkcommon_C_1000.cs(309,89): warning CS0436: “D:\Develop\Projects\Astrum\AstrumServer\AstrumServer\Generated\networkcommon_C_1000.cs”中的类型“GetRoomListRequest”与“Generated, Version=0.0.0.0, Culture=neutral, PublicKeyToken=null”中的导入类型“GetRoomListRequest”冲突。请使用“D:\Develop\Projects\Astrum\AstrumServer\AstrumServer\Generated\networkcommon_C_1000.cs”中定义的类型。 [D:\Develop\Projects\Astrum\AstrumServer\AstrumServer\AstrumServer.csproj]
D:\Develop\Projects\Astrum\AstrumServer\AstrumServer\Generated\networkcommon_C_1000.cs(309,20): warning CS8603: 可能返回 null 引用。 [D:\Develop\Projects\Astrum\AstrumServer\AstrumServer\AstrumServer.csproj]
D:\Develop\Projects\Astrum\AstrumServer\AstrumServer\obj\Debug\net9.0\MemoryPack.Generator\MemoryPack.Generator.MemoryPackGenerator\Astrum.Generated.GameRequest.MemoryPackFormatter.g.cs(99,34): warning CS0436: “D:\Develop\Projects\Astrum\AstrumServer\AstrumServer\Generated\game_S_3000.cs”中的类型“PlayerInfo”与“Generated, Version=0.0.0.0, Culture=neutral, PublicKeyToken=null”中的导入类型“PlayerInfo”冲突。请使用“D:\Develop\Projects\Astrum\AstrumServer\AstrumServer\Generated\game_S_3000.cs”中定义的类型。 [D:\Develop\Projects\Astrum\AstrumServer\AstrumServer\AstrumServer.csproj]
D:\Develop\Projects\Astrum\AstrumServer\AstrumServer\obj\Debug\net9.0\MemoryPack.Generator\MemoryPack.Generator.MemoryPackGenerator\Astrum.Generated.GameRequest.MemoryPackFormatter.g.cs(109,73): warning CS0436: “D:\Develop\Projects\Astrum\AstrumServer\AstrumServer\Generated\game_S_3000.cs”中的类型“PlayerInfo”与“Generated, Version=0.0.0.0, Culture=neutral, PublicKeyToken=null”中的导入类型“PlayerInfo”冲突。请使用“D:\Develop\Projects\Astrum\AstrumServer\AstrumServer\Generated\game_S_3000.cs”中定义的类型。 [D:\Develop\Projects\Astrum\AstrumServer\AstrumServer\AstrumServer.csproj]
D:\Develop\Projects\Astrum\AstrumServer\AstrumServer\obj\Debug\net9.0\MemoryPack.Generator\MemoryPack.Generator.MemoryPackGenerator\Astrum.Generated.GameRequest.MemoryPackFormatter.g.cs(135,79): warning CS0436: “D:\Develop\Projects\Astrum\AstrumServer\AstrumServer\Generated\game_S_3000.cs”中的类型“GameRequest”与“Generated, Version=0.0.0.0, Culture=neutral, PublicKeyToken=null”中的导入类型“GameRequest”冲突。请使用“D:\Develop\Projects\Astrum\AstrumServer\AstrumServer\Generated\game_S_3000.cs”中定义的类型。 [D:\Develop\Projects\Astrum\AstrumServer\AstrumServer\AstrumServer.csproj]
D:\Develop\Projects\Astrum\AstrumServer\AstrumServer\obj\Debug\net9.0\MemoryPack.Generator\MemoryPack.Generator.MemoryPackGenerator\Astrum.Generated.GameRequest.MemoryPackFormatter.g.cs(187,21): warning CS0436: “D:\Develop\Projects\Astrum\AstrumServer\AstrumServer\Generated\game_S_3000.cs”中的类型“GameRequest”与“Generated, Version=0.0.0.0, Culture=neutral, PublicKeyToken=null”中的导入类型“GameRequest”冲突。请使用“D:\Develop\Projects\Astrum\AstrumServer\AstrumServer\Generated\game_S_3000.cs”中定义的类型。 [D:\Develop\Projects\Astrum\AstrumServer\AstrumServer\AstrumServer.csproj]
D:\Develop\Projects\Astrum\AstrumServer\AstrumServer\Generated\game_S_3000.cs(83,23): warning CS8618: 在退出构造函数时，不可为 null 的 属性 "action" 必须包含非 null 值。请考虑添加 "required" 修饰符或将该 属性 声明为可为 null。 [D:\Develop\Projects\Astrum\AstrumServer\AstrumServer\AstrumServer.csproj]
D:\Develop\Projects\Astrum\AstrumServer\AstrumServer\Generated\game_S_3000.cs(89,27): warning CS8618: 在退出构造函数时，不可为 null 的 属性 "player" 必须包含非 null 值。请考虑添加 "required" 修饰符或将该 属性 声明为可为 null。 [D:\Develop\Projects\Astrum\AstrumServer\AstrumServer\AstrumServer.csproj]
D:\Develop\Projects\Astrum\AstrumServer\AstrumServer\obj\Debug\net9.0\MemoryPack.Generator\MemoryPack.Generator.MemoryPackGenerator\Astrum.Generated.GetRoomListRequest.MemoryPackFormatter.g.cs(39,65): warning CS0436: “D:\Develop\Projects\Astrum\AstrumServer\AstrumServer\Generated\networkcommon_C_1000.cs”中的类型“GetRoomListRequest”与“Generated, Version=0.0.0.0, Culture=neutral, PublicKeyToken=null”中的导入类型“GetRoomListRequest”冲突。请使用“D:\Develop\Projects\Astrum\AstrumServer\AstrumServer\Generated\networkcommon_C_1000.cs”中定义的类型。 [D:\Develop\Projects\Astrum\AstrumServer\AstrumServer\AstrumServer.csproj]
D:\Develop\Projects\Astrum\AstrumServer\AstrumServer\Generated\networkcommon_C_1000.cs(388,53): warning CS0436: “D:\Develop\Projects\Astrum\AstrumServer\AstrumServer\Generated\networkcommon_C_1000.cs”中的类型“RoomUpdateNotification”与“Generated, Version=0.0.0.0, Culture=neutral, PublicKeyToken=null”中的导入类型“RoomUpdateNotification”冲突。请使用“D:\Develop\Projects\Astrum\AstrumServer\AstrumServer\Generated\networkcommon_C_1000.cs”中定义的类型。 [D:\Develop\Projects\Astrum\AstrumServer\AstrumServer\AstrumServer.csproj]
D:\Develop\Projects\Astrum\AstrumServer\AstrumServer\Generated\networkcommon_C_1000.cs(388,93): warning CS0436: “D:\Develop\Projects\Astrum\AstrumServer\AstrumServer\Generated\networkcommon_C_1000.cs”中的类型“RoomUpdateNotification”与“Generated, Version=0.0.0.0, Culture=neutral, PublicKeyToken=null”中的导入类型“RoomUpdateNotification”冲突。请使用“D:\Develop\Projects\Astrum\AstrumServer\AstrumServer\Generated\networkcommon_C_1000.cs”中定义的类型。 [D:\Develop\Projects\Astrum\AstrumServer\AstrumServer\AstrumServer.csproj]
D:\Develop\Projects\Astrum\AstrumServer\AstrumServer\Generated\networkcommon_C_1000.cs(388,20): warning CS8603: 可能返回 null 引用。 [D:\Develop\Projects\Astrum\AstrumServer\AstrumServer\AstrumServer.csproj]
D:\Develop\Projects\Astrum\AstrumServer\AstrumServer\obj\Debug\net9.0\MemoryPack.Generator\MemoryPack.Generator.MemoryPackGenerator\Astrum.Generated.GetRoomListRequest.MemoryPackFormatter.g.cs(49,74): warning CS0436: “D:\Develop\Projects\Astrum\AstrumServer\AstrumServer\Generated\networkcommon_C_1000.cs”中的类型“GetRoomListRequest”与“Generated, Version=0.0.0.0, Culture=neutral, PublicKeyToken=null”中的导入类型“GetRoomListRequest”冲突。请使用“D:\Develop\Projects\Astrum\AstrumServer\AstrumServer\Generated\networkcommon_C_1000.cs”中定义的类型。 [D:\Develop\Projects\Astrum\AstrumServer\AstrumServer\AstrumServer.csproj]
D:\Develop\Projects\Astrum\AstrumServer\AstrumServer\obj\Debug\net9.0\MemoryPack.Generator\MemoryPack.Generator.MemoryPackGenerator\Astrum.Generated.GetRoomListRequest.MemoryPackFormatter.g.cs(51,127): warning CS0436: “D:\Develop\Projects\Astrum\AstrumServer\AstrumServer\Generated\networkcommon_C_1000.cs”中的类型“GetRoomListRequest”与“Generated, Version=0.0.0.0, Culture=neutral, PublicKeyToken=null”中的导入类型“GetRoomListRequest”冲突。请使用“D:\Develop\Projects\Astrum\AstrumServer\AstrumServer\Generated\networkcommon_C_1000.cs”中定义的类型。 [D:\Develop\Projects\Astrum\AstrumServer\AstrumServer\AstrumServer.csproj]
D:\Develop\Projects\Astrum\AstrumServer\AstrumServer\obj\Debug\net9.0\MemoryPack.Generator\MemoryPack.Generator.MemoryPackGenerator\Astrum.Generated.GetRoomListRequest.MemoryPackFormatter.g.cs(53,74): warning CS0436: “D:\Develop\Projects\Astrum\AstrumServer\AstrumServer\Generated\networkcommon_C_1000.cs”中的类型“GetRoomListRequest”与“Generated, Version=0.0.0.0, Culture=neutral, PublicKeyToken=null”中的导入类型“GetRoomListRequest”冲突。请使用“D:\Develop\Projects\Astrum\AstrumServer\AstrumServer\Generated\networkcommon_C_1000.cs”中定义的类型。 [D:\Develop\Projects\Astrum\AstrumServer\AstrumServer\AstrumServer.csproj]
D:\Develop\Projects\Astrum\AstrumServer\AstrumServer\obj\Debug\net9.0\MemoryPack.Generator\MemoryPack.Generator.MemoryPackGenerator\Astrum.Generated.GetRoomListRequest.MemoryPackFormatter.g.cs(55,118): warning CS0436: “D:\Develop\Projects\Astrum\AstrumServer\AstrumServer\Generated\networkcommon_C_1000.cs”中的类型“GetRoomListRequest”与“Generated, Version=0.0.0.0, Culture=neutral, PublicKeyToken=null”中的导入类型“GetRoomListRequest”冲突。请使用“D:\Develop\Projects\Astrum\AstrumServer\AstrumServer\Generated\networkcommon_C_1000.cs”中定义的类型。 [D:\Develop\Projects\Astrum\AstrumServer\AstrumServer\AstrumServer.csproj]
D:\Develop\Projects\Astrum\AstrumServer\AstrumServer\Generated\networkcommon_C_1000.cs(338,53): warning CS0436: “D:\Develop\Projects\Astrum\AstrumServer\AstrumServer\Generated\networkcommon_C_1000.cs”中的类型“GetRoomListResponse”与“Generated, Version=0.0.0.0, Culture=neutral, PublicKeyToken=null”中的导入类型“GetRoomListResponse”冲突。请使用“D:\Develop\Projects\Astrum\AstrumServer\AstrumServer\Generated\networkcommon_C_1000.cs”中定义的类型。 [D:\Develop\Projects\Astrum\AstrumServer\AstrumServer\AstrumServer.csproj]
D:\Develop\Projects\Astrum\AstrumServer\AstrumServer\Generated\networkcommon_C_1000.cs(338,90): warning CS0436: “D:\Develop\Projects\Astrum\AstrumServer\AstrumServer\Generated\networkcommon_C_1000.cs”中的类型“GetRoomListResponse”与“Generated, Version=0.0.0.0, Culture=neutral, PublicKeyToken=null”中的导入类型“GetRoomListResponse”冲突。请使用“D:\Develop\Projects\Astrum\AstrumServer\AstrumServer\Generated\networkcommon_C_1000.cs”中定义的类型。 [D:\Develop\Projects\Astrum\AstrumServer\AstrumServer\AstrumServer.csproj]
D:\Develop\Projects\Astrum\AstrumServer\AstrumServer\Generated\networkcommon_C_1000.cs(338,20): warning CS8603: 可能返回 null 引用。 [D:\Develop\Projects\Astrum\AstrumServer\AstrumServer\AstrumServer.csproj]
D:\Develop\Projects\Astrum\AstrumServer\AstrumServer\Generated\networkcommon_C_1000.cs(538,53): warning CS0436: “D:\Develop\Projects\Astrum\AstrumServer\AstrumServer\Generated\networkcommon_C_1000.cs”中的类型“LeaveRoomResponse”与“Generated, Version=0.0.0.0, Culture=neutral, PublicKeyToken=null”中的导入类型“LeaveRoomResponse”冲突。请使用“D:\Develop\Projects\Astrum\AstrumServer\AstrumServer\Generated\networkcommon_C_1000.cs”中定义的类型。 [D:\Develop\Projects\Astrum\AstrumServer\AstrumServer\AstrumServer.csproj]
D:\Develop\Projects\Astrum\AstrumServer\AstrumServer\Generated\networkcommon_C_1000.cs(538,88): warning CS0436: “D:\Develop\Projects\Astrum\AstrumServer\AstrumServer\Generated\networkcommon_C_1000.cs”中的类型“LeaveRoomResponse”与“Generated, Version=0.0.0.0, Culture=neutral, PublicKeyToken=null”中的导入类型“LeaveRoomResponse”冲突。请使用“D:\Develop\Projects\Astrum\AstrumServer\AstrumServer\Generated\networkcommon_C_1000.cs”中定义的类型。 [D:\Develop\Projects\Astrum\AstrumServer\AstrumServer\AstrumServer.csproj]
D:\Develop\Projects\Astrum\AstrumServer\AstrumServer\Generated\networkcommon_C_1000.cs(538,20): warning CS8603: 可能返回 null 引用。 [D:\Develop\Projects\Astrum\AstrumServer\AstrumServer\AstrumServer.csproj]
D:\Develop\Projects\Astrum\AstrumServer\AstrumServer\Generated\networkcommon_C_1000.cs(438,53): warning CS0436: “D:\Develop\Projects\Astrum\AstrumServer\AstrumServer\Generated\networkcommon_C_1000.cs”中的类型“CreateRoomResponse”与“Generated, Version=0.0.0.0, Culture=neutral, PublicKeyToken=null”中的导入类型“CreateRoomResponse”冲突。请使用“D:\Develop\Projects\Astrum\AstrumServer\AstrumServer\Generated\networkcommon_C_1000.cs”中定义的类型。 [D:\Develop\Projects\Astrum\AstrumServer\AstrumServer\AstrumServer.csproj]
D:\Develop\Projects\Astrum\AstrumServer\AstrumServer\Generated\networkcommon_C_1000.cs(438,89): warning CS0436: “D:\Develop\Projects\Astrum\AstrumServer\AstrumServer\Generated\networkcommon_C_1000.cs”中的类型“CreateRoomResponse”与“Generated, Version=0.0.0.0, Culture=neutral, PublicKeyToken=null”中的导入类型“CreateRoomResponse”冲突。请使用“D:\Develop\Projects\Astrum\AstrumServer\AstrumServer\Generated\networkcommon_C_1000.cs”中定义的类型。 [D:\Develop\Projects\Astrum\AstrumServer\AstrumServer\AstrumServer.csproj]
D:\Develop\Projects\Astrum\AstrumServer\AstrumServer\Generated\networkcommon_C_1000.cs(438,20): warning CS8603: 可能返回 null 引用。 [D:\Develop\Projects\Astrum\AstrumServer\AstrumServer\AstrumServer.csproj]
D:\Develop\Projects\Astrum\AstrumServer\AstrumServer\Generated\networkcommon_C_1000.cs(422,25): warning CS8625: 无法将 null 字面量转换为非 null 的引用类型。 [D:\Develop\Projects\Astrum\AstrumServer\AstrumServer\AstrumServer.csproj]
D:\Develop\Projects\Astrum\AstrumServer\AstrumServer\Generated\networkcommon_C_1000.cs(423,31): warning CS8625: 无法将 null 字面量转换为非 null 的引用类型。 [D:\Develop\Projects\Astrum\AstrumServer\AstrumServer\AstrumServer.csproj]
D:\Develop\Projects\Astrum\AstrumServer\AstrumServer\Generated\networkcommon_C_1000.cs(424,34): warning CS8625: 无法将 null 字面量转换为非 null 的引用类型。 [D:\Develop\Projects\Astrum\AstrumServer\AstrumServer\AstrumServer.csproj]
D:\Develop\Projects\Astrum\AstrumServer\AstrumServer\obj\Debug\net9.0\MemoryPack.Generator\MemoryPack.Generator.MemoryPackGenerator\Astrum.Generated.RoomUpdateNotification.MemoryPackFormatter.g.cs(42,65): warning CS0436: “D:\Develop\Projects\Astrum\AstrumServer\AstrumServer\Generated\networkcommon_C_1000.cs”中的类型“RoomUpdateNotification”与“Generated, Version=0.0.0.0, Culture=neutral, PublicKeyToken=null”中的导入类型“RoomUpdateNotification”冲突。请使用“D:\Develop\Projects\Astrum\AstrumServer\AstrumServer\Generated\networkcommon_C_1000.cs”中定义的类型。 [D:\Develop\Projects\Astrum\AstrumServer\AstrumServer\AstrumServer.csproj]
D:\Develop\Projects\Astrum\AstrumServer\AstrumServer\obj\Debug\net9.0\MemoryPack.Generator\MemoryPack.Generator.MemoryPackGenerator\Astrum.Generated.FrameSyncStartNotification.MemoryPackFormatter.g.cs(139,79): warning CS0436: “D:\Develop\Projects\Astrum\AstrumServer\AstrumServer\Generated\gamemessages_C_2000.cs”中的类型“FrameSyncStartNotification”与“Generated, Version=0.0.0.0, Culture=neutral, PublicKeyToken=null”中的导入类型“FrameSyncStartNotification”冲突。请使用“D:\Develop\Projects\Astrum\AstrumServer\AstrumServer\Generated\gamemessages_C_2000.cs”中定义的类型。 [D:\Develop\Projects\Astrum\AstrumServer\AstrumServer\AstrumServer.csproj]
D:\Develop\Projects\Astrum\AstrumServer\AstrumServer\obj\Debug\net9.0\MemoryPack.Generator\MemoryPack.Generator.MemoryPackGenerator\Astrum.Generated.FrameSyncStartNotification.MemoryPackFormatter.g.cs(195,21): warning CS0436: “D:\Develop\Projects\Astrum\AstrumServer\AstrumServer\Generated\gamemessages_C_2000.cs”中的类型“FrameSyncStartNotification”与“Generated, Version=0.0.0.0, Culture=neutral, PublicKeyToken=null”中的导入类型“FrameSyncStartNotification”冲突。请使用“D:\Develop\Projects\Astrum\AstrumServer\AstrumServer\Generated\gamemessages_C_2000.cs”中定义的类型。 [D:\Develop\Projects\Astrum\AstrumServer\AstrumServer\AstrumServer.csproj]
D:\Develop\Projects\Astrum\AstrumServer\AstrumServer\Generated\gamemessages_C_2000.cs(628,23): warning CS8618: 在退出构造函数时，不可为 null 的 属性 "roomId" 必须包含非 null 值。请考虑添加 "required" 修饰符或将该 属性 声明为可为 null。 [D:\Develop\Projects\Astrum\AstrumServer\AstrumServer\AstrumServer.csproj]
D:\Develop\Projects\Astrum\AstrumServer\AstrumServer\Generated\networkcommon_C_1000.cs(373,28): warning CS8625: 无法将 null 字面量转换为非 null 的引用类型。 [D:\Develop\Projects\Astrum\AstrumServer\AstrumServer\AstrumServer.csproj]
D:\Develop\Projects\Astrum\AstrumServer\AstrumServer\obj\Debug\net9.0\MemoryPack.Generator\MemoryPack.Generator.MemoryPackGenerator\Astrum.Generated.LoginRequest.MemoryPackFormatter.g.cs(115,79): warning CS0436: “D:\Develop\Projects\Astrum\AstrumServer\AstrumServer\Generated\networkcommon_C_1000.cs”中的类型“LoginRequest”与“Generated, Version=0.0.0.0, Culture=neutral, PublicKeyToken=null”中的导入类型“LoginRequest”冲突。请使用“D:\Develop\Projects\Astrum\AstrumServer\AstrumServer\Generated\networkcommon_C_1000.cs”中定义的类型。 [D:\Develop\Projects\Astrum\AstrumServer\AstrumServer\AstrumServer.csproj]
D:\Develop\Projects\Astrum\AstrumServer\AstrumServer\obj\Debug\net9.0\MemoryPack.Generator\MemoryPack.Generator.MemoryPackGenerator\Astrum.Generated.LoginRequest.MemoryPackFormatter.g.cs(155,21): warning CS0436: “D:\Develop\Projects\Astrum\AstrumServer\AstrumServer\Generated\networkcommon_C_1000.cs”中的类型“LoginRequest”与“Generated, Version=0.0.0.0, Culture=neutral, PublicKeyToken=null”中的导入类型“LoginRequest”冲突。请使用“D:\Develop\Projects\Astrum\AstrumServer\AstrumServer\Generated\networkcommon_C_1000.cs”中定义的类型。 [D:\Develop\Projects\Astrum\AstrumServer\AstrumServer\AstrumServer.csproj]
D:\Develop\Projects\Astrum\AstrumServer\AstrumServer\Generated\networkcommon_C_1000.cs(172,23): warning CS8618: 在退出构造函数时，不可为 null 的 属性 "DisplayName" 必须包含非 null 值。请考虑添加 "required" 修饰符或将该 属性 声明为可为 null。 [D:\Develop\Projects\Astrum\AstrumServer\AstrumServer\AstrumServer.csproj]
D:\Develop\Projects\Astrum\AstrumServer\AstrumServer\Generated\networkcommon_C_1000.cs(588,53): warning CS0436: “D:\Develop\Projects\Astrum\AstrumServer\AstrumServer\Generated\networkcommon_C_1000.cs”中的类型“LoginResponse”与“Generated, Version=0.0.0.0, Culture=neutral, PublicKeyToken=null”中的导入类型“LoginResponse”冲突。请使用“D:\Develop\Projects\Astrum\AstrumServer\AstrumServer\Generated\networkcommon_C_1000.cs”中定义的类型。 [D:\Develop\Projects\Astrum\AstrumServer\AstrumServer\AstrumServer.csproj]
D:\Develop\Projects\Astrum\AstrumServer\AstrumServer\Generated\networkcommon_C_1000.cs(588,84): warning CS0436: “D:\Develop\Projects\Astrum\AstrumServer\AstrumServer\Generated\networkcommon_C_1000.cs”中的类型“LoginResponse”与“Generated, Version=0.0.0.0, Culture=neutral, PublicKeyToken=null”中的导入类型“LoginResponse”冲突。请使用“D:\Develop\Projects\Astrum\AstrumServer\AstrumServer\Generated\networkcommon_C_1000.cs”中定义的类型。 [D:\Develop\Projects\Astrum\AstrumServer\AstrumServer\AstrumServer.csproj]
D:\Develop\Projects\Astrum\AstrumServer\AstrumServer\Generated\networkcommon_C_1000.cs(588,20): warning CS8603: 可能返回 null 引用。 [D:\Develop\Projects\Astrum\AstrumServer\AstrumServer\AstrumServer.csproj]
D:\Develop\Projects\Astrum\AstrumServer\AstrumServer\Generated\networkcommon_C_1000.cs(488,53): warning CS0436: “D:\Develop\Projects\Astrum\AstrumServer\AstrumServer\Generated\networkcommon_C_1000.cs”中的类型“JoinRoomResponse”与“Generated, Version=0.0.0.0, Culture=neutral, PublicKeyToken=null”中的导入类型“JoinRoomResponse”冲突。请使用“D:\Develop\Projects\Astrum\AstrumServer\AstrumServer\Generated\networkcommon_C_1000.cs”中定义的类型。 [D:\Develop\Projects\Astrum\AstrumServer\AstrumServer\AstrumServer.csproj]
D:\Develop\Projects\Astrum\AstrumServer\AstrumServer\Generated\networkcommon_C_1000.cs(488,87): warning CS0436: “D:\Develop\Projects\Astrum\AstrumServer\AstrumServer\Generated\networkcommon_C_1000.cs”中的类型“JoinRoomResponse”与“Generated, Version=0.0.0.0, Culture=neutral, PublicKeyToken=null”中的导入类型“JoinRoomResponse”冲突。请使用“D:\Develop\Projects\Astrum\AstrumServer\AstrumServer\Generated\networkcommon_C_1000.cs”中定义的类型。 [D:\Develop\Projects\Astrum\AstrumServer\AstrumServer\AstrumServer.csproj]
D:\Develop\Projects\Astrum\AstrumServer\AstrumServer\Generated\networkcommon_C_1000.cs(488,20): warning CS8603: 可能返回 null 引用。 [D:\Develop\Projects\Astrum\AstrumServer\AstrumServer\AstrumServer.csproj]
D:\Develop\Projects\Astrum\AstrumServer\AstrumServer\Generated\networkcommon_C_1000.cs(473,28): warning CS8625: 无法将 null 字面量转换为非 null 的引用类型。 [D:\Develop\Projects\Astrum\AstrumServer\AstrumServer\AstrumServer.csproj]
D:\Develop\Projects\Astrum\AstrumServer\AstrumServer\Generated\networkcommon_C_1000.cs(474,25): warning CS8625: 无法将 null 字面量转换为非 null 的引用类型。 [D:\Develop\Projects\Astrum\AstrumServer\AstrumServer\AstrumServer.csproj]
D:\Develop\Projects\Astrum\AstrumServer\AstrumServer\obj\Debug\net9.0\MemoryPack.Generator\MemoryPack.Generator.MemoryPackGenerator\Astrum.Generated.CreateRoomResponse.MemoryPackFormatter.g.cs(42,65): warning CS0436: “D:\Develop\Projects\Astrum\AstrumServer\AstrumServer\Generated\networkcommon_C_1000.cs”中的类型“CreateRoomResponse”与“Generated, Version=0.0.0.0, Culture=neutral, PublicKeyToken=null”中的导入类型“CreateRoomResponse”冲突。请使用“D:\Develop\Projects\Astrum\AstrumServer\AstrumServer\Generated\networkcommon_C_1000.cs”中定义的类型。 [D:\Develop\Projects\Astrum\AstrumServer\AstrumServer\AstrumServer.csproj]
D:\Develop\Projects\Astrum\AstrumServer\AstrumServer\obj\Debug\net9.0\MemoryPack.Generator\MemoryPack.Generator.MemoryPackGenerator\Astrum.Generated.GetRoomListResponse.MemoryPackFormatter.g.cs(42,65): warning CS0436: “D:\Develop\Projects\Astrum\AstrumServer\AstrumServer\Generated\networkcommon_C_1000.cs”中的类型“GetRoomListResponse”与“Generated, Version=0.0.0.0, Culture=neutral, PublicKeyToken=null”中的导入类型“GetRoomListResponse”冲突。请使用“D:\Develop\Projects\Astrum\AstrumServer\AstrumServer\Generated\networkcommon_C_1000.cs”中定义的类型。 [D:\Develop\Projects\Astrum\AstrumServer\AstrumServer\AstrumServer.csproj]
D:\Develop\Projects\Astrum\AstrumServer\AstrumServer\obj\Debug\net9.0\MemoryPack.Generator\MemoryPack.Generator.MemoryPackGenerator\Astrum.Generated.PlayerInfo.MemoryPackFormatter.g.cs(145,79): warning CS0436: “D:\Develop\Projects\Astrum\AstrumServer\AstrumServer\Generated\game_S_3000.cs”中的类型“PlayerInfo”与“Generated, Version=0.0.0.0, Culture=neutral, PublicKeyToken=null”中的导入类型“PlayerInfo”冲突。请使用“D:\Develop\Projects\Astrum\AstrumServer\AstrumServer\Generated\game_S_3000.cs”中定义的类型。 [D:\Develop\Projects\Astrum\AstrumServer\AstrumServer\AstrumServer.csproj]
D:\Develop\Projects\Astrum\AstrumServer\AstrumServer\obj\Debug\net9.0\MemoryPack.Generator\MemoryPack.Generator.MemoryPackGenerator\Astrum.Generated.PlayerInfo.MemoryPackFormatter.g.cs(201,21): warning CS0436: “D:\Develop\Projects\Astrum\AstrumServer\AstrumServer\Generated\game_S_3000.cs”中的类型“PlayerInfo”与“Generated, Version=0.0.0.0, Culture=neutral, PublicKeyToken=null”中的导入类型“PlayerInfo”冲突。请使用“D:\Develop\Projects\Astrum\AstrumServer\AstrumServer\Generated\game_S_3000.cs”中定义的类型。 [D:\Develop\Projects\Astrum\AstrumServer\AstrumServer\AstrumServer.csproj]
D:\Develop\Projects\Astrum\AstrumServer\AstrumServer\Generated\networkcommon_C_1000.cs(623,28): warning CS8625: 无法将 null 字面量转换为非 null 的引用类型。 [D:\Develop\Projects\Astrum\AstrumServer\AstrumServer\AstrumServer.csproj]
D:\Develop\Projects\Astrum\AstrumServer\AstrumServer\Generated\networkcommon_C_1000.cs(624,25): warning CS8625: 无法将 null 字面量转换为非 null 的引用类型。 [D:\Develop\Projects\Astrum\AstrumServer\AstrumServer\AstrumServer.csproj]
D:\Develop\Projects\Astrum\AstrumServer\AstrumServer\Generated\networkcommon_C_1000.cs(523,28): warning CS8625: 无法将 null 字面量转换为非 null 的引用类型。 [D:\Develop\Projects\Astrum\AstrumServer\AstrumServer\AstrumServer.csproj]
D:\Develop\Projects\Astrum\AstrumServer\AstrumServer\Generated\networkcommon_C_1000.cs(524,25): warning CS8625: 无法将 null 字面量转换为非 null 的引用类型。 [D:\Develop\Projects\Astrum\AstrumServer\AstrumServer\AstrumServer.csproj]
D:\Develop\Projects\Astrum\AstrumServer\AstrumServer\obj\Debug\net9.0\MemoryPack.Generator\MemoryPack.Generator.MemoryPackGenerator\Astrum.Generated.JoinRoomRequest.MemoryPackFormatter.g.cs(121,79): warning CS0436: “D:\Develop\Projects\Astrum\AstrumServer\AstrumServer\Generated\networkcommon_C_1000.cs”中的类型“JoinRoomRequest”与“Generated, Version=0.0.0.0, Culture=neutral, PublicKeyToken=null”中的导入类型“JoinRoomRequest”冲突。请使用“D:\Develop\Projects\Astrum\AstrumServer\AstrumServer\Generated\networkcommon_C_1000.cs”中定义的类型。 [D:\Develop\Projects\Astrum\AstrumServer\AstrumServer\AstrumServer.csproj]
D:\Develop\Projects\Astrum\AstrumServer\AstrumServer\obj\Debug\net9.0\MemoryPack.Generator\MemoryPack.Generator.MemoryPackGenerator\Astrum.Generated.JoinRoomRequest.MemoryPackFormatter.g.cs(165,21): warning CS0436: “D:\Develop\Projects\Astrum\AstrumServer\AstrumServer\Generated\networkcommon_C_1000.cs”中的类型“JoinRoomRequest”与“Generated, Version=0.0.0.0, Culture=neutral, PublicKeyToken=null”中的导入类型“JoinRoomRequest”冲突。请使用“D:\Develop\Projects\Astrum\AstrumServer\AstrumServer\Generated\networkcommon_C_1000.cs”中定义的类型。 [D:\Develop\Projects\Astrum\AstrumServer\AstrumServer\AstrumServer.csproj]
D:\Develop\Projects\Astrum\AstrumServer\AstrumServer\Generated\networkcommon_C_1000.cs(244,23): warning CS8618: 在退出构造函数时，不可为 null 的 属性 "RoomId" 必须包含非 null 值。请考虑添加 "required" 修饰符或将该 属性 声明为可为 null。 [D:\Develop\Projects\Astrum\AstrumServer\AstrumServer\AstrumServer.csproj]
D:\Develop\Projects\Astrum\AstrumServer\AstrumServer\Generated\networkcommon_C_1000.cs(573,28): warning CS8625: 无法将 null 字面量转换为非 null 的引用类型。 [D:\Develop\Projects\Astrum\AstrumServer\AstrumServer\AstrumServer.csproj]
D:\Develop\Projects\Astrum\AstrumServer\AstrumServer\Generated\networkcommon_C_1000.cs(574,27): warning CS8625: 无法将 null 字面量转换为非 null 的引用类型。 [D:\Develop\Projects\Astrum\AstrumServer\AstrumServer\AstrumServer.csproj]
D:\Develop\Projects\Astrum\AstrumServer\AstrumServer\obj\Debug\net9.0\MemoryPack.Generator\MemoryPack.Generator.MemoryPackGenerator\Astrum.Generated.LeaveRoomResponse.MemoryPackFormatter.g.cs(42,65): warning CS0436: “D:\Develop\Projects\Astrum\AstrumServer\AstrumServer\Generated\networkcommon_C_1000.cs”中的类型“LeaveRoomResponse”与“Generated, Version=0.0.0.0, Culture=neutral, PublicKeyToken=null”中的导入类型“LeaveRoomResponse”冲突。请使用“D:\Develop\Projects\Astrum\AstrumServer\AstrumServer\Generated\networkcommon_C_1000.cs”中定义的类型。 [D:\Develop\Projects\Astrum\AstrumServer\AstrumServer\AstrumServer.csproj]
D:\Develop\Projects\Astrum\AstrumServer\AstrumServer\obj\Debug\net9.0\MemoryPack.Generator\MemoryPack.Generator.MemoryPackGenerator\Astrum.Generated.RoomUpdateNotification.MemoryPackFormatter.g.cs(49,74): warning CS0436: “D:\Develop\Projects\Astrum\AstrumServer\AstrumServer\Generated\networkcommon_C_1000.cs”中的类型“RoomUpdateNotification”与“Generated, Version=0.0.0.0, Culture=neutral, PublicKeyToken=null”中的导入类型“RoomUpdateNotification”冲突。请使用“D:\Develop\Projects\Astrum\AstrumServer\AstrumServer\Generated\networkcommon_C_1000.cs”中定义的类型。 [D:\Develop\Projects\Astrum\AstrumServer\AstrumServer\AstrumServer.csproj]
D:\Develop\Projects\Astrum\AstrumServer\AstrumServer\obj\Debug\net9.0\MemoryPack.Generator\MemoryPack.Generator.MemoryPackGenerator\Astrum.Generated.RoomUpdateNotification.MemoryPackFormatter.g.cs(51,127): warning CS0436: “D:\Develop\Projects\Astrum\AstrumServer\AstrumServer\Generated\networkcommon_C_1000.cs”中的类型“RoomUpdateNotification”与“Generated, Version=0.0.0.0, Culture=neutral, PublicKeyToken=null”中的导入类型“RoomUpdateNotification”冲突。请使用“D:\Develop\Projects\Astrum\AstrumServer\AstrumServer\Generated\networkcommon_C_1000.cs”中定义的类型。 [D:\Develop\Projects\Astrum\AstrumServer\AstrumServer\AstrumServer.csproj]
D:\Develop\Projects\Astrum\AstrumServer\AstrumServer\obj\Debug\net9.0\MemoryPack.Generator\MemoryPack.Generator.MemoryPackGenerator\Astrum.Generated.RoomUpdateNotification.MemoryPackFormatter.g.cs(53,74): warning CS0436: “D:\Develop\Projects\Astrum\AstrumServer\AstrumServer\Generated\networkcommon_C_1000.cs”中的类型“RoomUpdateNotification”与“Generated, Version=0.0.0.0, Culture=neutral, PublicKeyToken=null”中的导入类型“RoomUpdateNotification”冲突。请使用“D:\Develop\Projects\Astrum\AstrumServer\AstrumServer\Generated\networkcommon_C_1000.cs”中定义的类型。 [D:\Develop\Projects\Astrum\AstrumServer\AstrumServer\AstrumServer.csproj]
D:\Develop\Projects\Astrum\AstrumServer\AstrumServer\obj\Debug\net9.0\MemoryPack.Generator\MemoryPack.Generator.MemoryPackGenerator\Astrum.Generated.RoomUpdateNotification.MemoryPackFormatter.g.cs(55,118): warning CS0436: “D:\Develop\Projects\Astrum\AstrumServer\AstrumServer\Generated\networkcommon_C_1000.cs”中的类型“RoomUpdateNotification”与“Generated, Version=0.0.0.0, Culture=neutral, PublicKeyToken=null”中的导入类型“RoomUpdateNotification”冲突。请使用“D:\Develop\Projects\Astrum\AstrumServer\AstrumServer\Generated\networkcommon_C_1000.cs”中定义的类型。 [D:\Develop\Projects\Astrum\AstrumServer\AstrumServer\AstrumServer.csproj]
D:\Develop\Projects\Astrum\AstrumServer\AstrumServer\obj\Debug\net9.0\MemoryPack.Generator\MemoryPack.Generator.MemoryPackGenerator\Astrum.Generated.CreateRoomResponse.MemoryPackFormatter.g.cs(49,74): warning CS0436: “D:\Develop\Projects\Astrum\AstrumServer\AstrumServer\Generated\networkcommon_C_1000.cs”中的类型“CreateRoomResponse”与“Generated, Version=0.0.0.0, Culture=neutral, PublicKeyToken=null”中的导入类型“CreateRoomResponse”冲突。请使用“D:\Develop\Projects\Astrum\AstrumServer\AstrumServer\Generated\networkcommon_C_1000.cs”中定义的类型。 [D:\Develop\Projects\Astrum\AstrumServer\AstrumServer\AstrumServer.csproj]
D:\Develop\Projects\Astrum\AstrumServer\AstrumServer\obj\Debug\net9.0\MemoryPack.Generator\MemoryPack.Generator.MemoryPackGenerator\Astrum.Generated.CreateRoomResponse.MemoryPackFormatter.g.cs(51,127): warning CS0436: “D:\Develop\Projects\Astrum\AstrumServer\AstrumServer\Generated\networkcommon_C_1000.cs”中的类型“CreateRoomResponse”与“Generated, Version=0.0.0.0, Culture=neutral, PublicKeyToken=null”中的导入类型“CreateRoomResponse”冲突。请使用“D:\Develop\Projects\Astrum\AstrumServer\AstrumServer\Generated\networkcommon_C_1000.cs”中定义的类型。 [D:\Develop\Projects\Astrum\AstrumServer\AstrumServer\AstrumServer.csproj]
D:\Develop\Projects\Astrum\AstrumServer\AstrumServer\obj\Debug\net9.0\MemoryPack.Generator\MemoryPack.Generator.MemoryPackGenerator\Astrum.Generated.CreateRoomResponse.MemoryPackFormatter.g.cs(53,74): warning CS0436: “D:\Develop\Projects\Astrum\AstrumServer\AstrumServer\Generated\networkcommon_C_1000.cs”中的类型“CreateRoomResponse”与“Generated, Version=0.0.0.0, Culture=neutral, PublicKeyToken=null”中的导入类型“CreateRoomResponse”冲突。请使用“D:\Develop\Projects\Astrum\AstrumServer\AstrumServer\Generated\networkcommon_C_1000.cs”中定义的类型。 [D:\Develop\Projects\Astrum\AstrumServer\AstrumServer\AstrumServer.csproj]
D:\Develop\Projects\Astrum\AstrumServer\AstrumServer\obj\Debug\net9.0\MemoryPack.Generator\MemoryPack.Generator.MemoryPackGenerator\Astrum.Generated.CreateRoomResponse.MemoryPackFormatter.g.cs(55,118): warning CS0436: “D:\Develop\Projects\Astrum\AstrumServer\AstrumServer\Generated\networkcommon_C_1000.cs”中的类型“CreateRoomResponse”与“Generated, Version=0.0.0.0, Culture=neutral, PublicKeyToken=null”中的导入类型“CreateRoomResponse”冲突。请使用“D:\Develop\Projects\Astrum\AstrumServer\AstrumServer\Generated\networkcommon_C_1000.cs”中定义的类型。 [D:\Develop\Projects\Astrum\AstrumServer\AstrumServer\AstrumServer.csproj]
D:\Develop\Projects\Astrum\AstrumServer\AstrumServer\Generated\game_S_3000.cs(28,23): warning CS8618: 在退出构造函数时，不可为 null 的 属性 "playerName" 必须包含非 null 值。请考虑添加 "required" 修饰符或将该 属性 声明为可为 null。 [D:\Develop\Projects\Astrum\AstrumServer\AstrumServer\AstrumServer.csproj]
D:\Develop\Projects\Astrum\AstrumServer\AstrumServer\Generated\networkcommon_C_1000.cs(674,53): warning CS0436: “D:\Develop\Projects\Astrum\AstrumServer\AstrumServer\Generated\networkcommon_C_1000.cs”中的类型“HeartbeatResponse”与“Generated, Version=0.0.0.0, Culture=neutral, PublicKeyToken=null”中的导入类型“HeartbeatResponse”冲突。请使用“D:\Develop\Projects\Astrum\AstrumServer\AstrumServer\Generated\networkcommon_C_1000.cs”中定义的类型。 [D:\Develop\Projects\Astrum\AstrumServer\AstrumServer\AstrumServer.csproj]
D:\Develop\Projects\Astrum\AstrumServer\AstrumServer\Generated\networkcommon_C_1000.cs(674,88): warning CS0436: “D:\Develop\Projects\Astrum\AstrumServer\AstrumServer\Generated\networkcommon_C_1000.cs”中的类型“HeartbeatResponse”与“Generated, Version=0.0.0.0, Culture=neutral, PublicKeyToken=null”中的导入类型“HeartbeatResponse”冲突。请使用“D:\Develop\Projects\Astrum\AstrumServer\AstrumServer\Generated\networkcommon_C_1000.cs”中定义的类型。 [D:\Develop\Projects\Astrum\AstrumServer\AstrumServer\AstrumServer.csproj]
D:\Develop\Projects\Astrum\AstrumServer\AstrumServer\Generated\networkcommon_C_1000.cs(674,20): warning CS8603: 可能返回 null 引用。 [D:\Develop\Projects\Astrum\AstrumServer\AstrumServer\AstrumServer.csproj]
D:\Develop\Projects\Astrum\AstrumServer\AstrumServer\Managers\FrameSyncManager.cs(368,33): warning CS0436: “D:\Develop\Projects\Astrum\AstrumServer\AstrumServer\Generated\gamemessages_C_2000.cs”中的类型“FrameSyncData”与“Generated, Version=0.0.0.0, Culture=neutral, PublicKeyToken=null”中的导入类型“FrameSyncData”冲突。请使用“D:\Develop\Projects\Astrum\AstrumServer\AstrumServer\Generated\gamemessages_C_2000.cs”中定义的类型。 [D:\Develop\Projects\Astrum\AstrumServer\AstrumServer\AstrumServer.csproj]
D:\Develop\Projects\Astrum\AstrumServer\AstrumServer\obj\Debug\net9.0\MemoryPack.Generator\MemoryPack.Generator.MemoryPackGenerator\Astrum.Generated.LeaveRoomResponse.MemoryPackFormatter.g.cs(49,74): warning CS0436: “D:\Develop\Projects\Astrum\AstrumServer\AstrumServer\Generated\networkcommon_C_1000.cs”中的类型“LeaveRoomResponse”与“Generated, Version=0.0.0.0, Culture=neutral, PublicKeyToken=null”中的导入类型“LeaveRoomResponse”冲突。请使用“D:\Develop\Projects\Astrum\AstrumServer\AstrumServer\Generated\networkcommon_C_1000.cs”中定义的类型。 [D:\Develop\Projects\Astrum\AstrumServer\AstrumServer\AstrumServer.csproj]
D:\Develop\Projects\Astrum\AstrumServer\AstrumServer\obj\Debug\net9.0\MemoryPack.Generator\MemoryPack.Generator.MemoryPackGenerator\Astrum.Generated.LeaveRoomResponse.MemoryPackFormatter.g.cs(51,127): warning CS0436: “D:\Develop\Projects\Astrum\AstrumServer\AstrumServer\Generated\networkcommon_C_1000.cs”中的类型“LeaveRoomResponse”与“Generated, Version=0.0.0.0, Culture=neutral, PublicKeyToken=null”中的导入类型“LeaveRoomResponse”冲突。请使用“D:\Develop\Projects\Astrum\AstrumServer\AstrumServer\Generated\networkcommon_C_1000.cs”中定义的类型。 [D:\Develop\Projects\Astrum\AstrumServer\AstrumServer\AstrumServer.csproj]
D:\Develop\Projects\Astrum\AstrumServer\AstrumServer\obj\Debug\net9.0\MemoryPack.Generator\MemoryPack.Generator.MemoryPackGenerator\Astrum.Generated.LeaveRoomResponse.MemoryPackFormatter.g.cs(53,74): warning CS0436: “D:\Develop\Projects\Astrum\AstrumServer\AstrumServer\Generated\networkcommon_C_1000.cs”中的类型“LeaveRoomResponse”与“Generated, Version=0.0.0.0, Culture=neutral, PublicKeyToken=null”中的导入类型“LeaveRoomResponse”冲突。请使用“D:\Develop\Projects\Astrum\AstrumServer\AstrumServer\Generated\networkcommon_C_1000.cs”中定义的类型。 [D:\Develop\Projects\Astrum\AstrumServer\AstrumServer\AstrumServer.csproj]
D:\Develop\Projects\Astrum\AstrumServer\AstrumServer\obj\Debug\net9.0\MemoryPack.Generator\MemoryPack.Generator.MemoryPackGenerator\Astrum.Generated.LeaveRoomResponse.MemoryPackFormatter.g.cs(55,118): warning CS0436: “D:\Develop\Projects\Astrum\AstrumServer\AstrumServer\Generated\networkcommon_C_1000.cs”中的类型“LeaveRoomResponse”与“Generated, Version=0.0.0.0, Culture=neutral, PublicKeyToken=null”中的导入类型“LeaveRoomResponse”冲突。请使用“D:\Develop\Projects\Astrum\AstrumServer\AstrumServer\Generated\networkcommon_C_1000.cs”中定义的类型。 [D:\Develop\Projects\Astrum\AstrumServer\AstrumServer\AstrumServer.csproj]
D:\Develop\Projects\Astrum\AstrumServer\AstrumServer\obj\Debug\net9.0\MemoryPack.Generator\MemoryPack.Generator.MemoryPackGenerator\Astrum.Generated.CreateRoomRequest.MemoryPackFormatter.g.cs(125,79): warning CS0436: “D:\Develop\Projects\Astrum\AstrumServer\AstrumServer\Generated\networkcommon_C_1000.cs”中的类型“CreateRoomRequest”与“Generated, Version=0.0.0.0, Culture=neutral, PublicKeyToken=null”中的导入类型“CreateRoomRequest”冲突。请使用“D:\Develop\Projects\Astrum\AstrumServer\AstrumServer\Generated\networkcommon_C_1000.cs”中定义的类型。 [D:\Develop\Projects\Astrum\AstrumServer\AstrumServer\AstrumServer.csproj]
D:\Develop\Projects\Astrum\AstrumServer\AstrumServer\obj\Debug\net9.0\MemoryPack.Generator\MemoryPack.Generator.MemoryPackGenerator\Astrum.Generated.CreateRoomRequest.MemoryPackFormatter.g.cs(173,21): warning CS0436: “D:\Develop\Projects\Astrum\AstrumServer\AstrumServer\Generated\networkcommon_C_1000.cs”中的类型“CreateRoomRequest”与“Generated, Version=0.0.0.0, Culture=neutral, PublicKeyToken=null”中的导入类型“CreateRoomRequest”冲突。请使用“D:\Develop\Projects\Astrum\AstrumServer\AstrumServer\Generated\networkcommon_C_1000.cs”中定义的类型。 [D:\Develop\Projects\Astrum\AstrumServer\AstrumServer\AstrumServer.csproj]
D:\Develop\Projects\Astrum\AstrumServer\AstrumServer\Generated\networkcommon_C_1000.cs(201,23): warning CS8618: 在退出构造函数时，不可为 null 的 属性 "RoomName" 必须包含非 null 值。请考虑添加 "required" 修饰符或将该 属性 声明为可为 null。 [D:\Develop\Projects\Astrum\AstrumServer\AstrumServer\AstrumServer.csproj]
D:\Develop\Projects\Astrum\AstrumServer\AstrumServer\Generated\networkcommon_C_1000.cs(638,53): warning CS0436: “D:\Develop\Projects\Astrum\AstrumServer\AstrumServer\Generated\networkcommon_C_1000.cs”中的类型“HeartbeatMessage”与“Generated, Version=0.0.0.0, Culture=neutral, PublicKeyToken=null”中的导入类型“HeartbeatMessage”冲突。请使用“D:\Develop\Projects\Astrum\AstrumServer\AstrumServer\Generated\networkcommon_C_1000.cs”中定义的类型。 [D:\Develop\Projects\Astrum\AstrumServer\AstrumServer\AstrumServer.csproj]
D:\Develop\Projects\Astrum\AstrumServer\AstrumServer\Generated\networkcommon_C_1000.cs(638,87): warning CS0436: “D:\Develop\Projects\Astrum\AstrumServer\AstrumServer\Generated\networkcommon_C_1000.cs”中的类型“HeartbeatMessage”与“Generated, Version=0.0.0.0, Culture=neutral, PublicKeyToken=null”中的导入类型“HeartbeatMessage”冲突。请使用“D:\Develop\Projects\Astrum\AstrumServer\AstrumServer\Generated\networkcommon_C_1000.cs”中定义的类型。 [D:\Develop\Projects\Astrum\AstrumServer\AstrumServer\AstrumServer.csproj]
D:\Develop\Projects\Astrum\AstrumServer\AstrumServer\Generated\networkcommon_C_1000.cs(638,20): warning CS8603: 可能返回 null 引用。 [D:\Develop\Projects\Astrum\AstrumServer\AstrumServer\AstrumServer.csproj]
D:\Develop\Projects\Astrum\AstrumServer\AstrumServer\obj\Debug\net9.0\MemoryPack.Generator\MemoryPack.Generator.MemoryPackGenerator\Astrum.Generated.JoinRoomResponse.MemoryPackFormatter.g.cs(42,65): warning CS0436: “D:\Develop\Projects\Astrum\AstrumServer\AstrumServer\Generated\networkcommon_C_1000.cs”中的类型“JoinRoomResponse”与“Generated, Version=0.0.0.0, Culture=neutral, PublicKeyToken=null”中的导入类型“JoinRoomResponse”冲突。请使用“D:\Develop\Projects\Astrum\AstrumServer\AstrumServer\Generated\networkcommon_C_1000.cs”中定义的类型。 [D:\Develop\Projects\Astrum\AstrumServer\AstrumServer\AstrumServer.csproj]
D:\Develop\Projects\Astrum\AstrumServer\AstrumServer\Generated\networkcommon_C_1000.cs(710,53): warning CS0436: “D:\Develop\Projects\Astrum\AstrumServer\AstrumServer\Generated\networkcommon_C_1000.cs”中的类型“C2G_Ping”与“Generated, Version=0.0.0.0, Culture=neutral, PublicKeyToken=null”中的导入类型“C2G_Ping”冲突。请使用“D:\Develop\Projects\Astrum\AstrumServer\AstrumServer\Generated\networkcommon_C_1000.cs”中定义的类型。 [D:\Develop\Projects\Astrum\AstrumServer\AstrumServer\AstrumServer.csproj]
D:\Develop\Projects\Astrum\AstrumServer\AstrumServer\Generated\networkcommon_C_1000.cs(710,79): warning CS0436: “D:\Develop\Projects\Astrum\AstrumServer\AstrumServer\Generated\networkcommon_C_1000.cs”中的类型“C2G_Ping”与“Generated, Version=0.0.0.0, Culture=neutral, PublicKeyToken=null”中的导入类型“C2G_Ping”冲突。请使用“D:\Develop\Projects\Astrum\AstrumServer\AstrumServer\Generated\networkcommon_C_1000.cs”中定义的类型。 [D:\Develop\Projects\Astrum\AstrumServer\AstrumServer\AstrumServer.csproj]
D:\Develop\Projects\Astrum\AstrumServer\AstrumServer\Generated\networkcommon_C_1000.cs(710,20): warning CS8603: 可能返回 null 引用。 [D:\Develop\Projects\Astrum\AstrumServer\AstrumServer\AstrumServer.csproj]
D:\Develop\Projects\Astrum\AstrumServer\AstrumServer\obj\Debug\net9.0\MemoryPack.Generator\MemoryPack.Generator.MemoryPackGenerator\Astrum.Generated.CancelMatchResponse.MemoryPackFormatter.g.cs(125,79): warning CS0436: “D:\Develop\Projects\Astrum\AstrumServer\AstrumServer\Generated\networkcommon_C_1000.cs”中的类型“CancelMatchResponse”与“Generated, Version=0.0.0.0, Culture=neutral, PublicKeyToken=null”中的导入类型“CancelMatchResponse”冲突。请使用“D:\Develop\Projects\Astrum\AstrumServer\AstrumServer\Generated\networkcommon_C_1000.cs”中定义的类型。 [D:\Develop\Projects\Astrum\AstrumServer\AstrumServer\AstrumServer.csproj]
D:\Develop\Projects\Astrum\AstrumServer\AstrumServer\obj\Debug\net9.0\MemoryPack.Generator\MemoryPack.Generator.MemoryPackGenerator\Astrum.Generated.CancelMatchResponse.MemoryPackFormatter.g.cs(173,21): warning CS0436: “D:\Develop\Projects\Astrum\AstrumServer\AstrumServer\Generated\networkcommon_C_1000.cs”中的类型“CancelMatchResponse”与“Generated, Version=0.0.0.0, Culture=neutral, PublicKeyToken=null”中的导入类型“CancelMatchResponse”冲突。请使用“D:\Develop\Projects\Astrum\AstrumServer\AstrumServer\Generated\networkcommon_C_1000.cs”中定义的类型。 [D:\Develop\Projects\Astrum\AstrumServer\AstrumServer\AstrumServer.csproj]
D:\Develop\Projects\Astrum\AstrumServer\AstrumServer\Generated\networkcommon_C_1000.cs(897,23): warning CS8618: 在退出构造函数时，不可为 null 的 属性 "Message" 必须包含非 null 值。请考虑添加 "required" 修饰符或将该 属性 声明为可为 null。 [D:\Develop\Projects\Astrum\AstrumServer\AstrumServer\AstrumServer.csproj]
D:\Develop\Projects\Astrum\AstrumServer\AstrumServer\obj\Debug\net9.0\MemoryPack.Generator\MemoryPack.Generator.MemoryPackGenerator\Astrum.Generated.LoginResponse.MemoryPackFormatter.g.cs(42,65): warning CS0436: “D:\Develop\Projects\Astrum\AstrumServer\AstrumServer\Generated\networkcommon_C_1000.cs”中的类型“LoginResponse”与“Generated, Version=0.0.0.0, Culture=neutral, PublicKeyToken=null”中的导入类型“LoginResponse”冲突。请使用“D:\Develop\Projects\Astrum\AstrumServer\AstrumServer\Generated\networkcommon_C_1000.cs”中定义的类型。 [D:\Develop\Projects\Astrum\AstrumServer\AstrumServer\AstrumServer.csproj]
D:\Develop\Projects\Astrum\AstrumServer\AstrumServer\obj\Debug\net9.0\MemoryPack.Generator\MemoryPack.Generator.MemoryPackGenerator\Astrum.Generated.GetRoomListResponse.MemoryPackFormatter.g.cs(49,74): warning CS0436: “D:\Develop\Projects\Astrum\AstrumServer\AstrumServer\Generated\networkcommon_C_1000.cs”中的类型“GetRoomListResponse”与“Generated, Version=0.0.0.0, Culture=neutral, PublicKeyToken=null”中的导入类型“GetRoomListResponse”冲突。请使用“D:\Develop\Projects\Astrum\AstrumServer\AstrumServer\Generated\networkcommon_C_1000.cs”中定义的类型。 [D:\Develop\Projects\Astrum\AstrumServer\AstrumServer\AstrumServer.csproj]
D:\Develop\Projects\Astrum\AstrumServer\AstrumServer\obj\Debug\net9.0\MemoryPack.Generator\MemoryPack.Generator.MemoryPackGenerator\Astrum.Generated.GetRoomListResponse.MemoryPackFormatter.g.cs(51,127): warning CS0436: “D:\Develop\Projects\Astrum\AstrumServer\AstrumServer\Generated\networkcommon_C_1000.cs”中的类型“GetRoomListResponse”与“Generated, Version=0.0.0.0, Culture=neutral, PublicKeyToken=null”中的导入类型“GetRoomListResponse”冲突。请使用“D:\Develop\Projects\Astrum\AstrumServer\AstrumServer\Generated\networkcommon_C_1000.cs”中定义的类型。 [D:\Develop\Projects\Astrum\AstrumServer\AstrumServer\AstrumServer.csproj]
D:\Develop\Projects\Astrum\AstrumServer\AstrumServer\obj\Debug\net9.0\MemoryPack.Generator\MemoryPack.Generator.MemoryPackGenerator\Astrum.Generated.GetRoomListResponse.MemoryPackFormatter.g.cs(53,74): warning CS0436: “D:\Develop\Projects\Astrum\AstrumServer\AstrumServer\Generated\networkcommon_C_1000.cs”中的类型“GetRoomListResponse”与“Generated, Version=0.0.0.0, Culture=neutral, PublicKeyToken=null”中的导入类型“GetRoomListResponse”冲突。请使用“D:\Develop\Projects\Astrum\AstrumServer\AstrumServer\Generated\networkcommon_C_1000.cs”中定义的类型。 [D:\Develop\Projects\Astrum\AstrumServer\AstrumServer\AstrumServer.csproj]
D:\Develop\Projects\Astrum\AstrumServer\AstrumServer\obj\Debug\net9.0\MemoryPack.Generator\MemoryPack.Generator.MemoryPackGenerator\Astrum.Generated.GetRoomListResponse.MemoryPackFormatter.g.cs(55,118): warning CS0436: “D:\Develop\Projects\Astrum\AstrumServer\AstrumServer\Generated\networkcommon_C_1000.cs”中的类型“GetRoomListResponse”与“Generated, Version=0.0.0.0, Culture=neutral, PublicKeyToken=null”中的导入类型“GetRoomListResponse”冲突。请使用“D:\Develop\Projects\Astrum\AstrumServer\AstrumServer\Generated\networkcommon_C_1000.cs”中定义的类型。 [D:\Develop\Projects\Astrum\AstrumServer\AstrumServer\AstrumServer.csproj]
D:\Develop\Projects\Astrum\AstrumServer\AstrumServer\obj\Debug\net9.0\MemoryPack.Generator\MemoryPack.Generator.MemoryPackGenerator\Astrum.Generated.GetRoomListResponse.MemoryPackFormatter.g.cs(57,139): warning CS0436: “D:\Develop\Projects\Astrum\AstrumServer\AstrumServer\Generated\networkcommon_C_1000.cs”中的类型“RoomInfo”与“Generated, Version=0.0.0.0, Culture=neutral, PublicKeyToken=null”中的导入类型“RoomInfo”冲突。请使用“D:\Develop\Projects\Astrum\AstrumServer\AstrumServer\Generated\networkcommon_C_1000.cs”中定义的类型。 [D:\Develop\Projects\Astrum\AstrumServer\AstrumServer\AstrumServer.csproj]
D:\Develop\Projects\Astrum\AstrumServer\AstrumServer\obj\Debug\net9.0\MemoryPack.Generator\MemoryPack.Generator.MemoryPackGenerator\Astrum.Generated.GetRoomListResponse.MemoryPackFormatter.g.cs(59,142): warning CS0436: “D:\Develop\Projects\Astrum\AstrumServer\AstrumServer\Generated\networkcommon_C_1000.cs”中的类型“RoomInfo”与“Generated, Version=0.0.0.0, Culture=neutral, PublicKeyToken=null”中的导入类型“RoomInfo”冲突。请使用“D:\Develop\Projects\Astrum\AstrumServer\AstrumServer\Generated\networkcommon_C_1000.cs”中定义的类型。 [D:\Develop\Projects\Astrum\AstrumServer\AstrumServer\AstrumServer.csproj]
D:\Develop\Projects\Astrum\AstrumServer\AstrumServer\Generated\networkcommon_C_1000.cs(697,28): warning CS8625: 无法将 null 字面量转换为非 null 的引用类型。 [D:\Develop\Projects\Astrum\AstrumServer\AstrumServer\AstrumServer.csproj]
D:\Develop\Projects\Astrum\AstrumServer\AstrumServer\obj\Debug\net9.0\MemoryPack.Generator\MemoryPack.Generator.MemoryPackGenerator\Astrum.Generated.HeartbeatResponse.MemoryPackFormatter.g.cs(40,65): warning CS0436: “D:\Develop\Projects\Astrum\AstrumServer\AstrumServer\Generated\networkcommon_C_1000.cs”中的类型“HeartbeatResponse”与“Generated, Version=0.0.0.0, Culture=neutral, PublicKeyToken=null”中的导入类型“HeartbeatResponse”冲突。请使用“D:\Develop\Projects\Astrum\AstrumServer\AstrumServer\Generated\networkcommon_C_1000.cs”中定义的类型。 [D:\Develop\Projects\Astrum\AstrumServer\AstrumServer\AstrumServer.csproj]
D:\Develop\Projects\Astrum\AstrumServer\AstrumServer\obj\Debug\net9.0\MemoryPack.Generator\MemoryPack.Generator.MemoryPackGenerator\Astrum.Generated.GetRoomListRequest.MemoryPackFormatter.g.cs(116,79): warning CS0436: “D:\Develop\Projects\Astrum\AstrumServer\AstrumServer\Generated\networkcommon_C_1000.cs”中的类型“GetRoomListRequest”与“Generated, Version=0.0.0.0, Culture=neutral, PublicKeyToken=null”中的导入类型“GetRoomListRequest”冲突。请使用“D:\Develop\Projects\Astrum\AstrumServer\AstrumServer\Generated\networkcommon_C_1000.cs”中定义的类型。 [D:\Develop\Projects\Astrum\AstrumServer\AstrumServer\AstrumServer.csproj]
D:\Develop\Projects\Astrum\AstrumServer\AstrumServer\obj\Debug\net9.0\MemoryPack.Generator\MemoryPack.Generator.MemoryPackGenerator\Astrum.Generated.GetRoomListRequest.MemoryPackFormatter.g.cs(156,21): warning CS0436: “D:\Develop\Projects\Astrum\AstrumServer\AstrumServer\Generated\networkcommon_C_1000.cs”中的类型“GetRoomListRequest”与“Generated, Version=0.0.0.0, Culture=neutral, PublicKeyToken=null”中的导入类型“GetRoomListRequest”冲突。请使用“D:\Develop\Projects\Astrum\AstrumServer\AstrumServer\Generated\networkcommon_C_1000.cs”中定义的类型。 [D:\Develop\Projects\Astrum\AstrumServer\AstrumServer\AstrumServer.csproj]
D:\Develop\Projects\Astrum\AstrumServer\AstrumServer\obj\Debug\net9.0\MemoryPack.Generator\MemoryPack.Generator.MemoryPackGenerator\Astrum.Generated.HeartbeatResponse.MemoryPackFormatter.g.cs(47,74): warning CS0436: “D:\Develop\Projects\Astrum\AstrumServer\AstrumServer\Generated\networkcommon_C_1000.cs”中的类型“HeartbeatResponse”与“Generated, Version=0.0.0.0, Culture=neutral, PublicKeyToken=null”中的导入类型“HeartbeatResponse”冲突。请使用“D:\Develop\Projects\Astrum\AstrumServer\AstrumServer\Generated\networkcommon_C_1000.cs”中定义的类型。 [D:\Develop\Projects\Astrum\AstrumServer\AstrumServer\AstrumServer.csproj]
D:\Develop\Projects\Astrum\AstrumServer\AstrumServer\obj\Debug\net9.0\MemoryPack.Generator\MemoryPack.Generator.MemoryPackGenerator\Astrum.Generated.HeartbeatResponse.MemoryPackFormatter.g.cs(49,127): warning CS0436: “D:\Develop\Projects\Astrum\AstrumServer\AstrumServer\Generated\networkcommon_C_1000.cs”中的类型“HeartbeatResponse”与“Generated, Version=0.0.0.0, Culture=neutral, PublicKeyToken=null”中的导入类型“HeartbeatResponse”冲突。请使用“D:\Develop\Projects\Astrum\AstrumServer\AstrumServer\Generated\networkcommon_C_1000.cs”中定义的类型。 [D:\Develop\Projects\Astrum\AstrumServer\AstrumServer\AstrumServer.csproj]
D:\Develop\Projects\Astrum\AstrumServer\AstrumServer\obj\Debug\net9.0\MemoryPack.Generator\MemoryPack.Generator.MemoryPackGenerator\Astrum.Generated.HeartbeatResponse.MemoryPackFormatter.g.cs(51,74): warning CS0436: “D:\Develop\Projects\Astrum\AstrumServer\AstrumServer\Generated\networkcommon_C_1000.cs”中的类型“HeartbeatResponse”与“Generated, Version=0.0.0.0, Culture=neutral, PublicKeyToken=null”中的导入类型“HeartbeatResponse”冲突。请使用“D:\Develop\Projects\Astrum\AstrumServer\AstrumServer\Generated\networkcommon_C_1000.cs”中定义的类型。 [D:\Develop\Projects\Astrum\AstrumServer\AstrumServer\AstrumServer.csproj]
D:\Develop\Projects\Astrum\AstrumServer\AstrumServer\obj\Debug\net9.0\MemoryPack.Generator\MemoryPack.Generator.MemoryPackGenerator\Astrum.Generated.HeartbeatResponse.MemoryPackFormatter.g.cs(53,118): warning CS0436: “D:\Develop\Projects\Astrum\AstrumServer\AstrumServer\Generated\networkcommon_C_1000.cs”中的类型“HeartbeatResponse”与“Generated, Version=0.0.0.0, Culture=neutral, PublicKeyToken=null”中的导入类型“HeartbeatResponse”冲突。请使用“D:\Develop\Projects\Astrum\AstrumServer\AstrumServer\Generated\networkcommon_C_1000.cs”中定义的类型。 [D:\Develop\Projects\Astrum\AstrumServer\AstrumServer\AstrumServer.csproj]
D:\Develop\Projects\Astrum\AstrumServer\AstrumServer\obj\Debug\net9.0\MemoryPack.Generator\MemoryPack.Generator.MemoryPackGenerator\Astrum.Generated.LoginResponse.MemoryPackFormatter.g.cs(49,74): warning CS0436: “D:\Develop\Projects\Astrum\AstrumServer\AstrumServer\Generated\networkcommon_C_1000.cs”中的类型“LoginResponse”与“Generated, Version=0.0.0.0, Culture=neutral, PublicKeyToken=null”中的导入类型“LoginResponse”冲突。请使用“D:\Develop\Projects\Astrum\AstrumServer\AstrumServer\Generated\networkcommon_C_1000.cs”中定义的类型。 [D:\Develop\Projects\Astrum\AstrumServer\AstrumServer\AstrumServer.csproj]
D:\Develop\Projects\Astrum\AstrumServer\AstrumServer\obj\Debug\net9.0\MemoryPack.Generator\MemoryPack.Generator.MemoryPackGenerator\Astrum.Generated.LoginResponse.MemoryPackFormatter.g.cs(51,127): warning CS0436: “D:\Develop\Projects\Astrum\AstrumServer\AstrumServer\Generated\networkcommon_C_1000.cs”中的类型“LoginResponse”与“Generated, Version=0.0.0.0, Culture=neutral, PublicKeyToken=null”中的导入类型“LoginResponse”冲突。请使用“D:\Develop\Projects\Astrum\AstrumServer\AstrumServer\Generated\networkcommon_C_1000.cs”中定义的类型。 [D:\Develop\Projects\Astrum\AstrumServer\AstrumServer\AstrumServer.csproj]
D:\Develop\Projects\Astrum\AstrumServer\AstrumServer\obj\Debug\net9.0\MemoryPack.Generator\MemoryPack.Generator.MemoryPackGenerator\Astrum.Generated.LoginResponse.MemoryPackFormatter.g.cs(53,74): warning CS0436: “D:\Develop\Projects\Astrum\AstrumServer\AstrumServer\Generated\networkcommon_C_1000.cs”中的类型“LoginResponse”与“Generated, Version=0.0.0.0, Culture=neutral, PublicKeyToken=null”中的导入类型“LoginResponse”冲突。请使用“D:\Develop\Projects\Astrum\AstrumServer\AstrumServer\Generated\networkcommon_C_1000.cs”中定义的类型。 [D:\Develop\Projects\Astrum\AstrumServer\AstrumServer\AstrumServer.csproj]
D:\Develop\Projects\Astrum\AstrumServer\AstrumServer\obj\Debug\net9.0\MemoryPack.Generator\MemoryPack.Generator.MemoryPackGenerator\Astrum.Generated.LoginResponse.MemoryPackFormatter.g.cs(55,118): warning CS0436: “D:\Develop\Projects\Astrum\AstrumServer\AstrumServer\Generated\networkcommon_C_1000.cs”中的类型“LoginResponse”与“Generated, Version=0.0.0.0, Culture=neutral, PublicKeyToken=null”中的导入类型“LoginResponse”冲突。请使用“D:\Develop\Projects\Astrum\AstrumServer\AstrumServer\Generated\networkcommon_C_1000.cs”中定义的类型。 [D:\Develop\Projects\Astrum\AstrumServer\AstrumServer\AstrumServer.csproj]
D:\Develop\Projects\Astrum\AstrumServer\AstrumServer\obj\Debug\net9.0\MemoryPack.Generator\MemoryPack.Generator.MemoryPackGenerator\Astrum.Generated.LeaveRoomRequest.MemoryPackFormatter.g.cs(121,79): warning CS0436: “D:\Develop\Projects\Astrum\AstrumServer\AstrumServer\Generated\networkcommon_C_1000.cs”中的类型“LeaveRoomRequest”与“Generated, Version=0.0.0.0, Culture=neutral, PublicKeyToken=null”中的导入类型“LeaveRoomRequest”冲突。请使用“D:\Develop\Projects\Astrum\AstrumServer\AstrumServer\Generated\networkcommon_C_1000.cs”中定义的类型。 [D:\Develop\Projects\Astrum\AstrumServer\AstrumServer\AstrumServer.csproj]
D:\Develop\Projects\Astrum\AstrumServer\AstrumServer\obj\Debug\net9.0\MemoryPack.Generator\MemoryPack.Generator.MemoryPackGenerator\Astrum.Generated.LeaveRoomRequest.MemoryPackFormatter.g.cs(165,21): warning CS0436: “D:\Develop\Projects\Astrum\AstrumServer\AstrumServer\Generated\networkcommon_C_1000.cs”中的类型“LeaveRoomRequest”与“Generated, Version=0.0.0.0, Culture=neutral, PublicKeyToken=null”中的导入类型“LeaveRoomRequest”冲突。请使用“D:\Develop\Projects\Astrum\AstrumServer\AstrumServer\Generated\networkcommon_C_1000.cs”中定义的类型。 [D:\Develop\Projects\Astrum\AstrumServer\AstrumServer\AstrumServer.csproj]
D:\Develop\Projects\Astrum\AstrumServer\AstrumServer\obj\Debug\net9.0\MemoryPack.Generator\MemoryPack.Generator.MemoryPackGenerator\Astrum.Generated.JoinRoomResponse.MemoryPackFormatter.g.cs(49,74): warning CS0436: “D:\Develop\Projects\Astrum\AstrumServer\AstrumServer\Generated\networkcommon_C_1000.cs”中的类型“JoinRoomResponse”与“Generated, Version=0.0.0.0, Culture=neutral, PublicKeyToken=null”中的导入类型“JoinRoomResponse”冲突。请使用“D:\Develop\Projects\Astrum\AstrumServer\AstrumServer\Generated\networkcommon_C_1000.cs”中定义的类型。 [D:\Develop\Projects\Astrum\AstrumServer\AstrumServer\AstrumServer.csproj]
D:\Develop\Projects\Astrum\AstrumServer\AstrumServer\obj\Debug\net9.0\MemoryPack.Generator\MemoryPack.Generator.MemoryPackGenerator\Astrum.Generated.JoinRoomResponse.MemoryPackFormatter.g.cs(51,127): warning CS0436: “D:\Develop\Projects\Astrum\AstrumServer\AstrumServer\Generated\networkcommon_C_1000.cs”中的类型“JoinRoomResponse”与“Generated, Version=0.0.0.0, Culture=neutral, PublicKeyToken=null”中的导入类型“JoinRoomResponse”冲突。请使用“D:\Develop\Projects\Astrum\AstrumServer\AstrumServer\Generated\networkcommon_C_1000.cs”中定义的类型。 [D:\Develop\Projects\Astrum\AstrumServer\AstrumServer\AstrumServer.csproj]
D:\Develop\Projects\Astrum\AstrumServer\AstrumServer\obj\Debug\net9.0\MemoryPack.Generator\MemoryPack.Generator.MemoryPackGenerator\Astrum.Generated.JoinRoomResponse.MemoryPackFormatter.g.cs(53,74): warning CS0436: “D:\Develop\Projects\Astrum\AstrumServer\AstrumServer\Generated\networkcommon_C_1000.cs”中的类型“JoinRoomResponse”与“Generated, Version=0.0.0.0, Culture=neutral, PublicKeyToken=null”中的导入类型“JoinRoomResponse”冲突。请使用“D:\Develop\Projects\Astrum\AstrumServer\AstrumServer\Generated\networkcommon_C_1000.cs”中定义的类型。 [D:\Develop\Projects\Astrum\AstrumServer\AstrumServer\AstrumServer.csproj]
D:\Develop\Projects\Astrum\AstrumServer\AstrumServer\obj\Debug\net9.0\MemoryPack.Generator\MemoryPack.Generator.MemoryPackGenerator\Astrum.Generated.JoinRoomResponse.MemoryPackFormatter.g.cs(55,118): warning CS0436: “D:\Develop\Projects\Astrum\AstrumServer\AstrumServer\Generated\networkcommon_C_1000.cs”中的类型“JoinRoomResponse”与“Generated, Version=0.0.0.0, Culture=neutral, PublicKeyToken=null”中的导入类型“JoinRoomResponse”冲突。请使用“D:\Develop\Projects\Astrum\AstrumServer\AstrumServer\Generated\networkcommon_C_1000.cs”中定义的类型。 [D:\Develop\Projects\Astrum\AstrumServer\AstrumServer\AstrumServer.csproj]
D:\Develop\Projects\Astrum\AstrumServer\AstrumServer\Generated\networkcommon_C_1000.cs(280,23): warning CS8618: 在退出构造函数时，不可为 null 的 属性 "RoomId" 必须包含非 null 值。请考虑添加 "required" 修饰符或将该 属性 声明为可为 null。 [D:\Develop\Projects\Astrum\AstrumServer\AstrumServer\AstrumServer.csproj]
D:\Develop\Projects\Astrum\AstrumServer\AstrumServer\Generated\networkcommon_C_1000.cs(660,29): warning CS8625: 无法将 null 字面量转换为非 null 的引用类型。 [D:\Develop\Projects\Astrum\AstrumServer\AstrumServer\AstrumServer.csproj]
D:\Develop\Projects\Astrum\AstrumServer\AstrumServer\obj\Debug\net9.0\MemoryPack.Generator\MemoryPack.Generator.MemoryPackGenerator\Astrum.Generated.C2G_Ping.MemoryPackFormatter.g.cs(39,65): warning CS0436: “D:\Develop\Projects\Astrum\AstrumServer\AstrumServer\Generated\networkcommon_C_1000.cs”中的类型“C2G_Ping”与“Generated, Version=0.0.0.0, Culture=neutral, PublicKeyToken=null”中的导入类型“C2G_Ping”冲突。请使用“D:\Develop\Projects\Astrum\AstrumServer\AstrumServer\Generated\networkcommon_C_1000.cs”中定义的类型。 [D:\Develop\Projects\Astrum\AstrumServer\AstrumServer\AstrumServer.csproj]
D:\Develop\Projects\Astrum\AstrumServer\AstrumServer\obj\Debug\net9.0\MemoryPack.Generator\MemoryPack.Generator.MemoryPackGenerator\Astrum.Generated.HeartbeatMessage.MemoryPackFormatter.g.cs(40,65): warning CS0436: “D:\Develop\Projects\Astrum\AstrumServer\AstrumServer\Generated\networkcommon_C_1000.cs”中的类型“HeartbeatMessage”与“Generated, Version=0.0.0.0, Culture=neutral, PublicKeyToken=null”中的导入类型“HeartbeatMessage”冲突。请使用“D:\Develop\Projects\Astrum\AstrumServer\AstrumServer\Generated\networkcommon_C_1000.cs”中定义的类型。 [D:\Develop\Projects\Astrum\AstrumServer\AstrumServer\AstrumServer.csproj]
D:\Develop\Projects\Astrum\AstrumServer\AstrumServer\Core\GameServer.cs(457,88): warning CS0436: “D:\Develop\Projects\Astrum\AstrumServer\AstrumServer\Generated\networkcommon_C_1000.cs”中的类型“RoomInfo”与“Generated, Version=0.0.0.0, Culture=neutral, PublicKeyToken=null”中的导入类型“RoomInfo”冲突。请使用“D:\Develop\Projects\Astrum\AstrumServer\AstrumServer\Generated\networkcommon_C_1000.cs”中定义的类型。 [D:\Develop\Projects\Astrum\AstrumServer\AstrumServer\AstrumServer.csproj]
D:\Develop\Projects\Astrum\AstrumServer\AstrumServer\Core\GameServer.cs(475,103): warning CS0436: “D:\Develop\Projects\Astrum\AstrumServer\AstrumServer\Generated\networkcommon_C_1000.cs”中的类型“RoomInfo”与“Generated, Version=0.0.0.0, Culture=neutral, PublicKeyToken=null”中的导入类型“RoomInfo”冲突。请使用“D:\Develop\Projects\Astrum\AstrumServer\AstrumServer\Generated\networkcommon_C_1000.cs”中定义的类型。 [D:\Develop\Projects\Astrum\AstrumServer\AstrumServer\AstrumServer.csproj]
D:\Develop\Projects\Astrum\AstrumServer\AstrumServer\obj\Debug\net9.0\MemoryPack.Generator\MemoryPack.Generator.MemoryPackGenerator\Astrum.Generated.GameResponse.MemoryPackFormatter.g.cs(96,34): warning CS0436: “D:\Develop\Projects\Astrum\AstrumServer\AstrumServer\Generated\game_S_3000.cs”中的类型“PlayerInfo”与“Generated, Version=0.0.0.0, Culture=neutral, PublicKeyToken=null”中的导入类型“PlayerInfo”冲突。请使用“D:\Develop\Projects\Astrum\AstrumServer\AstrumServer\Generated\game_S_3000.cs”中定义的类型。 [D:\Develop\Projects\Astrum\AstrumServer\AstrumServer\AstrumServer.csproj]
D:\Develop\Projects\Astrum\AstrumServer\AstrumServer\obj\Debug\net9.0\MemoryPack.Generator\MemoryPack.Generator.MemoryPackGenerator\Astrum.Generated.GameResponse.MemoryPackFormatter.g.cs(106,80): warning CS0436: “D:\Develop\Projects\Astrum\AstrumServer\AstrumServer\Generated\game_S_3000.cs”中的类型“PlayerInfo”与“Generated, Version=0.0.0.0, Culture=neutral, PublicKeyToken=null”中的导入类型“PlayerInfo”冲突。请使用“D:\Develop\Projects\Astrum\AstrumServer\AstrumServer\Generated\game_S_3000.cs”中定义的类型。 [D:\Develop\Projects\Astrum\AstrumServer\AstrumServer\AstrumServer.csproj]
D:\Develop\Projects\Astrum\AstrumServer\AstrumServer\obj\Debug\net9.0\MemoryPack.Generator\MemoryPack.Generator.MemoryPackGenerator\Astrum.Generated.GameResponse.MemoryPackFormatter.g.cs(131,79): warning CS0436: “D:\Develop\Projects\Astrum\AstrumServer\AstrumServer\Generated\game_S_3000.cs”中的类型“GameResponse”与“Generated, Version=0.0.0.0, Culture=neutral, PublicKeyToken=null”中的导入类型“GameResponse”冲突。请使用“D:\Develop\Projects\Astrum\AstrumServer\AstrumServer\Generated\game_S_3000.cs”中定义的类型。 [D:\Develop\Projects\Astrum\AstrumServer\AstrumServer\AstrumServer.csproj]
D:\Develop\Projects\Astrum\AstrumServer\AstrumServer\obj\Debug\net9.0\MemoryPack.Generator\MemoryPack.Generator.MemoryPackGenerator\Astrum.Generated.GameResponse.MemoryPackFormatter.g.cs(183,21): warning CS0436: “D:\Develop\Projects\Astrum\AstrumServer\AstrumServer\Generated\game_S_3000.cs”中的类型“GameResponse”与“Generated, Version=0.0.0.0, Culture=neutral, PublicKeyToken=null”中的导入类型“GameResponse”冲突。请使用“D:\Develop\Projects\Astrum\AstrumServer\AstrumServer\Generated\game_S_3000.cs”中定义的类型。 [D:\Develop\Projects\Astrum\AstrumServer\AstrumServer\AstrumServer.csproj]
D:\Develop\Projects\Astrum\AstrumServer\AstrumServer\Generated\game_S_3000.cs(132,23): warning CS8618: 在退出构造函数时，不可为 null 的 属性 "message" 必须包含非 null 值。请考虑添加 "required" 修饰符或将该 属性 声明为可为 null。 [D:\Develop\Projects\Astrum\AstrumServer\AstrumServer\AstrumServer.csproj]
D:\Develop\Projects\Astrum\AstrumServer\AstrumServer\Generated\game_S_3000.cs(144,27): warning CS8618: 在退出构造函数时，不可为 null 的 属性 "updatedPlayer" 必须包含非 null 值。请考虑添加 "required" 修饰符或将该 属性 声明为可为 null。 [D:\Develop\Projects\Astrum\AstrumServer\AstrumServer\AstrumServer.csproj]
D:\Develop\Projects\Astrum\AstrumServer\AstrumServer\Generated\networkcommon_C_1000.cs(769,53): warning CS0436: “D:\Develop\Projects\Astrum\AstrumServer\AstrumServer\Generated\networkcommon_C_1000.cs”中的类型“QuickMatchRequest”与“Generated, Version=0.0.0.0, Culture=neutral, PublicKeyToken=null”中的导入类型“QuickMatchRequest”冲突。请使用“D:\Develop\Projects\Astrum\AstrumServer\AstrumServer\Generated\networkcommon_C_1000.cs”中定义的类型。 [D:\Develop\Projects\Astrum\AstrumServer\AstrumServer\AstrumServer.csproj]
D:\Develop\Projects\Astrum\AstrumServer\AstrumServer\Generated\networkcommon_C_1000.cs(769,88): warning CS0436: “D:\Develop\Projects\Astrum\AstrumServer\AstrumServer\Generated\networkcommon_C_1000.cs”中的类型“QuickMatchRequest”与“Generated, Version=0.0.0.0, Culture=neutral, PublicKeyToken=null”中的导入类型“QuickMatchRequest”冲突。请使用“D:\Develop\Projects\Astrum\AstrumServer\AstrumServer\Generated\networkcommon_C_1000.cs”中定义的类型。 [D:\Develop\Projects\Astrum\AstrumServer\AstrumServer\AstrumServer.csproj]
D:\Develop\Projects\Astrum\AstrumServer\AstrumServer\Generated\networkcommon_C_1000.cs(769,20): warning CS8603: 可能返回 null 引用。 [D:\Develop\Projects\Astrum\AstrumServer\AstrumServer\AstrumServer.csproj]
D:\Develop\Projects\Astrum\AstrumServer\AstrumServer\obj\Debug\net9.0\MemoryPack.Generator\MemoryPack.Generator.MemoryPackGenerator\Astrum.Generated.HeartbeatMessage.MemoryPackFormatter.g.cs(47,74): warning CS0436: “D:\Develop\Projects\Astrum\AstrumServer\AstrumServer\Generated\networkcommon_C_1000.cs”中的类型“HeartbeatMessage”与“Generated, Version=0.0.0.0, Culture=neutral, PublicKeyToken=null”中的导入类型“HeartbeatMessage”冲突。请使用“D:\Develop\Projects\Astrum\AstrumServer\AstrumServer\Generated\networkcommon_C_1000.cs”中定义的类型。 [D:\Develop\Projects\Astrum\AstrumServer\AstrumServer\AstrumServer.csproj]
D:\Develop\Projects\Astrum\AstrumServer\AstrumServer\obj\Debug\net9.0\MemoryPack.Generator\MemoryPack.Generator.MemoryPackGenerator\Astrum.Generated.HeartbeatMessage.MemoryPackFormatter.g.cs(49,127): warning CS0436: “D:\Develop\Projects\Astrum\AstrumServer\AstrumServer\Generated\networkcommon_C_1000.cs”中的类型“HeartbeatMessage”与“Generated, Version=0.0.0.0, Culture=neutral, PublicKeyToken=null”中的导入类型“HeartbeatMessage”冲突。请使用“D:\Develop\Projects\Astrum\AstrumServer\AstrumServer\Generated\networkcommon_C_1000.cs”中定义的类型。 [D:\Develop\Projects\Astrum\AstrumServer\AstrumServer\AstrumServer.csproj]
D:\Develop\Projects\Astrum\AstrumServer\AstrumServer\obj\Debug\net9.0\MemoryPack.Generator\MemoryPack.Generator.MemoryPackGenerator\Astrum.Generated.HeartbeatMessage.MemoryPackFormatter.g.cs(51,74): warning CS0436: “D:\Develop\Projects\Astrum\AstrumServer\AstrumServer\Generated\networkcommon_C_1000.cs”中的类型“HeartbeatMessage”与“Generated, Version=0.0.0.0, Culture=neutral, PublicKeyToken=null”中的导入类型“HeartbeatMessage”冲突。请使用“D:\Develop\Projects\Astrum\AstrumServer\AstrumServer\Generated\networkcommon_C_1000.cs”中定义的类型。 [D:\Develop\Projects\Astrum\AstrumServer\AstrumServer\AstrumServer.csproj]
D:\Develop\Projects\Astrum\AstrumServer\AstrumServer\obj\Debug\net9.0\MemoryPack.Generator\MemoryPack.Generator.MemoryPackGenerator\Astrum.Generated.HeartbeatMessage.MemoryPackFormatter.g.cs(53,118): warning CS0436: “D:\Develop\Projects\Astrum\AstrumServer\AstrumServer\Generated\networkcommon_C_1000.cs”中的类型“HeartbeatMessage”与“Generated, Version=0.0.0.0, Culture=neutral, PublicKeyToken=null”中的导入类型“HeartbeatMessage”冲突。请使用“D:\Develop\Projects\Astrum\AstrumServer\AstrumServer\Generated\networkcommon_C_1000.cs”中定义的类型。 [D:\Develop\Projects\Astrum\AstrumServer\AstrumServer\AstrumServer.csproj]
D:\Develop\Projects\Astrum\AstrumServer\AstrumServer\Generated\networkcommon_C_1000.cs(739,53): warning CS0436: “D:\Develop\Projects\Astrum\AstrumServer\AstrumServer\Generated\networkcommon_C_1000.cs”中的类型“G2C_Ping”与“Generated, Version=0.0.0.0, Culture=neutral, PublicKeyToken=null”中的导入类型“G2C_Ping”冲突。请使用“D:\Develop\Projects\Astrum\AstrumServer\AstrumServer\Generated\networkcommon_C_1000.cs”中定义的类型。 [D:\Develop\Projects\Astrum\AstrumServer\AstrumServer\AstrumServer.csproj]
D:\Develop\Projects\Astrum\AstrumServer\AstrumServer\Generated\networkcommon_C_1000.cs(739,79): warning CS0436: “D:\Develop\Projects\Astrum\AstrumServer\AstrumServer\Generated\networkcommon_C_1000.cs”中的类型“G2C_Ping”与“Generated, Version=0.0.0.0, Culture=neutral, PublicKeyToken=null”中的导入类型“G2C_Ping”冲突。请使用“D:\Develop\Projects\Astrum\AstrumServer\AstrumServer\Generated\networkcommon_C_1000.cs”中定义的类型。 [D:\Develop\Projects\Astrum\AstrumServer\AstrumServer\AstrumServer.csproj]
D:\Develop\Projects\Astrum\AstrumServer\AstrumServer\Generated\networkcommon_C_1000.cs(739,20): warning CS8603: 可能返回 null 引用。 [D:\Develop\Projects\Astrum\AstrumServer\AstrumServer\AstrumServer.csproj]
D:\Develop\Projects\Astrum\AstrumServer\AstrumServer\obj\Debug\net9.0\MemoryPack.Generator\MemoryPack.Generator.MemoryPackGenerator\Astrum.Generated.UserInfo.MemoryPackFormatter.g.cs(133,79): warning CS0436: “D:\Develop\Projects\Astrum\AstrumServer\AstrumServer\Generated\networkcommon_C_1000.cs”中的类型“UserInfo”与“Generated, Version=0.0.0.0, Culture=neutral, PublicKeyToken=null”中的导入类型“UserInfo”冲突。请使用“D:\Develop\Projects\Astrum\AstrumServer\AstrumServer\Generated\networkcommon_C_1000.cs”中定义的类型。 [D:\Develop\Projects\Astrum\AstrumServer\AstrumServer\AstrumServer.csproj]
D:\Develop\Projects\Astrum\AstrumServer\AstrumServer\obj\Debug\net9.0\MemoryPack.Generator\MemoryPack.Generator.MemoryPackGenerator\Astrum.Generated.UserInfo.MemoryPackFormatter.g.cs(185,21): warning CS0436: “D:\Develop\Projects\Astrum\AstrumServer\AstrumServer\Generated\networkcommon_C_1000.cs”中的类型“UserInfo”与“Generated, Version=0.0.0.0, Culture=neutral, PublicKeyToken=null”中的导入类型“UserInfo”冲突。请使用“D:\Develop\Projects\Astrum\AstrumServer\AstrumServer\Generated\networkcommon_C_1000.cs”中定义的类型。 [D:\Develop\Projects\Astrum\AstrumServer\AstrumServer\AstrumServer.csproj]
D:\Develop\Projects\Astrum\AstrumServer\AstrumServer\Generated\networkcommon_C_1000.cs(23,23): warning CS8618: 在退出构造函数时，不可为 null 的 属性 "Id" 必须包含非 null 值。请考虑添加 "required" 修饰符或将该 属性 声明为可为 null。 [D:\Develop\Projects\Astrum\AstrumServer\AstrumServer\AstrumServer.csproj]
D:\Develop\Projects\Astrum\AstrumServer\AstrumServer\Generated\networkcommon_C_1000.cs(29,23): warning CS8618: 在退出构造函数时，不可为 null 的 属性 "DisplayName" 必须包含非 null 值。请考虑添加 "required" 修饰符或将该 属性 声明为可为 null。 [D:\Develop\Projects\Astrum\AstrumServer\AstrumServer\AstrumServer.csproj]
D:\Develop\Projects\Astrum\AstrumServer\AstrumServer\Generated\networkcommon_C_1000.cs(41,23): warning CS8618: 在退出构造函数时，不可为 null 的 属性 "CurrentRoomId" 必须包含非 null 值。请考虑添加 "required" 修饰符或将该 属性 声明为可为 null。 [D:\Develop\Projects\Astrum\AstrumServer\AstrumServer\AstrumServer.csproj]
D:\Develop\Projects\Astrum\AstrumServer\AstrumServer\Generated\networkcommon_C_1000.cs(798,53): warning CS0436: “D:\Develop\Projects\Astrum\AstrumServer\AstrumServer\Generated\networkcommon_C_1000.cs”中的类型“QuickMatchResponse”与“Generated, Version=0.0.0.0, Culture=neutral, PublicKeyToken=null”中的导入类型“QuickMatchResponse”冲突。请使用“D:\Develop\Projects\Astrum\AstrumServer\AstrumServer\Generated\networkcommon_C_1000.cs”中定义的类型。 [D:\Develop\Projects\Astrum\AstrumServer\AstrumServer\AstrumServer.csproj]
D:\Develop\Projects\Astrum\AstrumServer\AstrumServer\Generated\networkcommon_C_1000.cs(798,89): warning CS0436: “D:\Develop\Projects\Astrum\AstrumServer\AstrumServer\Generated\networkcommon_C_1000.cs”中的类型“QuickMatchResponse”与“Generated, Version=0.0.0.0, Culture=neutral, PublicKeyToken=null”中的导入类型“QuickMatchResponse”冲突。请使用“D:\Develop\Projects\Astrum\AstrumServer\AstrumServer\Generated\networkcommon_C_1000.cs”中定义的类型。 [D:\Develop\Projects\Astrum\AstrumServer\AstrumServer\AstrumServer.csproj]
D:\Develop\Projects\Astrum\AstrumServer\AstrumServer\Generated\networkcommon_C_1000.cs(798,20): warning CS8603: 可能返回 null 引用。 [D:\Develop\Projects\Astrum\AstrumServer\AstrumServer\AstrumServer.csproj]
D:\Develop\Projects\Astrum\AstrumServer\AstrumServer\obj\Debug\net9.0\MemoryPack.Generator\MemoryPack.Generator.MemoryPackGenerator\Astrum.Generated.QuickMatchRequest.MemoryPackFormatter.g.cs(39,65): warning CS0436: “D:\Develop\Projects\Astrum\AstrumServer\AstrumServer\Generated\networkcommon_C_1000.cs”中的类型“QuickMatchRequest”与“Generated, Version=0.0.0.0, Culture=neutral, PublicKeyToken=null”中的导入类型“QuickMatchRequest”冲突。请使用“D:\Develop\Projects\Astrum\AstrumServer\AstrumServer\Generated\networkcommon_C_1000.cs”中定义的类型。 [D:\Develop\Projects\Astrum\AstrumServer\AstrumServer\AstrumServer.csproj]
D:\Develop\Projects\Astrum\AstrumServer\AstrumServer\obj\Debug\net9.0\MemoryPack.Generator\MemoryPack.Generator.MemoryPackGenerator\Astrum.Generated.C2G_Ping.MemoryPackFormatter.g.cs(49,74): warning CS0436: “D:\Develop\Projects\Astrum\AstrumServer\AstrumServer\Generated\networkcommon_C_1000.cs”中的类型“C2G_Ping”与“Generated, Version=0.0.0.0, Culture=neutral, PublicKeyToken=null”中的导入类型“C2G_Ping”冲突。请使用“D:\Develop\Projects\Astrum\AstrumServer\AstrumServer\Generated\networkcommon_C_1000.cs”中定义的类型。 [D:\Develop\Projects\Astrum\AstrumServer\AstrumServer\AstrumServer.csproj]
D:\Develop\Projects\Astrum\AstrumServer\AstrumServer\obj\Debug\net9.0\MemoryPack.Generator\MemoryPack.Generator.MemoryPackGenerator\Astrum.Generated.C2G_Ping.MemoryPackFormatter.g.cs(51,127): warning CS0436: “D:\Develop\Projects\Astrum\AstrumServer\AstrumServer\Generated\networkcommon_C_1000.cs”中的类型“C2G_Ping”与“Generated, Version=0.0.0.0, Culture=neutral, PublicKeyToken=null”中的导入类型“C2G_Ping”冲突。请使用“D:\Develop\Projects\Astrum\AstrumServer\AstrumServer\Generated\networkcommon_C_1000.cs”中定义的类型。 [D:\Develop\Projects\Astrum\AstrumServer\AstrumServer\AstrumServer.csproj]
D:\Develop\Projects\Astrum\AstrumServer\AstrumServer\obj\Debug\net9.0\MemoryPack.Generator\MemoryPack.Generator.MemoryPackGenerator\Astrum.Generated.C2G_Ping.MemoryPackFormatter.g.cs(53,74): warning CS0436: “D:\Develop\Projects\Astrum\AstrumServer\AstrumServer\Generated\networkcommon_C_1000.cs”中的类型“C2G_Ping”与“Generated, Version=0.0.0.0, Culture=neutral, PublicKeyToken=null”中的导入类型“C2G_Ping”冲突。请使用“D:\Develop\Projects\Astrum\AstrumServer\AstrumServer\Generated\networkcommon_C_1000.cs”中定义的类型。 [D:\Develop\Projects\Astrum\AstrumServer\AstrumServer\AstrumServer.csproj]
D:\Develop\Projects\Astrum\AstrumServer\AstrumServer\obj\Debug\net9.0\MemoryPack.Generator\MemoryPack.Generator.MemoryPackGenerator\Astrum.Generated.C2G_Ping.MemoryPackFormatter.g.cs(55,118): warning CS0436: “D:\Develop\Projects\Astrum\AstrumServer\AstrumServer\Generated\networkcommon_C_1000.cs”中的类型“C2G_Ping”与“Generated, Version=0.0.0.0, Culture=neutral, PublicKeyToken=null”中的导入类型“C2G_Ping”冲突。请使用“D:\Develop\Projects\Astrum\AstrumServer\AstrumServer\Generated\networkcommon_C_1000.cs”中定义的类型。 [D:\Develop\Projects\Astrum\AstrumServer\AstrumServer\AstrumServer.csproj]
D:\Develop\Projects\Astrum\AstrumServer\AstrumServer\Core\GameServer.cs(482,28): warning CS0436: “D:\Develop\Projects\Astrum\AstrumServer\AstrumServer\Generated\networkcommon_C_1000.cs”中的类型“HeartbeatResponse”与“Generated, Version=0.0.0.0, Culture=neutral, PublicKeyToken=null”中的导入类型“HeartbeatResponse”冲突。请使用“D:\Develop\Projects\Astrum\AstrumServer\AstrumServer\Generated\networkcommon_C_1000.cs”中定义的类型。 [D:\Develop\Projects\Astrum\AstrumServer\AstrumServer\AstrumServer.csproj]
D:\Develop\Projects\Astrum\AstrumServer\AstrumServer\obj\Debug\net9.0\MemoryPack.Generator\MemoryPack.Generator.MemoryPackGenerator\Astrum.Generated.G2C_Ping.MemoryPackFormatter.g.cs(39,65): warning CS0436: “D:\Develop\Projects\Astrum\AstrumServer\AstrumServer\Generated\networkcommon_C_1000.cs”中的类型“G2C_Ping”与“Generated, Version=0.0.0.0, Culture=neutral, PublicKeyToken=null”中的导入类型“G2C_Ping”冲突。请使用“D:\Develop\Projects\Astrum\AstrumServer\AstrumServer\Generated\networkcommon_C_1000.cs”中定义的类型。 [D:\Develop\Projects\Astrum\AstrumServer\AstrumServer\AstrumServer.csproj]
D:\Develop\Projects\Astrum\AstrumServer\AstrumServer\obj\Debug\net9.0\MemoryPack.Generator\MemoryPack.Generator.MemoryPackGenerator\Astrum.Generated.QuickMatchRequest.MemoryPackFormatter.g.cs(49,74): warning CS0436: “D:\Develop\Projects\Astrum\AstrumServer\AstrumServer\Generated\networkcommon_C_1000.cs”中的类型“QuickMatchRequest”与“Generated, Version=0.0.0.0, Culture=neutral, PublicKeyToken=null”中的导入类型“QuickMatchRequest”冲突。请使用“D:\Develop\Projects\Astrum\AstrumServer\AstrumServer\Generated\networkcommon_C_1000.cs”中定义的类型。 [D:\Develop\Projects\Astrum\AstrumServer\AstrumServer\AstrumServer.csproj]
D:\Develop\Projects\Astrum\AstrumServer\AstrumServer\obj\Debug\net9.0\MemoryPack.Generator\MemoryPack.Generator.MemoryPackGenerator\Astrum.Generated.QuickMatchRequest.MemoryPackFormatter.g.cs(51,127): warning CS0436: “D:\Develop\Projects\Astrum\AstrumServer\AstrumServer\Generated\networkcommon_C_1000.cs”中的类型“QuickMatchRequest”与“Generated, Version=0.0.0.0, Culture=neutral, PublicKeyToken=null”中的导入类型“QuickMatchRequest”冲突。请使用“D:\Develop\Projects\Astrum\AstrumServer\AstrumServer\Generated\networkcommon_C_1000.cs”中定义的类型。 [D:\Develop\Projects\Astrum\AstrumServer\AstrumServer\AstrumServer.csproj]
D:\Develop\Projects\Astrum\AstrumServer\AstrumServer\obj\Debug\net9.0\MemoryPack.Generator\MemoryPack.Generator.MemoryPackGenerator\Astrum.Generated.QuickMatchRequest.MemoryPackFormatter.g.cs(53,74): warning CS0436: “D:\Develop\Projects\Astrum\AstrumServer\AstrumServer\Generated\networkcommon_C_1000.cs”中的类型“QuickMatchRequest”与“Generated, Version=0.0.0.0, Culture=neutral, PublicKeyToken=null”中的导入类型“QuickMatchRequest”冲突。请使用“D:\Develop\Projects\Astrum\AstrumServer\AstrumServer\Generated\networkcommon_C_1000.cs”中定义的类型。 [D:\Develop\Projects\Astrum\AstrumServer\AstrumServer\AstrumServer.csproj]
D:\Develop\Projects\Astrum\AstrumServer\AstrumServer\obj\Debug\net9.0\MemoryPack.Generator\MemoryPack.Generator.MemoryPackGenerator\Astrum.Generated.QuickMatchRequest.MemoryPackFormatter.g.cs(55,118): warning CS0436: “D:\Develop\Projects\Astrum\AstrumServer\AstrumServer\Generated\networkcommon_C_1000.cs”中的类型“QuickMatchRequest”与“Generated, Version=0.0.0.0, Culture=neutral, PublicKeyToken=null”中的导入类型“QuickMatchRequest”冲突。请使用“D:\Develop\Projects\Astrum\AstrumServer\AstrumServer\Generated\networkcommon_C_1000.cs”中定义的类型。 [D:\Develop\Projects\Astrum\AstrumServer\AstrumServer\AstrumServer.csproj]
D:\Develop\Projects\Astrum\AstrumServer\AstrumServer\Generated\networkcommon_C_1000.cs(839,28): warning CS8625: 无法将 null 字面量转换为非 null 的引用类型。 [D:\Develop\Projects\Astrum\AstrumServer\AstrumServer\AstrumServer.csproj]
D:\Develop\Projects\Astrum\AstrumServer\AstrumServer\obj\Debug\net9.0\MemoryPack.Generator\MemoryPack.Generator.MemoryPackGenerator\Astrum.Generated.QuickMatchResponse.MemoryPackFormatter.g.cs(43,65): warning CS0436: “D:\Develop\Projects\Astrum\AstrumServer\AstrumServer\Generated\networkcommon_C_1000.cs”中的类型“QuickMatchResponse”与“Generated, Version=0.0.0.0, Culture=neutral, PublicKeyToken=null”中的导入类型“QuickMatchResponse”冲突。请使用“D:\Develop\Projects\Astrum\AstrumServer\AstrumServer\Generated\networkcommon_C_1000.cs”中定义的类型。 [D:\Develop\Projects\Astrum\AstrumServer\AstrumServer\AstrumServer.csproj]
D:\Develop\Projects\Astrum\AstrumServer\AstrumServer\obj\Debug\net9.0\MemoryPack.Generator\MemoryPack.Generator.MemoryPackGenerator\Astrum.Generated.G2C_Ping.MemoryPackFormatter.g.cs(49,74): warning CS0436: “D:\Develop\Projects\Astrum\AstrumServer\AstrumServer\Generated\networkcommon_C_1000.cs”中的类型“G2C_Ping”与“Generated, Version=0.0.0.0, Culture=neutral, PublicKeyToken=null”中的导入类型“G2C_Ping”冲突。请使用“D:\Develop\Projects\Astrum\AstrumServer\AstrumServer\Generated\networkcommon_C_1000.cs”中定义的类型。 [D:\Develop\Projects\Astrum\AstrumServer\AstrumServer\AstrumServer.csproj]
D:\Develop\Projects\Astrum\AstrumServer\AstrumServer\obj\Debug\net9.0\MemoryPack.Generator\MemoryPack.Generator.MemoryPackGenerator\Astrum.Generated.G2C_Ping.MemoryPackFormatter.g.cs(51,127): warning CS0436: “D:\Develop\Projects\Astrum\AstrumServer\AstrumServer\Generated\networkcommon_C_1000.cs”中的类型“G2C_Ping”与“Generated, Version=0.0.0.0, Culture=neutral, PublicKeyToken=null”中的导入类型“G2C_Ping”冲突。请使用“D:\Develop\Projects\Astrum\AstrumServer\AstrumServer\Generated\networkcommon_C_1000.cs”中定义的类型。 [D:\Develop\Projects\Astrum\AstrumServer\AstrumServer\AstrumServer.csproj]
D:\Develop\Projects\Astrum\AstrumServer\AstrumServer\obj\Debug\net9.0\MemoryPack.Generator\MemoryPack.Generator.MemoryPackGenerator\Astrum.Generated.G2C_Ping.MemoryPackFormatter.g.cs(53,74): warning CS0436: “D:\Develop\Projects\Astrum\AstrumServer\AstrumServer\Generated\networkcommon_C_1000.cs”中的类型“G2C_Ping”与“Generated, Version=0.0.0.0, Culture=neutral, PublicKeyToken=null”中的导入类型“G2C_Ping”冲突。请使用“D:\Develop\Projects\Astrum\AstrumServer\AstrumServer\Generated\networkcommon_C_1000.cs”中定义的类型。 [D:\Develop\Projects\Astrum\AstrumServer\AstrumServer\AstrumServer.csproj]
D:\Develop\Projects\Astrum\AstrumServer\AstrumServer\obj\Debug\net9.0\MemoryPack.Generator\MemoryPack.Generator.MemoryPackGenerator\Astrum.Generated.G2C_Ping.MemoryPackFormatter.g.cs(55,118): warning CS0436: “D:\Develop\Projects\Astrum\AstrumServer\AstrumServer\Generated\networkcommon_C_1000.cs”中的类型“G2C_Ping”与“Generated, Version=0.0.0.0, Culture=neutral, PublicKeyToken=null”中的导入类型“G2C_Ping”冲突。请使用“D:\Develop\Projects\Astrum\AstrumServer\AstrumServer\Generated\networkcommon_C_1000.cs”中定义的类型。 [D:\Develop\Projects\Astrum\AstrumServer\AstrumServer\AstrumServer.csproj]
D:\Develop\Projects\Astrum\AstrumServer\AstrumServer\obj\Debug\net9.0\MemoryPack.Generator\MemoryPack.Generator.MemoryPackGenerator\Astrum.Generated.QuickMatchResponse.MemoryPackFormatter.g.cs(50,74): warning CS0436: “D:\Develop\Projects\Astrum\AstrumServer\AstrumServer\Generated\networkcommon_C_1000.cs”中的类型“QuickMatchResponse”与“Generated, Version=0.0.0.0, Culture=neutral, PublicKeyToken=null”中的导入类型“QuickMatchResponse”冲突。请使用“D:\Develop\Projects\Astrum\AstrumServer\AstrumServer\Generated\networkcommon_C_1000.cs”中定义的类型。 [D:\Develop\Projects\Astrum\AstrumServer\AstrumServer\AstrumServer.csproj]
D:\Develop\Projects\Astrum\AstrumServer\AstrumServer\obj\Debug\net9.0\MemoryPack.Generator\MemoryPack.Generator.MemoryPackGenerator\Astrum.Generated.QuickMatchResponse.MemoryPackFormatter.g.cs(52,127): warning CS0436: “D:\Develop\Projects\Astrum\AstrumServer\AstrumServer\Generated\networkcommon_C_1000.cs”中的类型“QuickMatchResponse”与“Generated, Version=0.0.0.0, Culture=neutral, PublicKeyToken=null”中的导入类型“QuickMatchResponse”冲突。请使用“D:\Develop\Projects\Astrum\AstrumServer\AstrumServer\Generated\networkcommon_C_1000.cs”中定义的类型。 [D:\Develop\Projects\Astrum\AstrumServer\AstrumServer\AstrumServer.csproj]
D:\Develop\Projects\Astrum\AstrumServer\AstrumServer\obj\Debug\net9.0\MemoryPack.Generator\MemoryPack.Generator.MemoryPackGenerator\Astrum.Generated.QuickMatchResponse.MemoryPackFormatter.g.cs(54,74): warning CS0436: “D:\Develop\Projects\Astrum\AstrumServer\AstrumServer\Generated\networkcommon_C_1000.cs”中的类型“QuickMatchResponse”与“Generated, Version=0.0.0.0, Culture=neutral, PublicKeyToken=null”中的导入类型“QuickMatchResponse”冲突。请使用“D:\Develop\Projects\Astrum\AstrumServer\AstrumServer\Generated\networkcommon_C_1000.cs”中定义的类型。 [D:\Develop\Projects\Astrum\AstrumServer\AstrumServer\AstrumServer.csproj]
D:\Develop\Projects\Astrum\AstrumServer\AstrumServer\obj\Debug\net9.0\MemoryPack.Generator\MemoryPack.Generator.MemoryPackGenerator\Astrum.Generated.QuickMatchResponse.MemoryPackFormatter.g.cs(56,118): warning CS0436: “D:\Develop\Projects\Astrum\AstrumServer\AstrumServer\Generated\networkcommon_C_1000.cs”中的类型“QuickMatchResponse”与“Generated, Version=0.0.0.0, Culture=neutral, PublicKeyToken=null”中的导入类型“QuickMatchResponse”冲突。请使用“D:\Develop\Projects\Astrum\AstrumServer\AstrumServer\Generated\networkcommon_C_1000.cs”中定义的类型。 [D:\Develop\Projects\Astrum\AstrumServer\AstrumServer\AstrumServer.csproj]
D:\Develop\Projects\Astrum\AstrumServer\AstrumServer\Generated\networkcommon_C_1000.cs(855,53): warning CS0436: “D:\Develop\Projects\Astrum\AstrumServer\AstrumServer\Generated\networkcommon_C_1000.cs”中的类型“CancelMatchRequest”与“Generated, Version=0.0.0.0, Culture=neutral, PublicKeyToken=null”中的导入类型“CancelMatchRequest”冲突。请使用“D:\Develop\Projects\Astrum\AstrumServer\AstrumServer\Generated\networkcommon_C_1000.cs”中定义的类型。 [D:\Develop\Projects\Astrum\AstrumServer\AstrumServer\AstrumServer.csproj]
D:\Develop\Projects\Astrum\AstrumServer\AstrumServer\Generated\networkcommon_C_1000.cs(855,89): warning CS0436: “D:\Develop\Projects\Astrum\AstrumServer\AstrumServer\Generated\networkcommon_C_1000.cs”中的类型“CancelMatchRequest”与“Generated, Version=0.0.0.0, Culture=neutral, PublicKeyToken=null”中的导入类型“CancelMatchRequest”冲突。请使用“D:\Develop\Projects\Astrum\AstrumServer\AstrumServer\Generated\networkcommon_C_1000.cs”中定义的类型。 [D:\Develop\Projects\Astrum\AstrumServer\AstrumServer\AstrumServer.csproj]
D:\Develop\Projects\Astrum\AstrumServer\AstrumServer\Generated\networkcommon_C_1000.cs(855,20): warning CS8603: 可能返回 null 引用。 [D:\Develop\Projects\Astrum\AstrumServer\AstrumServer\AstrumServer.csproj]
D:\Develop\Projects\Astrum\AstrumServer\AstrumServer\obj\Debug\net9.0\MemoryPack.Generator\MemoryPack.Generator.MemoryPackGenerator\Astrum.Generated.C2G_Ping.MemoryPackFormatter.g.cs(116,79): warning CS0436: “D:\Develop\Projects\Astrum\AstrumServer\AstrumServer\Generated\networkcommon_C_1000.cs”中的类型“C2G_Ping”与“Generated, Version=0.0.0.0, Culture=neutral, PublicKeyToken=null”中的导入类型“C2G_Ping”冲突。请使用“D:\Develop\Projects\Astrum\AstrumServer\AstrumServer\Generated\networkcommon_C_1000.cs”中定义的类型。 [D:\Develop\Projects\Astrum\AstrumServer\AstrumServer\AstrumServer.csproj]
D:\Develop\Projects\Astrum\AstrumServer\AstrumServer\obj\Debug\net9.0\MemoryPack.Generator\MemoryPack.Generator.MemoryPackGenerator\Astrum.Generated.C2G_Ping.MemoryPackFormatter.g.cs(156,21): warning CS0436: “D:\Develop\Projects\Astrum\AstrumServer\AstrumServer\Generated\networkcommon_C_1000.cs”中的类型“C2G_Ping”与“Generated, Version=0.0.0.0, Culture=neutral, PublicKeyToken=null”中的导入类型“C2G_Ping”冲突。请使用“D:\Develop\Projects\Astrum\AstrumServer\AstrumServer\Generated\networkcommon_C_1000.cs”中定义的类型。 [D:\Develop\Projects\Astrum\AstrumServer\AstrumServer\AstrumServer.csproj]
D:\Develop\Projects\Astrum\AstrumServer\AstrumServer\obj\Debug\net9.0\MemoryPack.Generator\MemoryPack.Generator.MemoryPackGenerator\Astrum.Generated.HeartbeatResponse.MemoryPackFormatter.g.cs(119,79): warning CS0436: “D:\Develop\Projects\Astrum\AstrumServer\AstrumServer\Generated\networkcommon_C_1000.cs”中的类型“HeartbeatResponse”与“Generated, Version=0.0.0.0, Culture=neutral, PublicKeyToken=null”中的导入类型“HeartbeatResponse”冲突。请使用“D:\Develop\Projects\Astrum\AstrumServer\AstrumServer\Generated\networkcommon_C_1000.cs”中定义的类型。 [D:\Develop\Projects\Astrum\AstrumServer\AstrumServer\AstrumServer.csproj]
D:\Develop\Projects\Astrum\AstrumServer\AstrumServer\obj\Debug\net9.0\MemoryPack.Generator\MemoryPack.Generator.MemoryPackGenerator\Astrum.Generated.HeartbeatResponse.MemoryPackFormatter.g.cs(163,21): warning CS0436: “D:\Develop\Projects\Astrum\AstrumServer\AstrumServer\Generated\networkcommon_C_1000.cs”中的类型“HeartbeatResponse”与“Generated, Version=0.0.0.0, Culture=neutral, PublicKeyToken=null”中的导入类型“HeartbeatResponse”冲突。请使用“D:\Develop\Projects\Astrum\AstrumServer\AstrumServer\Generated\networkcommon_C_1000.cs”中定义的类型。 [D:\Develop\Projects\Astrum\AstrumServer\AstrumServer\AstrumServer.csproj]
D:\Develop\Projects\Astrum\AstrumServer\AstrumServer\Generated\networkcommon_C_1000.cs(687,23): warning CS8618: 在退出构造函数时，不可为 null 的 属性 "Message" 必须包含非 null 值。请考虑添加 "required" 修饰符或将该 属性 声明为可为 null。 [D:\Develop\Projects\Astrum\AstrumServer\AstrumServer\AstrumServer.csproj]
D:\Develop\Projects\Astrum\AstrumServer\AstrumServer\obj\Debug\net9.0\MemoryPack.Generator\MemoryPack.Generator.MemoryPackGenerator\Astrum.Generated.CancelMatchRequest.MemoryPackFormatter.g.cs(39,65): warning CS0436: “D:\Develop\Projects\Astrum\AstrumServer\AstrumServer\Generated\networkcommon_C_1000.cs”中的类型“CancelMatchRequest”与“Generated, Version=0.0.0.0, Culture=neutral, PublicKeyToken=null”中的导入类型“CancelMatchRequest”冲突。请使用“D:\Develop\Projects\Astrum\AstrumServer\AstrumServer\Generated\networkcommon_C_1000.cs”中定义的类型。 [D:\Develop\Projects\Astrum\AstrumServer\AstrumServer\AstrumServer.csproj]
D:\Develop\Projects\Astrum\AstrumServer\AstrumServer\obj\Debug\net9.0\MemoryPack.Generator\MemoryPack.Generator.MemoryPackGenerator\Astrum.Generated.LeaveRoomResponse.MemoryPackFormatter.g.cs(131,79): warning CS0436: “D:\Develop\Projects\Astrum\AstrumServer\AstrumServer\Generated\networkcommon_C_1000.cs”中的类型“LeaveRoomResponse”与“Generated, Version=0.0.0.0, Culture=neutral, PublicKeyToken=null”中的导入类型“LeaveRoomResponse”冲突。请使用“D:\Develop\Projects\Astrum\AstrumServer\AstrumServer\Generated\networkcommon_C_1000.cs”中定义的类型。 [D:\Develop\Projects\Astrum\AstrumServer\AstrumServer\AstrumServer.csproj]
D:\Develop\Projects\Astrum\AstrumServer\AstrumServer\obj\Debug\net9.0\MemoryPack.Generator\MemoryPack.Generator.MemoryPackGenerator\Astrum.Generated.LeaveRoomResponse.MemoryPackFormatter.g.cs(183,21): warning CS0436: “D:\Develop\Projects\Astrum\AstrumServer\AstrumServer\Generated\networkcommon_C_1000.cs”中的类型“LeaveRoomResponse”与“Generated, Version=0.0.0.0, Culture=neutral, PublicKeyToken=null”中的导入类型“LeaveRoomResponse”冲突。请使用“D:\Develop\Projects\Astrum\AstrumServer\AstrumServer\Generated\networkcommon_C_1000.cs”中定义的类型。 [D:\Develop\Projects\Astrum\AstrumServer\AstrumServer\AstrumServer.csproj]
D:\Develop\Projects\Astrum\AstrumServer\AstrumServer\Generated\networkcommon_C_1000.cs(551,23): warning CS8618: 在退出构造函数时，不可为 null 的 属性 "Message" 必须包含非 null 值。请考虑添加 "required" 修饰符或将该 属性 声明为可为 null。 [D:\Develop\Projects\Astrum\AstrumServer\AstrumServer\AstrumServer.csproj]
D:\Develop\Projects\Astrum\AstrumServer\AstrumServer\Generated\networkcommon_C_1000.cs(557,23): warning CS8618: 在退出构造函数时，不可为 null 的 属性 "RoomId" 必须包含非 null 值。请考虑添加 "required" 修饰符或将该 属性 声明为可为 null。 [D:\Develop\Projects\Astrum\AstrumServer\AstrumServer\AstrumServer.csproj]
D:\Develop\Projects\Astrum\AstrumServer\AstrumServer\obj\Debug\net9.0\MemoryPack.Generator\MemoryPack.Generator.MemoryPackGenerator\Astrum.Generated.RoomUpdateNotification.MemoryPackFormatter.g.cs(94,34): warning CS0436: “D:\Develop\Projects\Astrum\AstrumServer\AstrumServer\Generated\networkcommon_C_1000.cs”中的类型“RoomInfo”与“Generated, Version=0.0.0.0, Culture=neutral, PublicKeyToken=null”中的导入类型“RoomInfo”冲突。请使用“D:\Develop\Projects\Astrum\AstrumServer\AstrumServer\Generated\networkcommon_C_1000.cs”中定义的类型。 [D:\Develop\Projects\Astrum\AstrumServer\AstrumServer\AstrumServer.csproj]
D:\Develop\Projects\Astrum\AstrumServer\AstrumServer\obj\Debug\net9.0\MemoryPack.Generator\MemoryPack.Generator.MemoryPackGenerator\Astrum.Generated.RoomUpdateNotification.MemoryPackFormatter.g.cs(105,71): warning CS0436: “D:\Develop\Projects\Astrum\AstrumServer\AstrumServer\Generated\networkcommon_C_1000.cs”中的类型“RoomInfo”与“Generated, Version=0.0.0.0, Culture=neutral, PublicKeyToken=null”中的导入类型“RoomInfo”冲突。请使用“D:\Develop\Projects\Astrum\AstrumServer\AstrumServer\Generated\networkcommon_C_1000.cs”中定义的类型。 [D:\Develop\Projects\Astrum\AstrumServer\AstrumServer\AstrumServer.csproj]
D:\Develop\Projects\Astrum\AstrumServer\AstrumServer\obj\Debug\net9.0\MemoryPack.Generator\MemoryPack.Generator.MemoryPackGenerator\Astrum.Generated.RoomUpdateNotification.MemoryPackFormatter.g.cs(133,79): warning CS0436: “D:\Develop\Projects\Astrum\AstrumServer\AstrumServer\Generated\networkcommon_C_1000.cs”中的类型“RoomUpdateNotification”与“Generated, Version=0.0.0.0, Culture=neutral, PublicKeyToken=null”中的导入类型“RoomUpdateNotification”冲突。请使用“D:\Develop\Projects\Astrum\AstrumServer\AstrumServer\Generated\networkcommon_C_1000.cs”中定义的类型。 [D:\Develop\Projects\Astrum\AstrumServer\AstrumServer\AstrumServer.csproj]
D:\Develop\Projects\Astrum\AstrumServer\AstrumServer\obj\Debug\net9.0\MemoryPack.Generator\MemoryPack.Generator.MemoryPackGenerator\Astrum.Generated.RoomUpdateNotification.MemoryPackFormatter.g.cs(185,21): warning CS0436: “D:\Develop\Projects\Astrum\AstrumServer\AstrumServer\Generated\networkcommon_C_1000.cs”中的类型“RoomUpdateNotification”与“Generated, Version=0.0.0.0, Culture=neutral, PublicKeyToken=null”中的导入类型“RoomUpdateNotification”冲突。请使用“D:\Develop\Projects\Astrum\AstrumServer\AstrumServer\Generated\networkcommon_C_1000.cs”中定义的类型。 [D:\Develop\Projects\Astrum\AstrumServer\AstrumServer\AstrumServer.csproj]
D:\Develop\Projects\Astrum\AstrumServer\AstrumServer\Generated\networkcommon_C_1000.cs(395,25): warning CS8618: 在退出构造函数时，不可为 null 的 属性 "Room" 必须包含非 null 值。请考虑添加 "required" 修饰符或将该 属性 声明为可为 null。 [D:\Develop\Projects\Astrum\AstrumServer\AstrumServer\AstrumServer.csproj]
D:\Develop\Projects\Astrum\AstrumServer\AstrumServer\Generated\networkcommon_C_1000.cs(401,23): warning CS8618: 在退出构造函数时，不可为 null 的 属性 "UpdateType" 必须包含非 null 值。请考虑添加 "required" 修饰符或将该 属性 声明为可为 null。 [D:\Develop\Projects\Astrum\AstrumServer\AstrumServer\AstrumServer.csproj]
D:\Develop\Projects\Astrum\AstrumServer\AstrumServer\Generated\networkcommon_C_1000.cs(407,23): warning CS8618: 在退出构造函数时，不可为 null 的 属性 "RelatedUserId" 必须包含非 null 值。请考虑添加 "required" 修饰符或将该 属性 声明为可为 null。 [D:\Develop\Projects\Astrum\AstrumServer\AstrumServer\AstrumServer.csproj]
D:\Develop\Projects\Astrum\AstrumServer\AstrumServer\obj\Debug\net9.0\MemoryPack.Generator\MemoryPack.Generator.MemoryPackGenerator\Astrum.Generated.CreateRoomResponse.MemoryPackFormatter.g.cs(95,34): warning CS0436: “D:\Develop\Projects\Astrum\AstrumServer\AstrumServer\Generated\networkcommon_C_1000.cs”中的类型“RoomInfo”与“Generated, Version=0.0.0.0, Culture=neutral, PublicKeyToken=null”中的导入类型“RoomInfo”冲突。请使用“D:\Develop\Projects\Astrum\AstrumServer\AstrumServer\Generated\networkcommon_C_1000.cs”中定义的类型。 [D:\Develop\Projects\Astrum\AstrumServer\AstrumServer\AstrumServer.csproj]
D:\Develop\Projects\Astrum\AstrumServer\AstrumServer\obj\Debug\net9.0\MemoryPack.Generator\MemoryPack.Generator.MemoryPackGenerator\Astrum.Generated.CreateRoomResponse.MemoryPackFormatter.g.cs(105,71): warning CS0436: “D:\Develop\Projects\Astrum\AstrumServer\AstrumServer\Generated\networkcommon_C_1000.cs”中的类型“RoomInfo”与“Generated, Version=0.0.0.0, Culture=neutral, PublicKeyToken=null”中的导入类型“RoomInfo”冲突。请使用“D:\Develop\Projects\Astrum\AstrumServer\AstrumServer\Generated\networkcommon_C_1000.cs”中定义的类型。 [D:\Develop\Projects\Astrum\AstrumServer\AstrumServer\AstrumServer.csproj]
D:\Develop\Projects\Astrum\AstrumServer\AstrumServer\obj\Debug\net9.0\MemoryPack.Generator\MemoryPack.Generator.MemoryPackGenerator\Astrum.Generated.CreateRoomResponse.MemoryPackFormatter.g.cs(131,79): warning CS0436: “D:\Develop\Projects\Astrum\AstrumServer\AstrumServer\Generated\networkcommon_C_1000.cs”中的类型“CreateRoomResponse”与“Generated, Version=0.0.0.0, Culture=neutral, PublicKeyToken=null”中的导入类型“CreateRoomResponse”冲突。请使用“D:\Develop\Projects\Astrum\AstrumServer\AstrumServer\Generated\networkcommon_C_1000.cs”中定义的类型。 [D:\Develop\Projects\Astrum\AstrumServer\AstrumServer\AstrumServer.csproj]
D:\Develop\Projects\Astrum\AstrumServer\AstrumServer\obj\Debug\net9.0\MemoryPack.Generator\MemoryPack.Generator.MemoryPackGenerator\Astrum.Generated.CreateRoomResponse.MemoryPackFormatter.g.cs(183,21): warning CS0436: “D:\Develop\Projects\Astrum\AstrumServer\AstrumServer\Generated\networkcommon_C_1000.cs”中的类型“CreateRoomResponse”与“Generated, Version=0.0.0.0, Culture=neutral, PublicKeyToken=null”中的导入类型“CreateRoomResponse”冲突。请使用“D:\Develop\Projects\Astrum\AstrumServer\AstrumServer\Generated\networkcommon_C_1000.cs”中定义的类型。 [D:\Develop\Projects\Astrum\AstrumServer\AstrumServer\AstrumServer.csproj]
D:\Develop\Projects\Astrum\AstrumServer\AstrumServer\Generated\networkcommon_C_1000.cs(451,23): warning CS8618: 在退出构造函数时，不可为 null 的 属性 "Message" 必须包含非 null 值。请考虑添加 "required" 修饰符或将该 属性 声明为可为 null。 [D:\Develop\Projects\Astrum\AstrumServer\AstrumServer\AstrumServer.csproj]
D:\Develop\Projects\Astrum\AstrumServer\AstrumServer\Generated\networkcommon_C_1000.cs(457,25): warning CS8618: 在退出构造函数时，不可为 null 的 属性 "Room" 必须包含非 null 值。请考虑添加 "required" 修饰符或将该 属性 声明为可为 null。 [D:\Develop\Projects\Astrum\AstrumServer\AstrumServer\AstrumServer.csproj]
D:\Develop\Projects\Astrum\AstrumServer\AstrumServer\obj\Debug\net9.0\MemoryPack.Generator\MemoryPack.Generator.MemoryPackGenerator\Astrum.Generated.CancelMatchRequest.MemoryPackFormatter.g.cs(49,74): warning CS0436: “D:\Develop\Projects\Astrum\AstrumServer\AstrumServer\Generated\networkcommon_C_1000.cs”中的类型“CancelMatchRequest”与“Generated, Version=0.0.0.0, Culture=neutral, PublicKeyToken=null”中的导入类型“CancelMatchRequest”冲突。请使用“D:\Develop\Projects\Astrum\AstrumServer\AstrumServer\Generated\networkcommon_C_1000.cs”中定义的类型。 [D:\Develop\Projects\Astrum\AstrumServer\AstrumServer\AstrumServer.csproj]
D:\Develop\Projects\Astrum\AstrumServer\AstrumServer\obj\Debug\net9.0\MemoryPack.Generator\MemoryPack.Generator.MemoryPackGenerator\Astrum.Generated.CancelMatchRequest.MemoryPackFormatter.g.cs(51,127): warning CS0436: “D:\Develop\Projects\Astrum\AstrumServer\AstrumServer\Generated\networkcommon_C_1000.cs”中的类型“CancelMatchRequest”与“Generated, Version=0.0.0.0, Culture=neutral, PublicKeyToken=null”中的导入类型“CancelMatchRequest”冲突。请使用“D:\Develop\Projects\Astrum\AstrumServer\AstrumServer\Generated\networkcommon_C_1000.cs”中定义的类型。 [D:\Develop\Projects\Astrum\AstrumServer\AstrumServer\AstrumServer.csproj]
D:\Develop\Projects\Astrum\AstrumServer\AstrumServer\obj\Debug\net9.0\MemoryPack.Generator\MemoryPack.Generator.MemoryPackGenerator\Astrum.Generated.CancelMatchRequest.MemoryPackFormatter.g.cs(53,74): warning CS0436: “D:\Develop\Projects\Astrum\AstrumServer\AstrumServer\Generated\networkcommon_C_1000.cs”中的类型“CancelMatchRequest”与“Generated, Version=0.0.0.0, Culture=neutral, PublicKeyToken=null”中的导入类型“CancelMatchRequest”冲突。请使用“D:\Develop\Projects\Astrum\AstrumServer\AstrumServer\Generated\networkcommon_C_1000.cs”中定义的类型。 [D:\Develop\Projects\Astrum\AstrumServer\AstrumServer\AstrumServer.csproj]
D:\Develop\Projects\Astrum\AstrumServer\AstrumServer\obj\Debug\net9.0\MemoryPack.Generator\MemoryPack.Generator.MemoryPackGenerator\Astrum.Generated.CancelMatchRequest.MemoryPackFormatter.g.cs(55,118): warning CS0436: “D:\Develop\Projects\Astrum\AstrumServer\AstrumServer\Generated\networkcommon_C_1000.cs”中的类型“CancelMatchRequest”与“Generated, Version=0.0.0.0, Culture=neutral, PublicKeyToken=null”中的导入类型“CancelMatchRequest”冲突。请使用“D:\Develop\Projects\Astrum\AstrumServer\AstrumServer\Generated\networkcommon_C_1000.cs”中定义的类型。 [D:\Develop\Projects\Astrum\AstrumServer\AstrumServer\AstrumServer.csproj]
D:\Develop\Projects\Astrum\AstrumServer\AstrumServer\obj\Debug\net9.0\MemoryPack.Generator\MemoryPack.Generator.MemoryPackGenerator\Astrum.Generated.QuickMatchRequest.MemoryPackFormatter.g.cs(116,79): warning CS0436: “D:\Develop\Projects\Astrum\AstrumServer\AstrumServer\Generated\networkcommon_C_1000.cs”中的类型“QuickMatchRequest”与“Generated, Version=0.0.0.0, Culture=neutral, PublicKeyToken=null”中的导入类型“QuickMatchRequest”冲突。请使用“D:\Develop\Projects\Astrum\AstrumServer\AstrumServer\Generated\networkcommon_C_1000.cs”中定义的类型。 [D:\Develop\Projects\Astrum\AstrumServer\AstrumServer\AstrumServer.csproj]
D:\Develop\Projects\Astrum\AstrumServer\AstrumServer\obj\Debug\net9.0\MemoryPack.Generator\MemoryPack.Generator.MemoryPackGenerator\Astrum.Generated.QuickMatchRequest.MemoryPackFormatter.g.cs(156,21): warning CS0436: “D:\Develop\Projects\Astrum\AstrumServer\AstrumServer\Generated\networkcommon_C_1000.cs”中的类型“QuickMatchRequest”与“Generated, Version=0.0.0.0, Culture=neutral, PublicKeyToken=null”中的导入类型“QuickMatchRequest”冲突。请使用“D:\Develop\Projects\Astrum\AstrumServer\AstrumServer\Generated\networkcommon_C_1000.cs”中定义的类型。 [D:\Develop\Projects\Astrum\AstrumServer\AstrumServer\AstrumServer.csproj]
D:\Develop\Projects\Astrum\AstrumServer\AstrumServer\Core\GameServer.cs(537,36): warning CS0436: “D:\Develop\Projects\Astrum\AstrumServer\AstrumServer\Generated\networkcommon_C_1000.cs”中的类型“RoomUpdateNotification”与“Generated, Version=0.0.0.0, Culture=neutral, PublicKeyToken=null”中的导入类型“RoomUpdateNotification”冲突。请使用“D:\Develop\Projects\Astrum\AstrumServer\AstrumServer\Generated\networkcommon_C_1000.cs”中定义的类型。 [D:\Develop\Projects\Astrum\AstrumServer\AstrumServer\AstrumServer.csproj]
D:\Develop\Projects\Astrum\AstrumServer\AstrumServer\obj\Debug\net9.0\MemoryPack.Generator\MemoryPack.Generator.MemoryPackGenerator\Astrum.Generated.LoginResponse.MemoryPackFormatter.g.cs(95,34): warning CS0436: “D:\Develop\Projects\Astrum\AstrumServer\AstrumServer\Generated\networkcommon_C_1000.cs”中的类型“UserInfo”与“Generated, Version=0.0.0.0, Culture=neutral, PublicKeyToken=null”中的导入类型“UserInfo”冲突。请使用“D:\Develop\Projects\Astrum\AstrumServer\AstrumServer\Generated\networkcommon_C_1000.cs”中定义的类型。 [D:\Develop\Projects\Astrum\AstrumServer\AstrumServer\AstrumServer.csproj]
D:\Develop\Projects\Astrum\AstrumServer\AstrumServer\obj\Debug\net9.0\MemoryPack.Generator\MemoryPack.Generator.MemoryPackGenerator\Astrum.Generated.LoginResponse.MemoryPackFormatter.g.cs(105,71): warning CS0436: “D:\Develop\Projects\Astrum\AstrumServer\AstrumServer\Generated\networkcommon_C_1000.cs”中的类型“UserInfo”与“Generated, Version=0.0.0.0, Culture=neutral, PublicKeyToken=null”中的导入类型“UserInfo”冲突。请使用“D:\Develop\Projects\Astrum\AstrumServer\AstrumServer\Generated\networkcommon_C_1000.cs”中定义的类型。 [D:\Develop\Projects\Astrum\AstrumServer\AstrumServer\AstrumServer.csproj]
D:\Develop\Projects\Astrum\AstrumServer\AstrumServer\obj\Debug\net9.0\MemoryPack.Generator\MemoryPack.Generator.MemoryPackGenerator\Astrum.Generated.LoginResponse.MemoryPackFormatter.g.cs(131,79): warning CS0436: “D:\Develop\Projects\Astrum\AstrumServer\AstrumServer\Generated\networkcommon_C_1000.cs”中的类型“LoginResponse”与“Generated, Version=0.0.0.0, Culture=neutral, PublicKeyToken=null”中的导入类型“LoginResponse”冲突。请使用“D:\Develop\Projects\Astrum\AstrumServer\AstrumServer\Generated\networkcommon_C_1000.cs”中定义的类型。 [D:\Develop\Projects\Astrum\AstrumServer\AstrumServer\AstrumServer.csproj]
D:\Develop\Projects\Astrum\AstrumServer\AstrumServer\obj\Debug\net9.0\MemoryPack.Generator\MemoryPack.Generator.MemoryPackGenerator\Astrum.Generated.LoginResponse.MemoryPackFormatter.g.cs(183,21): warning CS0436: “D:\Develop\Projects\Astrum\AstrumServer\AstrumServer\Generated\networkcommon_C_1000.cs”中的类型“LoginResponse”与“Generated, Version=0.0.0.0, Culture=neutral, PublicKeyToken=null”中的导入类型“LoginResponse”冲突。请使用“D:\Develop\Projects\Astrum\AstrumServer\AstrumServer\Generated\networkcommon_C_1000.cs”中定义的类型。 [D:\Develop\Projects\Astrum\AstrumServer\AstrumServer\AstrumServer.csproj]
D:\Develop\Projects\Astrum\AstrumServer\AstrumServer\Generated\networkcommon_C_1000.cs(601,23): warning CS8618: 在退出构造函数时，不可为 null 的 属性 "Message" 必须包含非 null 值。请考虑添加 "required" 修饰符或将该 属性 声明为可为 null。 [D:\Develop\Projects\Astrum\AstrumServer\AstrumServer\AstrumServer.csproj]
D:\Develop\Projects\Astrum\AstrumServer\AstrumServer\Generated\networkcommon_C_1000.cs(607,25): warning CS8618: 在退出构造函数时，不可为 null 的 属性 "User" 必须包含非 null 值。请考虑添加 "required" 修饰符或将该 属性 声明为可为 null。 [D:\Develop\Projects\Astrum\AstrumServer\AstrumServer\AstrumServer.csproj]
D:\Develop\Projects\Astrum\AstrumServer\AstrumServer\obj\Debug\net9.0\MemoryPack.Generator\MemoryPack.Generator.MemoryPackGenerator\Astrum.Generated.GetRoomListResponse.MemoryPackFormatter.g.cs(99,74): warning CS0436: “D:\Develop\Projects\Astrum\AstrumServer\AstrumServer\Generated\networkcommon_C_1000.cs”中的类型“RoomInfo”与“Generated, Version=0.0.0.0, Culture=neutral, PublicKeyToken=null”中的导入类型“RoomInfo”冲突。请使用“D:\Develop\Projects\Astrum\AstrumServer\AstrumServer\Generated\networkcommon_C_1000.cs”中定义的类型。 [D:\Develop\Projects\Astrum\AstrumServer\AstrumServer\AstrumServer.csproj]
D:\Develop\Projects\Astrum\AstrumServer\AstrumServer\obj\Debug\net9.0\MemoryPack.Generator\MemoryPack.Generator.MemoryPackGenerator\Astrum.Generated.GetRoomListResponse.MemoryPackFormatter.g.cs(109,116): warning CS0436: “D:\Develop\Projects\Astrum\AstrumServer\AstrumServer\Generated\networkcommon_C_1000.cs”中的类型“RoomInfo”与“Generated, Version=0.0.0.0, Culture=neutral, PublicKeyToken=null”中的导入类型“RoomInfo”冲突。请使用“D:\Develop\Projects\Astrum\AstrumServer\AstrumServer\Generated\networkcommon_C_1000.cs”中定义的类型。 [D:\Develop\Projects\Astrum\AstrumServer\AstrumServer\AstrumServer.csproj]
D:\Develop\Projects\Astrum\AstrumServer\AstrumServer\obj\Debug\net9.0\MemoryPack.Generator\MemoryPack.Generator.MemoryPackGenerator\Astrum.Generated.GetRoomListResponse.MemoryPackFormatter.g.cs(135,79): warning CS0436: “D:\Develop\Projects\Astrum\AstrumServer\AstrumServer\Generated\networkcommon_C_1000.cs”中的类型“GetRoomListResponse”与“Generated, Version=0.0.0.0, Culture=neutral, PublicKeyToken=null”中的导入类型“GetRoomListResponse”冲突。请使用“D:\Develop\Projects\Astrum\AstrumServer\AstrumServer\Generated\networkcommon_C_1000.cs”中定义的类型。 [D:\Develop\Projects\Astrum\AstrumServer\AstrumServer\AstrumServer.csproj]
D:\Develop\Projects\Astrum\AstrumServer\AstrumServer\obj\Debug\net9.0\MemoryPack.Generator\MemoryPack.Generator.MemoryPackGenerator\Astrum.Generated.GetRoomListResponse.MemoryPackFormatter.g.cs(187,21): warning CS0436: “D:\Develop\Projects\Astrum\AstrumServer\AstrumServer\Generated\networkcommon_C_1000.cs”中的类型“GetRoomListResponse”与“Generated, Version=0.0.0.0, Culture=neutral, PublicKeyToken=null”中的导入类型“GetRoomListResponse”冲突。请使用“D:\Develop\Projects\Astrum\AstrumServer\AstrumServer\Generated\networkcommon_C_1000.cs”中定义的类型。 [D:\Develop\Projects\Astrum\AstrumServer\AstrumServer\AstrumServer.csproj]
D:\Develop\Projects\Astrum\AstrumServer\AstrumServer\Generated\networkcommon_C_1000.cs(351,23): warning CS8618: 在退出构造函数时，不可为 null 的 属性 "Message" 必须包含非 null 值。请考虑添加 "required" 修饰符或将该 属性 声明为可为 null。 [D:\Develop\Projects\Astrum\AstrumServer\AstrumServer\AstrumServer.csproj]
D:\Develop\Projects\Astrum\AstrumServer\AstrumServer\obj\Debug\net9.0\MemoryPack.Generator\MemoryPack.Generator.MemoryPackGenerator\Astrum.Generated.JoinRoomResponse.MemoryPackFormatter.g.cs(95,34): warning CS0436: “D:\Develop\Projects\Astrum\AstrumServer\AstrumServer\Generated\networkcommon_C_1000.cs”中的类型“RoomInfo”与“Generated, Version=0.0.0.0, Culture=neutral, PublicKeyToken=null”中的导入类型“RoomInfo”冲突。请使用“D:\Develop\Projects\Astrum\AstrumServer\AstrumServer\Generated\networkcommon_C_1000.cs”中定义的类型。 [D:\Develop\Projects\Astrum\AstrumServer\AstrumServer\AstrumServer.csproj]
D:\Develop\Projects\Astrum\AstrumServer\AstrumServer\obj\Debug\net9.0\MemoryPack.Generator\MemoryPack.Generator.MemoryPackGenerator\Astrum.Generated.JoinRoomResponse.MemoryPackFormatter.g.cs(105,71): warning CS0436: “D:\Develop\Projects\Astrum\AstrumServer\AstrumServer\Generated\networkcommon_C_1000.cs”中的类型“RoomInfo”与“Generated, Version=0.0.0.0, Culture=neutral, PublicKeyToken=null”中的导入类型“RoomInfo”冲突。请使用“D:\Develop\Projects\Astrum\AstrumServer\AstrumServer\Generated\networkcommon_C_1000.cs”中定义的类型。 [D:\Develop\Projects\Astrum\AstrumServer\AstrumServer\AstrumServer.csproj]
D:\Develop\Projects\Astrum\AstrumServer\AstrumServer\obj\Debug\net9.0\MemoryPack.Generator\MemoryPack.Generator.MemoryPackGenerator\Astrum.Generated.JoinRoomResponse.MemoryPackFormatter.g.cs(131,79): warning CS0436: “D:\Develop\Projects\Astrum\AstrumServer\AstrumServer\Generated\networkcommon_C_1000.cs”中的类型“JoinRoomResponse”与“Generated, Version=0.0.0.0, Culture=neutral, PublicKeyToken=null”中的导入类型“JoinRoomResponse”冲突。请使用“D:\Develop\Projects\Astrum\AstrumServer\AstrumServer\Generated\networkcommon_C_1000.cs”中定义的类型。 [D:\Develop\Projects\Astrum\AstrumServer\AstrumServer\AstrumServer.csproj]
D:\Develop\Projects\Astrum\AstrumServer\AstrumServer\obj\Debug\net9.0\MemoryPack.Generator\MemoryPack.Generator.MemoryPackGenerator\Astrum.Generated.JoinRoomResponse.MemoryPackFormatter.g.cs(183,21): warning CS0436: “D:\Develop\Projects\Astrum\AstrumServer\AstrumServer\Generated\networkcommon_C_1000.cs”中的类型“JoinRoomResponse”与“Generated, Version=0.0.0.0, Culture=neutral, PublicKeyToken=null”中的导入类型“JoinRoomResponse”冲突。请使用“D:\Develop\Projects\Astrum\AstrumServer\AstrumServer\Generated\networkcommon_C_1000.cs”中定义的类型。 [D:\Develop\Projects\Astrum\AstrumServer\AstrumServer\AstrumServer.csproj]
D:\Develop\Projects\Astrum\AstrumServer\AstrumServer\Generated\networkcommon_C_1000.cs(501,23): warning CS8618: 在退出构造函数时，不可为 null 的 属性 "Message" 必须包含非 null 值。请考虑添加 "required" 修饰符或将该 属性 声明为可为 null。 [D:\Develop\Projects\Astrum\AstrumServer\AstrumServer\AstrumServer.csproj]
D:\Develop\Projects\Astrum\AstrumServer\AstrumServer\Generated\networkcommon_C_1000.cs(507,25): warning CS8618: 在退出构造函数时，不可为 null 的 属性 "Room" 必须包含非 null 值。请考虑添加 "required" 修饰符或将该 属性 声明为可为 null。 [D:\Develop\Projects\Astrum\AstrumServer\AstrumServer\AstrumServer.csproj]
D:\Develop\Projects\Astrum\AstrumServer\AstrumServer\obj\Debug\net9.0\MemoryPack.Generator\MemoryPack.Generator.MemoryPackGenerator\Astrum.Generated.HeartbeatMessage.MemoryPackFormatter.g.cs(121,79): warning CS0436: “D:\Develop\Projects\Astrum\AstrumServer\AstrumServer\Generated\networkcommon_C_1000.cs”中的类型“HeartbeatMessage”与“Generated, Version=0.0.0.0, Culture=neutral, PublicKeyToken=null”中的导入类型“HeartbeatMessage”冲突。请使用“D:\Develop\Projects\Astrum\AstrumServer\AstrumServer\Generated\networkcommon_C_1000.cs”中定义的类型。 [D:\Develop\Projects\Astrum\AstrumServer\AstrumServer\AstrumServer.csproj]
D:\Develop\Projects\Astrum\AstrumServer\AstrumServer\obj\Debug\net9.0\MemoryPack.Generator\MemoryPack.Generator.MemoryPackGenerator\Astrum.Generated.HeartbeatMessage.MemoryPackFormatter.g.cs(165,21): warning CS0436: “D:\Develop\Projects\Astrum\AstrumServer\AstrumServer\Generated\networkcommon_C_1000.cs”中的类型“HeartbeatMessage”与“Generated, Version=0.0.0.0, Culture=neutral, PublicKeyToken=null”中的导入类型“HeartbeatMessage”冲突。请使用“D:\Develop\Projects\Astrum\AstrumServer\AstrumServer\Generated\networkcommon_C_1000.cs”中定义的类型。 [D:\Develop\Projects\Astrum\AstrumServer\AstrumServer\AstrumServer.csproj]
D:\Develop\Projects\Astrum\AstrumServer\AstrumServer\Generated\networkcommon_C_1000.cs(645,23): warning CS8618: 在退出构造函数时，不可为 null 的 属性 "ClientId" 必须包含非 null 值。请考虑添加 "required" 修饰符或将该 属性 声明为可为 null。 [D:\Develop\Projects\Astrum\AstrumServer\AstrumServer\AstrumServer.csproj]
D:\Develop\Projects\Astrum\AstrumServer\AstrumServer\obj\Debug\net9.0\MemoryPack.Generator\MemoryPack.Generator.MemoryPackGenerator\Astrum.Generated.G2C_Ping.MemoryPackFormatter.g.cs(116,79): warning CS0436: “D:\Develop\Projects\Astrum\AstrumServer\AstrumServer\Generated\networkcommon_C_1000.cs”中的类型“G2C_Ping”与“Generated, Version=0.0.0.0, Culture=neutral, PublicKeyToken=null”中的导入类型“G2C_Ping”冲突。请使用“D:\Develop\Projects\Astrum\AstrumServer\AstrumServer\Generated\networkcommon_C_1000.cs”中定义的类型。 [D:\Develop\Projects\Astrum\AstrumServer\AstrumServer\AstrumServer.csproj]
D:\Develop\Projects\Astrum\AstrumServer\AstrumServer\obj\Debug\net9.0\MemoryPack.Generator\MemoryPack.Generator.MemoryPackGenerator\Astrum.Generated.G2C_Ping.MemoryPackFormatter.g.cs(156,21): warning CS0436: “D:\Develop\Projects\Astrum\AstrumServer\AstrumServer\Generated\networkcommon_C_1000.cs”中的类型“G2C_Ping”与“Generated, Version=0.0.0.0, Culture=neutral, PublicKeyToken=null”中的导入类型“G2C_Ping”冲突。请使用“D:\Develop\Projects\Astrum\AstrumServer\AstrumServer\Generated\networkcommon_C_1000.cs”中定义的类型。 [D:\Develop\Projects\Astrum\AstrumServer\AstrumServer\AstrumServer.csproj]
D:\Develop\Projects\Astrum\AstrumServer\AstrumServer\Core\GameServer.cs(564,28): warning CS0436: “D:\Develop\Projects\Astrum\AstrumServer\AstrumServer\Generated\networkcommon_C_1000.cs”中的类型“CreateRoomResponse”与“Generated, Version=0.0.0.0, Culture=neutral, PublicKeyToken=null”中的导入类型“CreateRoomResponse”冲突。请使用“D:\Develop\Projects\Astrum\AstrumServer\AstrumServer\Generated\networkcommon_C_1000.cs”中定义的类型。 [D:\Develop\Projects\Astrum\AstrumServer\AstrumServer\AstrumServer.csproj]
D:\Develop\Projects\Astrum\AstrumServer\AstrumServer\Core\GameServer.cs(567,29): warning CS8601: 可能的 null 引用赋值。 [D:\Develop\Projects\Astrum\AstrumServer\AstrumServer\AstrumServer.csproj]
D:\Develop\Projects\Astrum\AstrumServer\AstrumServer\Core\GameServer.cs(575,28): warning CS0436: “D:\Develop\Projects\Astrum\AstrumServer\AstrumServer\Generated\networkcommon_C_1000.cs”中的类型“JoinRoomResponse”与“Generated, Version=0.0.0.0, Culture=neutral, PublicKeyToken=null”中的导入类型“JoinRoomResponse”冲突。请使用“D:\Develop\Projects\Astrum\AstrumServer\AstrumServer\Generated\networkcommon_C_1000.cs”中定义的类型。 [D:\Develop\Projects\Astrum\AstrumServer\AstrumServer\AstrumServer.csproj]
D:\Develop\Projects\Astrum\AstrumServer\AstrumServer\Core\GameServer.cs(578,29): warning CS8601: 可能的 null 引用赋值。 [D:\Develop\Projects\Astrum\AstrumServer\AstrumServer\AstrumServer.csproj]
D:\Develop\Projects\Astrum\AstrumServer\AstrumServer\Core\GameServer.cs(586,28): warning CS0436: “D:\Develop\Projects\Astrum\AstrumServer\AstrumServer\Generated\networkcommon_C_1000.cs”中的类型“LeaveRoomResponse”与“Generated, Version=0.0.0.0, Culture=neutral, PublicKeyToken=null”中的导入类型“LeaveRoomResponse”冲突。请使用“D:\Develop\Projects\Astrum\AstrumServer\AstrumServer\Generated\networkcommon_C_1000.cs”中定义的类型。 [D:\Develop\Projects\Astrum\AstrumServer\AstrumServer\AstrumServer.csproj]
D:\Develop\Projects\Astrum\AstrumServer\AstrumServer\obj\Debug\net9.0\MemoryPack.Generator\MemoryPack.Generator.MemoryPackGenerator\Astrum.Generated.RoomInfo.MemoryPackFormatter.g.cs(169,79): warning CS0436: “D:\Develop\Projects\Astrum\AstrumServer\AstrumServer\Generated\networkcommon_C_1000.cs”中的类型“RoomInfo”与“Generated, Version=0.0.0.0, Culture=neutral, PublicKeyToken=null”中的导入类型“RoomInfo”冲突。请使用“D:\Develop\Projects\Astrum\AstrumServer\AstrumServer\Generated\networkcommon_C_1000.cs”中定义的类型。 [D:\Develop\Projects\Astrum\AstrumServer\AstrumServer\AstrumServer.csproj]
D:\Develop\Projects\Astrum\AstrumServer\AstrumServer\obj\Debug\net9.0\MemoryPack.Generator\MemoryPack.Generator.MemoryPackGenerator\Astrum.Generated.RoomInfo.MemoryPackFormatter.g.cs(249,21): warning CS0436: “D:\Develop\Projects\Astrum\AstrumServer\AstrumServer\Generated\networkcommon_C_1000.cs”中的类型“RoomInfo”与“Generated, Version=0.0.0.0, Culture=neutral, PublicKeyToken=null”中的导入类型“RoomInfo”冲突。请使用“D:\Develop\Projects\Astrum\AstrumServer\AstrumServer\Generated\networkcommon_C_1000.cs”中定义的类型。 [D:\Develop\Projects\Astrum\AstrumServer\AstrumServer\AstrumServer.csproj]
D:\Develop\Projects\Astrum\AstrumServer\AstrumServer\Generated\networkcommon_C_1000.cs(73,23): warning CS8618: 在退出构造函数时，不可为 null 的 属性 "Id" 必须包含非 null 值。请考虑添加 "required" 修饰符或将该 属性 声明为可为 null。 [D:\Develop\Projects\Astrum\AstrumServer\AstrumServer\AstrumServer.csproj]
D:\Develop\Projects\Astrum\AstrumServer\AstrumServer\Generated\networkcommon_C_1000.cs(79,23): warning CS8618: 在退出构造函数时，不可为 null 的 属性 "Name" 必须包含非 null 值。请考虑添加 "required" 修饰符或将该 属性 声明为可为 null。 [D:\Develop\Projects\Astrum\AstrumServer\AstrumServer\AstrumServer.csproj]
D:\Develop\Projects\Astrum\AstrumServer\AstrumServer\Generated\networkcommon_C_1000.cs(85,23): warning CS8618: 在退出构造函数时，不可为 null 的 属性 "CreatorName" 必须包含非 null 值。请考虑添加 "required" 修饰符或将该 属性 声明为可为 null。 [D:\Develop\Projects\Astrum\AstrumServer\AstrumServer\AstrumServer.csproj]
D:\Develop\Projects\Astrum\AstrumServer\AstrumServer\Core\GameServer.cs(597,28): warning CS0436: “D:\Develop\Projects\Astrum\AstrumServer\AstrumServer\Generated\networkcommon_C_1000.cs”中的类型“GetRoomListResponse”与“Generated, Version=0.0.0.0, Culture=neutral, PublicKeyToken=null”中的导入类型“GetRoomListResponse”冲突。请使用“D:\Develop\Projects\Astrum\AstrumServer\AstrumServer\Generated\networkcommon_C_1000.cs”中定义的类型。 [D:\Develop\Projects\Astrum\AstrumServer\AstrumServer\AstrumServer.csproj]
D:\Develop\Projects\Astrum\AstrumServer\AstrumServer\obj\Debug\net9.0\MemoryPack.Generator\MemoryPack.Generator.MemoryPackGenerator\Astrum.Generated.CancelMatchRequest.MemoryPackFormatter.g.cs(116,79): warning CS0436: “D:\Develop\Projects\Astrum\AstrumServer\AstrumServer\Generated\networkcommon_C_1000.cs”中的类型“CancelMatchRequest”与“Generated, Version=0.0.0.0, Culture=neutral, PublicKeyToken=null”中的导入类型“CancelMatchRequest”冲突。请使用“D:\Develop\Projects\Astrum\AstrumServer\AstrumServer\Generated\networkcommon_C_1000.cs”中定义的类型。 [D:\Develop\Projects\Astrum\AstrumServer\AstrumServer\AstrumServer.csproj]
D:\Develop\Projects\Astrum\AstrumServer\AstrumServer\obj\Debug\net9.0\MemoryPack.Generator\MemoryPack.Generator.MemoryPackGenerator\Astrum.Generated.CancelMatchRequest.MemoryPackFormatter.g.cs(156,21): warning CS0436: “D:\Develop\Projects\Astrum\AstrumServer\AstrumServer\Generated\networkcommon_C_1000.cs”中的类型“CancelMatchRequest”与“Generated, Version=0.0.0.0, Culture=neutral, PublicKeyToken=null”中的导入类型“CancelMatchRequest”冲突。请使用“D:\Develop\Projects\Astrum\AstrumServer\AstrumServer\Generated\networkcommon_C_1000.cs”中定义的类型。 [D:\Develop\Projects\Astrum\AstrumServer\AstrumServer\AstrumServer.csproj]
D:\Develop\Projects\Astrum\AstrumServer\AstrumServer\obj\Debug\net9.0\MemoryPack.Generator\MemoryPack.Generator.MemoryPackGenerator\Astrum.Generated.QuickMatchResponse.MemoryPackFormatter.g.cs(133,79): warning CS0436: “D:\Develop\Projects\Astrum\AstrumServer\AstrumServer\Generated\networkcommon_C_1000.cs”中的类型“QuickMatchResponse”与“Generated, Version=0.0.0.0, Culture=neutral, PublicKeyToken=null”中的导入类型“QuickMatchResponse”冲突。请使用“D:\Develop\Projects\Astrum\AstrumServer\AstrumServer\Generated\networkcommon_C_1000.cs”中定义的类型。 [D:\Develop\Projects\Astrum\AstrumServer\AstrumServer\AstrumServer.csproj]
D:\Develop\Projects\Astrum\AstrumServer\AstrumServer\obj\Debug\net9.0\MemoryPack.Generator\MemoryPack.Generator.MemoryPackGenerator\Astrum.Generated.QuickMatchResponse.MemoryPackFormatter.g.cs(189,21): warning CS0436: “D:\Develop\Projects\Astrum\AstrumServer\AstrumServer\Generated\networkcommon_C_1000.cs”中的类型“QuickMatchResponse”与“Generated, Version=0.0.0.0, Culture=neutral, PublicKeyToken=null”中的导入类型“QuickMatchResponse”冲突。请使用“D:\Develop\Projects\Astrum\AstrumServer\AstrumServer\Generated\networkcommon_C_1000.cs”中定义的类型。 [D:\Develop\Projects\Astrum\AstrumServer\AstrumServer\AstrumServer.csproj]
D:\Develop\Projects\Astrum\AstrumServer\AstrumServer\Generated\networkcommon_C_1000.cs(811,23): warning CS8618: 在退出构造函数时，不可为 null 的 属性 "Message" 必须包含非 null 值。请考虑添加 "required" 修饰符或将该 属性 声明为可为 null。 [D:\Develop\Projects\Astrum\AstrumServer\AstrumServer\AstrumServer.csproj]
D:\Develop\Projects\Astrum\AstrumServer\AstrumServer\Core\GameServer.cs(608,28): warning CS0436: “D:\Develop\Projects\Astrum\AstrumServer\AstrumServer\Generated\game_S_3000.cs”中的类型“GameResponse”与“Generated, Version=0.0.0.0, Culture=neutral, PublicKeyToken=null”中的导入类型“GameResponse”冲突。请使用“D:\Develop\Projects\Astrum\AstrumServer\AstrumServer\Generated\game_S_3000.cs”中定义的类型。 [D:\Develop\Projects\Astrum\AstrumServer\AstrumServer\AstrumServer.csproj]
D:\Develop\Projects\Astrum\AstrumServer\AstrumServer\Managers\FrameSyncManager.cs(509,17): warning CS0436: “D:\Develop\Projects\Astrum\AstrumServer\AstrumServer\Generated\gamemessages_C_2000.cs”中的类型“LSInput”与“Generated, Version=0.0.0.0, Culture=neutral, PublicKeyToken=null”中的导入类型“LSInput”冲突。请使用“D:\Develop\Projects\Astrum\AstrumServer\AstrumServer\Generated\gamemessages_C_2000.cs”中定义的类型。 [D:\Develop\Projects\Astrum\AstrumServer\AstrumServer\AstrumServer.csproj]
D:\Develop\Projects\Astrum\AstrumServer\AstrumServer\Core\GameServer.cs(621,34): warning CS0436: “D:\Develop\Projects\Astrum\AstrumServer\AstrumServer\Generated\gamemessages_C_2000.cs”中的类型“GameConfig”与“Generated, Version=0.0.0.0, Culture=neutral, PublicKeyToken=null”中的导入类型“GameConfig”冲突。请使用“D:\Develop\Projects\Astrum\AstrumServer\AstrumServer\Generated\gamemessages_C_2000.cs”中定义的类型。 [D:\Develop\Projects\Astrum\AstrumServer\AstrumServer\AstrumServer.csproj]
D:\Develop\Projects\Astrum\AstrumServer\AstrumServer\Core\GameServer.cs(629,33): warning CS0436: “D:\Develop\Projects\Astrum\AstrumServer\AstrumServer\Generated\gamemessages_C_2000.cs”中的类型“GameRoomState”与“Generated, Version=0.0.0.0, Culture=neutral, PublicKeyToken=null”中的导入类型“GameRoomState”冲突。请使用“D:\Develop\Projects\Astrum\AstrumServer\AstrumServer\Generated\gamemessages_C_2000.cs”中定义的类型。 [D:\Develop\Projects\Astrum\AstrumServer\AstrumServer\AstrumServer.csproj]
D:\Develop\Projects\Astrum\AstrumServer\AstrumServer\Core\GameServer.cs(637,36): warning CS0436: “D:\Develop\Projects\Astrum\AstrumServer\AstrumServer\Generated\gamemessages_C_2000.cs”中的类型“GameStartNotification”与“Generated, Version=0.0.0.0, Culture=neutral, PublicKeyToken=null”中的导入类型“GameStartNotification”冲突。请使用“D:\Develop\Projects\Astrum\AstrumServer\AstrumServer\Generated\gamemessages_C_2000.cs”中定义的类型。 [D:\Develop\Projects\Astrum\AstrumServer\AstrumServer\AstrumServer.csproj]
D:\Develop\Projects\Astrum\AstrumServer\AstrumServer\Core\GameServer.cs(798,34): warning CS0436: “D:\Develop\Projects\Astrum\AstrumServer\AstrumServer\Generated\gamemessages_C_2000.cs”中的类型“GameResult”与“Generated, Version=0.0.0.0, Culture=neutral, PublicKeyToken=null”中的导入类型“GameResult”冲突。请使用“D:\Develop\Projects\Astrum\AstrumServer\AstrumServer\Generated\gamemessages_C_2000.cs”中定义的类型。 [D:\Develop\Projects\Astrum\AstrumServer\AstrumServer\AstrumServer.csproj]
D:\Develop\Projects\Astrum\AstrumServer\AstrumServer\Core\GameServer.cs(805,40): warning CS0436: “D:\Develop\Projects\Astrum\AstrumServer\AstrumServer\Generated\gamemessages_C_2000.cs”中的类型“PlayerResult”与“Generated, Version=0.0.0.0, Culture=neutral, PublicKeyToken=null”中的导入类型“PlayerResult”冲突。请使用“D:\Develop\Projects\Astrum\AstrumServer\AstrumServer\Generated\gamemessages_C_2000.cs”中定义的类型。 [D:\Develop\Projects\Astrum\AstrumServer\AstrumServer\AstrumServer.csproj]
D:\Develop\Projects\Astrum\AstrumServer\AstrumServer\Core\GameServer.cs(814,36): warning CS0436: “D:\Develop\Projects\Astrum\AstrumServer\AstrumServer\Generated\gamemessages_C_2000.cs”中的类型“GameEndNotification”与“Generated, Version=0.0.0.0, Culture=neutral, PublicKeyToken=null”中的导入类型“GameEndNotification”冲突。请使用“D:\Develop\Projects\Astrum\AstrumServer\AstrumServer\Generated\gamemessages_C_2000.cs”中定义的类型。 [D:\Develop\Projects\Astrum\AstrumServer\AstrumServer\AstrumServer.csproj]
D:\Develop\Projects\Astrum\AstrumServer\AstrumServer\Core\GameServer.cs(956,32): warning CS0436: “D:\Develop\Projects\Astrum\AstrumServer\AstrumServer\Generated\networkcommon_C_1000.cs”中的类型“QuickMatchResponse”与“Generated, Version=0.0.0.0, Culture=neutral, PublicKeyToken=null”中的导入类型“QuickMatchResponse”冲突。请使用“D:\Develop\Projects\Astrum\AstrumServer\AstrumServer\Generated\networkcommon_C_1000.cs”中定义的类型。 [D:\Develop\Projects\Astrum\AstrumServer\AstrumServer\AstrumServer.csproj]
D:\Develop\Projects\Astrum\AstrumServer\AstrumServer\Core\GameServer.cs(1017,32): warning CS0436: “D:\Develop\Projects\Astrum\AstrumServer\AstrumServer\Generated\networkcommon_C_1000.cs”中的类型“CancelMatchResponse”与“Generated, Version=0.0.0.0, Culture=neutral, PublicKeyToken=null”中的导入类型“CancelMatchResponse”冲突。请使用“D:\Develop\Projects\Astrum\AstrumServer\AstrumServer\Generated\networkcommon_C_1000.cs”中定义的类型。 [D:\Develop\Projects\Astrum\AstrumServer\AstrumServer\AstrumServer.csproj]
D:\Develop\Projects\Astrum\AstrumServer\AstrumServer\Core\GameServer.cs(1038,28): warning CS0436: “D:\Develop\Projects\Astrum\AstrumServer\AstrumServer\Generated\networkcommon_C_1000.cs”中的类型“G2C_Ping”与“Generated, Version=0.0.0.0, Culture=neutral, PublicKeyToken=null”中的导入类型“G2C_Ping”冲突。请使用“D:\Develop\Projects\Astrum\AstrumServer\AstrumServer\Generated\networkcommon_C_1000.cs”中定义的类型。 [D:\Develop\Projects\Astrum\AstrumServer\AstrumServer\AstrumServer.csproj]
D:\Develop\Projects\Astrum\AstrumServer\AstrumServer\Managers\FrameSyncManager.cs(258,52): error CS1503: 参数 1: 无法从“Astrum.Generated.OneFrameInputs [D:\Develop\Projects\Astrum\AstrumServer\AstrumServer\Generated\gamemessages_C_2000.cs(280)]”转换为“Astrum.Generated.OneFrameInputs [D:\Develop\Projects\Astrum\AstrumProj\Library\ScriptAssemblies\Generated.dll]” [D:\Develop\Projects\Astrum\AstrumServer\AstrumServer\AstrumServer.csproj]
    1031 个警告
    1 个错误

已用时间 00:00:02.08
